Godot Engine v4.6.1.stable.official.14d19694e - https://godotengine.org

通过：正式设备含合法槽位及拉杆登记
通过：拉杆精确初始化为规定顶部局部位置
通过：正式场景提供正数鼠标换算比例
通过：无图形夹具经正式入口建立聚焦会话
通过：正式玩家稳定聚焦当前正式混合器
通过：聚焦拖动入口保持可见指针
通过：真实左键命中后建立唯一拖动绑定
通过：控制器绑定当前登记拉杆
通过：下拉按配置比例换算且不乘帧间秒数
通过：横向移动与静止均不改变拉杆
通过：相同比例向上移动回推拉杆
通过：超量上推精确限位且横向及深度不变
通过：指针离开碰撞后仍持续操作原拉杆
通过：顶部超量上推不会积存反向死区
通过：绑定中真实滚轮仍可切换道具格
通过：切格不清除已经绑定的持续移动
通过：拖动及切格期间聚焦相机不随鼠标旋转
通过：拖动期间指针持续可见
通过：提前松开释放控制器绑定
通过：范围检查提前松开最终精确恢复顶部位置
通过：范围检查提前松开实测时间按剩余距离换算，偏差不超过一物理帧
通过：范围检查提前松开逐帧位置满足保持及匀速推进，偏差不超过一物理帧行程
通过：范围检查提前松开回弹内部采样速度恒为每秒一点二局部坐标单位
通过：范围检查及提前松开不发完成信号
通过：正式设备含合法槽位及拉杆登记
通过：拉杆精确初始化为规定顶部局部位置
通过：正式场景提供正数鼠标换算比例
通过：无图形夹具经正式入口建立聚焦会话
通过：正式玩家稳定聚焦当前正式混合器
通过：聚焦拖动入口保持可见指针
通过：按下、下拉和松开全部进入同一物理帧前的有序输入队列
通过：同帧按下下拉松开保留中途位移且提前取消
通过：同帧提前松开最终精确恢复顶部位置
通过：同帧提前松开实测时间按剩余距离换算，偏差不超过一物理帧
通过：同帧提前松开逐帧位置满足保持及匀速推进，偏差不超过一物理帧行程
通过：同帧提前松开回弹内部采样速度恒为每秒一点二局部坐标单位
通过：同帧到最低后上推松开仍立即完成一次，不以位移净和代替路径
通过：同帧完成最终精确恢复顶部位置
通过：同帧完成实测时间按剩余距离换算，偏差不超过一物理帧
通过：同帧完成逐帧位置满足保持及匀速推进，偏差不超过一物理帧行程
通过：同帧完成回弹内部采样速度恒为每秒一点二局部坐标单位
通过：切格作废尚未解析的开始及后续输入序列
通过：其他对象上按住再移入拉杆不会启动拖动
通过：正式设备含合法槽位及拉杆登记
通过：拉杆精确初始化为规定顶部局部位置
通过：正式场景提供正数鼠标换算比例
通过：无图形夹具经正式入口建立聚焦会话
通过：正式玩家稳定聚焦当前正式混合器
通过：聚焦拖动入口保持可见指针
通过：真实左键命中后建立唯一拖动绑定
通过：控制器绑定当前登记拉杆
通过：输入链实际到达所测提前松开位置
通过：松开帧以当前位置作为自动回弹计时零点
通过：剩余距离回弹最终精确恢复顶部位置
通过：剩余距离回弹实测时间按剩余距离换算，偏差不超过一物理帧
通过：剩余距离回弹逐帧位置满足保持及匀速推进，偏差不超过一物理帧行程
通过：剩余距离回弹回弹内部采样速度恒为每秒一点二局部坐标单位
通过：未到最低的提前松开完成次数为零
通过：正式设备含合法槽位及拉杆登记
通过：拉杆精确初始化为规定顶部局部位置
通过：正式场景提供正数鼠标换算比例
通过：无图形夹具经正式入口建立聚焦会话
通过：正式玩家稳定聚焦当前正式混合器
通过：聚焦拖动入口保持可见指针
通过：真实左键命中后建立唯一拖动绑定
通过：控制器绑定当前登记拉杆
通过：输入链实际到达所测提前松开位置
通过：松开帧以当前位置作为自动回弹计时零点
通过：剩余距离回弹最终精确恢复顶部位置
通过：剩余距离回弹实测时间按剩余距离换算，偏差不超过一物理帧
通过：剩余距离回弹逐帧位置满足保持及匀速推进，偏差不超过一物理帧行程
通过：剩余距离回弹回弹内部采样速度恒为每秒一点二局部坐标单位
通过：未到最低的提前松开完成次数为零
通过：正式设备含合法槽位及拉杆登记
通过：拉杆精确初始化为规定顶部局部位置
通过：正式场景提供正数鼠标换算比例
通过：无图形夹具经正式入口建立聚焦会话
通过：正式玩家稳定聚焦当前正式混合器
通过：聚焦拖动入口保持可见指针
通过：真实左键命中后建立唯一拖动绑定
通过：控制器绑定当前登记拉杆
通过：输入链实际到达所测提前松开位置
通过：松开帧以当前位置作为自动回弹计时零点
通过：剩余距离回弹最终精确恢复顶部位置
通过：剩余距离回弹实测时间按剩余距离换算，偏差不超过一物理帧
通过：剩余距离回弹逐帧位置满足保持及匀速推进，偏差不超过一物理帧行程
通过：剩余距离回弹回弹内部采样速度恒为每秒一点二局部坐标单位
通过：未到最低的提前松开完成次数为零
通过：正式设备含合法槽位及拉杆登记
通过：拉杆精确初始化为规定顶部局部位置
通过：正式场景提供正数鼠标换算比例
通过：无图形夹具经正式入口建立聚焦会话
通过：正式玩家稳定聚焦当前正式混合器
通过：聚焦拖动入口保持可见指针
通过：真实左键命中后建立唯一拖动绑定
通过：控制器绑定当前登记拉杆
通过：输入链实际到达所测提前松开位置
通过：松开帧以当前位置作为自动回弹计时零点
通过：剩余距离回弹最终精确恢复顶部位置
通过：剩余距离回弹实测时间按剩余距离换算，偏差不超过一物理帧
通过：剩余距离回弹逐帧位置满足保持及匀速推进，偏差不超过一物理帧行程
通过：剩余距离回弹回弹内部采样速度恒为每秒一点二局部坐标单位
通过：未到最低的提前松开完成次数为零
通过：正式设备含合法槽位及拉杆登记
通过：拉杆精确初始化为规定顶部局部位置
通过：正式场景提供正数鼠标换算比例
通过：无图形夹具经正式入口建立聚焦会话
通过：正式玩家稳定聚焦当前正式混合器
通过：聚焦拖动入口保持可见指针
通过：夹具准备正式手持原药定义
通过：真实左键命中后建立唯一拖动绑定
通过：控制器绑定当前登记拉杆
通过：超量下拉立即携带实际角色发出唯一完成信号
通过：到达最低先锁定位置并释放玩家绑定
通过：最低保持阶段拒绝新拉杆请求
通过：保持中松开及新点击不缩短最低保持也不重复完成
通过：最低保持累计零点一秒前无提前大幅回弹
通过：最低保持累计零点一秒前无提前大幅回弹
通过：完成后自动阶段逐帧符合剩余保持及匀速回弹
通过：完成后自动阶段逐帧符合剩余保持及匀速回弹
通过：完成后自动阶段逐帧符合剩余保持及匀速回弹
通过：完成后自动阶段逐帧符合剩余保持及匀速回弹
通过：完成后自动阶段逐帧符合剩余保持及匀速回弹
通过：完成后自动阶段逐帧符合剩余保持及匀速回弹
通过：最低保持零点一秒加全程零点二秒回弹且内部速度恒定
通过：拉杆交互保留手持道具且不消耗原药
通过：完整周期精确归位且完成数维持一次
通过：真实左键命中后建立唯一拖动绑定
通过：控制器绑定当前登记拉杆
通过：持续按住的完整周期最终精确恢复顶部位置
通过：持续按住的完整周期实测时间按剩余距离换算，偏差不超过一物理帧
通过：持续按住的完整周期逐帧位置满足保持及匀速推进，偏差不超过一物理帧行程
通过：持续按住的完整周期回弹内部采样速度恒为每秒一点二局部坐标单位
通过：完成后持续按住和移动不会自动开始新一轮
通过：真实左键命中后建立唯一拖动绑定
通过：控制器绑定当前登记拉杆
通过：归位后新的左键按下可以开始下一轮
通过：正式设备含合法槽位及拉杆登记
通过：拉杆精确初始化为规定顶部局部位置
通过：正式场景提供正数鼠标换算比例
通过：无图形夹具经正式入口建立聚焦会话
通过：正式玩家稳定聚焦当前正式混合器
通过：聚焦拖动入口保持可见指针
通过：真实左键命中后建立唯一拖动绑定
通过：控制器绑定当前登记拉杆
通过：拖动期间关闭输入累积以保留同帧事件顺序
通过：提前松开恢复开始前输入累积设置
通过：真实左键命中后建立唯一拖动绑定
通过：控制器绑定当前登记拉杆
通过：完成信号发生后恢复开始前输入累积设置
通过：真实左键命中后建立唯一拖动绑定
通过：控制器绑定当前登记拉杆
通过：菜单取消恢复输入累积且清理绑定
拉杆输入验收断言数：153；失败总数：0；图形运行：false
