WorkerThreadPool: 32 threads, 9 max low-priority.
Godot Engine v4.6.1.stable.official.14d19694e - https://godotengine.org
TextServer: Added interface "Dummy"
TextServer: Added interface "ICU / HarfBuzz / Graphite (Built-in)"
Unrecognized output string "misc2" in mapping:
030000000d0f00000202000000000000,Horipad O Nintendo Switch 2 Controller,a:b1,b:b0,back:b8,dpdown:h0.4,dpleft:h0.8,dpright:h0.2,dpup:h0.1,guide:b12,leftshoulder:b4,leftstick:b10,lefttrigger:b6,leftx:a0,lefty:a1,misc1:b13,misc2:b14,rightshoulder:b5,rightstick:b11,righttrigger:b7,rightx:a2,righty:a3,start:b9,x:b3,y:b2,platform:Windows,
Unrecognized output string "misc2" in mapping:
030000000d0f00009601000000000000,Horipad Steam,a:b0,b:b1,back:b10,dpdown:h0.4,dpleft:h0.8,dpright:h0.2,dpup:h0.1,guide:b12,leftshoulder:b6,leftstick:b13,lefttrigger:b8,leftx:a0,lefty:a1,misc2:b2,paddle1:b5,paddle2:b15,paddle3:b18,paddle4:b19,rightshoulder:b7,rightstick:b14,righttrigger:b9,rightx:a3,righty:a4,start:b11,x:b3,y:b4,platform:Windows,
Unrecognized output string "misc2" in mapping:
030000007e0500006920000000000000,Nintendo Switch 2 Pro Controller,a:b0,b:b1,back:b14,dpdown:b8,dpleft:b10,dpright:b9,dpup:b11,guide:b16,leftshoulder:b12,leftstick:b15,lefttrigger:b13,leftx:a0,lefty:a1~,misc1:b17,misc2:b20,paddle1:b18,paddle2:b19,rightshoulder:b4,rightstick:b7,righttrigger:b5,rightx:a2,righty:a3~,start:b6,x:b2,y:b3,platform:Windows,
Using "default" pen tablet driver...

TextServer: Primary interface set to: "ICU / HarfBuzz / Graphite (Built-in)".
Loading resource: res://main-autolysis/assets/audio/buses/default_bus_layout.tres
CORE API HASH: 75400357
EDITOR API HASH: 3012763406
Loading resource: res://main-autolysis/player/tests/telephone_audio_cleanup_audit.gd
SceneTreeFTI: traversal method DEFAULT
Loaded system CA certificates
Loading resource: res://main-autolysis/systems/dynamic-footstep-system/footstep-profiles/stone_footstep_profile.tres
Loading resource: res://main-autolysis/systems/dynamic-footstep-system/assets/audio/stone/footstep_stone_01.ogg
Loading resource: res://.godot/imported/footstep_stone_01.ogg-047737e2a65bef0c4c528796cb798cfe.oggvorbisstr
Loading resource: res://main-autolysis/systems/dynamic-footstep-system/assets/audio/stone/footstep_stone_02.ogg
Loading resource: res://.godot/imported/footstep_stone_02.ogg-29899d22ed8c32abcaaf5d57a1421a87.oggvorbisstr
Loading resource: res://main-autolysis/systems/dynamic-footstep-system/assets/audio/stone/footstep_stone_03.ogg
Loading resource: res://.godot/imported/footstep_stone_03.ogg-c4ed96d1d04f347165a8fe5a84ee6501.oggvorbisstr
Loading resource: res://main-autolysis/systems/dynamic-footstep-system/assets/audio/stone/footstep_stone_04.ogg
Loading resource: res://.godot/imported/footstep_stone_04.ogg-ab5443861f034c9dbc74b093ae99f88c.oggvorbisstr
通过：最小音频探针执行结束，退出错误单独判定
XR: Clearing primary interface
XR: Removed interface "Native mobile"
XR: Removed interface "OpenXR"
