Godot Engine v4.6.1.stable.official.14d19694e - https://godotengine.org
Vulkan 1.4.341 - Forward+ - Using Device #0: NVIDIA - NVIDIA GeForce RTX 3060 Ti

通过：验证场景包含两台完整正式混合器
通过：真实玩家着地且保持角色相机当前身份
通过：普通中心射线首先命中设备根
通过：超出两单位普通交互距离不能进入
通过：普通视线偏离设备不能进入
通过：设备根前墙体阻止普通聚焦入口
通过：普通射线实际命中验证场景原药来源
通过：真实左键从正式原药组取得对应定义
通过：普通射线实际命中验证场景原药来源
通过：真实左键从正式原药组取得对应定义
通过：保存实际图形画面：01 before enter
通过：进入阶段真实滚轮有效
通过：相机进入存在中间帧并完成过渡
失败：固定六十帧下进入完成时间为零点二秒且观察偏差最多一帧
通过：进入左键保持按住只建立一个会话且不开槽
通过：聚焦始终使用同一个玩家相机
通过：角色相机精确匹配正式设备目标世界变换与视野
通过：进入每个采样帧手持展示器与相机同步
通过：聚焦停止普通四线交互提示并保留道具栏
通过：稳定聚焦阶段真实滚轮有效
通过：稳定聚焦切到有药格时手持模型存在
通过：保存实际图形画面：02 focused held
通过：移动跳跃蹲伏冲刺自由观察及摇杆均不改变冻结姿态
通过：聚焦镜头不被普通流程争写且无残余运动速度
通过：真实鼠标点击零号槽立即进入打开运动
通过：零号尚未完成时一号可接受真实鼠标点击
通过：保存实际图形画面：03 two slots moving
通过：同槽运动中重复点击不反向或排队
通过：两段独立打开动画均完成且零号不被打断
通过：四个屏幕位置均可操作并同时保持打开
通过：空手点击空取放区域不回退为关槽
通过：第一种原药只放入鼠标指定二号槽
通过：指定槽放入前后原药数量守恒
通过：设备原药使用原锚点单位局部变换
通过：设备中原药无碰撞且普通拾取入口不能绕过槽位
通过：保存实际图形画面：04 material in slot
通过：第二种原药通过真实鼠标放入三号槽且数量守恒
通过：指定取回写入当前第三格而不自动填前方空格
通过：当前有药时拒绝取回或覆盖已有槽药品
通过：含药槽动画中原药跟随锚点且不改变局部姿态
通过：关闭二号槽不重置其他三个槽位
通过：退出阶段真实滚轮有效
通过：固定六十帧下退出为零点二秒且观察偏差最多一帧
通过：退出中手持展示器每帧同步跟随相机
通过：正常退出归还会话控制权
通过：正常退出恢复原相机世界与局部快照及视野
通过：正常退出保持玩家相机身份
通过：正常退出恢复手持展示器局部变换和独立标记
通过：保存实际图形画面：05 restored
通过：正式设备进入稳定聚焦
通过：重新进入保留开闭状态与指定原药占用
通过：含药槽再次打开保留原药
通过：实际物理首命中为包含取放区域的槽大盒
通过：只排除本槽后第二次首命中正确解析取放区域
通过：两层盒体实际命中之间存在可插入独立墙的空间
通过：槽大盒内独立墙阻断第二次查询并返回开闭区
通过：真实点击不能取到槽大盒内独立墙后的原药
通过：聚焦射线不能穿透设备外独立墙
通过：被墙遮挡的真实点击不转移药品
通过：其他设备根仍然遮挡当前设备射线
通过：点击其他设备覆盖区域不跨设备开槽或转移
通过：另一槽体挡在前方时不继续穿透寻找后方取放区
通过：界面消费左右键后世界开闭与退出入口均不执行
通过：真实右键归还普通控制
通过：进入中右键从当前相机姿态开始返回
通过：退出中重复右键不重建会话或重启返回
通过：取消测试真实经历进入中间姿态
通过：连续进出第0次归还会话控制权
通过：连续进出第0次恢复原相机世界与局部快照及视野
通过：连续进出第0次保持玩家相机身份
通过：连续进出第0次恢复手持展示器局部变换和独立标记
通过：进入中右键从当前相机姿态开始返回
通过：退出中重复右键不重建会话或重启返回
通过：取消测试真实经历进入中间姿态
通过：连续进出第1次归还会话控制权
通过：连续进出第1次恢复原相机世界与局部快照及视野
通过：连续进出第1次保持玩家相机身份
通过：连续进出第1次恢复手持展示器局部变换和独立标记
通过：进入中右键从当前相机姿态开始返回
通过：退出中重复右键不重建会话或重启返回
通过：取消测试真实经历进入中间姿态
通过：连续进出第2次归还会话控制权
通过：连续进出第2次恢复原相机世界与局部快照及视野
通过：连续进出第2次保持玩家相机身份
通过：连续进出第2次恢复手持展示器局部变换和独立标记
通过：异常检查到达指定聚焦阶段1
通过：菜单或全局暂停在阶段1冻结相机并拦截左右键及滚轮：菜单
通过：恢复后继续原会话且不补播暂停期间点击
通过：菜单或暂停恢复稳定聚焦时鼠标保持可见
通过：真实右键归还普通控制
通过：异常检查到达指定聚焦阶段2
通过：菜单或全局暂停在阶段2冻结相机并拦截左右键及滚轮：菜单
通过：恢复后继续原会话且不补播暂停期间点击
通过：菜单或暂停恢复稳定聚焦时鼠标保持可见
通过：真实右键归还普通控制
通过：异常检查到达指定聚焦阶段3
通过：菜单或全局暂停在阶段3冻结相机并拦截左右键及滚轮：菜单
通过：恢复后继续原会话且不补播暂停期间点击
通过：异常检查到达指定聚焦阶段1
通过：菜单或全局暂停在阶段1冻结相机并拦截左右键及滚轮：全局暂停
通过：恢复后继续原会话且不补播暂停期间点击
通过：菜单或暂停恢复稳定聚焦时鼠标保持可见
通过：真实右键归还普通控制
通过：异常检查到达指定聚焦阶段2
通过：菜单或全局暂停在阶段2冻结相机并拦截左右键及滚轮：全局暂停
通过：恢复后继续原会话且不补播暂停期间点击
通过：菜单或暂停恢复稳定聚焦时鼠标保持可见
通过：真实右键归还普通控制
通过：异常检查到达指定聚焦阶段3
通过：菜单或全局暂停在阶段3冻结相机并拦截左右键及滚轮：全局暂停
通过：恢复后继续原会话且不补播暂停期间点击
通过：异常检查到达指定聚焦阶段1
通过：阶段1释放设备归还会话控制权
通过：阶段1释放设备恢复原相机世界与局部快照及视野
通过：阶段1释放设备保持玩家相机身份
通过：阶段1释放设备恢复手持展示器局部变换和独立标记
通过：异常检查到达指定聚焦阶段2
通过：阶段2释放设备归还会话控制权
通过：阶段2释放设备恢复原相机世界与局部快照及视野
通过：阶段2释放设备保持玩家相机身份
通过：阶段2释放设备恢复手持展示器局部变换和独立标记
通过：异常检查到达指定聚焦阶段3
通过：阶段3释放设备归还会话控制权
通过：阶段3释放设备恢复原相机世界与局部快照及视野
通过：阶段3释放设备保持玩家相机身份
通过：阶段3释放设备恢复手持展示器局部变换和独立标记
通过：异常检查到达指定聚焦阶段1
通过：阶段1释放参考相机归还会话控制权
通过：阶段1释放参考相机恢复原相机世界与局部快照及视野
通过：阶段1释放参考相机保持玩家相机身份
通过：阶段1释放参考相机恢复手持展示器局部变换和独立标记
通过：异常检查到达指定聚焦阶段2
通过：阶段2释放参考相机归还会话控制权
通过：阶段2释放参考相机恢复原相机世界与局部快照及视野
通过：阶段2释放参考相机保持玩家相机身份
通过：阶段2释放参考相机恢复手持展示器局部变换和独立标记
通过：异常检查到达指定聚焦阶段3
通过：阶段3释放参考相机归还会话控制权
通过：阶段3释放参考相机恢复原相机世界与局部快照及视野
通过：阶段3释放参考相机保持玩家相机身份
通过：阶段3释放参考相机恢复手持展示器局部变换和独立标记
通过：异常检查到达指定聚焦阶段1
通过：阶段1释放玩家完成且不访问已释放子节点
通过：异常检查到达指定聚焦阶段2
通过：阶段2释放玩家完成且不访问已释放子节点
通过：异常检查到达指定聚焦阶段3
通过：阶段3释放玩家完成且不访问已释放子节点
通过：正式主场景继续实例化真实混合器
通过：正式主场景玩家着地并保持正常相机
通过：保存实际图形画面：06 main scene
聚焦验收断言数：150；失败总数：1；图形后端：true
