Godot Engine v4.6.1.stable.official.14d19694e - https://godotengine.org

通过：站立不播放脚步
通过：行走节奏与原步态周期一致
通过：行走音量沿用原配置
通过：没有地面标记时播放默认音效
通过：停止输入后不产生额外脚步
通过：冲刺脚步频率高于行走
通过：冲刺音量沿用原配置
通过：蹲行脚步频率低于行走
通过：蹲行音量沿用原配置
通过：持续顶墙但无实际位移时不播放脚步
通过：移动暂停时不播放脚步
通过：空中不播放脚步或落地音效
通过：一次下落只触发一次落地声音
通过：重落地音量达到上限
通过：重落地音调沿用原配置
通过：节点覆盖材质正确映射木质音效
通过：表面覆盖材质正确映射石质音效
通过：网格基础材质正确映射泥土音效
通过：碰撞形状上的脚步配置优先于材质映射
通过：落地使用同一地面配置
通过：第四层脚下实体维持着地并通过实际脚步射线读取配置
通过：所有脚步音效配置的音频均可加载
主场景石质地面实测数量：10；正确脚步配置：10；额外脚步节点：0
通过：10块实际地面均在碰撞形状上配置脚步和非空音效且无额外节点
通过：保留原场景第四块地面的内嵌四音频配置
通过：默认场景出生地面使用石质脚步音效
通过：脚步演示场景可以独立加载
失败总数：0
