ERROR: Parameter "get_viewport()" is null.
   at: _notification (scene/main/node.cpp:187)
   GDScript backtrace (most recent call first):
       [0] <anonymous lambda> (res://main-autolysis/systems/item-system/tests/blend_slot_transfer_test.gd:312)
       [1] try_attach_prepared_item (res://main-autolysis/scenes/prefabs/prefab_machines/scripts/autolysis_blend_slot.gd:111)
       [2] try_place_in_blend_slot (res://main-autolysis/player/components/autolysis_inventory_controller.gd:169)
       [3] _test_immediate_free_probe (res://main-autolysis/systems/item-system/tests/blend_slot_transfer_test.gd:314)
       [4] _fixture (res://main-autolysis/systems/item-system/tests/blend_slot_transfer_test.gd:96)
       [5] _frames (res://main-autolysis/systems/item-system/tests/blend_slot_transfer_test.gd:60)
ERROR: Parameter "get_viewport()" is null.
   at: _notification (scene/main/node.cpp:187)
   GDScript backtrace (most recent call first):
       [0] <anonymous lambda> (res://main-autolysis/systems/item-system/tests/blend_slot_transfer_test.gd:312)
       [1] try_attach_prepared_item (res://main-autolysis/scenes/prefabs/prefab_machines/scripts/autolysis_blend_slot.gd:111)
       [2] try_place_in_blend_slot (res://main-autolysis/player/components/autolysis_inventory_controller.gd:169)
       [3] _test_immediate_free_probe (res://main-autolysis/systems/item-system/tests/blend_slot_transfer_test.gd:314)
       [4] _fixture (res://main-autolysis/systems/item-system/tests/blend_slot_transfer_test.gd:96)
       [5] _frames (res://main-autolysis/systems/item-system/tests/blend_slot_transfer_test.gd:60)
ERROR: Parameter "get_viewport()" is null.
   at: _notification (scene/main/node.cpp:187)
   GDScript backtrace (most recent call first):
       [0] <anonymous lambda> (res://main-autolysis/systems/item-system/tests/blend_slot_transfer_test.gd:312)
       [1] try_attach_prepared_item (res://main-autolysis/scenes/prefabs/prefab_machines/scripts/autolysis_blend_slot.gd:111)
       [2] try_place_in_blend_slot (res://main-autolysis/player/components/autolysis_inventory_controller.gd:169)
       [3] _test_immediate_free_probe (res://main-autolysis/systems/item-system/tests/blend_slot_transfer_test.gd:314)
       [4] _fixture (res://main-autolysis/systems/item-system/tests/blend_slot_transfer_test.gd:96)
       [5] _frames (res://main-autolysis/systems/item-system/tests/blend_slot_transfer_test.gd:60)
ERROR: Parameter "get_viewport()" is null.
   at: _notification (scene/main/node.cpp:187)
   GDScript backtrace (most recent call first):
       [0] <anonymous lambda> (res://main-autolysis/systems/item-system/tests/blend_slot_transfer_test.gd:312)
       [1] try_attach_prepared_item (res://main-autolysis/scenes/prefabs/prefab_machines/scripts/autolysis_blend_slot.gd:111)
       [2] try_place_in_blend_slot (res://main-autolysis/player/components/autolysis_inventory_controller.gd:169)
       [3] _test_immediate_free_probe (res://main-autolysis/systems/item-system/tests/blend_slot_transfer_test.gd:314)
       [4] _fixture (res://main-autolysis/systems/item-system/tests/blend_slot_transfer_test.gd:96)
       [5] _frames (res://main-autolysis/systems/item-system/tests/blend_slot_transfer_test.gd:60)
ERROR: Parameter "get_viewport()" is null.
   at: _notification (scene/main/node.cpp:187)
   GDScript backtrace (most recent call first):
       [0] <anonymous lambda> (res://main-autolysis/systems/item-system/tests/blend_slot_transfer_test.gd:312)
       [1] try_attach_prepared_item (res://main-autolysis/scenes/prefabs/prefab_machines/scripts/autolysis_blend_slot.gd:111)
       [2] try_place_in_blend_slot (res://main-autolysis/player/components/autolysis_inventory_controller.gd:169)
       [3] _test_immediate_free_probe (res://main-autolysis/systems/item-system/tests/blend_slot_transfer_test.gd:314)
       [4] _fixture (res://main-autolysis/systems/item-system/tests/blend_slot_transfer_test.gd:96)
       [5] _frames (res://main-autolysis/systems/item-system/tests/blend_slot_transfer_test.gd:60)
ERROR: Parameter "get_viewport()" is null.
   at: _notification (scene/main/node.cpp:187)
   GDScript backtrace (most recent call first):
       [0] <anonymous lambda> (res://main-autolysis/systems/item-system/tests/blend_slot_transfer_test.gd:312)
       [1] try_attach_prepared_item (res://main-autolysis/scenes/prefabs/prefab_machines/scripts/autolysis_blend_slot.gd:111)
       [2] try_place_in_blend_slot (res://main-autolysis/player/components/autolysis_inventory_controller.gd:169)
       [3] _test_immediate_free_probe (res://main-autolysis/systems/item-system/tests/blend_slot_transfer_test.gd:314)
       [4] _fixture (res://main-autolysis/systems/item-system/tests/blend_slot_transfer_test.gd:96)
       [5] _frames (res://main-autolysis/systems/item-system/tests/blend_slot_transfer_test.gd:60)
ERROR: Parameter "get_viewport()" is null.
   at: _notification (scene/main/node.cpp:187)
   GDScript backtrace (most recent call first):
       [0] <anonymous lambda> (res://main-autolysis/systems/item-system/tests/blend_slot_transfer_test.gd:312)
       [1] try_attach_prepared_item (res://main-autolysis/scenes/prefabs/prefab_machines/scripts/autolysis_blend_slot.gd:111)
       [2] try_place_in_blend_slot (res://main-autolysis/player/components/autolysis_inventory_controller.gd:169)
       [3] _test_immediate_free_probe (res://main-autolysis/systems/item-system/tests/blend_slot_transfer_test.gd:314)
       [4] _fixture (res://main-autolysis/systems/item-system/tests/blend_slot_transfer_test.gd:96)
       [5] _frames (res://main-autolysis/systems/item-system/tests/blend_slot_transfer_test.gd:60)
ERROR: Object '<Object#45231376121>' was freed or unreferenced while a signal is being emitted from it. Try connecting to the signal using 'CONNECT_DEFERRED' flag, or use queue_free() to free the object (if this object is a Node) to avoid this error and potential crashes.
   at: ~Object (core/object/object.cpp:2423)
   GDScript backtrace (most recent call first):
       [0] <anonymous lambda> (res://main-autolysis/systems/item-system/tests/blend_slot_transfer_test.gd:312)
       [1] try_attach_prepared_item (res://main-autolysis/scenes/prefabs/prefab_machines/scripts/autolysis_blend_slot.gd:111)
       [2] try_place_in_blend_slot (res://main-autolysis/player/components/autolysis_inventory_controller.gd:169)
       [3] _test_immediate_free_probe (res://main-autolysis/systems/item-system/tests/blend_slot_transfer_test.gd:314)
       [4] _fixture (res://main-autolysis/systems/item-system/tests/blend_slot_transfer_test.gd:96)
       [5] _frames (res://main-autolysis/systems/item-system/tests/blend_slot_transfer_test.gd:60)

================================================================
CrashHandlerException: Program crashed with signal 11
Engine version: Godot Engine v4.6.1.stable.official (14d19694e0c88a3f9e82d899a0400f27a24c176e)
Dumping the backtrace. Please include this when reporting the bug on: https://github.com/godotengine/godot/issues
[1] error(-1): no debug info in PE/COFF executable
[2] error(-1): no debug info in PE/COFF executable
[3] error(-1): no debug info in PE/COFF executable
[4] error(-1): no debug info in PE/COFF executable
[5] error(-1): no debug info in PE/COFF executable
[6] error(-1): no debug info in PE/COFF executable
[7] error(-1): no debug info in PE/COFF executable
[8] error(-1): no debug info in PE/COFF executable
[9] error(-1): no debug info in PE/COFF executable
[10] error(-1): no debug info in PE/COFF executable
[11] error(-1): no debug info in PE/COFF executable
[12] error(-1): no debug info in PE/COFF executable
[13] error(-1): no debug info in PE/COFF executable
[14] error(-1): no debug info in PE/COFF executable
[15] error(-1): no debug info in PE/COFF executable
[16] error(-1): no debug info in PE/COFF executable
[17] error(-1): no debug info in PE/COFF executable
[18] error(-1): no debug info in PE/COFF executable
[19] error(-1): no debug info in PE/COFF executable
[20] error(-1): no debug info in PE/COFF executable
[21] error(-1): no debug info in PE/COFF executable
[22] error(-1): no debug info in PE/COFF executable
[23] error(-1): no debug info in PE/COFF executable
[24] error(-1): no debug info in PE/COFF executable
[25] error(-1): no debug info in PE/COFF executable
[26] error(-1): no debug info in PE/COFF executable
[27] error(-1): no debug info in PE/COFF executable
[28] error(-1): no debug info in PE/COFF executable
[29] error(-1): no debug info in PE/COFF executable
[30] error(-1): no debug info in PE/COFF executable
[31] error(-1): no debug info in PE/COFF executable
[32] error(-1): no debug info in PE/COFF executable
[33] error(-1): no debug info in PE/COFF executable
[34] error(-1): no debug info in PE/COFF executable
[35] error(-1): no debug info in PE/COFF executable
[36] error(-1): no debug info in PE/COFF executable
[37] error(-1): no debug info in PE/COFF executable
[38] error(-1): no debug info in PE/COFF executable
[39] error(-1): no debug info in PE/COFF executable
[40] error(-1): no debug info in PE/COFF executable
[41] error(-1): no debug info in PE/COFF executable
[42] error(-1): no debug info in PE/COFF executable
[43] error(-1): no debug info in PE/COFF executable
[44] error(-1): no debug info in PE/COFF executable
[45] error(-1): no debug info in PE/COFF executable
[46] error(-1): no debug info in PE/COFF executable
[47] error(-1): no debug info in PE/COFF executable
[48] error(-1): no debug info in PE/COFF executable
[49] error(-1): no debug info in PE/COFF executable
[50] error(-1): no debug info in PE/COFF executable
[51] error(-1): no debug info in PE/COFF executable
-- END OF C++ BACKTRACE --
================================================================
GDScript backtrace (most recent call first):
    [0] try_attach_prepared_item (res://main-autolysis/scenes/prefabs/prefab_machines/scripts/autolysis_blend_slot.gd:111)
    [1] try_place_in_blend_slot (res://main-autolysis/player/components/autolysis_inventory_controller.gd:169)
    [2] _test_immediate_free_probe (res://main-autolysis/systems/item-system/tests/blend_slot_transfer_test.gd:314)
    [3] _fixture (res://main-autolysis/systems/item-system/tests/blend_slot_transfer_test.gd:96)
    [4] _frames (res://main-autolysis/systems/item-system/tests/blend_slot_transfer_test.gd:60)
-- END OF GDSCRIPT BACKTRACE --
================================================================
