Godot Engine v4.6.1.stable.official.14d19694e - https://godotengine.org

通过：组件可用性查询无效果副作用
通过：独立组件请求恰好分发一次并执行效果
通过：独立组件禁用时拒绝请求
通过：独立组件预留聚焦模式不执行直接交互
通过：没有效果接收者时不可用且不分发
通过：多个效果接收者时不可用且不分发
通过：延迟效果连接不符合本期同步契约
通过：效果回调递归交互被拒绝且外层仅分发一次
通过：未入树或空执行者不可用
通过：零参数接收者不符合单参数效果契约
通过：追加信号来源参数的连接不符合单参数效果契约
通过：效果接收者排队释放后立即拒绝请求
通过：组件排队释放后立即拒绝请求
通过：物理父节点排队释放后立即拒绝请求
通过：执行者排队释放后立即拒绝请求
通过：面向空处初始不显示直接交互状态
失败：边长零点一的目标在中心前方一点二米时可交互
通过：目标与可用性不变时不重复发状态通知
失败：真实鼠标按下经过输入分发并执行一次效果
失败：持续按住鼠标不重复分发
失败：鼠标松开不追加效果
失败：第二次独立按下恰好产生第二次效果
失败：横向偏移零点一一后不能补选也不能点击
失败：普通墙体首个命中阻挡后方交互
失败：移除墙体后恢复直接交互
失败：移出两米射线终点后不能点击
失败：同一目标原地禁用时准星状态和点击同时拒绝
失败：同一目标不转镜头重新启用时自动恢复
失败：同一目标切换聚焦模式时不执行直接交互
失败：按下前刚禁用且尚未走显示帧时仍重新核查
失败：按下前刚转离目标时刷新中心射线而不使用缓存
失败：当前目标刚排队释放时拒绝过期点击
通过：目标释放后清除可用状态
通过：命中无效果连接的组件不能伪装成可执行目标
通过：物体拥有两个直接子组件时拒绝任意选择
通过：命中无组件物体时不分发
通过：父物体不递归借用子孙物体的组件
通过：菜单输入开启暂停后隐藏可执行状态且拒绝点击
失败：菜单恢复不补发暂停期间的点击
通过：界面显示标记阻止交互
通过：鼠标释放时阻止交互
通过：落地眩晕时阻止交互
通过：场景树暂停时玩家仍能刷新不可执行状态
失败：所有门控解除后不补发旧点击
失败：门控恢复只接受新的鼠标按下
通过：真实控件消费左键后游戏交互入口不执行
失败：消费控件移除后准星自身不拦截鼠标
失败：验证场景出生后中心直接看见可操作开关甲
失败：点击开关甲只改变甲的真实网格可见状态
失败：点击相邻开关乙不串联开关甲
通过：真实门的关闭碰撞形状被中心射线命中
失败：门请求立即置忙避免等待物理帧期间重复请求
失败：鼠标请求后物理门自身实际转动九十度
失败：门模型与碰撞共同随门轴变换
通过：旋转后的门碰撞形状仍能被新的中心射线命中
失败：第二次点击真实门关闭且碰撞恢复
未执行图像验收：当前为无图形运行，不能证明准星像素和实际渲染外观。
直接交互失败总数：26
