Godot Engine v4.6.1.stable.official.14d19694e - https://godotengine.org
Vulkan 1.4.341 - Forward+ - Using Device #0: NVIDIA - NVIDIA GeForce RTX 3060 Ti

通过：独立准星忽略鼠标并且不抢键盘焦点
通过：实际渲染视口尺寸为 1280×720
通过：保存实际渲染准星图像：res://.godot/interaction-verification/crosshair-only/1280x720-base.png
通过：1280×720准星实测：错位像素0，白色像素4，应为4；中心二乘二、四线二十乘二、边缘间隔八像素
通过：实际渲染视口尺寸为 1280×720
通过：保存实际渲染准星图像：res://.godot/interaction-verification/crosshair-only/1280x720-available.png
通过：1280×720准星实测：错位像素0，白色像素164，应为164；中心二乘二、四线二十乘二、边缘间隔八像素
通过：实际渲染视口尺寸为 1920×1080
通过：保存实际渲染准星图像：res://.godot/interaction-verification/crosshair-only/1920x1080-base.png
通过：1920×1080准星实测：错位像素0，白色像素4，应为4；中心二乘二、四线二十乘二、边缘间隔八像素
通过：实际渲染视口尺寸为 1920×1080
通过：保存实际渲染准星图像：res://.godot/interaction-verification/crosshair-only/1920x1080-available.png
通过：1920×1080准星实测：错位像素0，白色像素164，应为164；中心二乘二、四线二十乘二、边缘间隔八像素
通过：实际渲染视口尺寸为 1279×719
通过：保存实际渲染准星图像：res://.godot/interaction-verification/crosshair-only/1279x719-base.png
通过：1279×719准星实测：错位像素0，白色像素4，应为4；中心二乘二、四线二十乘二、边缘间隔八像素
通过：实际渲染视口尺寸为 1279×719
通过：保存实际渲染准星图像：res://.godot/interaction-verification/crosshair-only/1279x719-available.png
通过：1279×719准星实测：错位像素0，白色像素164，应为164；中心二乘二、四线二十乘二、边缘间隔八像素
独立准星失败总数：0
