Godot Engine v4.6.1.stable.official.14d19694e - https://godotengine.org
Vulkan 1.4.351 - Forward+ - Using Device #0: NVIDIA - NVIDIA GeForce RTX 3060 Ti

通过：正式机器初始化成功
通过：正式玩家进入舱门测试聚焦会话
通过：正式玩家完成舱门测试聚焦过渡
通过：正式舱门接受运动请求
通过：第0轮控制件type_switch_0抵达开启端帧
通过：第0轮控制件type_switch_1抵达开启端帧
通过：第0轮控制件type_switch_2抵达开启端帧
通过：第0轮控制件door_capsules_input_bay抵达开启端帧
通过：正式舱门接受运动请求
通过：第0轮控制件type_switch_0抵达关闭端帧
通过：第0轮控制件type_switch_1抵达关闭端帧
通过：第0轮控制件type_switch_2抵达关闭端帧
通过：第0轮控制件door_capsules_input_bay抵达关闭端帧
通过：正式舱门接受运动请求
通过：第1轮控制件type_switch_0抵达开启端帧
通过：第1轮控制件type_switch_1抵达开启端帧
通过：第1轮控制件type_switch_2抵达开启端帧
通过：第1轮控制件door_capsules_input_bay抵达开启端帧
通过：正式舱门接受运动请求
通过：第1轮控制件type_switch_0抵达关闭端帧
通过：第1轮控制件type_switch_1抵达关闭端帧
通过：第1轮控制件type_switch_2抵达关闭端帧
通过：第1轮控制件door_capsules_input_bay抵达关闭端帧
通过：正式舱门接受运动请求
通过：第2轮控制件type_switch_0抵达开启端帧
通过：第2轮控制件type_switch_1抵达开启端帧
通过：第2轮控制件type_switch_2抵达开启端帧
通过：第2轮控制件door_capsules_input_bay抵达开启端帧
通过：正式舱门接受运动请求
通过：第2轮控制件type_switch_0抵达关闭端帧
通过：第2轮控制件type_switch_1抵达关闭端帧
通过：第2轮控制件type_switch_2抵达关闭端帧
通过：第2轮控制件door_capsules_input_bay抵达关闭端帧
通过：正式舱门接受运动请求
通过：第3轮控制件type_switch_0抵达开启端帧
通过：第3轮控制件type_switch_1抵达开启端帧
通过：第3轮控制件type_switch_2抵达开启端帧
通过：第3轮控制件door_capsules_input_bay抵达开启端帧
通过：正式舱门接受运动请求
通过：第3轮控制件type_switch_0抵达关闭端帧
通过：第3轮控制件type_switch_1抵达关闭端帧
通过：第3轮控制件type_switch_2抵达关闭端帧
通过：第3轮控制件door_capsules_input_bay抵达关闭端帧
通过：正式舱门接受运动请求
通过：第4轮控制件type_switch_0抵达开启端帧
通过：第4轮控制件type_switch_1抵达开启端帧
通过：第4轮控制件type_switch_2抵达开启端帧
通过：第4轮控制件door_capsules_input_bay抵达开启端帧
通过：正式舱门接受运动请求
通过：第4轮控制件type_switch_0抵达关闭端帧
通过：第4轮控制件type_switch_1抵达关闭端帧
通过：第4轮控制件type_switch_2抵达关闭端帧
通过：第4轮控制件door_capsules_input_bay抵达关闭端帧
通过：正式舱门接受运动请求
通过：第5轮控制件type_switch_0抵达开启端帧
通过：第5轮控制件type_switch_1抵达开启端帧
通过：第5轮控制件type_switch_2抵达开启端帧
通过：第5轮控制件door_capsules_input_bay抵达开启端帧
通过：正式舱门接受运动请求
通过：第5轮控制件type_switch_0抵达关闭端帧
通过：第5轮控制件type_switch_1抵达关闭端帧
通过：第5轮控制件type_switch_2抵达关闭端帧
通过：第5轮控制件door_capsules_input_bay抵达关闭端帧
通过：正式舱门接受运动请求
通过：第6轮控制件type_switch_0抵达开启端帧
通过：第6轮控制件type_switch_1抵达开启端帧
通过：第6轮控制件type_switch_2抵达开启端帧
通过：第6轮控制件door_capsules_input_bay抵达开启端帧
通过：正式舱门接受运动请求
通过：第6轮控制件type_switch_0抵达关闭端帧
通过：第6轮控制件type_switch_1抵达关闭端帧
通过：第6轮控制件type_switch_2抵达关闭端帧
通过：第6轮控制件door_capsules_input_bay抵达关闭端帧
通过：正式舱门接受运动请求
通过：第7轮控制件type_switch_0抵达开启端帧
通过：第7轮控制件type_switch_1抵达开启端帧
通过：第7轮控制件type_switch_2抵达开启端帧
通过：第7轮控制件door_capsules_input_bay抵达开启端帧
通过：正式舱门接受运动请求
通过：第7轮控制件type_switch_0抵达关闭端帧
通过：第7轮控制件type_switch_1抵达关闭端帧
通过：第7轮控制件type_switch_2抵达关闭端帧
通过：第7轮控制件door_capsules_input_bay抵达关闭端帧
通过：正式舱门接受运动请求
通过：第8轮控制件type_switch_0抵达开启端帧
通过：第8轮控制件type_switch_1抵达开启端帧
通过：第8轮控制件type_switch_2抵达开启端帧
通过：第8轮控制件door_capsules_input_bay抵达开启端帧
通过：正式舱门接受运动请求
通过：第8轮控制件type_switch_0抵达关闭端帧
通过：第8轮控制件type_switch_1抵达关闭端帧
通过：第8轮控制件type_switch_2抵达关闭端帧
通过：第8轮控制件door_capsules_input_bay抵达关闭端帧
通过：正式舱门接受运动请求
通过：第9轮控制件type_switch_0抵达开启端帧
通过：第9轮控制件type_switch_1抵达开启端帧
通过：第9轮控制件type_switch_2抵达开启端帧
通过：第9轮控制件door_capsules_input_bay抵达开启端帧
通过：正式舱门接受运动请求
通过：第9轮控制件type_switch_0抵达关闭端帧
通过：第9轮控制件type_switch_1抵达关闭端帧
通过：第9轮控制件type_switch_2抵达关闭端帧
通过：第9轮控制件door_capsules_input_bay抵达关闭端帧
通过：正式舱门接受运动请求
通过：第10轮控制件type_switch_0抵达开启端帧
通过：第10轮控制件type_switch_1抵达开启端帧
通过：第10轮控制件type_switch_2抵达开启端帧
通过：第10轮控制件door_capsules_input_bay抵达开启端帧
通过：正式舱门接受运动请求
通过：第10轮控制件type_switch_0抵达关闭端帧
通过：第10轮控制件type_switch_1抵达关闭端帧
通过：第10轮控制件type_switch_2抵达关闭端帧
通过：第10轮控制件door_capsules_input_bay抵达关闭端帧
通过：正式舱门接受运动请求
通过：第11轮控制件type_switch_0抵达开启端帧
通过：第11轮控制件type_switch_1抵达开启端帧
通过：第11轮控制件type_switch_2抵达开启端帧
通过：第11轮控制件door_capsules_input_bay抵达开启端帧
通过：正式舱门接受运动请求
通过：第11轮控制件type_switch_0抵达关闭端帧
通过：第11轮控制件type_switch_1抵达关闭端帧
通过：第11轮控制件type_switch_2抵达关闭端帧
通过：第11轮控制件door_capsules_input_bay抵达关闭端帧
通过：正式舱门接受运动请求
通过：第12轮控制件type_switch_0抵达开启端帧
通过：第12轮控制件type_switch_1抵达开启端帧
通过：第12轮控制件type_switch_2抵达开启端帧
通过：第12轮控制件door_capsules_input_bay抵达开启端帧
通过：正式舱门接受运动请求
通过：第12轮控制件type_switch_0抵达关闭端帧
通过：第12轮控制件type_switch_1抵达关闭端帧
通过：第12轮控制件type_switch_2抵达关闭端帧
通过：第12轮控制件door_capsules_input_bay抵达关闭端帧
通过：正式舱门接受运动请求
通过：第13轮控制件type_switch_0抵达开启端帧
通过：第13轮控制件type_switch_1抵达开启端帧
通过：第13轮控制件type_switch_2抵达开启端帧
通过：第13轮控制件door_capsules_input_bay抵达开启端帧
通过：正式舱门接受运动请求
通过：第13轮控制件type_switch_0抵达关闭端帧
通过：第13轮控制件type_switch_1抵达关闭端帧
通过：第13轮控制件type_switch_2抵达关闭端帧
通过：第13轮控制件door_capsules_input_bay抵达关闭端帧
通过：正式舱门接受运动请求
通过：第14轮控制件type_switch_0抵达开启端帧
通过：第14轮控制件type_switch_1抵达开启端帧
通过：第14轮控制件type_switch_2抵达开启端帧
通过：第14轮控制件door_capsules_input_bay抵达开启端帧
通过：正式舱门接受运动请求
通过：第14轮控制件type_switch_0抵达关闭端帧
通过：第14轮控制件type_switch_1抵达关闭端帧
通过：第14轮控制件type_switch_2抵达关闭端帧
通过：第14轮控制件door_capsules_input_bay抵达关闭端帧
通过：正式舱门接受运动请求
通过：第15轮控制件type_switch_0抵达开启端帧
通过：第15轮控制件type_switch_1抵达开启端帧
通过：第15轮控制件type_switch_2抵达开启端帧
通过：第15轮控制件door_capsules_input_bay抵达开启端帧
通过：正式舱门接受运动请求
通过：第15轮控制件type_switch_0抵达关闭端帧
通过：第15轮控制件type_switch_1抵达关闭端帧
通过：第15轮控制件type_switch_2抵达关闭端帧
通过：第15轮控制件door_capsules_input_bay抵达关闭端帧
通过：正式舱门接受运动请求
通过：第16轮控制件type_switch_0抵达开启端帧
通过：第16轮控制件type_switch_1抵达开启端帧
通过：第16轮控制件type_switch_2抵达开启端帧
通过：第16轮控制件door_capsules_input_bay抵达开启端帧
通过：正式舱门接受运动请求
通过：第16轮控制件type_switch_0抵达关闭端帧
通过：第16轮控制件type_switch_1抵达关闭端帧
通过：第16轮控制件type_switch_2抵达关闭端帧
通过：第16轮控制件door_capsules_input_bay抵达关闭端帧
通过：正式舱门接受运动请求
通过：第17轮控制件type_switch_0抵达开启端帧
通过：第17轮控制件type_switch_1抵达开启端帧
通过：第17轮控制件type_switch_2抵达开启端帧
通过：第17轮控制件door_capsules_input_bay抵达开启端帧
通过：正式舱门接受运动请求
通过：第17轮控制件type_switch_0抵达关闭端帧
通过：第17轮控制件type_switch_1抵达关闭端帧
通过：第17轮控制件type_switch_2抵达关闭端帧
通过：第17轮控制件door_capsules_input_bay抵达关闭端帧
通过：正式舱门接受运动请求
通过：第18轮控制件type_switch_0抵达开启端帧
通过：第18轮控制件type_switch_1抵达开启端帧
通过：第18轮控制件type_switch_2抵达开启端帧
通过：第18轮控制件door_capsules_input_bay抵达开启端帧
通过：正式舱门接受运动请求
通过：第18轮控制件type_switch_0抵达关闭端帧
通过：第18轮控制件type_switch_1抵达关闭端帧
通过：第18轮控制件type_switch_2抵达关闭端帧
通过：第18轮控制件door_capsules_input_bay抵达关闭端帧
通过：正式舱门接受运动请求
通过：第19轮控制件type_switch_0抵达开启端帧
通过：第19轮控制件type_switch_1抵达开启端帧
通过：第19轮控制件type_switch_2抵达开启端帧
通过：第19轮控制件door_capsules_input_bay抵达开启端帧
通过：正式舱门接受运动请求
通过：第19轮控制件type_switch_0抵达关闭端帧
通过：第19轮控制件type_switch_1抵达关闭端帧
通过：第19轮控制件type_switch_2抵达关闭端帧
通过：第19轮控制件door_capsules_input_bay抵达关闭端帧
通过：正式舱门接受运动请求
通过：第20轮控制件type_switch_0抵达开启端帧
通过：第20轮控制件type_switch_1抵达开启端帧
通过：第20轮控制件type_switch_2抵达开启端帧
通过：第20轮控制件door_capsules_input_bay抵达开启端帧
通过：正式舱门接受运动请求
通过：第20轮控制件type_switch_0抵达关闭端帧
通过：第20轮控制件type_switch_1抵达关闭端帧
通过：第20轮控制件type_switch_2抵达关闭端帧
通过：第20轮控制件door_capsules_input_bay抵达关闭端帧
通过：正式舱门接受运动请求
通过：第21轮控制件type_switch_0抵达开启端帧
通过：第21轮控制件type_switch_1抵达开启端帧
通过：第21轮控制件type_switch_2抵达开启端帧
通过：第21轮控制件door_capsules_input_bay抵达开启端帧
通过：正式舱门接受运动请求
通过：第21轮控制件type_switch_0抵达关闭端帧
通过：第21轮控制件type_switch_1抵达关闭端帧
通过：第21轮控制件type_switch_2抵达关闭端帧
通过：第21轮控制件door_capsules_input_bay抵达关闭端帧
通过：正式舱门接受运动请求
通过：第22轮控制件type_switch_0抵达开启端帧
通过：第22轮控制件type_switch_1抵达开启端帧
通过：第22轮控制件type_switch_2抵达开启端帧
通过：第22轮控制件door_capsules_input_bay抵达开启端帧
通过：正式舱门接受运动请求
通过：第22轮控制件type_switch_0抵达关闭端帧
通过：第22轮控制件type_switch_1抵达关闭端帧
通过：第22轮控制件type_switch_2抵达关闭端帧
通过：第22轮控制件door_capsules_input_bay抵达关闭端帧
通过：正式舱门接受运动请求
通过：第23轮控制件type_switch_0抵达开启端帧
通过：第23轮控制件type_switch_1抵达开启端帧
通过：第23轮控制件type_switch_2抵达开启端帧
通过：第23轮控制件door_capsules_input_bay抵达开启端帧
通过：正式舱门接受运动请求
通过：第23轮控制件type_switch_0抵达关闭端帧
通过：第23轮控制件type_switch_1抵达关闭端帧
通过：第23轮控制件type_switch_2抵达关闭端帧
通过：第23轮控制件door_capsules_input_bay抵达关闭端帧
通过：正式舱门接受运动请求
通过：第24轮控制件type_switch_0抵达开启端帧
通过：第24轮控制件type_switch_1抵达开启端帧
通过：第24轮控制件type_switch_2抵达开启端帧
通过：第24轮控制件door_capsules_input_bay抵达开启端帧
通过：正式舱门接受运动请求
通过：第24轮控制件type_switch_0抵达关闭端帧
通过：第24轮控制件type_switch_1抵达关闭端帧
通过：第24轮控制件type_switch_2抵达关闭端帧
通过：第24轮控制件door_capsules_input_bay抵达关闭端帧
通过：正式舱门接受运动请求
通过：第25轮控制件type_switch_0抵达开启端帧
通过：第25轮控制件type_switch_1抵达开启端帧
通过：第25轮控制件type_switch_2抵达开启端帧
通过：第25轮控制件door_capsules_input_bay抵达开启端帧
通过：正式舱门接受运动请求
通过：第25轮控制件type_switch_0抵达关闭端帧
通过：第25轮控制件type_switch_1抵达关闭端帧
通过：第25轮控制件type_switch_2抵达关闭端帧
通过：第25轮控制件door_capsules_input_bay抵达关闭端帧
通过：正式舱门接受运动请求
通过：第26轮控制件type_switch_0抵达开启端帧
通过：第26轮控制件type_switch_1抵达开启端帧
通过：第26轮控制件type_switch_2抵达开启端帧
通过：第26轮控制件door_capsules_input_bay抵达开启端帧
通过：正式舱门接受运动请求
通过：第26轮控制件type_switch_0抵达关闭端帧
通过：第26轮控制件type_switch_1抵达关闭端帧
通过：第26轮控制件type_switch_2抵达关闭端帧
通过：第26轮控制件door_capsules_input_bay抵达关闭端帧
通过：正式舱门接受运动请求
通过：第27轮控制件type_switch_0抵达开启端帧
通过：第27轮控制件type_switch_1抵达开启端帧
通过：第27轮控制件type_switch_2抵达开启端帧
通过：第27轮控制件door_capsules_input_bay抵达开启端帧
通过：正式舱门接受运动请求
通过：第27轮控制件type_switch_0抵达关闭端帧
通过：第27轮控制件type_switch_1抵达关闭端帧
通过：第27轮控制件type_switch_2抵达关闭端帧
通过：第27轮控制件door_capsules_input_bay抵达关闭端帧
通过：正式舱门接受运动请求
通过：第28轮控制件type_switch_0抵达开启端帧
通过：第28轮控制件type_switch_1抵达开启端帧
通过：第28轮控制件type_switch_2抵达开启端帧
通过：第28轮控制件door_capsules_input_bay抵达开启端帧
通过：正式舱门接受运动请求
通过：第28轮控制件type_switch_0抵达关闭端帧
通过：第28轮控制件type_switch_1抵达关闭端帧
通过：第28轮控制件type_switch_2抵达关闭端帧
通过：第28轮控制件door_capsules_input_bay抵达关闭端帧
通过：正式舱门接受运动请求
通过：第29轮控制件type_switch_0抵达开启端帧
通过：第29轮控制件type_switch_1抵达开启端帧
通过：第29轮控制件type_switch_2抵达开启端帧
通过：第29轮控制件door_capsules_input_bay抵达开启端帧
通过：正式舱门接受运动请求
通过：第29轮控制件type_switch_0抵达关闭端帧
通过：第29轮控制件type_switch_1抵达关闭端帧
通过：第29轮控制件type_switch_2抵达关闭端帧
通过：第29轮控制件door_capsules_input_bay抵达关闭端帧
通过：正式舱门接受运动请求
通过：第30轮控制件type_switch_0抵达开启端帧
通过：第30轮控制件type_switch_1抵达开启端帧
通过：第30轮控制件type_switch_2抵达开启端帧
通过：第30轮控制件door_capsules_input_bay抵达开启端帧
通过：正式舱门接受运动请求
通过：第30轮控制件type_switch_0抵达关闭端帧
通过：第30轮控制件type_switch_1抵达关闭端帧
通过：第30轮控制件type_switch_2抵达关闭端帧
通过：第30轮控制件door_capsules_input_bay抵达关闭端帧
通过：正式舱门接受运动请求
通过：第31轮控制件type_switch_0抵达开启端帧
通过：第31轮控制件type_switch_1抵达开启端帧
通过：第31轮控制件type_switch_2抵达开启端帧
通过：第31轮控制件door_capsules_input_bay抵达开启端帧
通过：正式舱门接受运动请求
通过：第31轮控制件type_switch_0抵达关闭端帧
通过：第31轮控制件type_switch_1抵达关闭端帧
通过：第31轮控制件type_switch_2抵达关闭端帧
通过：第31轮控制件door_capsules_input_bay抵达关闭端帧
通过：正式舱门接受运动请求
通过：第32轮控制件type_switch_0抵达开启端帧
通过：第32轮控制件type_switch_1抵达开启端帧
通过：第32轮控制件type_switch_2抵达开启端帧
通过：第32轮控制件door_capsules_input_bay抵达开启端帧
通过：正式舱门接受运动请求
通过：第32轮控制件type_switch_0抵达关闭端帧
通过：第32轮控制件type_switch_1抵达关闭端帧
通过：第32轮控制件type_switch_2抵达关闭端帧
通过：第32轮控制件door_capsules_input_bay抵达关闭端帧
通过：正式舱门接受运动请求
通过：第33轮控制件type_switch_0抵达开启端帧
通过：第33轮控制件type_switch_1抵达开启端帧
通过：第33轮控制件type_switch_2抵达开启端帧
通过：第33轮控制件door_capsules_input_bay抵达开启端帧
通过：正式舱门接受运动请求
通过：第33轮控制件type_switch_0抵达关闭端帧
通过：第33轮控制件type_switch_1抵达关闭端帧
通过：第33轮控制件type_switch_2抵达关闭端帧
通过：第33轮控制件door_capsules_input_bay抵达关闭端帧
通过：正式舱门接受运动请求
通过：第34轮控制件type_switch_0抵达开启端帧
通过：第34轮控制件type_switch_1抵达开启端帧
通过：第34轮控制件type_switch_2抵达开启端帧
通过：第34轮控制件door_capsules_input_bay抵达开启端帧
通过：正式舱门接受运动请求
通过：第34轮控制件type_switch_0抵达关闭端帧
通过：第34轮控制件type_switch_1抵达关闭端帧
通过：第34轮控制件type_switch_2抵达关闭端帧
通过：第34轮控制件door_capsules_input_bay抵达关闭端帧
通过：正式舱门接受运动请求
通过：第35轮控制件type_switch_0抵达开启端帧
通过：第35轮控制件type_switch_1抵达开启端帧
通过：第35轮控制件type_switch_2抵达开启端帧
通过：第35轮控制件door_capsules_input_bay抵达开启端帧
通过：正式舱门接受运动请求
通过：第35轮控制件type_switch_0抵达关闭端帧
通过：第35轮控制件type_switch_1抵达关闭端帧
通过：第35轮控制件type_switch_2抵达关闭端帧
通过：第35轮控制件door_capsules_input_bay抵达关闭端帧
通过：正式舱门接受运动请求
通过：第36轮控制件type_switch_0抵达开启端帧
通过：第36轮控制件type_switch_1抵达开启端帧
通过：第36轮控制件type_switch_2抵达开启端帧
通过：第36轮控制件door_capsules_input_bay抵达开启端帧
通过：正式舱门接受运动请求
通过：第36轮控制件type_switch_0抵达关闭端帧
通过：第36轮控制件type_switch_1抵达关闭端帧
通过：第36轮控制件type_switch_2抵达关闭端帧
通过：第36轮控制件door_capsules_input_bay抵达关闭端帧
通过：正式舱门接受运动请求
通过：第37轮控制件type_switch_0抵达开启端帧
通过：第37轮控制件type_switch_1抵达开启端帧
通过：第37轮控制件type_switch_2抵达开启端帧
通过：第37轮控制件door_capsules_input_bay抵达开启端帧
通过：正式舱门接受运动请求
通过：第37轮控制件type_switch_0抵达关闭端帧
通过：第37轮控制件type_switch_1抵达关闭端帧
通过：第37轮控制件type_switch_2抵达关闭端帧
通过：第37轮控制件door_capsules_input_bay抵达关闭端帧
通过：正式舱门接受运动请求
通过：第38轮控制件type_switch_0抵达开启端帧
通过：第38轮控制件type_switch_1抵达开启端帧
通过：第38轮控制件type_switch_2抵达开启端帧
通过：第38轮控制件door_capsules_input_bay抵达开启端帧
通过：正式舱门接受运动请求
通过：第38轮控制件type_switch_0抵达关闭端帧
通过：第38轮控制件type_switch_1抵达关闭端帧
通过：第38轮控制件type_switch_2抵达关闭端帧
通过：第38轮控制件door_capsules_input_bay抵达关闭端帧
通过：正式舱门接受运动请求
通过：第39轮控制件type_switch_0抵达开启端帧
通过：第39轮控制件type_switch_1抵达开启端帧
通过：第39轮控制件type_switch_2抵达开启端帧
通过：第39轮控制件door_capsules_input_bay抵达开启端帧
通过：正式舱门接受运动请求
通过：第39轮控制件type_switch_0抵达关闭端帧
通过：第39轮控制件type_switch_1抵达关闭端帧
通过：第39轮控制件type_switch_2抵达关闭端帧
通过：第39轮控制件door_capsules_input_bay抵达关闭端帧
通过：正式舱门接受运动请求
通过：第40轮控制件type_switch_0抵达开启端帧
通过：第40轮控制件type_switch_1抵达开启端帧
通过：第40轮控制件type_switch_2抵达开启端帧
通过：第40轮控制件door_capsules_input_bay抵达开启端帧
通过：正式舱门接受运动请求
通过：第40轮控制件type_switch_0抵达关闭端帧
通过：第40轮控制件type_switch_1抵达关闭端帧
通过：第40轮控制件type_switch_2抵达关闭端帧
通过：第40轮控制件door_capsules_input_bay抵达关闭端帧
通过：正式舱门接受运动请求
通过：第41轮控制件type_switch_0抵达开启端帧
通过：第41轮控制件type_switch_1抵达开启端帧
通过：第41轮控制件type_switch_2抵达开启端帧
通过：第41轮控制件door_capsules_input_bay抵达开启端帧
通过：正式舱门接受运动请求
通过：第41轮控制件type_switch_0抵达关闭端帧
通过：第41轮控制件type_switch_1抵达关闭端帧
通过：第41轮控制件type_switch_2抵达关闭端帧
通过：第41轮控制件door_capsules_input_bay抵达关闭端帧
通过：正式舱门接受运动请求
通过：第42轮控制件type_switch_0抵达开启端帧
通过：第42轮控制件type_switch_1抵达开启端帧
通过：第42轮控制件type_switch_2抵达开启端帧
通过：第42轮控制件door_capsules_input_bay抵达开启端帧
通过：正式舱门接受运动请求
通过：第42轮控制件type_switch_0抵达关闭端帧
通过：第42轮控制件type_switch_1抵达关闭端帧
通过：第42轮控制件type_switch_2抵达关闭端帧
通过：第42轮控制件door_capsules_input_bay抵达关闭端帧
通过：正式舱门接受运动请求
通过：第43轮控制件type_switch_0抵达开启端帧
通过：第43轮控制件type_switch_1抵达开启端帧
通过：第43轮控制件type_switch_2抵达开启端帧
通过：第43轮控制件door_capsules_input_bay抵达开启端帧
通过：正式舱门接受运动请求
通过：第43轮控制件type_switch_0抵达关闭端帧
通过：第43轮控制件type_switch_1抵达关闭端帧
通过：第43轮控制件type_switch_2抵达关闭端帧
通过：第43轮控制件door_capsules_input_bay抵达关闭端帧
通过：正式舱门接受运动请求
通过：第44轮控制件type_switch_0抵达开启端帧
通过：第44轮控制件type_switch_1抵达开启端帧
通过：第44轮控制件type_switch_2抵达开启端帧
通过：第44轮控制件door_capsules_input_bay抵达开启端帧
通过：正式舱门接受运动请求
通过：第44轮控制件type_switch_0抵达关闭端帧
通过：第44轮控制件type_switch_1抵达关闭端帧
通过：第44轮控制件type_switch_2抵达关闭端帧
通过：第44轮控制件door_capsules_input_bay抵达关闭端帧
通过：正式舱门接受运动请求
通过：第45轮控制件type_switch_0抵达开启端帧
通过：第45轮控制件type_switch_1抵达开启端帧
通过：第45轮控制件type_switch_2抵达开启端帧
通过：第45轮控制件door_capsules_input_bay抵达开启端帧
通过：正式舱门接受运动请求
通过：第45轮控制件type_switch_0抵达关闭端帧
通过：第45轮控制件type_switch_1抵达关闭端帧
通过：第45轮控制件type_switch_2抵达关闭端帧
通过：第45轮控制件door_capsules_input_bay抵达关闭端帧
通过：正式舱门接受运动请求
通过：第46轮控制件type_switch_0抵达开启端帧
通过：第46轮控制件type_switch_1抵达开启端帧
通过：第46轮控制件type_switch_2抵达开启端帧
通过：第46轮控制件door_capsules_input_bay抵达开启端帧
通过：正式舱门接受运动请求
通过：第46轮控制件type_switch_0抵达关闭端帧
通过：第46轮控制件type_switch_1抵达关闭端帧
通过：第46轮控制件type_switch_2抵达关闭端帧
通过：第46轮控制件door_capsules_input_bay抵达关闭端帧
通过：正式舱门接受运动请求
通过：第47轮控制件type_switch_0抵达开启端帧
通过：第47轮控制件type_switch_1抵达开启端帧
通过：第47轮控制件type_switch_2抵达开启端帧
通过：第47轮控制件door_capsules_input_bay抵达开启端帧
通过：正式舱门接受运动请求
通过：第47轮控制件type_switch_0抵达关闭端帧
通过：第47轮控制件type_switch_1抵达关闭端帧
通过：第47轮控制件type_switch_2抵达关闭端帧
通过：第47轮控制件door_capsules_input_bay抵达关闭端帧
通过：正式舱门接受运动请求
通过：第48轮控制件type_switch_0抵达开启端帧
通过：第48轮控制件type_switch_1抵达开启端帧
通过：第48轮控制件type_switch_2抵达开启端帧
通过：第48轮控制件door_capsules_input_bay抵达开启端帧
通过：正式舱门接受运动请求
通过：第48轮控制件type_switch_0抵达关闭端帧
通过：第48轮控制件type_switch_1抵达关闭端帧
通过：第48轮控制件type_switch_2抵达关闭端帧
通过：第48轮控制件door_capsules_input_bay抵达关闭端帧
通过：正式舱门接受运动请求
通过：第49轮控制件type_switch_0抵达开启端帧
通过：第49轮控制件type_switch_1抵达开启端帧
通过：第49轮控制件type_switch_2抵达开启端帧
通过：第49轮控制件door_capsules_input_bay抵达开启端帧
通过：正式舱门接受运动请求
通过：第49轮控制件type_switch_0抵达关闭端帧
通过：第49轮控制件type_switch_1抵达关闭端帧
通过：第49轮控制件type_switch_2抵达关闭端帧
通过：第49轮控制件door_capsules_input_bay抵达关闭端帧
通过：正式舱门接受运动请求
通过：第50轮控制件type_switch_0抵达开启端帧
通过：第50轮控制件type_switch_1抵达开启端帧
通过：第50轮控制件type_switch_2抵达开启端帧
通过：第50轮控制件door_capsules_input_bay抵达开启端帧
通过：正式舱门接受运动请求
通过：第50轮控制件type_switch_0抵达关闭端帧
通过：第50轮控制件type_switch_1抵达关闭端帧
通过：第50轮控制件type_switch_2抵达关闭端帧
通过：第50轮控制件door_capsules_input_bay抵达关闭端帧
通过：正式舱门接受运动请求
通过：第51轮控制件type_switch_0抵达开启端帧
通过：第51轮控制件type_switch_1抵达开启端帧
通过：第51轮控制件type_switch_2抵达开启端帧
通过：第51轮控制件door_capsules_input_bay抵达开启端帧
通过：正式舱门接受运动请求
通过：第51轮控制件type_switch_0抵达关闭端帧
通过：第51轮控制件type_switch_1抵达关闭端帧
通过：第51轮控制件type_switch_2抵达关闭端帧
通过：第51轮控制件door_capsules_input_bay抵达关闭端帧
通过：正式舱门接受运动请求
通过：第52轮控制件type_switch_0抵达开启端帧
通过：第52轮控制件type_switch_1抵达开启端帧
通过：第52轮控制件type_switch_2抵达开启端帧
通过：第52轮控制件door_capsules_input_bay抵达开启端帧
通过：正式舱门接受运动请求
通过：第52轮控制件type_switch_0抵达关闭端帧
通过：第52轮控制件type_switch_1抵达关闭端帧
通过：第52轮控制件type_switch_2抵达关闭端帧
通过：第52轮控制件door_capsules_input_bay抵达关闭端帧
通过：正式舱门接受运动请求
通过：第53轮控制件type_switch_0抵达开启端帧
通过：第53轮控制件type_switch_1抵达开启端帧
通过：第53轮控制件type_switch_2抵达开启端帧
通过：第53轮控制件door_capsules_input_bay抵达开启端帧
通过：正式舱门接受运动请求
通过：第53轮控制件type_switch_0抵达关闭端帧
通过：第53轮控制件type_switch_1抵达关闭端帧
通过：第53轮控制件type_switch_2抵达关闭端帧
通过：第53轮控制件door_capsules_input_bay抵达关闭端帧
通过：正式舱门接受运动请求
通过：第54轮控制件type_switch_0抵达开启端帧
通过：第54轮控制件type_switch_1抵达开启端帧
通过：第54轮控制件type_switch_2抵达开启端帧
通过：第54轮控制件door_capsules_input_bay抵达开启端帧
通过：正式舱门接受运动请求
通过：第54轮控制件type_switch_0抵达关闭端帧
通过：第54轮控制件type_switch_1抵达关闭端帧
通过：第54轮控制件type_switch_2抵达关闭端帧
通过：第54轮控制件door_capsules_input_bay抵达关闭端帧
通过：正式舱门接受运动请求
通过：第55轮控制件type_switch_0抵达开启端帧
通过：第55轮控制件type_switch_1抵达开启端帧
通过：第55轮控制件type_switch_2抵达开启端帧
通过：第55轮控制件door_capsules_input_bay抵达开启端帧
通过：正式舱门接受运动请求
通过：第55轮控制件type_switch_0抵达关闭端帧
通过：第55轮控制件type_switch_1抵达关闭端帧
通过：第55轮控制件type_switch_2抵达关闭端帧
通过：第55轮控制件door_capsules_input_bay抵达关闭端帧
通过：正式舱门接受运动请求
通过：第56轮控制件type_switch_0抵达开启端帧
通过：第56轮控制件type_switch_1抵达开启端帧
通过：第56轮控制件type_switch_2抵达开启端帧
通过：第56轮控制件door_capsules_input_bay抵达开启端帧
通过：正式舱门接受运动请求
通过：第56轮控制件type_switch_0抵达关闭端帧
通过：第56轮控制件type_switch_1抵达关闭端帧
通过：第56轮控制件type_switch_2抵达关闭端帧
通过：第56轮控制件door_capsules_input_bay抵达关闭端帧
通过：正式舱门接受运动请求
通过：第57轮控制件type_switch_0抵达开启端帧
通过：第57轮控制件type_switch_1抵达开启端帧
通过：第57轮控制件type_switch_2抵达开启端帧
通过：第57轮控制件door_capsules_input_bay抵达开启端帧
通过：正式舱门接受运动请求
通过：第57轮控制件type_switch_0抵达关闭端帧
通过：第57轮控制件type_switch_1抵达关闭端帧
通过：第57轮控制件type_switch_2抵达关闭端帧
通过：第57轮控制件door_capsules_input_bay抵达关闭端帧
通过：正式舱门接受运动请求
通过：第58轮控制件type_switch_0抵达开启端帧
通过：第58轮控制件type_switch_1抵达开启端帧
通过：第58轮控制件type_switch_2抵达开启端帧
通过：第58轮控制件door_capsules_input_bay抵达开启端帧
通过：正式舱门接受运动请求
通过：第58轮控制件type_switch_0抵达关闭端帧
通过：第58轮控制件type_switch_1抵达关闭端帧
通过：第58轮控制件type_switch_2抵达关闭端帧
通过：第58轮控制件door_capsules_input_bay抵达关闭端帧
通过：正式舱门接受运动请求
通过：第59轮控制件type_switch_0抵达开启端帧
通过：第59轮控制件type_switch_1抵达开启端帧
通过：第59轮控制件type_switch_2抵达开启端帧
通过：第59轮控制件door_capsules_input_bay抵达开启端帧
通过：正式舱门接受运动请求
通过：第59轮控制件type_switch_0抵达关闭端帧
通过：第59轮控制件type_switch_1抵达关闭端帧
通过：第59轮控制件type_switch_2抵达关闭端帧
通过：第59轮控制件door_capsules_input_bay抵达关闭端帧
通过：正式舱门接受运动请求
通过：第60轮控制件type_switch_0抵达开启端帧
通过：第60轮控制件type_switch_1抵达开启端帧
通过：第60轮控制件type_switch_2抵达开启端帧
通过：第60轮控制件door_capsules_input_bay抵达开启端帧
通过：正式舱门接受运动请求
通过：第60轮控制件type_switch_0抵达关闭端帧
通过：第60轮控制件type_switch_1抵达关闭端帧
通过：第60轮控制件type_switch_2抵达关闭端帧
通过：第60轮控制件door_capsules_input_bay抵达关闭端帧
通过：正式舱门接受运动请求
通过：第61轮控制件type_switch_0抵达开启端帧
通过：第61轮控制件type_switch_1抵达开启端帧
通过：第61轮控制件type_switch_2抵达开启端帧
通过：第61轮控制件door_capsules_input_bay抵达开启端帧
通过：正式舱门接受运动请求
通过：第61轮控制件type_switch_0抵达关闭端帧
通过：第61轮控制件type_switch_1抵达关闭端帧
通过：第61轮控制件type_switch_2抵达关闭端帧
通过：第61轮控制件door_capsules_input_bay抵达关闭端帧
通过：正式舱门接受运动请求
通过：第62轮控制件type_switch_0抵达开启端帧
通过：第62轮控制件type_switch_1抵达开启端帧
通过：第62轮控制件type_switch_2抵达开启端帧
通过：第62轮控制件door_capsules_input_bay抵达开启端帧
通过：正式舱门接受运动请求
通过：第62轮控制件type_switch_0抵达关闭端帧
通过：第62轮控制件type_switch_1抵达关闭端帧
通过：第62轮控制件type_switch_2抵达关闭端帧
通过：第62轮控制件door_capsules_input_bay抵达关闭端帧
通过：正式舱门接受运动请求
通过：第63轮控制件type_switch_0抵达开启端帧
通过：第63轮控制件type_switch_1抵达开启端帧
通过：第63轮控制件type_switch_2抵达开启端帧
通过：第63轮控制件door_capsules_input_bay抵达开启端帧
通过：正式舱门接受运动请求
通过：第63轮控制件type_switch_0抵达关闭端帧
通过：第63轮控制件type_switch_1抵达关闭端帧
通过：第63轮控制件type_switch_2抵达关闭端帧
通过：第63轮控制件door_capsules_input_bay抵达关闭端帧
通过：正式舱门接受运动请求
通过：第64轮控制件type_switch_0抵达开启端帧
通过：第64轮控制件type_switch_1抵达开启端帧
通过：第64轮控制件type_switch_2抵达开启端帧
通过：第64轮控制件door_capsules_input_bay抵达开启端帧
通过：正式舱门接受运动请求
通过：第64轮控制件type_switch_0抵达关闭端帧
通过：第64轮控制件type_switch_1抵达关闭端帧
通过：第64轮控制件type_switch_2抵达关闭端帧
通过：第64轮控制件door_capsules_input_bay抵达关闭端帧
通过：正式舱门接受运动请求
通过：第65轮控制件type_switch_0抵达开启端帧
通过：第65轮控制件type_switch_1抵达开启端帧
通过：第65轮控制件type_switch_2抵达开启端帧
通过：第65轮控制件door_capsules_input_bay抵达开启端帧
通过：正式舱门接受运动请求
通过：第65轮控制件type_switch_0抵达关闭端帧
通过：第65轮控制件type_switch_1抵达关闭端帧
通过：第65轮控制件type_switch_2抵达关闭端帧
通过：第65轮控制件door_capsules_input_bay抵达关闭端帧
通过：正式舱门接受运动请求
通过：第66轮控制件type_switch_0抵达开启端帧
通过：第66轮控制件type_switch_1抵达开启端帧
通过：第66轮控制件type_switch_2抵达开启端帧
通过：第66轮控制件door_capsules_input_bay抵达开启端帧
通过：正式舱门接受运动请求
通过：第66轮控制件type_switch_0抵达关闭端帧
通过：第66轮控制件type_switch_1抵达关闭端帧
通过：第66轮控制件type_switch_2抵达关闭端帧
通过：第66轮控制件door_capsules_input_bay抵达关闭端帧
通过：正式舱门接受运动请求
通过：第67轮控制件type_switch_0抵达开启端帧
通过：第67轮控制件type_switch_1抵达开启端帧
通过：第67轮控制件type_switch_2抵达开启端帧
通过：第67轮控制件door_capsules_input_bay抵达开启端帧
通过：正式舱门接受运动请求
通过：第67轮控制件type_switch_0抵达关闭端帧
通过：第67轮控制件type_switch_1抵达关闭端帧
通过：第67轮控制件type_switch_2抵达关闭端帧
通过：第67轮控制件door_capsules_input_bay抵达关闭端帧
通过：正式舱门接受运动请求
通过：第68轮控制件type_switch_0抵达开启端帧
通过：第68轮控制件type_switch_1抵达开启端帧
通过：第68轮控制件type_switch_2抵达开启端帧
通过：第68轮控制件door_capsules_input_bay抵达开启端帧
通过：正式舱门接受运动请求
通过：第68轮控制件type_switch_0抵达关闭端帧
通过：第68轮控制件type_switch_1抵达关闭端帧
通过：第68轮控制件type_switch_2抵达关闭端帧
通过：第68轮控制件door_capsules_input_bay抵达关闭端帧
通过：正式舱门接受运动请求
通过：第69轮控制件type_switch_0抵达开启端帧
通过：第69轮控制件type_switch_1抵达开启端帧
通过：第69轮控制件type_switch_2抵达开启端帧
通过：第69轮控制件door_capsules_input_bay抵达开启端帧
通过：正式舱门接受运动请求
通过：第69轮控制件type_switch_0抵达关闭端帧
通过：第69轮控制件type_switch_1抵达关闭端帧
通过：第69轮控制件type_switch_2抵达关闭端帧
通过：第69轮控制件door_capsules_input_bay抵达关闭端帧
通过：正式舱门接受运动请求
通过：第70轮控制件type_switch_0抵达开启端帧
通过：第70轮控制件type_switch_1抵达开启端帧
通过：第70轮控制件type_switch_2抵达开启端帧
通过：第70轮控制件door_capsules_input_bay抵达开启端帧
通过：正式舱门接受运动请求
通过：第70轮控制件type_switch_0抵达关闭端帧
通过：第70轮控制件type_switch_1抵达关闭端帧
通过：第70轮控制件type_switch_2抵达关闭端帧
通过：第70轮控制件door_capsules_input_bay抵达关闭端帧
通过：正式舱门接受运动请求
通过：第71轮控制件type_switch_0抵达开启端帧
通过：第71轮控制件type_switch_1抵达开启端帧
通过：第71轮控制件type_switch_2抵达开启端帧
通过：第71轮控制件door_capsules_input_bay抵达开启端帧
通过：正式舱门接受运动请求
通过：第71轮控制件type_switch_0抵达关闭端帧
通过：第71轮控制件type_switch_1抵达关闭端帧
通过：第71轮控制件type_switch_2抵达关闭端帧
通过：第71轮控制件door_capsules_input_bay抵达关闭端帧
通过：正式舱门接受运动请求
通过：第72轮控制件type_switch_0抵达开启端帧
通过：第72轮控制件type_switch_1抵达开启端帧
通过：第72轮控制件type_switch_2抵达开启端帧
通过：第72轮控制件door_capsules_input_bay抵达开启端帧
通过：正式舱门接受运动请求
通过：第72轮控制件type_switch_0抵达关闭端帧
通过：第72轮控制件type_switch_1抵达关闭端帧
通过：第72轮控制件type_switch_2抵达关闭端帧
通过：第72轮控制件door_capsules_input_bay抵达关闭端帧
通过：正式舱门接受运动请求
通过：第73轮控制件type_switch_0抵达开启端帧
通过：第73轮控制件type_switch_1抵达开启端帧
通过：第73轮控制件type_switch_2抵达开启端帧
通过：第73轮控制件door_capsules_input_bay抵达开启端帧
通过：正式舱门接受运动请求
通过：第73轮控制件type_switch_0抵达关闭端帧
通过：第73轮控制件type_switch_1抵达关闭端帧
通过：第73轮控制件type_switch_2抵达关闭端帧
通过：第73轮控制件door_capsules_input_bay抵达关闭端帧
通过：正式舱门接受运动请求
通过：第74轮控制件type_switch_0抵达开启端帧
通过：第74轮控制件type_switch_1抵达开启端帧
通过：第74轮控制件type_switch_2抵达开启端帧
通过：第74轮控制件door_capsules_input_bay抵达开启端帧
通过：正式舱门接受运动请求
通过：第74轮控制件type_switch_0抵达关闭端帧
通过：第74轮控制件type_switch_1抵达关闭端帧
通过：第74轮控制件type_switch_2抵达关闭端帧
通过：第74轮控制件door_capsules_input_bay抵达关闭端帧
通过：正式舱门接受运动请求
通过：第75轮控制件type_switch_0抵达开启端帧
通过：第75轮控制件type_switch_1抵达开启端帧
通过：第75轮控制件type_switch_2抵达开启端帧
通过：第75轮控制件door_capsules_input_bay抵达开启端帧
通过：正式舱门接受运动请求
通过：第75轮控制件type_switch_0抵达关闭端帧
通过：第75轮控制件type_switch_1抵达关闭端帧
通过：第75轮控制件type_switch_2抵达关闭端帧
通过：第75轮控制件door_capsules_input_bay抵达关闭端帧
通过：正式舱门接受运动请求
通过：第76轮控制件type_switch_0抵达开启端帧
通过：第76轮控制件type_switch_1抵达开启端帧
通过：第76轮控制件type_switch_2抵达开启端帧
通过：第76轮控制件door_capsules_input_bay抵达开启端帧
通过：正式舱门接受运动请求
通过：第76轮控制件type_switch_0抵达关闭端帧
通过：第76轮控制件type_switch_1抵达关闭端帧
通过：第76轮控制件type_switch_2抵达关闭端帧
通过：第76轮控制件door_capsules_input_bay抵达关闭端帧
通过：正式舱门接受运动请求
通过：第77轮控制件type_switch_0抵达开启端帧
通过：第77轮控制件type_switch_1抵达开启端帧
通过：第77轮控制件type_switch_2抵达开启端帧
通过：第77轮控制件door_capsules_input_bay抵达开启端帧
通过：正式舱门接受运动请求
通过：第77轮控制件type_switch_0抵达关闭端帧
通过：第77轮控制件type_switch_1抵达关闭端帧
通过：第77轮控制件type_switch_2抵达关闭端帧
通过：第77轮控制件door_capsules_input_bay抵达关闭端帧
通过：正式舱门接受运动请求
通过：第78轮控制件type_switch_0抵达开启端帧
通过：第78轮控制件type_switch_1抵达开启端帧
通过：第78轮控制件type_switch_2抵达开启端帧
通过：第78轮控制件door_capsules_input_bay抵达开启端帧
通过：正式舱门接受运动请求
通过：第78轮控制件type_switch_0抵达关闭端帧
通过：第78轮控制件type_switch_1抵达关闭端帧
通过：第78轮控制件type_switch_2抵达关闭端帧
通过：第78轮控制件door_capsules_input_bay抵达关闭端帧
通过：正式舱门接受运动请求
通过：第79轮控制件type_switch_0抵达开启端帧
通过：第79轮控制件type_switch_1抵达开启端帧
通过：第79轮控制件type_switch_2抵达开启端帧
通过：第79轮控制件door_capsules_input_bay抵达开启端帧
通过：正式舱门接受运动请求
通过：第79轮控制件type_switch_0抵达关闭端帧
通过：第79轮控制件type_switch_1抵达关闭端帧
通过：第79轮控制件type_switch_2抵达关闭端帧
通过：第79轮控制件door_capsules_input_bay抵达关闭端帧
通过：正式舱门接受运动请求
通过：第80轮控制件type_switch_0抵达开启端帧
通过：第80轮控制件type_switch_1抵达开启端帧
通过：第80轮控制件type_switch_2抵达开启端帧
通过：第80轮控制件door_capsules_input_bay抵达开启端帧
通过：正式舱门接受运动请求
通过：第80轮控制件type_switch_0抵达关闭端帧
通过：第80轮控制件type_switch_1抵达关闭端帧
通过：第80轮控制件type_switch_2抵达关闭端帧
通过：第80轮控制件door_capsules_input_bay抵达关闭端帧
通过：正式舱门接受运动请求
通过：第81轮控制件type_switch_0抵达开启端帧
通过：第81轮控制件type_switch_1抵达开启端帧
通过：第81轮控制件type_switch_2抵达开启端帧
通过：第81轮控制件door_capsules_input_bay抵达开启端帧
通过：正式舱门接受运动请求
通过：第81轮控制件type_switch_0抵达关闭端帧
通过：第81轮控制件type_switch_1抵达关闭端帧
通过：第81轮控制件type_switch_2抵达关闭端帧
通过：第81轮控制件door_capsules_input_bay抵达关闭端帧
通过：正式舱门接受运动请求
通过：第82轮控制件type_switch_0抵达开启端帧
通过：第82轮控制件type_switch_1抵达开启端帧
通过：第82轮控制件type_switch_2抵达开启端帧
通过：第82轮控制件door_capsules_input_bay抵达开启端帧
通过：正式舱门接受运动请求
通过：第82轮控制件type_switch_0抵达关闭端帧
通过：第82轮控制件type_switch_1抵达关闭端帧
通过：第82轮控制件type_switch_2抵达关闭端帧
通过：第82轮控制件door_capsules_input_bay抵达关闭端帧
通过：正式舱门接受运动请求
通过：第83轮控制件type_switch_0抵达开启端帧
通过：第83轮控制件type_switch_1抵达开启端帧
通过：第83轮控制件type_switch_2抵达开启端帧
通过：第83轮控制件door_capsules_input_bay抵达开启端帧
通过：正式舱门接受运动请求
通过：第83轮控制件type_switch_0抵达关闭端帧
通过：第83轮控制件type_switch_1抵达关闭端帧
通过：第83轮控制件type_switch_2抵达关闭端帧
通过：第83轮控制件door_capsules_input_bay抵达关闭端帧
通过：正式舱门接受运动请求
通过：第84轮控制件type_switch_0抵达开启端帧
通过：第84轮控制件type_switch_1抵达开启端帧
通过：第84轮控制件type_switch_2抵达开启端帧
通过：第84轮控制件door_capsules_input_bay抵达开启端帧
通过：正式舱门接受运动请求
通过：第84轮控制件type_switch_0抵达关闭端帧
通过：第84轮控制件type_switch_1抵达关闭端帧
通过：第84轮控制件type_switch_2抵达关闭端帧
通过：第84轮控制件door_capsules_input_bay抵达关闭端帧
通过：正式舱门接受运动请求
通过：第85轮控制件type_switch_0抵达开启端帧
通过：第85轮控制件type_switch_1抵达开启端帧
通过：第85轮控制件type_switch_2抵达开启端帧
通过：第85轮控制件door_capsules_input_bay抵达开启端帧
通过：正式舱门接受运动请求
通过：第85轮控制件type_switch_0抵达关闭端帧
通过：第85轮控制件type_switch_1抵达关闭端帧
通过：第85轮控制件type_switch_2抵达关闭端帧
通过：第85轮控制件door_capsules_input_bay抵达关闭端帧
通过：正式舱门接受运动请求
通过：第86轮控制件type_switch_0抵达开启端帧
通过：第86轮控制件type_switch_1抵达开启端帧
通过：第86轮控制件type_switch_2抵达开启端帧
通过：第86轮控制件door_capsules_input_bay抵达开启端帧
通过：正式舱门接受运动请求
通过：第86轮控制件type_switch_0抵达关闭端帧
通过：第86轮控制件type_switch_1抵达关闭端帧
通过：第86轮控制件type_switch_2抵达关闭端帧
通过：第86轮控制件door_capsules_input_bay抵达关闭端帧
通过：正式舱门接受运动请求
通过：第87轮控制件type_switch_0抵达开启端帧
通过：第87轮控制件type_switch_1抵达开启端帧
通过：第87轮控制件type_switch_2抵达开启端帧
通过：第87轮控制件door_capsules_input_bay抵达开启端帧
通过：正式舱门接受运动请求
通过：第87轮控制件type_switch_0抵达关闭端帧
通过：第87轮控制件type_switch_1抵达关闭端帧
通过：第87轮控制件type_switch_2抵达关闭端帧
通过：第87轮控制件door_capsules_input_bay抵达关闭端帧
通过：正式舱门接受运动请求
通过：第88轮控制件type_switch_0抵达开启端帧
通过：第88轮控制件type_switch_1抵达开启端帧
通过：第88轮控制件type_switch_2抵达开启端帧
通过：第88轮控制件door_capsules_input_bay抵达开启端帧
通过：正式舱门接受运动请求
通过：第88轮控制件type_switch_0抵达关闭端帧
通过：第88轮控制件type_switch_1抵达关闭端帧
通过：第88轮控制件type_switch_2抵达关闭端帧
通过：第88轮控制件door_capsules_input_bay抵达关闭端帧
通过：正式舱门接受运动请求
通过：第89轮控制件type_switch_0抵达开启端帧
通过：第89轮控制件type_switch_1抵达开启端帧
通过：第89轮控制件type_switch_2抵达开启端帧
通过：第89轮控制件door_capsules_input_bay抵达开启端帧
通过：正式舱门接受运动请求
通过：第89轮控制件type_switch_0抵达关闭端帧
通过：第89轮控制件type_switch_1抵达关闭端帧
通过：第89轮控制件type_switch_2抵达关闭端帧
通过：第89轮控制件door_capsules_input_bay抵达关闭端帧
通过：正式舱门接受运动请求
通过：第90轮控制件type_switch_0抵达开启端帧
通过：第90轮控制件type_switch_1抵达开启端帧
通过：第90轮控制件type_switch_2抵达开启端帧
通过：第90轮控制件door_capsules_input_bay抵达开启端帧
通过：正式舱门接受运动请求
通过：第90轮控制件type_switch_0抵达关闭端帧
通过：第90轮控制件type_switch_1抵达关闭端帧
通过：第90轮控制件type_switch_2抵达关闭端帧
通过：第90轮控制件door_capsules_input_bay抵达关闭端帧
通过：正式舱门接受运动请求
通过：第91轮控制件type_switch_0抵达开启端帧
通过：第91轮控制件type_switch_1抵达开启端帧
通过：第91轮控制件type_switch_2抵达开启端帧
通过：第91轮控制件door_capsules_input_bay抵达开启端帧
通过：正式舱门接受运动请求
通过：第91轮控制件type_switch_0抵达关闭端帧
通过：第91轮控制件type_switch_1抵达关闭端帧
通过：第91轮控制件type_switch_2抵达关闭端帧
通过：第91轮控制件door_capsules_input_bay抵达关闭端帧
通过：正式舱门接受运动请求
通过：第92轮控制件type_switch_0抵达开启端帧
通过：第92轮控制件type_switch_1抵达开启端帧
通过：第92轮控制件type_switch_2抵达开启端帧
通过：第92轮控制件door_capsules_input_bay抵达开启端帧
通过：正式舱门接受运动请求
通过：第92轮控制件type_switch_0抵达关闭端帧
通过：第92轮控制件type_switch_1抵达关闭端帧
通过：第92轮控制件type_switch_2抵达关闭端帧
通过：第92轮控制件door_capsules_input_bay抵达关闭端帧
通过：正式舱门接受运动请求
通过：第93轮控制件type_switch_0抵达开启端帧
通过：第93轮控制件type_switch_1抵达开启端帧
通过：第93轮控制件type_switch_2抵达开启端帧
通过：第93轮控制件door_capsules_input_bay抵达开启端帧
通过：正式舱门接受运动请求
通过：第93轮控制件type_switch_0抵达关闭端帧
通过：第93轮控制件type_switch_1抵达关闭端帧
通过：第93轮控制件type_switch_2抵达关闭端帧
通过：第93轮控制件door_capsules_input_bay抵达关闭端帧
通过：正式舱门接受运动请求
通过：第94轮控制件type_switch_0抵达开启端帧
通过：第94轮控制件type_switch_1抵达开启端帧
通过：第94轮控制件type_switch_2抵达开启端帧
通过：第94轮控制件door_capsules_input_bay抵达开启端帧
通过：正式舱门接受运动请求
通过：第94轮控制件type_switch_0抵达关闭端帧
通过：第94轮控制件type_switch_1抵达关闭端帧
通过：第94轮控制件type_switch_2抵达关闭端帧
通过：第94轮控制件door_capsules_input_bay抵达关闭端帧
通过：正式舱门接受运动请求
通过：第95轮控制件type_switch_0抵达开启端帧
通过：第95轮控制件type_switch_1抵达开启端帧
通过：第95轮控制件type_switch_2抵达开启端帧
通过：第95轮控制件door_capsules_input_bay抵达开启端帧
通过：正式舱门接受运动请求
通过：第95轮控制件type_switch_0抵达关闭端帧
通过：第95轮控制件type_switch_1抵达关闭端帧
通过：第95轮控制件type_switch_2抵达关闭端帧
通过：第95轮控制件door_capsules_input_bay抵达关闭端帧
通过：正式舱门接受运动请求
通过：第96轮控制件type_switch_0抵达开启端帧
通过：第96轮控制件type_switch_1抵达开启端帧
通过：第96轮控制件type_switch_2抵达开启端帧
通过：第96轮控制件door_capsules_input_bay抵达开启端帧
通过：正式舱门接受运动请求
通过：第96轮控制件type_switch_0抵达关闭端帧
通过：第96轮控制件type_switch_1抵达关闭端帧
通过：第96轮控制件type_switch_2抵达关闭端帧
通过：第96轮控制件door_capsules_input_bay抵达关闭端帧
通过：正式舱门接受运动请求
通过：第97轮控制件type_switch_0抵达开启端帧
通过：第97轮控制件type_switch_1抵达开启端帧
通过：第97轮控制件type_switch_2抵达开启端帧
通过：第97轮控制件door_capsules_input_bay抵达开启端帧
通过：正式舱门接受运动请求
通过：第97轮控制件type_switch_0抵达关闭端帧
通过：第97轮控制件type_switch_1抵达关闭端帧
通过：第97轮控制件type_switch_2抵达关闭端帧
通过：第97轮控制件door_capsules_input_bay抵达关闭端帧
通过：正式舱门接受运动请求
通过：第98轮控制件type_switch_0抵达开启端帧
通过：第98轮控制件type_switch_1抵达开启端帧
通过：第98轮控制件type_switch_2抵达开启端帧
通过：第98轮控制件door_capsules_input_bay抵达开启端帧
通过：正式舱门接受运动请求
通过：第98轮控制件type_switch_0抵达关闭端帧
通过：第98轮控制件type_switch_1抵达关闭端帧
通过：第98轮控制件type_switch_2抵达关闭端帧
通过：第98轮控制件door_capsules_input_bay抵达关闭端帧
通过：正式舱门接受运动请求
通过：第99轮控制件type_switch_0抵达开启端帧
通过：第99轮控制件type_switch_1抵达开启端帧
通过：第99轮控制件type_switch_2抵达开启端帧
通过：第99轮控制件door_capsules_input_bay抵达开启端帧
通过：正式舱门接受运动请求
通过：第99轮控制件type_switch_0抵达关闭端帧
通过：第99轮控制件type_switch_1抵达关闭端帧
通过：第99轮控制件type_switch_2抵达关闭端帧
通过：第99轮控制件door_capsules_input_bay抵达关闭端帧
开关连续运动断言数：1003；失败总数：0
