Godot Engine v4.6.1.stable.official.14d19694e - https://godotengine.org

失败：真实电话可进入聚焦
失败：稳定聚焦实际空手可取筒
失败：取筒同步完成后来源与玩家成对持有
失败：持有后正式右侧面板显示并布局
失败：面板左右键与滚轮不穿透取放或聚焦退出
通过：面板滚轮不切换库存
通过：实际面板具有六项数值编辑
失败：字段焦点阻断世界交互入队
通过：文本占用时交互快捷请求不入队
通过：旧持物序号点击不得发起归还
失败：持筒可正常退出聚焦
失败：退出聚焦保留听筒及活动限位
失败：实际快捷动作开放鼠标调节
失败：普通调节态暂停移动及视角
失败：普通调节态保留独占与限位
失败：文本焦点期间再次快捷动作仍恢复普通输入
失败：菜单状态结束编辑并保留持筒
失败：场景暂停结束编辑但不解除持有
通过：暂停恢复须再次显式开启编辑
失败：窗口失焦结束编辑保留持有
通过：窗口恢复不自动继续编辑
失败：同一持有会话可重新聚焦原电话
失败：重入后原玩家可以归还
通过：实际听筒点击像素位于面板矩形外
通过：面板外业务点击先提交草稿并释放字段焦点
通过：归还后面板隐藏并释放独占及限位
通过：整个持筒过程选中索引保持
失败：调节面板移除后仍可取筒
通过：调节面板移除后仍可归还
