Godot Engine v4.6.1.stable.official.14d19694e - https://godotengine.org

通过：组件可用性查询无效果副作用
通过：独立组件请求恰好分发一次并执行效果
通过：独立组件禁用时拒绝请求
通过：独立组件预留聚焦模式不执行直接交互
通过：没有效果接收者时不可用且不分发
通过：多个效果接收者时不可用且不分发
通过：延迟效果连接不符合本期同步契约
通过：效果回调递归交互被拒绝且外层仅分发一次
通过：未入树或空执行者不可用
通过：零参数接收者不符合单参数效果契约
通过：追加信号来源参数的连接不符合单参数效果契约
通过：效果接收者排队释放后立即拒绝请求
通过：组件排队释放后立即拒绝请求
通过：物理父节点排队释放后立即拒绝请求
通过：执行者排队释放后立即拒绝请求
通过：未配置业务查询时保留原组件可用行为
通过：业务查询允许时第1次仍可用
通过：业务查询允许时第2次仍可用
通过：业务查询允许时第3次仍可用
通过：业务查询每次接收当前发起者
通过：重复业务查询不分发效果、不改变物体状态、不创建节点
通过：基础许可拒绝时不调用业务查询
通过：业务拒绝同时阻止可用显示和请求分发
通过：业务状态恢复后原地恢复可用
通过：显示查询之后业务状态改变时分发前重新拒绝
通过：业务允许时仍只分发一次效果请求
通过：业务查询返回非布尔值时拒绝而不隐式转换
通过：零参数业务查询在执行前被拒绝
通过：双参数业务查询在执行前被拒绝
通过：非节点业务查询接收者被拒绝
通过：已经配置的空查询不可伪装为从未配置
通过：明确清除业务查询后恢复兼容行为
通过：业务查询再次查询或请求自身时拒绝重入且外层正常返回
通过：业务查询重入不产生额外效果
通过：离树的业务查询接收者不可用
通过：业务查询接收者排队释放时立即拒绝
通过：业务查询接收者释放后保持配置失效并拒绝请求
通过：失效配置只在明确清除后恢复原契约
通过：查询期间第0类依赖排队释放时取消分发
通过：查询期间第1类依赖排队释放时取消分发
通过：查询期间第2类依赖排队释放时取消分发
通过：查询期间第3类依赖排队释放时取消分发
通过：查询期间第4类依赖排队释放时取消分发
无图形后端不提供捕获鼠标状态；本次仅验证独立组件。完整玩家输入、五项门控、界面优先、生命周期、实际门与开关、准星像素须由有图形运行验收。严格射线另由组件迁移检查覆盖。
独立组件失败总数：0
