Godot Engine v4.6.1.stable.official.14d19694e - https://godotengine.org
Vulkan 1.4.351 - Forward+ - Using Device #0: NVIDIA - NVIDIA GeForce RTX 3060 Ti

通过：正式主场景现有柜子与配药器配置有效
通过：正式柜内两只同定义罐具有独立实例
通过：图形夹具使用合法重复原药和非零重构数据
通过：仅给柜内零号罐写入合法图形夹具内容
通过：显示按首次顺序合并且内部保留四条原药
通过：同定义一号罐继续为空且无内容资源
通过：正式柜内空满罐使用独立材质覆盖引用
通过：正式柜门业务打开现有柜门
通过：柜门完全打开可观察两只罐
通过：空手观察柜内空满罐时内容界面隐藏
通过：保存实际正式主场景画面：01-正式柜内空满并列.png
通过：正式库存取回满罐保留原实例
通过：满罐转移保持原独立内容引用
通过：现有正式配药器接管观察视角
通过：正式配药器稳定聚焦
通过：正式玩家手持满罐时显示内容界面
通过：正式玩家内容文本完整显示重复合并与非零相位波形
通过：内容面板在实际窗口范围内且文本宽度未裁切
通过：满罐内容文本与背景忽略鼠标
通过：手持满材质与原柜中空材质保持独立
通过：保存实际正式主场景画面：02-正式配药器手持内容界面.png
正式主场景液体内容图形断言数：21；失败：0
