Godot Engine v4.6.1.stable.official.14d19694e - https://godotengine.org

通过：显示后端为无图形
通过：采用项目配置1920×1080视口
通过：第0个槽为独立静态物理体
通过：第0个碰撞形状归属各自槽体
通过：第0个槽当前层与掩码均为默认1
通过：第0个槽原场景聚焦掩码实际命中槽体
通过：第0个槽原场景排除板根后仍实际命中槽体
通过：第0个槽当前默认层也被普通掩码3实际命中
通过：第1个槽为独立静态物理体
通过：第1个碰撞形状归属各自槽体
通过：第1个槽当前层与掩码均为默认1
通过：第1个槽原场景聚焦掩码实际命中槽体
通过：第1个槽原场景排除板根后仍实际命中槽体
通过：第1个槽当前默认层也被普通掩码3实际命中
通过：第2个槽为独立静态物理体
通过：第2个碰撞形状归属各自槽体
通过：第2个槽当前层与掩码均为默认1
通过：第2个槽原场景聚焦掩码实际命中槽体
通过：第2个槽原场景排除板根后仍实际命中槽体
通过：第2个槽当前默认层也被普通掩码3实际命中
通过：第0个空槽排除板根后聚焦掩码35仍命中槽体
通过：第0个空槽默认层被普通掩码3实际命中
通过：第1个空槽排除板根后聚焦掩码35仍命中槽体
通过：第1个空槽默认层被普通掩码3实际命中
通过：第2个空槽排除板根后聚焦掩码35仍命中槽体
通过：第2个空槽默认层被普通掩码3实际命中
通过：第0个层32空槽仍被聚焦掩码35命中
通过：第0个层32空槽不被普通掩码3命中
通过：第0个层32空槽排除板根后普通掩码3无命中
通过：第1个层32空槽仍被聚焦掩码35命中
通过：第1个层32空槽不被普通掩码3命中
通过：第1个层32空槽排除板根后普通掩码3无命中
通过：第2个层32空槽仍被聚焦掩码35命中
通过：第2个层32空槽不被普通掩码3命中
通过：第2个层32空槽排除板根后普通掩码3无命中
调整后探针结果已保存；失败项数量：0
