Godot Engine v4.6.1.stable.official.14d19694e - https://godotengine.org

通过：仅无图形执行，不启动窗口或操作指针
通过：任务事件只建立待打印
通过：忙碌事件不覆盖本次任务
通过：开始后重复正式入口拒绝
通过：任务事件只建立待打印
通过：忙碌事件不覆盖本次任务
通过：开始后重复正式入口拒绝
通过：任务事件只建立待打印
通过：忙碌事件不覆盖本次任务
通过：开始后重复正式入口拒绝
通过：任务事件只建立待打印
通过：忙碌事件不覆盖本次任务
通过：开始后重复正式入口拒绝
通过：任务事件只建立待打印
通过：忙碌事件不覆盖本次任务
通过：开始后重复正式入口拒绝
通过：任务事件只建立待打印
通过：忙碌事件不覆盖本次任务
通过：开始后重复正式入口拒绝
通过：任务事件只建立待打印
通过：忙碌事件不覆盖本次任务
通过：开始后重复正式入口拒绝
通过：任务事件只建立待打印
通过：忙碌事件不覆盖本次任务
通过：开始后重复正式入口拒绝
通过：任务事件只建立待打印
通过：忙碌事件不覆盖本次任务
通过：开始后重复正式入口拒绝
通过：任务事件只建立待打印
通过：忙碌事件不覆盖本次任务
通过：开始后重复正式入口拒绝
通过：任务事件只建立待打印
通过：忙碌事件不覆盖本次任务
通过：开始后重复正式入口拒绝
通过：任务事件只建立待打印
通过：忙碌事件不覆盖本次任务
通过：开始后重复正式入口拒绝
通过：任务事件只建立待打印
通过：忙碌事件不覆盖本次任务
通过：开始后重复正式入口拒绝
通过：任务事件只建立待打印
通过：忙碌事件不覆盖本次任务
通过：开始后重复正式入口拒绝
通过：待打印任务受理
通过：受理不创建文件
通过：任务事件只建立待打印
通过：忙碌事件不覆盖本次任务
通过：开始后重复正式入口拒绝
