Godot Engine v4.6.1.stable.official.14d19694e - https://godotengine.org

通过：机器空间音效专项使用无图形后端
通过：机器场景实际音源均为三维：./StaticBody3D/CallController/Timing/RingPlayer（节点路径）
通过：机器场景实际音源均为三维：./StaticBody3D/HandsetAudio/Timing/HandsetSoundOrigin/ActionPlayer（节点路径）
通过：机器场景实际音源均为三维：./StaticBody3D/HandsetAudio/Timing/HandsetSoundOrigin/ReceiverPlayer（节点路径）
通过：机器场景实际音源均为三维：./StaticBody3D/HandsetAudio/Timing/HandsetSoundOrigin/VoicePlayer（节点路径）
通过：机器场景实际空间输出数量完整：4
通过：机器场景实际音源均为三维：./TimingRoot/NoticePlayer（节点路径）
通过：机器场景实际音源均为三维：./TimingRoot/ScanningPlayer（节点路径）
通过：机器场景实际空间输出数量完整：2
通过：正式根组件分发进入电话聚焦
通过：空间参数确有编辑器入口：volume_db（原生音源属性）
通过：空间参数确有编辑器入口：pitch_scale（原生音源属性）
通过：空间参数确有编辑器入口：bus（原生音源属性）
通过：空间参数确有编辑器入口：unit_size（原生音源属性）
通过：空间参数确有编辑器入口：max_distance（原生音源属性）
通过：空间参数确有编辑器入口：max_db（原生音源属性）
通过：空间参数确有编辑器入口：panning_strength（原生音源属性）
通过：空间参数确有编辑器入口：attenuation_model（原生音源属性）
通过：空间参数确有编辑器入口：attenuation_filter_cutoff_hz（原生音源属性）
通过：空间参数确有编辑器入口：attenuation_filter_db（原生音源属性）
通过：空间参数确有编辑器入口：emission_angle_enabled（原生音源属性）
通过：空间参数确有编辑器入口：emission_angle_degrees（原生音源属性）
通过：空间参数确有编辑器入口：emission_angle_filter_attenuation_db（原生音源属性）
通过：空间参数确有编辑器入口：area_mask（原生音源属性）
通过：空间参数确有编辑器入口：transform（原生音源属性）
通过：空间参数确有编辑器入口：volume_db（原生音源属性）
通过：空间参数确有编辑器入口：pitch_scale（原生音源属性）
通过：空间参数确有编辑器入口：bus（原生音源属性）
通过：空间参数确有编辑器入口：unit_size（原生音源属性）
通过：空间参数确有编辑器入口：max_distance（原生音源属性）
通过：空间参数确有编辑器入口：max_db（原生音源属性）
通过：空间参数确有编辑器入口：panning_strength（原生音源属性）
通过：空间参数确有编辑器入口：attenuation_model（原生音源属性）
通过：空间参数确有编辑器入口：attenuation_filter_cutoff_hz（原生音源属性）
通过：空间参数确有编辑器入口：attenuation_filter_db（原生音源属性）
通过：空间参数确有编辑器入口：emission_angle_enabled（原生音源属性）
通过：空间参数确有编辑器入口：emission_angle_degrees（原生音源属性）
通过：空间参数确有编辑器入口：emission_angle_filter_attenuation_db（原生音源属性）
通过：空间参数确有编辑器入口：area_mask（原生音源属性）
通过：空间参数确有编辑器入口：transform（原生音源属性）
通过：空间参数确有编辑器入口：volume_db（原生音源属性）
通过：空间参数确有编辑器入口：pitch_scale（原生音源属性）
通过：空间参数确有编辑器入口：bus（原生音源属性）
通过：空间参数确有编辑器入口：unit_size（原生音源属性）
通过：空间参数确有编辑器入口：max_distance（原生音源属性）
通过：空间参数确有编辑器入口：max_db（原生音源属性）
通过：空间参数确有编辑器入口：panning_strength（原生音源属性）
通过：空间参数确有编辑器入口：attenuation_model（原生音源属性）
通过：空间参数确有编辑器入口：attenuation_filter_cutoff_hz（原生音源属性）
通过：空间参数确有编辑器入口：attenuation_filter_db（原生音源属性）
通过：空间参数确有编辑器入口：emission_angle_enabled（原生音源属性）
通过：空间参数确有编辑器入口：emission_angle_degrees（原生音源属性）
通过：空间参数确有编辑器入口：emission_angle_filter_attenuation_db（原生音源属性）
通过：空间参数确有编辑器入口：area_mask（原生音源属性）
通过：空间参数确有编辑器入口：transform（原生音源属性）
通过：空间参数确有编辑器入口：volume_db（原生音源属性）
通过：空间参数确有编辑器入口：pitch_scale（原生音源属性）
通过：空间参数确有编辑器入口：bus（原生音源属性）
通过：空间参数确有编辑器入口：unit_size（原生音源属性）
通过：空间参数确有编辑器入口：max_distance（原生音源属性）
通过：空间参数确有编辑器入口：max_db（原生音源属性）
通过：空间参数确有编辑器入口：panning_strength（原生音源属性）
通过：空间参数确有编辑器入口：attenuation_model（原生音源属性）
通过：空间参数确有编辑器入口：attenuation_filter_cutoff_hz（原生音源属性）
通过：空间参数确有编辑器入口：attenuation_filter_db（原生音源属性）
通过：空间参数确有编辑器入口：emission_angle_enabled（原生音源属性）
通过：空间参数确有编辑器入口：emission_angle_degrees（原生音源属性）
通过：空间参数确有编辑器入口：emission_angle_filter_attenuation_db（原生音源属性）
通过：空间参数确有编辑器入口：area_mask（原生音源属性）
通过：空间参数确有编辑器入口：transform（原生音源属性）
通过：挂机初态声源定位父节点匹配当前真实听筒来源
通过：挂机初态空间音源在当前来源上保留自己的编辑器偏移：ActionPlayer（音源节点）
通过：挂机初态空间音源在当前来源上保留自己的编辑器偏移：ReceiverPlayer（音源节点）
通过：挂机初态空间音源在当前来源上保留自己的编辑器偏移：VoicePlayer（音源节点）
通过：正式听筒组件分发取下请求
通过：取筒提交完成后两侧占用一致
通过：取下与默认循环保留音源全部可编辑参数及局部偏移：RingPlayer（音源节点）
通过：取下与默认循环保留音源全部可编辑参数及局部偏移：ActionPlayer（音源节点）
通过：取下与默认循环保留音源全部可编辑参数及局部偏移：ReceiverPlayer（音源节点）
通过：取下与默认循环保留音源全部可编辑参数及局部偏移：VoicePlayer（音源节点）
通过：取下完成声源定位父节点匹配当前真实听筒来源
通过：取下完成空间音源在当前来源上保留自己的编辑器偏移：ActionPlayer（音源节点）
通过：取下完成空间音源在当前来源上保留自己的编辑器偏移：ReceiverPlayer（音源节点）
通过：取下完成空间音源在当前来源上保留自己的编辑器偏移：VoicePlayer（音源节点）
通过：默认接收声音保留独立完整正向循环
通过：探针观察指定数量的实际混音完成边界
通过：探针观察指定数量的实际混音完成边界
通过：探针观察指定数量的实际混音完成边界
通过：默认接收声音实际淡出提交后冻结同一播放对象和精确位置
通过：默认接收声音暂停保留音源全部可编辑参数及局部偏移：RingPlayer（音源节点）
通过：默认接收声音暂停保留音源全部可编辑参数及局部偏移：ActionPlayer（音源节点）
通过：默认接收声音暂停保留音源全部可编辑参数及局部偏移：ReceiverPlayer（音源节点）
通过：默认接收声音暂停保留音源全部可编辑参数及局部偏移：VoicePlayer（音源节点）
通过：探针观察指定数量的实际混音完成边界
通过：默认接收声音恢复续接原空间播放对象
通过：默认接收声音恢复保留音源全部可编辑参数及局部偏移：RingPlayer（音源节点）
通过：默认接收声音恢复保留音源全部可编辑参数及局部偏移：ActionPlayer（音源节点）
通过：默认接收声音恢复保留音源全部可编辑参数及局部偏移：ReceiverPlayer（音源节点）
通过：默认接收声音恢复保留音源全部可编辑参数及局部偏移：VoicePlayer（音源节点）
通过：电话聚焦可以正常退出
通过：普通持筒时玩家实际移动带动空间声音来源
通过：持筒移动声源定位父节点匹配当前真实听筒来源
通过：持筒移动空间音源在当前来源上保留自己的编辑器偏移：ActionPlayer（音源节点）
通过：持筒移动空间音源在当前来源上保留自己的编辑器偏移：ReceiverPlayer（音源节点）
通过：持筒移动空间音源在当前来源上保留自己的编辑器偏移：VoicePlayer（音源节点）
通过：持筒移动保留音源全部可编辑参数及局部偏移：RingPlayer（音源节点）
通过：持筒移动保留音源全部可编辑参数及局部偏移：ActionPlayer（音源节点）
通过：持筒移动保留音源全部可编辑参数及局部偏移：ReceiverPlayer（音源节点）
通过：持筒移动保留音源全部可编辑参数及局部偏移：VoicePlayer（音源节点）
通过：对方挂机单次声音保留音源全部可编辑参数及局部偏移：RingPlayer（音源节点）
通过：对方挂机单次声音保留音源全部可编辑参数及局部偏移：ActionPlayer（音源节点）
通过：对方挂机单次声音保留音源全部可编辑参数及局部偏移：ReceiverPlayer（音源节点）
通过：对方挂机单次声音保留音源全部可编辑参数及局部偏移：VoicePlayer（音源节点）
通过：对方挂机声音仍为单次自然完成
通过：自然结束后的忙音保留音源全部可编辑参数及局部偏移：RingPlayer（音源节点）
通过：自然结束后的忙音保留音源全部可编辑参数及局部偏移：ActionPlayer（音源节点）
通过：自然结束后的忙音保留音源全部可编辑参数及局部偏移：ReceiverPlayer（音源节点）
通过：自然结束后的忙音保留音源全部可编辑参数及局部偏移：VoicePlayer（音源节点）
通过：忙音仍为独立完整正向循环
通过：探针观察指定数量的实际混音完成边界
通过：探针观察指定数量的实际混音完成边界
通过：探针观察指定数量的实际混音完成边界
通过：忙音实际淡出提交后冻结同一播放对象和精确位置
通过：忙音暂停保留音源全部可编辑参数及局部偏移：RingPlayer（音源节点）
通过：忙音暂停保留音源全部可编辑参数及局部偏移：ActionPlayer（音源节点）
通过：忙音暂停保留音源全部可编辑参数及局部偏移：ReceiverPlayer（音源节点）
通过：忙音暂停保留音源全部可编辑参数及局部偏移：VoicePlayer（音源节点）
通过：探针观察指定数量的实际混音完成边界
通过：忙音恢复续接原空间播放对象
通过：忙音恢复保留音源全部可编辑参数及局部偏移：RingPlayer（音源节点）
通过：忙音恢复保留音源全部可编辑参数及局部偏移：ActionPlayer（音源节点）
通过：忙音恢复保留音源全部可编辑参数及局部偏移：ReceiverPlayer（音源节点）
通过：忙音恢复保留音源全部可编辑参数及局部偏移：VoicePlayer（音源节点）
通过：正式根组件分发进入电话聚焦
通过：正式听筒组件分发归还请求
通过：归还提交完成后两侧占用清除
通过：归还完成声源定位父节点匹配当前真实听筒来源
通过：归还完成空间音源在当前来源上保留自己的编辑器偏移：ActionPlayer（音源节点）
通过：归还完成空间音源在当前来源上保留自己的编辑器偏移：ReceiverPlayer（音源节点）
通过：归还完成空间音源在当前来源上保留自己的编辑器偏移：VoicePlayer（音源节点）
通过：归还声音保留音源全部可编辑参数及局部偏移：RingPlayer（音源节点）
通过：归还声音保留音源全部可编辑参数及局部偏移：ActionPlayer（音源节点）
通过：归还声音保留音源全部可编辑参数及局部偏移：ReceiverPlayer（音源节点）
通过：归还声音保留音源全部可编辑参数及局部偏移：VoicePlayer（音源节点）
通过：归还停止接收循环并在挂机来源播放单次声音
通过：正式根组件分发进入电话聚焦
通过：空间参数确有编辑器入口：volume_db（原生音源属性）
通过：空间参数确有编辑器入口：pitch_scale（原生音源属性）
通过：空间参数确有编辑器入口：bus（原生音源属性）
通过：空间参数确有编辑器入口：unit_size（原生音源属性）
通过：空间参数确有编辑器入口：max_distance（原生音源属性）
通过：空间参数确有编辑器入口：max_db（原生音源属性）
通过：空间参数确有编辑器入口：panning_strength（原生音源属性）
通过：空间参数确有编辑器入口：attenuation_model（原生音源属性）
通过：空间参数确有编辑器入口：attenuation_filter_cutoff_hz（原生音源属性）
通过：空间参数确有编辑器入口：attenuation_filter_db（原生音源属性）
通过：空间参数确有编辑器入口：emission_angle_enabled（原生音源属性）
通过：空间参数确有编辑器入口：emission_angle_degrees（原生音源属性）
通过：空间参数确有编辑器入口：emission_angle_filter_attenuation_db（原生音源属性）
通过：空间参数确有编辑器入口：area_mask（原生音源属性）
通过：空间参数确有编辑器入口：transform（原生音源属性）
通过：空间参数确有编辑器入口：volume_db（原生音源属性）
通过：空间参数确有编辑器入口：pitch_scale（原生音源属性）
通过：空间参数确有编辑器入口：bus（原生音源属性）
通过：空间参数确有编辑器入口：unit_size（原生音源属性）
通过：空间参数确有编辑器入口：max_distance（原生音源属性）
通过：空间参数确有编辑器入口：max_db（原生音源属性）
通过：空间参数确有编辑器入口：panning_strength（原生音源属性）
通过：空间参数确有编辑器入口：attenuation_model（原生音源属性）
通过：空间参数确有编辑器入口：attenuation_filter_cutoff_hz（原生音源属性）
通过：空间参数确有编辑器入口：attenuation_filter_db（原生音源属性）
通过：空间参数确有编辑器入口：emission_angle_enabled（原生音源属性）
通过：空间参数确有编辑器入口：emission_angle_degrees（原生音源属性）
通过：空间参数确有编辑器入口：emission_angle_filter_attenuation_db（原生音源属性）
通过：空间参数确有编辑器入口：area_mask（原生音源属性）
通过：空间参数确有编辑器入口：transform（原生音源属性）
通过：空间参数确有编辑器入口：volume_db（原生音源属性）
通过：空间参数确有编辑器入口：pitch_scale（原生音源属性）
通过：空间参数确有编辑器入口：bus（原生音源属性）
通过：空间参数确有编辑器入口：unit_size（原生音源属性）
通过：空间参数确有编辑器入口：max_distance（原生音源属性）
通过：空间参数确有编辑器入口：max_db（原生音源属性）
通过：空间参数确有编辑器入口：panning_strength（原生音源属性）
通过：空间参数确有编辑器入口：attenuation_model（原生音源属性）
通过：空间参数确有编辑器入口：attenuation_filter_cutoff_hz（原生音源属性）
通过：空间参数确有编辑器入口：attenuation_filter_db（原生音源属性）
通过：空间参数确有编辑器入口：emission_angle_enabled（原生音源属性）
通过：空间参数确有编辑器入口：emission_angle_degrees（原生音源属性）
通过：空间参数确有编辑器入口：emission_angle_filter_attenuation_db（原生音源属性）
通过：空间参数确有编辑器入口：area_mask（原生音源属性）
通过：空间参数确有编辑器入口：transform（原生音源属性）
通过：空间参数确有编辑器入口：volume_db（原生音源属性）
通过：空间参数确有编辑器入口：pitch_scale（原生音源属性）
通过：空间参数确有编辑器入口：bus（原生音源属性）
通过：空间参数确有编辑器入口：unit_size（原生音源属性）
通过：空间参数确有编辑器入口：max_distance（原生音源属性）
通过：空间参数确有编辑器入口：max_db（原生音源属性）
通过：空间参数确有编辑器入口：panning_strength（原生音源属性）
通过：空间参数确有编辑器入口：attenuation_model（原生音源属性）
通过：空间参数确有编辑器入口：attenuation_filter_cutoff_hz（原生音源属性）
通过：空间参数确有编辑器入口：attenuation_filter_db（原生音源属性）
通过：空间参数确有编辑器入口：emission_angle_enabled（原生音源属性）
通过：空间参数确有编辑器入口：emission_angle_degrees（原生音源属性）
通过：空间参数确有编辑器入口：emission_angle_filter_attenuation_db（原生音源属性）
通过：空间参数确有编辑器入口：area_mask（原生音源属性）
通过：空间参数确有编辑器入口：transform（原生音源属性）
通过：正式来电受理空间语音任务
通过：来电铃声保留音源全部可编辑参数及局部偏移：RingPlayer（音源节点）
通过：来电铃声保留音源全部可编辑参数及局部偏移：ActionPlayer（音源节点）
通过：来电铃声保留音源全部可编辑参数及局部偏移：ReceiverPlayer（音源节点）
通过：来电铃声保留音源全部可编辑参数及局部偏移：VoicePlayer（音源节点）
通过：探针观察指定数量的实际混音完成边界
通过：探针观察指定数量的实际混音完成边界
通过：探针观察指定数量的实际混音完成边界
通过：机座铃声实际淡出提交后冻结同一播放对象和精确位置
通过：机座铃声暂停保留音源全部可编辑参数及局部偏移：RingPlayer（音源节点）
通过：机座铃声暂停保留音源全部可编辑参数及局部偏移：ActionPlayer（音源节点）
通过：机座铃声暂停保留音源全部可编辑参数及局部偏移：ReceiverPlayer（音源节点）
通过：机座铃声暂停保留音源全部可编辑参数及局部偏移：VoicePlayer（音源节点）
通过：探针观察指定数量的实际混音完成边界
通过：机座铃声恢复续接原空间播放对象
通过：机座铃声恢复保留音源全部可编辑参数及局部偏移：RingPlayer（音源节点）
通过：机座铃声恢复保留音源全部可编辑参数及局部偏移：ActionPlayer（音源节点）
通过：机座铃声恢复保留音源全部可编辑参数及局部偏移：ReceiverPlayer（音源节点）
通过：机座铃声恢复保留音源全部可编辑参数及局部偏移：VoicePlayer（音源节点）
通过：正式听筒组件分发取下请求
通过：取筒提交完成后两侧占用一致
通过：电话语音实际路由本电话三维输出且默认共享输出未播放
通过：电话语音开始保留音源全部可编辑参数及局部偏移：RingPlayer（音源节点）
通过：电话语音开始保留音源全部可编辑参数及局部偏移：ActionPlayer（音源节点）
通过：电话语音开始保留音源全部可编辑参数及局部偏移：ReceiverPlayer（音源节点）
通过：电话语音开始保留音源全部可编辑参数及局部偏移：VoicePlayer（音源节点）
通过：电话语音来源声源定位父节点匹配当前真实听筒来源
通过：电话语音来源空间音源在当前来源上保留自己的编辑器偏移：ActionPlayer（音源节点）
通过：电话语音来源空间音源在当前来源上保留自己的编辑器偏移：ReceiverPlayer（音源节点）
通过：电话语音来源空间音源在当前来源上保留自己的编辑器偏移：VoicePlayer（音源节点）
通过：探针观察指定数量的实际混音完成边界
通过：探针观察指定数量的实际混音完成边界
通过：探针观察指定数量的实际混音完成边界
通过：电话语音实际淡出提交后冻结同一播放对象和精确位置
通过：电话语音暂停保留音源全部可编辑参数及局部偏移：RingPlayer（音源节点）
通过：电话语音暂停保留音源全部可编辑参数及局部偏移：ActionPlayer（音源节点）
通过：电话语音暂停保留音源全部可编辑参数及局部偏移：ReceiverPlayer（音源节点）
通过：电话语音暂停保留音源全部可编辑参数及局部偏移：VoicePlayer（音源节点）
通过：探针观察指定数量的实际混音完成边界
通过：电话语音恢复续接原空间播放对象
通过：电话语音恢复保留音源全部可编辑参数及局部偏移：RingPlayer（音源节点）
通过：电话语音恢复保留音源全部可编辑参数及局部偏移：ActionPlayer（音源节点）
通过：电话语音恢复保留音源全部可编辑参数及局部偏移：ReceiverPlayer（音源节点）
通过：电话语音恢复保留音源全部可编辑参数及局部偏移：VoicePlayer（音源节点）
通过：电话聚焦可以正常退出
通过：通话中普通持筒移动带动语音空间来源
通过：通话持筒移动声源定位父节点匹配当前真实听筒来源
通过：通话持筒移动空间音源在当前来源上保留自己的编辑器偏移：ActionPlayer（音源节点）
通过：通话持筒移动空间音源在当前来源上保留自己的编辑器偏移：ReceiverPlayer（音源节点）
通过：通话持筒移动空间音源在当前来源上保留自己的编辑器偏移：VoicePlayer（音源节点）
通过：通话移动保留音源全部可编辑参数及局部偏移：RingPlayer（音源节点）
通过：通话移动保留音源全部可编辑参数及局部偏移：ActionPlayer（音源节点）
通过：通话移动保留音源全部可编辑参数及局部偏移：ReceiverPlayer（音源节点）
通过：通话移动保留音源全部可编辑参数及局部偏移：VoicePlayer（音源节点）
电话来电异常终止：{"原因":"空间输出专项取消","原持有会话":1,"对话编号":"telephone_single_test","当前句索引":0,"播放令牌":1,"来源":"/root/01-autolysis-test/interaction_prefabs/machines/MachineTelephone0/StaticBody3D","来源实例身份":145542352465,"来电序号":1}
通过：取消停止并清理原空间输出，会话释放后恢复共享默认输出
通过：取消清理保留音源全部可编辑参数及局部偏移：RingPlayer（音源节点）
通过：取消清理保留音源全部可编辑参数及局部偏移：ActionPlayer（音源节点）
通过：取消清理保留音源全部可编辑参数及局部偏移：ReceiverPlayer（音源节点）
通过：取消清理保留音源全部可编辑参数及局部偏移：VoicePlayer（音源节点）
通过：正式根组件分发进入电话聚焦
通过：正式听筒组件分发归还请求
通过：归还提交完成后两侧占用清除
通过：普通共享对白仍使用原默认输出
通过：普通对白实际播放默认音源
通过：另一电话的空间输出不能冒充当前来源
通过：空间参数确有编辑器入口：volume_db（原生音源属性）
通过：空间参数确有编辑器入口：pitch_scale（原生音源属性）
通过：空间参数确有编辑器入口：bus（原生音源属性）
通过：空间参数确有编辑器入口：unit_size（原生音源属性）
通过：空间参数确有编辑器入口：max_distance（原生音源属性）
通过：空间参数确有编辑器入口：max_db（原生音源属性）
通过：空间参数确有编辑器入口：panning_strength（原生音源属性）
通过：空间参数确有编辑器入口：attenuation_model（原生音源属性）
通过：空间参数确有编辑器入口：attenuation_filter_cutoff_hz（原生音源属性）
通过：空间参数确有编辑器入口：attenuation_filter_db（原生音源属性）
通过：空间参数确有编辑器入口：emission_angle_enabled（原生音源属性）
通过：空间参数确有编辑器入口：emission_angle_degrees（原生音源属性）
通过：空间参数确有编辑器入口：emission_angle_filter_attenuation_db（原生音源属性）
通过：空间参数确有编辑器入口：area_mask（原生音源属性）
通过：空间参数确有编辑器入口：transform（原生音源属性）
通过：空间参数确有编辑器入口：volume_db（原生音源属性）
通过：空间参数确有编辑器入口：pitch_scale（原生音源属性）
通过：空间参数确有编辑器入口：bus（原生音源属性）
通过：空间参数确有编辑器入口：unit_size（原生音源属性）
通过：空间参数确有编辑器入口：max_distance（原生音源属性）
通过：空间参数确有编辑器入口：max_db（原生音源属性）
通过：空间参数确有编辑器入口：panning_strength（原生音源属性）
通过：空间参数确有编辑器入口：attenuation_model（原生音源属性）
通过：空间参数确有编辑器入口：attenuation_filter_cutoff_hz（原生音源属性）
通过：空间参数确有编辑器入口：attenuation_filter_db（原生音源属性）
通过：空间参数确有编辑器入口：emission_angle_enabled（原生音源属性）
通过：空间参数确有编辑器入口：emission_angle_degrees（原生音源属性）
通过：空间参数确有编辑器入口：emission_angle_filter_attenuation_db（原生音源属性）
通过：空间参数确有编辑器入口：area_mask（原生音源属性）
通过：空间参数确有编辑器入口：transform（原生音源属性）
通过：通知中心通过正式事件受理待打印任务
通过：待打印提示实际请求三维播放
通过：通知中心待打印保留三维音源可编辑参数
通过：通知中心待打印保留三维音源可编辑参数
通过：通过正式根入口进入通知中心聚焦
通过：通过正式打印按钮开始通知中心任务
通过：通知中心按正式自然完成链切换三维完成提示
通过：通知中心完成提示保留全部音源可编辑参数及局部偏移
通过：通知中心完成提示保留全部音源可编辑参数及局部偏移
通过：探针观察指定数量的实际混音完成边界
通过：探针观察指定数量的实际混音完成边界
通过：探针观察指定数量的实际混音完成边界
通过：通知中心空间完成提示在实际混音提交后精确暂停同一播放对象
通过：探针观察指定数量的实际混音完成边界
通过：通知中心空间完成提示恢复续接
通过：通知中心暂停恢复不覆盖编辑器空间参数
通过：通知中心暂停恢复不覆盖编辑器空间参数
通过：通知中心清理停止声音并保留编辑器空间参数
通过：通知中心清理停止声音并保留编辑器空间参数
通过：探针观察指定数量的实际混音完成边界
机器空间音效断言数：321；失败数：0
