Godot Engine v4.6.1.stable.official.14d19694e - https://godotengine.org

[   0% ] [90m[1mfirst_scan_filesystem[22m | Started 项目初始化 (5 steps)[39m[0m
[   0% ] [90m[1mfirst_scan_filesystem[22m | 正在扫描文件结构……[39m[0m
[  16% ] [90m[1mfirst_scan_filesystem[22m | 正在加载全局类名……[39m[0m
[  33% ] [90m[1mfirst_scan_filesystem[22m | 正在校验 GDExtension……[39m[0m
[  50% ] [90m[1mfirst_scan_filesystem[22m | 正在创建自动加载脚本……[39m[0m
[  66% ] [90m[1mfirst_scan_filesystem[22m | 正在初始化插件……[39m[0m
[  83% ] [90m[1mfirst_scan_filesystem[22m | 正在启动文件扫描……[39m[0m
[92m[ DONE ][39m [1mfirst_scan_filesystem[22m
[0m
[   0% ] [90m[1mupdate_scripts_classes[22m | Started 正在注册全局类…… (24 steps)[39m[0m
[   0% ] [90m[1mupdate_scripts_classes[22m | AutolysisFocusTarget[39m[0m
[   4% ] [90m[1mupdate_scripts_classes[22m | AutolysisFocusController[39m[0m
[   8% ] [90m[1mupdate_scripts_classes[22m | AutolysisFocusRayQuery[39m[0m
[  12% ] [90m[1mupdate_scripts_classes[22m | AutolysisHeldItemPresenter[39m[0m
[  16% ] [90m[1mupdate_scripts_classes[22m | AutolysisInteractionController[39m[0m
[  20% ] [90m[1mupdate_scripts_classes[22m | AutolysisInventoryController[39m[0m
[  24% ] [90m[1mupdate_scripts_classes[22m | AutolysisPackingCapsulePlace[39m[0m
[  28% ] [90m[1mupdate_scripts_classes[22m | AutolysisPackingDoor[39m[0m
[  32% ] [90m[1mupdate_scripts_classes[22m | AutolysisPackingMachine[39m[0m
[  36% ] [90m[1mupdate_scripts_classes[22m | AutolysisPackingMotion[39m[0m
[  40% ] [90m[1mupdate_scripts_classes[22m | AutolysisPackingStartButton[39m[0m
[  44% ] [90m[1mupdate_scripts_classes[22m | AutolysisPackingTankPlace[39m[0m
[  48% ] [90m[1mupdate_scripts_classes[22m | AutolysisPackingTypeSwitch[39m[0m
[  52% ] [90m[1mupdate_scripts_classes[22m | [39m[0m
[  56% ] [90m[1mupdate_scripts_classes[22m | [39m[0m
[  60% ] [90m[1mupdate_scripts_classes[22m | [39m[0m
[  64% ] [90m[1mupdate_scripts_classes[22m | [39m[0m
[  68% ] [90m[1mupdate_scripts_classes[22m | AutolysisItemInstance[39m[0m
[  72% ] [90m[1mupdate_scripts_classes[22m | AutolysisLiquidTank[39m[0m
[  76% ] [90m[1mupdate_scripts_classes[22m | AutolysisPackingContents[39m[0m
[  80% ] [90m[1mupdate_scripts_classes[22m | AutolysisPneumaticCapsule[39m[0m
[  84% ] [90m[1mupdate_scripts_classes[22m | AutolysisPneumaticCapsuleShelf[39m[0m
[  88% ] [90m[1mupdate_scripts_classes[22m | AutolysisPneumaticCapsuleVisual[39m[0m
[  92% ] [90m[1mupdate_scripts_classes[22m | AutolysisLiquidContentsPanel[39m[0m
[92m[ DONE ][39m [1mupdate_scripts_classes[22m
[0m
[   0% ] [90m[1mreimport[22m | Started 正在导入或重新导入资产 (1 steps)[39m[0m
[   0% ] [90m[1mreimport[22m | 正在准备重新导入文件……[39m[0m
[   0% ] [90m[1mreimport[22m | 正在执行重新导入的前置操作……[39m[0m
[   0% ] [90m[1mreimport[22m | pneumatic_capsule.png[39m[0m
[  50% ] [90m[1mreimport[22m | 正在结束资产导入……[39m[0m
[92m[ DONE ][39m [1mreimport[22m
[0m
[   0% ] [90m[1mreimport[22m | Started 正在导入或重新导入资产 (1 steps)[39m[0m
[   0% ] [90m[1mreimport[22m | 正在执行重新导入的后置操作……[39m[0m
[92m[ DONE ][39m [1mreimport[22m
[0m
[   0% ] [90m[1mloading_editor_layout[22m | Started 正在加载编辑器 (5 steps)[39m[0m
[   0% ] [90m[1mloading_editor_layout[22m | 正在加载编辑器布局……[39m[0m
[  16% ] [90m[1mloading_editor_layout[22m | 正在加载停靠面板……[39m[0m
[  33% ] [90m[1mloading_editor_layout[22m | 正在重新打开场景……[39m[0m
[  50% ] [90m[1mloading_editor_layout[22m | 正在加载中央编辑器布局……[39m[0m
[  66% ] [90m[1mloading_editor_layout[22m | 正在加载插件窗口布局……[39m[0m
[  83% ] [90m[1mloading_editor_layout[22m | 编辑器布局就绪。[39m[0m
[92m[ DONE ][39m [1mloading_editor_layout[22m
[0m
