Godot Engine v4.6.1.stable.official.14d19694e - https://godotengine.org

失败：正式设备进入稳定聚焦
失败：正式设备进入稳定聚焦
失败：正式设备进入稳定聚焦
通过：准备完整内容满罐实例
通过：选中空格接收液体罐实例
通过：准备完整内容满罐实例
失败：选中空格接收液体罐实例
失败：正式设备进入稳定聚焦
通过：准备完整内容满罐实例
通过：选中空格接收液体罐实例
失败：正式设备进入稳定聚焦
通过：准备旧请求来源罐
通过：真实右键归还普通控制
失败：准备废弃胶囊
通过：关闭罐盖拒绝胶囊废弃
失败：开启正式废液罐盖
通过：运动罐盖拒绝胶囊废弃
失败：空或封装胶囊均整件销毁且不留下空壳
失败：关闭正式废液罐盖
失败：准备废弃胶囊
通过：关闭罐盖拒绝胶囊废弃
失败：开启正式废液罐盖
通过：运动罐盖拒绝胶囊废弃
失败：空或封装胶囊均整件销毁且不留下空壳
失败：关闭正式废液罐盖
失败：正式设备进入稳定聚焦
通过：候选故障准备原满罐
失败：正式设备进入稳定聚焦
通过：准备完整内容满罐实例
通过：选中空格接收液体罐实例
失败：正式设备进入稳定聚焦
封装集成验收断言数：31；失败总数：17
