Godot Engine v4.6.1.stable.official.14d19694e - https://godotengine.org
Vulkan 1.4.351 - Forward+ - Using Device #0: NVIDIA - NVIDIA GeForce RTX 3060 Ti

通过：两台真实封装器配置有效
通过：两槽初始为空且没有类型选择
通过：正式设备进入稳定聚焦
通过：九种输入组合仅满罐加空胶囊允许选择：0、0
通过：九种组合启动许可与实际合法输入一致
通过：两台真实封装器配置有效
通过：两槽初始为空且没有类型选择
通过：正式设备进入稳定聚焦
通过：胶囊取放前舱门完全打开
通过：选中空格接收胶囊实例
通过：真实胶囊位点击保持原实例且移除库存来源
通过：九种输入组合仅满罐加空胶囊允许选择：0、1
通过：九种组合启动许可与实际合法输入一致
通过：两台真实封装器配置有效
通过：两槽初始为空且没有类型选择
通过：正式设备进入稳定聚焦
通过：胶囊取放前舱门完全打开
通过：准备封装胶囊实例
通过：选中空格接收胶囊实例
通过：真实胶囊位点击保持原实例且移除库存来源
通过：九种输入组合仅满罐加空胶囊允许选择：0、2
通过：九种组合启动许可与实际合法输入一致
通过：两台真实封装器配置有效
通过：两槽初始为空且没有类型选择
通过：正式设备进入稳定聚焦
通过：选中空格接收液体罐实例
通过：真实罐位点击保持原实例且移除库存来源
通过：九种输入组合仅满罐加空胶囊允许选择：1、0
通过：九种组合启动许可与实际合法输入一致
通过：两台真实封装器配置有效
通过：两槽初始为空且没有类型选择
通过：正式设备进入稳定聚焦
通过：选中空格接收液体罐实例
通过：真实罐位点击保持原实例且移除库存来源
通过：胶囊取放前舱门完全打开
通过：选中空格接收胶囊实例
通过：真实胶囊位点击保持原实例且移除库存来源
通过：九种输入组合仅满罐加空胶囊允许选择：1、1
通过：九种组合启动许可与实际合法输入一致
通过：两台真实封装器配置有效
通过：两槽初始为空且没有类型选择
通过：正式设备进入稳定聚焦
通过：选中空格接收液体罐实例
通过：真实罐位点击保持原实例且移除库存来源
通过：胶囊取放前舱门完全打开
通过：准备封装胶囊实例
通过：选中空格接收胶囊实例
通过：真实胶囊位点击保持原实例且移除库存来源
通过：九种输入组合仅满罐加空胶囊允许选择：1、2
通过：九种组合启动许可与实际合法输入一致
通过：两台真实封装器配置有效
通过：两槽初始为空且没有类型选择
通过：正式设备进入稳定聚焦
通过：准备完整内容满罐实例
通过：选中空格接收液体罐实例
通过：真实罐位点击保持原实例且移除库存来源
通过：九种输入组合仅满罐加空胶囊允许选择：2、0
通过：九种组合启动许可与实际合法输入一致
通过：两台真实封装器配置有效
通过：两槽初始为空且没有类型选择
通过：正式设备进入稳定聚焦
通过：准备完整内容满罐实例
通过：选中空格接收液体罐实例
通过：真实罐位点击保持原实例且移除库存来源
通过：胶囊取放前舱门完全打开
通过：选中空格接收胶囊实例
通过：真实胶囊位点击保持原实例且移除库存来源
通过：九种输入组合仅满罐加空胶囊允许选择：2、1
通过：九种组合启动许可与实际合法输入一致
通过：两台真实封装器配置有效
通过：两槽初始为空且没有类型选择
通过：正式设备进入稳定聚焦
通过：准备完整内容满罐实例
通过：选中空格接收液体罐实例
通过：真实罐位点击保持原实例且移除库存来源
通过：胶囊取放前舱门完全打开
通过：准备封装胶囊实例
通过：选中空格接收胶囊实例
通过：真实胶囊位点击保持原实例且移除库存来源
通过：九种输入组合仅满罐加空胶囊允许选择：2、2
通过：九种组合启动许可与实际合法输入一致
通过：两台真实封装器配置有效
通过：两槽初始为空且没有类型选择
通过：正式设备进入稳定聚焦
通过：跨设备聚焦不允许转移
通过：准备错误种类原药
通过：错误种类点击不改变来源和槽位
通过：选中空格接收液体罐实例
通过：真实罐位点击保持原实例且移除库存来源
通过：准备空胶囊以检查关闭门禁
通过：关闭舱门拒绝胶囊放入
通过：关闭舱门实际阻挡胶囊槽射线
通过：舱门运动中拒绝胶囊放入
通过：完全开门后放入原胶囊
通过：空罐加空胶囊不能选类型
通过：夹具对真实罐写入合法源内容
通过：开关开启途中已经唯一选中但不能启动
通过：开关动作途中拒绝新的类型点击
通过：开启途中成功取罐立即取消类型
通过：中途反播自然归位且旧回调不恢复选择
通过：开关复位不改变舱门
通过：改选时旧开关关闭、新开关开启
设备观测：{"位置":"取消类型后","启动拒绝":"missing_type","开关":[{"待完成":false,"播放中":false,"状态":0,"角度":"(-0.000005, 0.0, 0.0)","运动":false,"进度":0.0,"选中":false,"速度":0.0,"配置错误":""},{"待完成":false,"播放中":false,"状态":0,"角度":"(0.0, 0.0, 0.0)","运动":false,"进度":0.0,"选中":false,"速度":0.0,"配置错误":""},{"待完成":false,"播放中":false,"状态":0,"角度":"(-0.000005, 0.0, 0.0)","运动":false,"进度":0.0,"选中":false,"速度":0.0,"配置错误":""}],"故障":"","类型":-1,"转移锁":false,"输入合法":true}
通过：再次点击当前类型取消选择
通过：关闭后分别恢复第0盏灯的原材质
通过：关闭后分别恢复第1盏灯的原材质
通过：关闭后分别恢复第2盏灯的原材质
通过：未登记外部物体阻挡真实聚焦射线
通过：两台真实封装器配置有效
通过：两槽初始为空且没有类型选择
通过：正式设备进入稳定聚焦
通过：准备完整内容满罐实例
通过：选中空格接收液体罐实例
通过：真实罐位点击保持原实例且移除库存来源
通过：胶囊取放前舱门完全打开
通过：选中空格接收胶囊实例
通过：真实胶囊位点击保持原实例且移除库存来源
通过：合法输入尚未选类型不能启动
设备观测：{"位置":"本轮选择后0","启动拒绝":"","开关":[{"待完成":false,"播放中":false,"状态":2,"角度":"(-0.785402, 0.0, 0.0)","运动":false,"进度":0.159999996423721,"选中":true,"速度":0.0,"配置错误":""},{"待完成":false,"播放中":false,"状态":0,"角度":"(0.0, 0.0, 0.0)","运动":false,"进度":0.0,"选中":false,"速度":0.0,"配置错误":""},{"待完成":false,"播放中":false,"状态":0,"角度":"(0.0, 0.0, 0.0)","运动":false,"进度":0.0,"选中":false,"速度":0.0,"配置错误":""}],"故障":"","类型":0,"转移锁":false,"输入合法":true}
通过：类型开启保持末帧且完全开门可启动
通过：启动前取得真实罐位转移锁
通过：转移事务未结束禁止启动
通过：选择提交后只有一盏灯使用指定发光材质
通过：按钮接受后立即计时且完成前两件内容不变
通过：同帧重入不能启动第二批次
通过：提前完成回调不能越过真实两秒计时
通过：运行中门和类型业务锁定
通过：运行中两个库存转移入口锁定
通过：运行中根设备交互锁定
通过：暂停期间计时剩余量完全不变
通过：真实右键归还普通控制
通过：右键退出有效且运行中拒绝重新进入
通过：实际接受至完成的游戏时间为两秒至一个物理采样帧误差
通过：退出聚焦后自然完成得到空罐和封装胶囊
通过：所有实例变化观察者只看到成对完成状态
通过：产物完整保留原药顺序重复、相位、波形与本轮类型
通过：重复完成回调不改变产物
通过：正式设备进入稳定聚焦
通过：完成后先取空罐保留选中类型
通过：原罐再次装填不会改动产物
通过：完成待取时补满罐仍保留类型并拒绝再封装
通过：产物取回候选失败保持胶囊占用、完成身份与类型
通过：成功取回本轮胶囊才清除完成记录和类型
通过：关闭后分别恢复第0盏灯的原材质
通过：关闭后分别恢复第1盏灯的原材质
通过：关闭后分别恢复第2盏灯的原材质
通过：取回封装胶囊临时面板显示全部内容和封装类型
通过：取回手持胶囊使用指定绿色标识
通过：保存实际图形画面
通过：封装胶囊放回保持数据且不能二次封装
通过：再次取回封装胶囊数据独立
通过：切换至空格立即隐藏内容面板
通过：产物先取或后取两种顺序都可取回罐
通过：准备完整内容满罐实例
通过：选中空格接收液体罐实例
通过：真实罐位点击保持原实例且移除库存来源
通过：胶囊取放前舱门完全打开
通过：选中空格接收胶囊实例
通过：真实胶囊位点击保持原实例且移除库存来源
通过：合法输入尚未选类型不能启动
设备观测：{"位置":"本轮选择后1","启动拒绝":"","开关":[{"待完成":false,"播放中":false,"状态":0,"角度":"(-0.000005, 0.0, 0.0)","运动":false,"进度":0.0,"选中":false,"速度":0.0,"配置错误":""},{"待完成":false,"播放中":false,"状态":2,"角度":"(-0.785402, 0.0, 0.0)","运动":false,"进度":0.159999996423721,"选中":true,"速度":0.0,"配置错误":""},{"待完成":false,"播放中":false,"状态":0,"角度":"(0.0, 0.0, 0.0)","运动":false,"进度":0.0,"选中":false,"速度":0.0,"配置错误":""}],"故障":"","类型":1,"转移锁":false,"输入合法":true}
通过：类型开启保持末帧且完全开门可启动
通过：启动前取得真实罐位转移锁
通过：转移事务未结束禁止启动
通过：选择提交后只有一盏灯使用指定发光材质
通过：关闭舱门途中禁止启动
通过：完全关门仍可启动
通过：按钮接受后立即计时且完成前两件内容不变
通过：同帧重入不能启动第二批次
通过：提前完成回调不能越过真实两秒计时
通过：运行中门和类型业务锁定
通过：运行中两个库存转移入口锁定
通过：运行中根设备交互锁定
通过：暂停期间计时剩余量完全不变
通过：真实右键归还普通控制
通过：右键退出有效且运行中拒绝重新进入
通过：实际接受至完成的游戏时间为两秒至一个物理采样帧误差
通过：退出聚焦后自然完成得到空罐和封装胶囊
通过：所有实例变化观察者只看到成对完成状态
通过：产物完整保留原药顺序重复、相位、波形与本轮类型
通过：重复完成回调不改变产物
通过：正式设备进入稳定聚焦
通过：成功取回本轮胶囊才清除完成记录和类型
通过：关闭后分别恢复第0盏灯的原材质
通过：关闭后分别恢复第1盏灯的原材质
通过：关闭后分别恢复第2盏灯的原材质
通过：取回封装胶囊临时面板显示全部内容和封装类型
通过：取回手持胶囊使用指定绿色标识
通过：保存实际图形画面
通过：封装胶囊放回保持数据且不能二次封装
通过：再次取回封装胶囊数据独立
通过：切换至空格立即隐藏内容面板
通过：产物先取或后取两种顺序都可取回罐
通过：两台真实封装器配置有效
通过：两槽初始为空且没有类型选择
通过：正式设备进入稳定聚焦
通过：准备完整内容满罐实例
通过：选中空格接收液体罐实例
通过：真实罐位点击保持原实例且移除库存来源
通过：胶囊取放前舱门完全打开
通过：选中空格接收胶囊实例
通过：真实胶囊位点击保持原实例且移除库存来源
通过：合法输入尚未选类型不能启动
设备观测：{"位置":"本轮选择后2","启动拒绝":"","开关":[{"待完成":false,"播放中":false,"状态":0,"角度":"(0.0, 0.0, 0.0)","运动":false,"进度":0.0,"选中":false,"速度":0.0,"配置错误":""},{"待完成":false,"播放中":false,"状态":0,"角度":"(0.0, 0.0, 0.0)","运动":false,"进度":0.0,"选中":false,"速度":0.0,"配置错误":""},{"待完成":false,"播放中":false,"状态":2,"角度":"(-0.785402, 0.0, 0.0)","运动":false,"进度":0.159999996423721,"选中":true,"速度":0.0,"配置错误":""}],"故障":"","类型":2,"转移锁":false,"输入合法":true}
通过：类型开启保持末帧且完全开门可启动
通过：启动前取得真实罐位转移锁
通过：转移事务未结束禁止启动
通过：选择提交后只有一盏灯使用指定发光材质
通过：按钮接受后立即计时且完成前两件内容不变
通过：同帧重入不能启动第二批次
通过：提前完成回调不能越过真实两秒计时
通过：运行中门和类型业务锁定
通过：运行中两个库存转移入口锁定
通过：运行中根设备交互锁定
通过：暂停期间计时剩余量完全不变
通过：真实右键归还普通控制
通过：右键退出有效且运行中拒绝重新进入
通过：实际接受至完成的游戏时间为两秒至一个物理采样帧误差
通过：退出聚焦后自然完成得到空罐和封装胶囊
通过：所有实例变化观察者只看到成对完成状态
通过：产物完整保留原药顺序重复、相位、波形与本轮类型
通过：重复完成回调不改变产物
通过：正式设备进入稳定聚焦
通过：完成后先取空罐保留选中类型
通过：原罐再次装填不会改动产物
通过：完成待取时补满罐仍保留类型并拒绝再封装
通过：成功取回本轮胶囊才清除完成记录和类型
通过：关闭后分别恢复第0盏灯的原材质
通过：关闭后分别恢复第1盏灯的原材质
通过：关闭后分别恢复第2盏灯的原材质
通过：取回封装胶囊临时面板显示全部内容和封装类型
通过：取回手持胶囊使用指定绿色标识
通过：保存实际图形画面
通过：封装胶囊放回保持数据且不能二次封装
通过：再次取回封装胶囊数据独立
通过：切换至空格立即隐藏内容面板
通过：产物先取或后取两种顺序都可取回罐
通过：两台真实封装器配置有效
通过：两槽初始为空且没有类型选择
通过：正式设备进入稳定聚焦
通过：准备旧请求来源罐
通过：点击入队后真实库存切换选中格
通过：旧选中格快照请求拒绝且保留来源
通过：真实右键归还普通控制
通过：准备废弃胶囊
通过：关闭罐盖拒绝胶囊废弃
通过：开启正式废液罐盖
通过：运动罐盖拒绝胶囊废弃
通过：空或封装胶囊均整件销毁且不留下空壳
通过：关闭正式废液罐盖
通过：准备废弃胶囊
通过：关闭罐盖拒绝胶囊废弃
通过：开启正式废液罐盖
通过：运动罐盖拒绝胶囊废弃
通过：空或封装胶囊均整件销毁且不留下空壳
通过：关闭正式废液罐盖
通过：两台真实封装器配置有效
通过：两槽初始为空且没有类型选择
通过：正式设备进入稳定聚焦
通过：候选故障准备原满罐
通过：候选世界种类不匹配不丢失原满罐
通过：修复候选后可以放入同一满罐
通过：手持候选缺少内容网格不改变罐位和源内容
通过：候选修复后取回保持实例
通过：两台真实封装器配置有效
通过：两槽初始为空且没有类型选择
通过：正式设备进入稳定聚焦
通过：准备完整内容满罐实例
通过：选中空格接收液体罐实例
通过：真实罐位点击保持原实例且移除库存来源
通过：胶囊取放前舱门完全打开
通过：选中空格接收胶囊实例
通过：真实胶囊位点击保持原实例且移除库存来源
通过：来源变化故障批次真实启动
通过：完成前源字段变化拒绝提交且没有半件产物
通过：两台真实封装器配置有效
通过：两槽初始为空且没有类型选择
通过：正式设备进入稳定聚焦
通过：实际主场景封装器初始空槽并正常聚焦
通过：准备完整内容满罐实例
通过：选中空格接收液体罐实例
通过：真实罐位点击保持原实例且移除库存来源
通过：胶囊取放前舱门完全打开
通过：选中空格接收胶囊实例
通过：真实胶囊位点击保持原实例且移除库存来源
通过：保存实际图形画面
通过：实际主场景真实射线点击完成封装
通过：保存实际图形画面
通过：真实右键归还普通控制
封装集成验收断言数：285；失败总数：0
