Godot Engine v4.6.1.stable.official.14d19694e - https://godotengine.org
Vulkan 1.4.351 - Forward+ - Using Device #0: NVIDIA - NVIDIA GeForce RTX 3060 Ti

通过：正式设备含合法槽位及拉杆登记
通过：拉杆以待机状态精确初始化为规定顶部局部位置
通过：正式场景提供正数鼠标换算比例
通过：正式玩家稳定聚焦当前正式混合器
通过：聚焦拖动入口保持可见指针
通过：稳定聚焦在首次新按下来临前禁用输入累积
通过：补充加工前提时上一批次已结束且无故障
通过：准备新空罐前选择空道具格
通过：准备独立空罐实例
通过：通过正式事务将空罐放入配药器
通过：加工前提准备打开零号原药槽
通过：准备本轮咖啡因实例
通过：通过正式库存事务放入本轮原药
通过：加工前提准备关闭零号原药槽
通过：正式设备具备空罐、原药与四门完全关闭前提
通过：初始节点及物理服务器姿态一致且新位置真实点查询命中
通过：真实左键命中后建立唯一拖动绑定
通过：控制器绑定当前登记拉杆
通过：中途节点及物理服务器姿态一致且新位置真实点查询命中
通过：中途旧位置点查询无拉杆幽灵碰撞
通过：最低节点及物理服务器姿态一致且新位置真实点查询命中
通过：最低旧位置点查询无拉杆幽灵碰撞
通过：回弹节点及物理服务器姿态一致且新位置真实点查询命中
通过：回弹旧位置点查询无拉杆幽灵碰撞
通过：归位节点及物理服务器姿态一致且新位置真实点查询命中
通过：归位旧位置点查询无拉杆幽灵碰撞
通过：碰撞跟随完整周期进入待机并保留规定初始结构和位置
拉杆输入验收断言数：27；失败总数：0；图形运行：true
