Godot Engine v4.6.1.stable.official.14d19694e - https://godotengine.org

通过：资产编辑后正式聚焦登记接受设备
通过：真实聚焦过渡完成
通过：全部槽门完成当前动作或初态同步
通过：属性专用初始化不触发方法事件
通过：第0槽非零关闭姿态及多轨资产可用
通过：第0槽多个观察者下只执行一次打开请求
通过：第0槽运动中拒绝重复输入
通过：第0槽目标自然完成后进入打开态
通过：第0槽物理同步保留位移旋转缩放完整结果
通过：第0槽自然结束结果稳定保留
通过：第0槽独立播放器不驱动第1槽
通过：第0槽独立播放器不驱动第2槽
通过：第0槽独立播放器不驱动第3槽
通过：第0槽变化资产仍允许真实原药存入
通过：第0槽变化资产仍允许真实原药取回
通过：第0槽接受反向关闭
通过：第0槽反向目标自然完成
通过：第0槽反向自然完成后保留本次实际关闭结果
通过：第1槽非零关闭姿态及多轨资产可用
通过：第1槽多个观察者下只执行一次打开请求
通过：第1槽运动中拒绝重复输入
通过：第1槽目标自然完成后进入打开态
通过：第1槽物理同步保留位移旋转缩放完整结果
通过：第1槽自然结束结果稳定保留
通过：第1槽独立播放器不驱动第0槽
通过：第1槽独立播放器不驱动第2槽
通过：第1槽独立播放器不驱动第3槽
通过：第1槽事务选择新的空库存格
通过：第1槽变化资产仍允许真实原药存入
通过：第1槽变化资产仍允许真实原药取回
通过：第1槽接受反向关闭
通过：第1槽反向目标自然完成
通过：第1槽反向自然完成后保留本次实际关闭结果
通过：第2槽非零关闭姿态及多轨资产可用
通过：第2槽多个观察者下只执行一次打开请求
通过：第2槽运动中拒绝重复输入
通过：第2槽目标自然完成后进入打开态
通过：第2槽物理同步保留位移旋转缩放完整结果
通过：第2槽自然结束结果稳定保留
通过：第2槽独立播放器不驱动第0槽
通过：第2槽独立播放器不驱动第1槽
通过：第2槽独立播放器不驱动第3槽
通过：第2槽事务选择新的空库存格
通过：第2槽变化资产仍允许真实原药存入
通过：第2槽变化资产仍允许真实原药取回
通过：第2槽接受反向关闭
通过：第2槽反向目标自然完成
通过：第2槽反向自然完成后保留本次实际关闭结果
通过：第3槽非零关闭姿态及多轨资产可用
通过：第3槽多个观察者下只执行一次打开请求
通过：第3槽运动中拒绝重复输入
通过：第3槽目标自然完成后进入打开态
通过：第3槽物理同步保留位移旋转缩放完整结果
通过：第3槽自然结束结果稳定保留
通过：第3槽独立播放器不驱动第0槽
通过：第3槽独立播放器不驱动第1槽
通过：第3槽独立播放器不驱动第2槽
通过：第3槽事务选择新的空库存格
通过：第3槽变化资产仍允许真实原药存入
通过：第3槽变化资产仍允许真实原药取回
通过：第3槽接受反向关闭
通过：第3槽反向目标自然完成
通过：第3槽反向自然完成后保留本次实际关闭结果
通过：四槽正反播放各触发零秒与中段事件且稳定阶段不重放
通过：资产编辑后正式聚焦登记接受设备
通过：真实聚焦过渡完成
通过：全部槽门完成当前动作或初态同步
通过：请求打开与显式取消在同帧执行
通过：同帧取消恢复关闭稳定态
通过：同帧取消不触发零秒方法事件
通过：请求打开与显式重绑定在同帧执行
通过：同帧重绑定恢复关闭稳定态
通过：同帧重绑定不触发零秒方法事件
通过：长槽动作开始用于暂停回归
通过：全局暂停冻结动作且不伪报完成
通过：显式挂起保留同一槽门动作
通过：显式挂起不变成永久故障
通过：显式恢复继续同一槽门动作
通过：恢复后正常自然完成打开
通过：已打开槽门开始关闭
通过：关闭中显式取消恢复此前完成过的打开态
通过：取消后打开稳定态同步完成
通过：取消恢复仅定位属性不重放方法事件
通过：取消恢复后接受下一次关闭
通过：下一次关闭自然完成
通过：关闭稳定态开始打开用于取消
通过：打开中取消回到已关闭
通过：打开取消后的关闭稳定态完成
通过：外部停止试验开始打开
通过：外部停止终结等待且不伪报打开成功
通过：局部门中断保留设备聚焦与其他槽门入口
通过：明确恢复操作解除外部停止
通过：明确恢复建立关闭态
通过：同名反向接管试验开始打开
通过：外部同名反向接管终结等待且不授予打开许可
通过：同名反向接管后明确恢复
通过：同名反向接管后回到关闭稳定态
通过：目标释放前开始打开
通过：播放器释放终结当前动作
通过：依赖重新绑定接受有效播放器
通过：依赖重绑定统一建立关闭稳定态
通过：明确拒绝独立播放器跨设备根引用
通过：恢复本机动画根后可重绑定
通过：恢复本机动画根后重新建立关闭态
通过：外部排队试验开始打开
通过：外部队列接管不伪报打开完成
通过：清除外部队列后可重绑定
通过：队列取消后建立关闭态
通过：外部自动后续动作不会绕过独立播放器归属
通过：清除自动后续动作后可恢复
通过：后续动作恢复后关闭态完成
通过：循环动画明确给出无法自然完成的理由
通过：循环配置恢复后允许显式重绑定
通过：循环配置恢复后关闭态完成
通过：重绑定后下一次打开可启动
通过：重绑定后打开必须自然完成
通过：资产编辑后正式聚焦登记接受设备
通过：真实聚焦过渡完成
通过：全部槽门完成当前动作或初态同步
通过：编辑配置下只读许可查询可用
通过：编辑配置下只读许可查询可用
通过：编辑配置下只读许可查询可用
通过：编辑配置下只读许可查询可用
通过：编辑配置下只读许可查询可用
通过：顶部参照使用场景位置且只读查询不发送禁止消息
通过：缺少来源时接受一次受限拖动
通过：受限行程保持横深偏移，不加工且仅发送一次禁止消息
通过：受限松开按配置回弹归顶
通过：受限归顶不追加禁止消息
通过：完整行程回归打开原药槽
通过：完整行程准备槽门已打开
通过：完整行程准备真实原药来源
通过：完整行程回归关闭原药槽
通过：完整行程准备槽门已关闭
通过：完整行程准备真实空罐来源
通过：来源齐备后按配置接受完整行程
通过：提前取消按剩余距离回弹
通过：半程取消用完整回弹时长一半且不触发最低业务
通过：编辑配置允许下一次拖动
通过：编辑完整行程触底严格发送一次业务完成
通过：编辑保持与回弹时长后完整周期归位
通过：完整周期归位保持偏移且不会重复完成
通过：创建槽位事务证据目录
通过：打开槽位事务证据文件
配药资产变体验收断言数：144；失败总数：0
