Godot Engine v4.6.1.stable.official.14d19694e - https://godotengine.org

通过：废液罐变体0初始化不受长度、端点和层级形状限制
通过：废液罐变体0属性初始化跳过事件轨道
通过：废液罐变体0权威入口分发后通知观察者
通过：废液罐变体0自然完成推进一次且观察不重复执行业务
通过：废液罐变体0本次结束结果同时保留位移旋转缩放
通过：废液罐变体0稳定阶段保留实际结果且不重放事件
通过：废液罐变体0下一请求允许动画重新驱动
通过：废液罐变体0反播完成建立关闭许可
通过：废液罐变体0关闭使用本次反播结束结果
通过：废液罐变体0动画变化与恢复保留柜内来源身份
通过：废液罐变体1初始化不受长度、端点和层级形状限制
通过：废液罐变体1属性初始化跳过事件轨道
通过：废液罐变体1权威入口分发后通知观察者
通过：废液罐变体1自然完成推进一次且观察不重复执行业务
通过：废液罐变体1本次结束结果同时保留位移旋转缩放
通过：废液罐变体1稳定阶段保留实际结果且不重放事件
通过：废液罐变体1下一请求允许动画重新驱动
通过：废液罐变体1反播完成建立关闭许可
通过：废液罐变体1关闭使用本次反播结束结果
通过：废液罐变体1动画变化与恢复保留柜内来源身份
通过：废液罐变体2初始化不受长度、端点和层级形状限制
通过：废液罐变体2属性初始化跳过事件轨道
通过：废液罐变体2权威入口分发后通知观察者
通过：废液罐变体2自然完成推进一次且观察不重复执行业务
通过：废液罐变体2本次结束结果同时保留位移旋转缩放
通过：废液罐变体2稳定阶段保留实际结果且不重放事件
通过：废液罐变体2下一请求允许动画重新驱动
通过：废液罐变体2反播完成建立关闭许可
通过：废液罐变体2关闭使用本次反播结束结果
通过：废液罐变体2动画变化与恢复保留柜内来源身份
通过：废液罐变体3初始化不受长度、端点和层级形状限制
通过：废液罐变体3属性初始化跳过事件轨道
通过：废液罐变体3权威入口分发后通知观察者
通过：废液罐变体3自然完成推进一次且观察不重复执行业务
通过：废液罐变体3本次结束结果同时保留位移旋转缩放
通过：废液罐变体3稳定阶段保留实际结果且不重放事件
通过：废液罐变体3下一请求允许动画重新驱动
通过：废液罐变体3反播完成建立关闭许可
通过：废液罐变体3关闭使用本次反播结束结果
通过：废液罐变体3动画变化与恢复保留柜内来源身份
通过：废液罐变体4初始化不受长度、端点和层级形状限制
通过：废液罐变体4属性初始化跳过事件轨道
通过：废液罐变体4权威入口分发后通知观察者
通过：废液罐变体4自然完成推进一次且观察不重复执行业务
通过：废液罐变体4本次结束结果同时保留位移旋转缩放
通过：废液罐变体4稳定阶段保留实际结果且不重放事件
通过：废液罐变体4下一请求允许动画重新驱动
通过：废液罐变体4反播完成建立关闭许可
通过：废液罐变体4关闭使用本次反播结束结果
通过：废液罐变体4动画变化与恢复保留柜内来源身份
通过：废液罐变体5初始化不受长度、端点和层级形状限制
通过：废液罐变体5属性初始化跳过事件轨道
通过：废液罐变体5权威入口分发后通知观察者
通过：废液罐变体5自然完成推进一次且观察不重复执行业务
通过：废液罐变体5本次结束结果同时保留位移旋转缩放
通过：废液罐变体5稳定阶段保留实际结果且不重放事件
通过：废液罐变体5下一请求允许动画重新驱动
通过：废液罐变体5反播完成建立关闭许可
通过：废液罐变体5关闭使用本次反播结束结果
通过：废液罐变体5动画变化与恢复保留柜内来源身份
通过：废液罐变体6初始化不受长度、端点和层级形状限制
通过：废液罐变体6属性初始化跳过事件轨道
通过：废液罐变体6权威入口分发后通知观察者
通过：废液罐变体6控制器显式挂起保留本次动作
通过：废液罐变体6挂起不伪报完成
通过：废液罐变体6明确续播同一动作
通过：废液罐变体6自然完成推进一次且观察不重复执行业务
通过：废液罐变体6本次结束结果同时保留位移旋转缩放
通过：废液罐变体6稳定阶段保留实际结果且不重放事件
通过：废液罐变体6下一请求允许动画重新驱动
通过：废液罐变体6关闭中取消恢复此前已完成打开态
通过：废液罐变体6取消恢复不发布自然完成
通过：废液罐变体6恢复后可以再次关闭
通过：废液罐变体6反播完成建立关闭许可
通过：废液罐变体6关闭使用本次反播结束结果
通过：废液罐变体6打开中取消夹具开始
通过：废液罐变体6打开中取消回到已关闭
通过：废液罐变体6外部停止终结等待并要求明确恢复
通过：废液罐变体6必要依赖释放关闭打开许可
通过：废液罐变体6明确重新绑定有效依赖
通过：废液罐变体6重绑定建立关闭态后恢复请求
通过：废液罐变体6重绑定后再次自然完成打开
通过：废液罐变体6动画变化与恢复保留柜内来源身份
通过：专用柜变体0初始化不受长度、端点和层级形状限制
通过：专用柜变体0属性初始化跳过事件轨道
通过：专用柜变体0权威入口分发后通知观察者
通过：专用柜变体0自然完成推进一次且观察不重复执行业务
通过：专用柜变体0本次结束结果同时保留位移旋转缩放
通过：专用柜变体0稳定阶段保留实际结果且不重放事件
通过：专用柜变体0下一请求允许动画重新驱动
通过：专用柜变体0反播完成建立关闭许可
通过：专用柜变体0关闭使用本次反播结束结果
通过：专用柜变体0动画变化与恢复保留柜内来源身份
通过：专用柜变体1初始化不受长度、端点和层级形状限制
通过：专用柜变体1属性初始化跳过事件轨道
通过：专用柜变体1权威入口分发后通知观察者
通过：专用柜变体1自然完成推进一次且观察不重复执行业务
通过：专用柜变体1本次结束结果同时保留位移旋转缩放
通过：专用柜变体1稳定阶段保留实际结果且不重放事件
通过：专用柜变体1下一请求允许动画重新驱动
通过：专用柜变体1反播完成建立关闭许可
通过：专用柜变体1关闭使用本次反播结束结果
通过：专用柜变体1动画变化与恢复保留柜内来源身份
通过：专用柜变体2初始化不受长度、端点和层级形状限制
通过：专用柜变体2属性初始化跳过事件轨道
通过：专用柜变体2权威入口分发后通知观察者
通过：专用柜变体2自然完成推进一次且观察不重复执行业务
通过：专用柜变体2本次结束结果同时保留位移旋转缩放
通过：专用柜变体2稳定阶段保留实际结果且不重放事件
通过：专用柜变体2下一请求允许动画重新驱动
通过：专用柜变体2反播完成建立关闭许可
通过：专用柜变体2关闭使用本次反播结束结果
通过：专用柜变体2动画变化与恢复保留柜内来源身份
通过：专用柜变体3初始化不受长度、端点和层级形状限制
通过：专用柜变体3属性初始化跳过事件轨道
通过：专用柜变体3权威入口分发后通知观察者
通过：专用柜变体3自然完成推进一次且观察不重复执行业务
通过：专用柜变体3本次结束结果同时保留位移旋转缩放
通过：专用柜变体3稳定阶段保留实际结果且不重放事件
通过：专用柜变体3下一请求允许动画重新驱动
通过：专用柜变体3反播完成建立关闭许可
通过：专用柜变体3关闭使用本次反播结束结果
通过：专用柜变体3动画变化与恢复保留柜内来源身份
通过：专用柜变体4初始化不受长度、端点和层级形状限制
通过：专用柜变体4属性初始化跳过事件轨道
通过：专用柜变体4权威入口分发后通知观察者
通过：专用柜变体4自然完成推进一次且观察不重复执行业务
通过：专用柜变体4本次结束结果同时保留位移旋转缩放
通过：专用柜变体4稳定阶段保留实际结果且不重放事件
通过：专用柜变体4下一请求允许动画重新驱动
通过：专用柜变体4反播完成建立关闭许可
通过：专用柜变体4关闭使用本次反播结束结果
通过：专用柜变体4动画变化与恢复保留柜内来源身份
通过：专用柜变体5初始化不受长度、端点和层级形状限制
通过：专用柜变体5属性初始化跳过事件轨道
通过：专用柜变体5权威入口分发后通知观察者
通过：专用柜变体5自然完成推进一次且观察不重复执行业务
通过：专用柜变体5本次结束结果同时保留位移旋转缩放
通过：专用柜变体5稳定阶段保留实际结果且不重放事件
通过：专用柜变体5下一请求允许动画重新驱动
通过：专用柜变体5反播完成建立关闭许可
通过：专用柜变体5关闭使用本次反播结束结果
通过：专用柜变体5动画变化与恢复保留柜内来源身份
通过：专用柜变体6初始化不受长度、端点和层级形状限制
通过：专用柜变体6属性初始化跳过事件轨道
通过：专用柜变体6权威入口分发后通知观察者
通过：专用柜变体6控制器显式挂起保留本次动作
通过：专用柜变体6挂起不伪报完成
通过：专用柜变体6明确续播同一动作
通过：专用柜变体6自然完成推进一次且观察不重复执行业务
通过：专用柜变体6本次结束结果同时保留位移旋转缩放
通过：专用柜变体6稳定阶段保留实际结果且不重放事件
通过：专用柜变体6下一请求允许动画重新驱动
通过：专用柜变体6关闭中取消恢复此前已完成打开态
通过：专用柜变体6取消恢复不发布自然完成
通过：专用柜变体6恢复后可以再次关闭
通过：专用柜变体6反播完成建立关闭许可
通过：专用柜变体6关闭使用本次反播结束结果
通过：专用柜变体6打开中取消夹具开始
通过：专用柜变体6打开中取消回到已关闭
通过：专用柜变体6外部停止终结等待并要求明确恢复
通过：专用柜变体6必要依赖释放关闭打开许可
通过：专用柜变体6明确重新绑定有效依赖
通过：专用柜变体6重绑定建立关闭态后恢复请求
通过：专用柜变体6重绑定后再次自然完成打开
通过：专用柜变体6动画变化与恢复保留柜内来源身份
容器资产矩阵断言数：180；失败数：0
