Godot Engine v4.6.1.stable.official.14d19694e - https://godotengine.org

通过：打印音效专项只使用无图形后端
通过：真实场景聚焦配置有效
通过：运行初态没有预置纸张
通过：真实通知中心场景配置独立打印音效控制器
通过：正式待打印事件绑定真实玩家暂停来源
通过：实际随机源种子覆盖六选项中的第0项
通过：敲击0播放实际指定资源的独立非循环副本
通过：敲击0发起真实三维播放且不修改共享资源
通过：敲击0只在真实音源自然完成一次之后选择下一项
通过：观测实际音频混音周期而非假定物理帧同步
通过：停止敲击后真实音频或静音旧完成不能继续选择
通过：真实场景聚焦配置有效
通过：运行初态没有预置纸张
通过：真实通知中心场景配置独立打印音效控制器
通过：正式待打印事件绑定真实玩家暂停来源
通过：实际随机源种子覆盖六选项中的第1项
通过：敲击1播放实际指定资源的独立非循环副本
通过：敲击1发起真实三维播放且不修改共享资源
通过：敲击1只在真实音源自然完成一次之后选择下一项
通过：观测实际音频混音周期而非假定物理帧同步
通过：停止敲击后真实音频或静音旧完成不能继续选择
通过：真实场景聚焦配置有效
通过：运行初态没有预置纸张
通过：真实通知中心场景配置独立打印音效控制器
通过：正式待打印事件绑定真实玩家暂停来源
通过：实际随机源种子覆盖六选项中的第2项
通过：敲击2播放实际指定资源的独立非循环副本
通过：敲击2发起真实三维播放且不修改共享资源
通过：敲击2只在真实音源自然完成一次之后选择下一项
通过：观测实际音频混音周期而非假定物理帧同步
通过：停止敲击后真实音频或静音旧完成不能继续选择
通过：真实场景聚焦配置有效
通过：运行初态没有预置纸张
通过：真实通知中心场景配置独立打印音效控制器
通过：正式待打印事件绑定真实玩家暂停来源
通过：实际随机源种子覆盖六选项中的第3项
通过：敲击3播放实际指定资源的独立非循环副本
通过：敲击3发起真实三维播放且不修改共享资源
通过：敲击3只在真实音源自然完成一次之后选择下一项
通过：观测实际音频混音周期而非假定物理帧同步
通过：停止敲击后真实音频或静音旧完成不能继续选择
通过：真实场景聚焦配置有效
通过：运行初态没有预置纸张
通过：真实通知中心场景配置独立打印音效控制器
通过：正式待打印事件绑定真实玩家暂停来源
通过：实际随机源种子覆盖六选项中的第4项
通过：静音4不请求声音并采用明确停顿时长
通过：静音停顿通过真实有限补间继续且不伪造音频完成
通过：静音4实际物理帧停顿符合配置
通过：观测实际音频混音周期而非假定物理帧同步
通过：停止敲击后真实音频或静音旧完成不能继续选择
通过：真实场景聚焦配置有效
通过：运行初态没有预置纸张
通过：真实通知中心场景配置独立打印音效控制器
通过：正式待打印事件绑定真实玩家暂停来源
通过：实际随机源种子覆盖六选项中的第5项
通过：静音5不请求声音并采用明确停顿时长
通过：静音停顿通过真实有限补间继续且不伪造音频完成
通过：静音5实际物理帧停顿符合配置
通过：观测实际音频混音周期而非假定物理帧同步
通过：停止敲击后真实音频或静音旧完成不能继续选择
通过：真实场景聚焦配置有效
通过：运行初态没有预置纸张
通过：真实通知中心场景配置独立打印音效控制器
通过：正式待打印事件绑定真实玩家暂停来源
通过：静音停顿收到真实界面或场景树暂停
通过：静音暂停保持准确剩余时长且不抽取新项
通过：静音恢复只完成剩余停顿且不重新开始完整时长
通过：真实场景聚焦配置有效
通过：运行初态没有预置纸张
通过：真实通知中心场景配置独立打印音效控制器
通过：正式待打印事件绑定真实玩家暂停来源
通过：静音停顿收到真实界面或场景树暂停
通过：静音暂停保持准确剩余时长且不抽取新项
通过：静音恢复只完成剩余停顿且不重新开始完整时长
通过：真实场景聚焦配置有效
通过：运行初态没有预置纸张
通过：真实通知中心场景配置独立打印音效控制器
通过：正式待打印事件绑定真实玩家暂停来源
通过：静音停顿收到真实界面或场景树暂停
通过：静音暂停保持准确剩余时长且不抽取新项
通过：静音恢复只完成剩余停顿且不重新开始完整时长
通过：真实场景聚焦配置有效
通过：运行初态没有预置纸张
通过：真实通知中心场景配置独立打印音效控制器
通过：正式待打印事件绑定真实玩家暂停来源
通过：静音停顿收到真实界面或场景树暂停
通过：静音暂停保持准确剩余时长且不抽取新项
通过：静音恢复只完成剩余停顿且不重新开始完整时长
通过：真实场景聚焦配置有效
通过：运行初态没有预置纸张
通过：真实通知中心场景配置独立打印音效控制器
通过：正式待打印事件绑定真实玩家暂停来源
通过：观测实际音频混音周期而非假定物理帧同步
通过：观测实际音频混音周期而非假定物理帧同步
通过：真实界面暂停跨实际混音提交后冻结同一敲击资源与播放对象
通过：敲击声音暂停不提前进入下一次随机选择
通过：观测实际音频混音周期而非假定物理帧同步
通过：敲击恢复续接原播放对象及进度
通过：真实场景聚焦配置有效
通过：运行初态没有预置纸张
通过：任务事件只建立待打印
通过：忙碌事件不覆盖本次任务
通过：唯一按钮入口建立一份空白纸张
通过：开始后重复正式入口拒绝
通过：打印开始全文隐藏
通过：仅每个真实非空机械行自然完成鸣铃一次并停止该行敲击
通过：首次左移、逐行回左及最终回中均播放一次打印头复位声
通过：最终横轴真实复位开始播放且自然复位完成立即停止
通过：完成待取阶段不继续逐行敲击
通过：真实场景聚焦配置有效
通过：运行初态没有预置纸张
通过：任务事件只建立待打印
通过：忙碌事件不覆盖本次任务
通过：唯一按钮入口建立一份空白纸张
通过：开始后重复正式入口拒绝
通过：打印开始全文隐藏
通过：仅每个真实非空机械行自然完成鸣铃一次并停止该行敲击
通过：首次左移、逐行回左及最终回中均播放一次打印头复位声
通过：最终横轴真实复位开始播放且自然复位完成立即停止
通过：完成待取阶段不继续逐行敲击
通过：真实场景聚焦配置有效
通过：运行初态没有预置纸张
通过：任务事件只建立待打印
通过：忙碌事件不覆盖本次任务
通过：唯一按钮入口建立一份空白纸张
通过：开始后重复正式入口拒绝
通过：打印开始全文隐藏
通过：仅每个真实非空机械行自然完成鸣铃一次并停止该行敲击
通过：首次左移、逐行回左及最终回中均播放一次打印头复位声
通过：最终横轴真实复位开始播放且自然复位完成立即停止
通过：完成待取阶段不继续逐行敲击
通过：全空行只推进机械位置且不敲击或鸣铃
通过：真实场景聚焦配置有效
通过：运行初态没有预置纸张
通过：任务事件只建立待打印
通过：忙碌事件不覆盖本次任务
通过：唯一按钮入口建立一份空白纸张
通过：开始后重复正式入口拒绝
通过：打印开始全文隐藏
通过：仅每个真实非空机械行自然完成鸣铃一次并停止该行敲击
通过：首次左移、逐行回左及最终回中均播放一次打印头复位声
通过：最终横轴真实复位开始播放且自然复位完成立即停止
通过：完成待取阶段不继续逐行敲击
通过：真实场景聚焦配置有效
通过：运行初态没有预置纸张
通过：任务事件只建立待打印
通过：忙碌事件不覆盖本次任务
通过：唯一按钮入口建立一份空白纸张
通过：开始后重复正式入口拒绝
通过：打印开始全文隐藏
通过：仅每个真实非空机械行自然完成鸣铃一次并停止该行敲击
通过：首次左移、逐行回左及最终回中均播放一次打印头复位声
通过：最终横轴真实复位开始播放且自然复位完成立即停止
通过：完成待取阶段不继续逐行敲击
通过：真实场景聚焦配置有效
通过：运行初态没有预置纸张
通过：任务事件只建立待打印
通过：忙碌事件不覆盖本次任务
通过：唯一按钮入口建立一份空白纸张
通过：开始后重复正式入口拒绝
通过：打印开始全文隐藏
通过：横轴复位采用独立完整采样循环以覆盖可编辑复位时长
通过：横轴循环不修改共享导入音频资源
通过：延长实际横轴复位后仍由自然完成停止音效
通过：真实场景聚焦配置有效
通过：运行初态没有预置纸张
通过：任务事件只建立待打印
通过：忙碌事件不覆盖本次任务
通过：唯一按钮入口建立一份空白纸张
通过：开始后重复正式入口拒绝
通过：打印开始全文隐藏
通过：指定实际动作阶段受理取消
通过：取消立即撤销敲击、行铃与横轴旧声音
通过：取消恢复真实回中动作播放一次打印头复位声音
通过：取消轴恢复不冒充正常完成后的横轴复位音效
通过：观测实际音频混音周期而非假定物理帧同步
通过：取消清理后旧自然音频与静音回调不能重启任何声音
通过：空闲显式目标重新绑定成功
通过：显式位置恢复不重放敲击、行铃或机械回位声音
通过：任务事件只建立待打印
通过：忙碌事件不覆盖本次任务
通过：唯一按钮入口建立一份空白纸张
通过：开始后重复正式入口拒绝
通过：打印开始全文隐藏
通过：取消后下一份真实打印只保留本次一行铃声
通过：真实场景聚焦配置有效
通过：运行初态没有预置纸张
通过：任务事件只建立待打印
通过：忙碌事件不覆盖本次任务
通过：唯一按钮入口建立一份空白纸张
通过：开始后重复正式入口拒绝
通过：打印开始全文隐藏
通过：指定实际动作阶段受理取消
通过：取消立即撤销敲击、行铃与横轴旧声音
通过：取消恢复真实回中动作播放一次打印头复位声音
通过：取消轴恢复不冒充正常完成后的横轴复位音效
通过：观测实际音频混音周期而非假定物理帧同步
通过：取消清理后旧自然音频与静音回调不能重启任何声音
通过：空闲显式目标重新绑定成功
通过：显式位置恢复不重放敲击、行铃或机械回位声音
通过：任务事件只建立待打印
通过：忙碌事件不覆盖本次任务
通过：唯一按钮入口建立一份空白纸张
通过：开始后重复正式入口拒绝
通过：打印开始全文隐藏
通过：取消后下一份真实打印只保留本次一行铃声
通过：真实场景聚焦配置有效
通过：运行初态没有预置纸张
通过：任务事件只建立待打印
通过：忙碌事件不覆盖本次任务
通过：唯一按钮入口建立一份空白纸张
通过：开始后重复正式入口拒绝
通过：打印开始全文隐藏
通过：指定实际动作阶段受理取消
通过：取消立即撤销敲击、行铃与横轴旧声音
通过：取消恢复真实回中动作播放一次打印头复位声音
通过：取消轴恢复不冒充正常完成后的横轴复位音效
通过：观测实际音频混音周期而非假定物理帧同步
通过：取消清理后旧自然音频与静音回调不能重启任何声音
通过：空闲显式目标重新绑定成功
通过：显式位置恢复不重放敲击、行铃或机械回位声音
通过：任务事件只建立待打印
通过：忙碌事件不覆盖本次任务
通过：唯一按钮入口建立一份空白纸张
通过：开始后重复正式入口拒绝
通过：打印开始全文隐藏
通过：取消后下一份真实打印只保留本次一行铃声
通过：真实场景聚焦配置有效
通过：运行初态没有预置纸张
通过：任务事件只建立待打印
通过：忙碌事件不覆盖本次任务
通过：唯一按钮入口建立一份空白纸张
通过：开始后重复正式入口拒绝
通过：打印开始全文隐藏
通过：指定实际动作阶段受理取消
通过：取消立即撤销敲击、行铃与横轴旧声音
通过：取消恢复真实回中动作播放一次打印头复位声音
通过：取消轴恢复不冒充正常完成后的横轴复位音效
通过：观测实际音频混音周期而非假定物理帧同步
通过：取消清理后旧自然音频与静音回调不能重启任何声音
通过：空闲显式目标重新绑定成功
通过：显式位置恢复不重放敲击、行铃或机械回位声音
通过：任务事件只建立待打印
通过：忙碌事件不覆盖本次任务
通过：唯一按钮入口建立一份空白纸张
通过：开始后重复正式入口拒绝
通过：打印开始全文隐藏
通过：取消后下一份真实打印只保留本次一行铃声
通过：真实场景聚焦配置有效
通过：运行初态没有预置纸张
通过：任务事件只建立待打印
通过：忙碌事件不覆盖本次任务
通过：唯一按钮入口建立一份空白纸张
通过：开始后重复正式入口拒绝
通过：打印开始全文隐藏
通过：指定实际动作阶段受理取消
通过：取消立即撤销敲击、行铃与横轴旧声音
通过：取消恢复真实回中动作播放一次打印头复位声音
通过：取消轴恢复不冒充正常完成后的横轴复位音效
通过：观测实际音频混音周期而非假定物理帧同步
通过：取消清理后旧自然音频与静音回调不能重启任何声音
通过：空闲显式目标重新绑定成功
通过：显式位置恢复不重放敲击、行铃或机械回位声音
通过：任务事件只建立待打印
通过：忙碌事件不覆盖本次任务
通过：唯一按钮入口建立一份空白纸张
通过：开始后重复正式入口拒绝
通过：打印开始全文隐藏
通过：取消后下一份真实打印只保留本次一行铃声
通过：真实场景聚焦配置有效
通过：运行初态没有预置纸张
通过：任务事件只建立待打印
通过：忙碌事件不覆盖本次任务
通过：唯一按钮入口建立一份空白纸张
通过：开始后重复正式入口拒绝
通过：打印开始全文隐藏
通过：指定实际动作阶段受理取消
通过：取消立即撤销敲击、行铃与横轴旧声音
通过：取消恢复真实回中动作播放一次打印头复位声音
通过：取消轴恢复不冒充正常完成后的横轴复位音效
通过：观测实际音频混音周期而非假定物理帧同步
通过：取消清理后旧自然音频与静音回调不能重启任何声音
通过：空闲显式目标重新绑定成功
通过：显式位置恢复不重放敲击、行铃或机械回位声音
通过：任务事件只建立待打印
通过：忙碌事件不覆盖本次任务
通过：唯一按钮入口建立一份空白纸张
通过：开始后重复正式入口拒绝
通过：打印开始全文隐藏
通过：取消后下一份真实打印只保留本次一行铃声
通过：真实场景聚焦配置有效
通过：运行初态没有预置纸张
通过：任务事件只建立待打印
通过：忙碌事件不覆盖本次任务
通过：唯一按钮入口建立一份空白纸张
通过：开始后重复正式入口拒绝
通过：打印开始全文隐藏
通过：指定实际动作阶段受理取消
通过：取消立即撤销敲击、行铃与横轴旧声音
通过：取消恢复真实回中动作播放一次打印头复位声音
通过：取消轴恢复不冒充正常完成后的横轴复位音效
通过：观测实际音频混音周期而非假定物理帧同步
通过：取消清理后旧自然音频与静音回调不能重启任何声音
通过：空闲显式目标重新绑定成功
通过：显式位置恢复不重放敲击、行铃或机械回位声音
通过：任务事件只建立待打印
通过：忙碌事件不覆盖本次任务
通过：唯一按钮入口建立一份空白纸张
通过：开始后重复正式入口拒绝
通过：打印开始全文隐藏
通过：取消后下一份真实打印只保留本次一行铃声
通过：真实场景聚焦配置有效
通过：运行初态没有预置纸张
通过：任务事件只建立待打印
通过：忙碌事件不覆盖本次任务
通过：唯一按钮入口建立一份空白纸张
通过：开始后重复正式入口拒绝
通过：打印开始全文隐藏
通过：指定实际动作阶段受理取消
通过：取消立即撤销敲击、行铃与横轴旧声音
通过：取消恢复真实回中动作播放一次打印头复位声音
通过：取消轴恢复不冒充正常完成后的横轴复位音效
通过：观测实际音频混音周期而非假定物理帧同步
通过：取消清理后旧自然音频与静音回调不能重启任何声音
通过：空闲显式目标重新绑定成功
通过：显式位置恢复不重放敲击、行铃或机械回位声音
通过：任务事件只建立待打印
通过：忙碌事件不覆盖本次任务
通过：唯一按钮入口建立一份空白纸张
通过：开始后重复正式入口拒绝
通过：打印开始全文隐藏
通过：取消后下一份真实打印只保留本次一行铃声
通过：真实场景聚焦配置有效
通过：运行初态没有预置纸张
通过：任务事件只建立待打印
通过：忙碌事件不覆盖本次任务
通过：唯一按钮入口建立一份空白纸张
通过：开始后重复正式入口拒绝
通过：打印开始全文隐藏
通过：可选打印声音立即释放仍自然完成且允许获取原纸张：typing_player（被释放音效引用）
通过：真实场景聚焦配置有效
通过：运行初态没有预置纸张
通过：任务事件只建立待打印
通过：忙碌事件不覆盖本次任务
通过：唯一按钮入口建立一份空白纸张
通过：开始后重复正式入口拒绝
通过：打印开始全文隐藏
通过：可选打印声音立即释放仍自然完成且允许获取原纸张：ding_player（被释放音效引用）
通过：真实场景聚焦配置有效
通过：运行初态没有预置纸张
通过：任务事件只建立待打印
通过：忙碌事件不覆盖本次任务
通过：唯一按钮入口建立一份空白纸张
通过：开始后重复正式入口拒绝
通过：打印开始全文隐藏
通过：可选打印声音立即释放仍自然完成且允许获取原纸张：head_return_player（被释放音效引用）
通过：真实场景聚焦配置有效
通过：运行初态没有预置纸张
通过：任务事件只建立待打印
通过：忙碌事件不覆盖本次任务
通过：唯一按钮入口建立一份空白纸张
通过：开始后重复正式入口拒绝
通过：打印开始全文隐藏
通过：可选打印声音立即释放仍自然完成且允许获取原纸张：axis_return_player（被释放音效引用）
通过：真实场景聚焦配置有效
通过：运行初态没有预置纸张
通过：任务事件只建立待打印
通过：忙碌事件不覆盖本次任务
通过：唯一按钮入口建立一份空白纸张
通过：开始后重复正式入口拒绝
通过：打印开始全文隐藏
通过：可选打印声音立即释放仍自然完成且允许获取原纸张：print_audio（被释放音效引用）
通过：真实场景聚焦配置有效
通过：运行初态没有预置纸张
通过：任务事件只建立待打印
通过：忙碌事件不覆盖本次任务
通过：唯一按钮入口建立一份空白纸张
通过：开始后重复正式入口拒绝
通过：打印开始全文隐藏
通过：敲击进行中音源立即释放只停止对应表现
通过：真实场景聚焦配置有效
通过：运行初态没有预置纸张
通过：真实通知中心场景配置独立打印音效控制器
通过：正式待打印事件绑定真实玩家暂停来源
通过：两个真实设备分别拥有音效控制器与随机源
通过：两实例横轴循环使用各自音流副本
通过：停止一台设备不停止另一台真实横轴声音
通过：两实例六项抽取及敲击或静音状态互不覆盖
通过：真实播放保留三维音源可编辑音量、空间属性和局部偏移：TypingPlayer（声音节点）
通过：真实播放保留三维音源可编辑音量、空间属性和局部偏移：DingPlayer（声音节点）
通过：真实播放保留三维音源可编辑音量、空间属性和局部偏移：HeadReturnPlayer（声音节点）
通过：真实播放保留三维音源可编辑音量、空间属性和局部偏移：AxisReturnPlayer（声音节点）
通过：行铃与打印头复位采用独立单次音流
通过：真实场景聚焦配置有效
通过：运行初态没有预置纸张
通过：任务事件只建立待打印
通过：忙碌事件不覆盖本次任务
通过：唯一按钮入口建立一份空白纸张
通过：开始后重复正式入口拒绝
通过：打印开始全文隐藏
通过：实际音流赋值通知同步取消后清理旧来源且不伪报完成
通过：同步声音观察取消保留真实取消回中及横轴恢复动作
通过：同步音流赋值取消后不再发布旧打印行开始通知
通过：真实场景聚焦配置有效
通过：运行初态没有预置纸张
通过：任务事件只建立待打印
通过：忙碌事件不覆盖本次任务
通过：唯一按钮入口建立一份空白纸张
通过：开始后重复正式入口拒绝
通过：打印开始全文隐藏
通过：实际音流赋值通知同步释放音效控制器后打印仍自然完成
通过：同步释放可选音效控制器后保留当前完成纸张获取许可
通过：观测实际音频混音周期而非假定物理帧同步
打印音效专项断言数：414；失败数：0
