WorkerThreadPool: 32 threads, 9 max low-priority.
Godot Engine v4.6.1.stable.official.14d19694e - https://godotengine.org
TextServer: Added interface "Dummy"
TextServer: Added interface "ICU / HarfBuzz / Graphite (Built-in)"
Unrecognized output string "misc2" in mapping:
030000000d0f00000202000000000000,Horipad O Nintendo Switch 2 Controller,a:b1,b:b0,back:b8,dpdown:h0.4,dpleft:h0.8,dpright:h0.2,dpup:h0.1,guide:b12,leftshoulder:b4,leftstick:b10,lefttrigger:b6,leftx:a0,lefty:a1,misc1:b13,misc2:b14,rightshoulder:b5,rightstick:b11,righttrigger:b7,rightx:a2,righty:a3,start:b9,x:b3,y:b2,platform:Windows,
Unrecognized output string "misc2" in mapping:
030000000d0f00009601000000000000,Horipad Steam,a:b0,b:b1,back:b10,dpdown:h0.4,dpleft:h0.8,dpright:h0.2,dpup:h0.1,guide:b12,leftshoulder:b6,leftstick:b13,lefttrigger:b8,leftx:a0,lefty:a1,misc2:b2,paddle1:b5,paddle2:b15,paddle3:b18,paddle4:b19,rightshoulder:b7,rightstick:b14,righttrigger:b9,rightx:a3,righty:a4,start:b11,x:b3,y:b4,platform:Windows,
Unrecognized output string "misc2" in mapping:
030000007e0500006920000000000000,Nintendo Switch 2 Pro Controller,a:b0,b:b1,back:b14,dpdown:b8,dpleft:b10,dpright:b9,dpup:b11,guide:b16,leftshoulder:b12,leftstick:b15,lefttrigger:b13,leftx:a0,lefty:a1~,misc1:b17,misc2:b20,paddle1:b18,paddle2:b19,rightshoulder:b4,rightstick:b7,righttrigger:b5,rightx:a2,righty:a3~,start:b6,x:b2,y:b3,platform:Windows,
Using "default" pen tablet driver...

TextServer: Primary interface set to: "ICU / HarfBuzz / Graphite (Built-in)".
Loading resource: res://main-autolysis/assets/audio/buses/default_bus_layout.tres
CORE API HASH: 75400357
EDITOR API HASH: 3012763406
Loading resource: res://main-autolysis/player/tests/telephone_device_test.gd
Loading resource: res://main-autolysis/scenes/01-autolysis-test.tscn
Loading resource: res://main-autolysis/scenes/prefabs/prefab_furnitures/light_prefab_uplight_0.tscn
Loading resource: res://main-autolysis/assets/materials/base_color/mat_base_grey_3.tres
Loading resource: res://main-autolysis/assets/textures/Prototype Textures/PNG/Light/texture_12.png
Loading resource: res://.godot/imported/texture_12.png-771e394572f4066038cc73708a23b404.s3tc.ctex
Loading resource: res://main-autolysis/assets/materials/glow_color/mat_glow_white_0.tres
Loading resource: res://main-autolysis/scenes/prefabs/prefab_furnitures/light_prefab_small_wall_0.tscn
Loading resource: res://main-autolysis/assets/materials/base_color/mat_base_grey_4.tres
Loading resource: res://main-autolysis/assets/materials/base_color/mat_base_blue_0.tres
Loading resource: res://main-autolysis/systems/dynamic-footstep-system/assets/audio/stone/footstep_stone_01.ogg
Loading resource: res://.godot/imported/footstep_stone_01.ogg-047737e2a65bef0c4c528796cb798cfe.oggvorbisstr
Loading resource: res://main-autolysis/systems/dynamic-footstep-system/assets/audio/stone/footstep_stone_02.ogg
Loading resource: res://.godot/imported/footstep_stone_02.ogg-29899d22ed8c32abcaaf5d57a1421a87.oggvorbisstr
Loading resource: res://main-autolysis/assets/materials/base_color/mat_base_red_3.tres
Loading resource: res://main-autolysis/systems/dynamic-footstep-system/assets/audio/stone/footstep_stone_03.ogg
Loading resource: res://.godot/imported/footstep_stone_03.ogg-c4ed96d1d04f347165a8fe5a84ee6501.oggvorbisstr
Loading resource: res://main-autolysis/systems/dynamic-footstep-system/assets/audio/stone/footstep_stone_04.ogg
Loading resource: res://.godot/imported/footstep_stone_04.ogg-ab5443861f034c9dbc74b093ae99f88c.oggvorbisstr
Loading resource: res://main-autolysis/scenes/prefabs/prefab_machines/machine_ration_0.tscn
Loading resource: res://main-autolysis/assets/materials/base_color/mat_base_grey_1.tres
Loading resource: res://main-autolysis/assets/materials/base_color/mat_base_grey_2.tres
Loading resource: res://main-autolysis/assets/materials/base_color/mat_base_grey_0.tres
Loading resource: res://main-autolysis/scenes/prefabs/prefab_raw_materials/rm_sodium_benzoate_group_0.tscn
Loading resource: res://main-autolysis/scenes/prefabs/prefab_raw_materials/visuals/rm_sodium_benzoate_visual.tscn
Loading resource: res://main-autolysis/assets/materials/base_color/mat_base_green_3.tres
Loading resource: res://main-autolysis/systems/item-system/autolysis_raw_material_group.gd
Loading resource: res://main-autolysis/assets/materials/liquid_tank/liquid_tank_empty.tres
Loading resource: res://main-autolysis/assets/materials/liquid_tank/liquid_tank_filled.tres
Loading resource: res://main-autolysis/assets/materials/glow_color/mat_glow_green_0.tres
Loading resource: res://main-autolysis/assets/materials/base_color/mat_base_red_2.tres
Loading resource: res://main-autolysis/assets/materials/glow_color/mat_glow_orange_0.tres
Loading resource: res://main-autolysis/assets/materials/glow_color/mat_glow_blue_1.tres
Loading resource: res://main-autolysis/assets/materials/glow_color/mat_glow_blue_0.tres
Loading resource: res://main-autolysis/scenes/prefabs/prefab_paper/quest_paper.tscn
Loading resource: res://main-autolysis/ui/quest-paper/autolysis_quest_paper_view.tscn
Loading resource: res://main-autolysis/systems/item-system/items/quest_paper.tres
Loading resource: res://main-autolysis/scenes/prefabs/prefab_paper/visuals/quest_paper_visual.tscn
Loading resource: res://main-autolysis/assets/ui/item-icons/quest_paper.svg
Loading resource: res://.godot/imported/quest_paper.svg-9c3bec35dc768d1a115353406b13d3de.ctex
Loading resource: res://main-autolysis/assets/audio/sound_fx/machine/sfx_machine_notice_0.wav
Loading resource: res://.godot/imported/sfx_machine_notice_0.wav-1bb299026bbcd927e4b03179381e9dc8.sample
Loading resource: res://main-autolysis/assets/audio/sound_fx/machine/sfx_machine_scanning_0.wav
Loading resource: res://.godot/imported/sfx_machine_scanning_0.wav-ab7bce7dbb20a8bb6092accc1101b92d.sample
Loading resource: res://main-autolysis/systems/item-system/items/sodium_benzoate.tres
Loading resource: res://main-autolysis/assets/ui/item-icons/sodium_benzoate.png
Loading resource: res://.godot/imported/sodium_benzoate.png-865dd4211965513a7618ce0b5aafe6c8.ctex
Loading resource: res://main-autolysis/components/interactions/autolysis_interaction_component.tscn
Loading resource: res://main-autolysis/scenes/prefabs/prefab_place_shelf/place_shelf_workroom_rm_0.tscn
Loading resource: res://main-autolysis/assets/materials/base_color/mat_base_orange_1.tres
Loading resource: res://main-autolysis/scenes/prefabs/prefab_machines/quest_machine_0.tscn
Loading resource: res://main-autolysis/assets/materials/base_color/mat_base_blue_3.tres
Loading resource: res://main-autolysis/assets/materials/base_color/mat_base_blue_2.tres
Loading resource: res://main-autolysis/assets/materials/base_color/mat_base_white_1.tres
Loading resource: res://main-autolysis/scenes/prefabs/prefab_machines/machine_blend_0.tscn
Loading resource: res://main-autolysis/assets/materials/base_color/mat_base_brown_2.tres
Loading resource: res://main-autolysis/assets/materials/base_color/mat_base_black_0.tres
Loading resource: res://main-autolysis/assets/materials/base_color/mat_base_brown_1.tres
Loading resource: res://main-autolysis/assets/materials/base_color/mat_base_black_1.tres
Loading resource: res://main-autolysis/scenes/prefabs/prefab_furnitures/bed_0.tscn
Loading resource: res://main-autolysis/scenes/prefabs/prefab_machines/machine_extraction_tank_0.tscn
Loading resource: res://main-autolysis/assets/materials/base_color/mat_base_green_0.tres
Loading resource: res://main-autolysis/assets/materials/base_color/mat_base_white_0.tres
Loading resource: res://main-autolysis/scenes/prefabs/prefab_machines/machine_daily_test_0.tscn
Loading resource: res://main-autolysis/scenes/prefabs/prefab_machines/machine_phase_separator_0.tscn
Loading resource: res://main-autolysis/assets/materials/base_color/mat_base_green_2.tres
Loading resource: res://main-autolysis/assets/materials/base_color/mat_base_red_1.tres
Loading resource: res://main-autolysis/scenes/prefabs/prefab_machines/liquid_tank_0.tscn
Loading resource: res://main-autolysis/systems/item-system/items/liquid_tank.tres
Loading resource: res://main-autolysis/scenes/prefabs/prefab_machines/visuals/liquid_tank_visual.tscn
Loading resource: res://main-autolysis/assets/materials/base_translucent/mat_trans_white_0.tres
Loading resource: res://main-autolysis/assets/materials/base_color/mat_base_darkblue_0.tres
Loading resource: res://main-autolysis/assets/materials/base_color/mat_base_red_0.tres
Loading resource: res://main-autolysis/assets/ui/item-icons/liquid_tank.png
Loading resource: res://.godot/imported/liquid_tank.png-cc47146c12182103bd3581a957650aaa.ctex
Loading resource: res://main-autolysis/assets/materials/base_color/mat_base_brown_0.tres
Loading resource: res://main-autolysis/scenes/prefabs/prefab_machines/machine_wave_rebuilder_0.tscn
Loading resource: res://main-autolysis/scenes/prefabs/prefab_machines/machine_packing_0.tscn
Loading resource: res://main-autolysis/scenes/prefabs/prefab_place_shelf/place_shelf_workroom_bottle_0.tscn
Loading resource: res://main-autolysis/scenes/prefabs/prefab_items/tincture_bottle_group_0.tscn
Loading resource: res://main-autolysis/scenes/prefabs/prefab_items/tincture_bottle_0.tscn
Loading resource: res://main-autolysis/assets/materials/base_color/mat_base_green_4.tres
Loading resource: res://main-autolysis/scenes/prefabs/prefab_items/syringe_group_0.tscn
Loading resource: res://main-autolysis/scenes/prefabs/prefab_items/syringe_0.tscn
Loading resource: res://main-autolysis/scenes/prefabs/prefab_machines/machine_pneumatic_tube_0.tscn
Loading resource: res://main-autolysis/scenes/prefabs/prefab_machines/manual_shelf_0.tscn
Loading resource: res://main-autolysis/scenes/prefabs/prefab_machines/waste_liquid_storage_tank_0.tscn
Loading resource: res://main-autolysis/scenes/prefabs/prefab_place_shelf/cabinet_workroom_0.tscn
Loading resource: res://main-autolysis/scenes/prefabs/confessional_and_trade_0.tscn
Loading resource: res://main-autolysis/scenes/prefabs/prefab_machines/quest_board_0.tscn
Loading resource: res://main-autolysis/scenes/prefabs/prefab_paper/quest_paper_blank.tscn
Loading resource: res://main-autolysis/scenes/prefabs/prefab_furnitures/wall_air_vent_0.tscn
Loading resource: res://main-autolysis/scenes/prefabs/prefab_raw_materials/rm_caffeine_group_0.tscn
Loading resource: res://main-autolysis/scenes/prefabs/prefab_raw_materials/visuals/rm_caffeine_visual.tscn
Loading resource: res://main-autolysis/systems/item-system/items/caffeine.tres
Loading resource: res://main-autolysis/assets/ui/item-icons/caffeine.png
Loading resource: res://.godot/imported/caffeine.png-845993aeb7ea83f148714a7bef63cde7.ctex
Loading resource: res://main-autolysis/scenes/prefabs/prefab_place_shelf/shelf_penumatic_capsules.tscn
Loading resource: res://main-autolysis/scenes/prefabs/prefab_machines/visuals/pneumatic_capsule_visual.tscn
Loading resource: res://main-autolysis/systems/item-system/autolysis_pneumatic_capsule_shelf.gd
Loading resource: res://main-autolysis/systems/item-system/items/pneumatic_capsule.tres
Loading resource: res://main-autolysis/assets/ui/item-icons/pneumatic_capsule.png
Loading resource: res://.godot/imported/pneumatic_capsule.png-0ccb085b21f9267b6818c825240ed442.ctex
Loading resource: res://main-autolysis/scenes/prefabs/prefab_machines/machine_telephone_0.tscn
Loading resource: res://main-autolysis/scenes/prefabs/prefab_machines/visuals/telephone_handset_visual.tscn
Loading resource: res://main-autolysis/scenes/prefabs/prefab_machines/scripts/autolysis_telephone_call_controller.gd
Loading resource: res://main-autolysis/assets/audio/sound_fx/phone/sfx_phone_ring_0.wav
Loading resource: res://.godot/imported/sfx_phone_ring_0.wav-a7a561e1c34906960dcb65914a392181.sample
Loading resource: res://main-autolysis/scenes/prefabs/prefab_machines/scripts/autolysis_telephone_audio_controller.gd
Loading resource: res://main-autolysis/assets/audio/sound_fx/phone/sfx_phone_pick_up_self_0.wav
Loading resource: res://.godot/imported/sfx_phone_pick_up_self_0.wav-477619f8d549bd221b335a8b8b2c1f50.sample
Loading resource: res://main-autolysis/assets/audio/sound_fx/phone/sfx_phone_hang_up_self_0.wav
Loading resource: res://.godot/imported/sfx_phone_hang_up_self_0.wav-0dc46661c49ddcac3d16af20a442021b.sample
Loading resource: res://main-autolysis/assets/audio/sound_fx/phone/sfx_phone_default_0.wav
Loading resource: res://.godot/imported/sfx_phone_default_0.wav-a14b5752f8731cc98873a4079a146249.sample
Loading resource: res://main-autolysis/assets/audio/sound_fx/phone/sfx_phone_hang_up_other_side_0.wav
Loading resource: res://.godot/imported/sfx_phone_hang_up_other_side_0.wav-43fdfefe2c418e7188a2dce8b410895b.sample
Loading resource: res://main-autolysis/assets/audio/sound_fx/phone/sfx_phone_busy_busy signal_0.wav
Loading resource: res://.godot/imported/sfx_phone_busy_busy signal_0.wav-51c95299c3a42d7115e92a3656860e37.sample
Loading resource: res://main-autolysis/scenes/prefabs/prefab_furnitures/store_shelf_warehouse_0.tscn
Loading resource: res://main-autolysis/assets/materials/base_color/mat_base_darkblue_1.tres
Loading resource: res://main-autolysis/systems/dynamic-footstep-system/footstep-profiles/stone_footstep_profile.tres
Loading resource: res://main-autolysis/player/autolysis_player.tscn
Loading resource: res://main-autolysis/player/components/interaction_raycast.tscn
Loading resource: res://main-autolysis/player/assets/player_eyes.tres
Loading resource: res://main-autolysis/player/components/wieldables_sway.gd
Loading resource: res://main-autolysis/player/components/item_drop_shape_cast.gd
Loading resource: res://main-autolysis/systems/dynamic-footstep-system/footstep-profiles/generic_footstep_profile.tres
Loading resource: res://main-autolysis/systems/dynamic-footstep-system/assets/audio/generic/footstep_generic_00.ogg
Loading resource: res://.godot/imported/footstep_generic_00.ogg-406d831c101e89af1fd18656d91359e3.oggvorbisstr
Loading resource: res://main-autolysis/systems/dynamic-footstep-system/assets/audio/generic/footstep_generic_01.ogg
Loading resource: res://.godot/imported/footstep_generic_01.ogg-5a2b376721df6af80fc9de7916de0e05.oggvorbisstr
Loading resource: res://main-autolysis/systems/dynamic-footstep-system/assets/audio/generic/footstep_generic_02.ogg
Loading resource: res://.godot/imported/footstep_generic_02.ogg-7258b4a54fb68d487aeebf29138a3d30.oggvorbisstr
Loading resource: res://main-autolysis/systems/dynamic-footstep-system/assets/audio/generic/footstep_generic_03.ogg
Loading resource: res://.godot/imported/footstep_generic_03.ogg-cec6ed35a6fe04980d7cc8a2b08c2f92.oggvorbisstr
Loading resource: res://main-autolysis/systems/dynamic-footstep-system/assets/audio/generic/footstep_generic_04.ogg
Loading resource: res://.godot/imported/footstep_generic_04.ogg-f21f1aff59313f675ccec29d4f323cfa.oggvorbisstr
Loading resource: res://main-autolysis/systems/dynamic-footstep-system/footstep-material-library/sample_footstep_material_library.tres
Loading resource: res://main-autolysis/systems/dynamic-footstep-system/footstep-profiles/dirt_footstep_profile.tres
Loading resource: res://main-autolysis/systems/dynamic-footstep-system/assets/audio/dirt/footstep_dirt_01.ogg
Loading resource: res://.godot/imported/footstep_dirt_01.ogg-a934df5959cb7be86f9e64fcb9953a71.oggvorbisstr
Loading resource: res://main-autolysis/systems/dynamic-footstep-system/assets/audio/dirt/footstep_dirt_02.ogg
Loading resource: res://.godot/imported/footstep_dirt_02.ogg-87a8bae8415ab96ecaaa35eec030ad03.oggvorbisstr
Loading resource: res://main-autolysis/systems/dynamic-footstep-system/assets/audio/dirt/footstep_dirt_03.ogg
Loading resource: res://.godot/imported/footstep_dirt_03.ogg-4c37a6bdfcdd11867c9c73d422913850.oggvorbisstr
Loading resource: res://main-autolysis/systems/dynamic-footstep-system/assets/audio/dirt/footstep_dirt_04.ogg
Loading resource: res://.godot/imported/footstep_dirt_04.ogg-abb56dca3961c7e6aabd069f004ec8c4.oggvorbisstr
Loading resource: res://main-autolysis/systems/dynamic-footstep-system/assets/materials/example_dirt.tres
Loading resource: res://main-autolysis/systems/dynamic-footstep-system/footstep-profiles/grass_footstep_profile.tres
Loading resource: res://main-autolysis/systems/dynamic-footstep-system/assets/audio/grass/footstep_grass_01.ogg
Loading resource: res://.godot/imported/footstep_grass_01.ogg-68854118bd527ba1a6b7dfbce3ce7f79.oggvorbisstr
Loading resource: res://main-autolysis/systems/dynamic-footstep-system/assets/audio/grass/footstep_grass_02.ogg
Loading resource: res://.godot/imported/footstep_grass_02.ogg-2042e36181b91a10ded4d27b5ee50cc9.oggvorbisstr
Loading resource: res://main-autolysis/systems/dynamic-footstep-system/assets/audio/grass/footstep_grass_03.ogg
Loading resource: res://.godot/imported/footstep_grass_03.ogg-41d94c100f745103b905f13e4cfdba97.oggvorbisstr
Loading resource: res://main-autolysis/systems/dynamic-footstep-system/assets/audio/grass/footstep_grass_04.ogg
Loading resource: res://.godot/imported/footstep_grass_04.ogg-80452a2fbb182b910eccbf86fc02d49b.oggvorbisstr
Loading resource: res://main-autolysis/systems/dynamic-footstep-system/assets/materials/example_grass.tres
Loading resource: res://main-autolysis/systems/dynamic-footstep-system/assets/materials/example_stone.tres
Loading resource: res://main-autolysis/systems/dynamic-footstep-system/footstep-profiles/wood_footstep_profile.tres
Loading resource: res://main-autolysis/systems/dynamic-footstep-system/assets/audio/wood/footstep_wood_01.ogg
Loading resource: res://.godot/imported/footstep_wood_01.ogg-7ad9ab5bb020f5c53f91407183306fee.oggvorbisstr
Loading resource: res://main-autolysis/systems/dynamic-footstep-system/assets/audio/wood/footstep_wood_02.ogg
Loading resource: res://.godot/imported/footstep_wood_02.ogg-93e7109cf5de292ae15e8fa44e36e1c9.oggvorbisstr
Loading resource: res://main-autolysis/systems/dynamic-footstep-system/assets/audio/wood/footstep_wood_03.ogg
Loading resource: res://.godot/imported/footstep_wood_03.ogg-4e509849283a8fa5fb78449d86081dff.oggvorbisstr
Loading resource: res://main-autolysis/systems/dynamic-footstep-system/assets/audio/wood/footstep_wood_04.ogg
Loading resource: res://.godot/imported/footstep_wood_04.ogg-33e1903b14acc88f55827b75423f671c.oggvorbisstr
Loading resource: res://main-autolysis/systems/dynamic-footstep-system/assets/materials/example_wood.tres
Loading resource: res://main-autolysis/ui/autolysis_crosshair.tscn
Loading resource: res://main-autolysis/ui/inventory/autolysis_inventory_bar.tscn
Loading resource: res://main-autolysis/ui/inventory/autolysis_inventory_slot.tscn
Loading resource: res://main-autolysis/assets/ui/inventory/degauss_inventory_slot_border.png
Loading resource: res://.godot/imported/degauss_inventory_slot_border.png-5688a966d13c996c67c9c213a42fa554.ctex
Loading resource: res://main-autolysis/assets/ui/inventory/mouseclick1.ogg
Loading resource: res://.godot/imported/mouseclick1.ogg-bbaf75cc7dc4f6ff57faa2d63f790b22.oggvorbisstr
Loading resource: res://main-autolysis/ui/inventory/autolysis_liquid_contents_panel.tscn
Loading resource: res://main-autolysis/ui/autolysis_handset_pose_debug.tscn
Loading resource: res://main-autolysis/systems/dialogue-system/autolysis_dialogue_player.tscn
Loading resource: res://main-autolysis/ui/dialogue/autolysis_dialogue_subtitle.tscn
Loading resource: res://main-autolysis/player/components/autolysis_telephone_call_test_trigger.gd
Loading resource: res://main-autolysis/systems/dialogue-system/chat_0.tres
Loading resource: res://main-autolysis/systems/dialogue-system/dialogue_zh.zh.translation
Loading resource: res://main-autolysis/assets/audio/speech/chat_0/chat_0_0.wav
Loading resource: res://.godot/imported/chat_0_0.wav-1abc17e7d1e52113fec1960696e0c61a.sample
Loading resource: res://main-autolysis/assets/audio/speech/chat_0/chat_0_1.wav
Loading resource: res://.godot/imported/chat_0_1.wav-3dbd66080b4d1bb83459600d6dc07c05.sample
Loading resource: res://main-autolysis/assets/audio/speech/chat_0/chat_0_2.wav
Loading resource: res://.godot/imported/chat_0_2.wav-c43254b929951c42d89892aa6d303e76.sample
Loading resource: res://main-autolysis/assets/audio/speech/chat_0/chat_0_3.wav
Loading resource: res://.godot/imported/chat_0_3.wav-8b02616ff32ac54b8eea88ff99a7610b.sample
Loading resource: res://main-autolysis/assets/audio/speech/chat_0/chat_0_4.wav
Loading resource: res://.godot/imported/chat_0_4.wav-2df3bac14f8c4a3cef5ffb6f424cc165.sample
Loading resource: res://main-autolysis/assets/audio/speech/chat_0/chat_0_5.wav
Loading resource: res://.godot/imported/chat_0_5.wav-5d846d5a533666685ddcba37b2050fc9.sample
Loading resource: res://main-autolysis/assets/audio/speech/chat_0/chat_0_6.wav
Loading resource: res://.godot/imported/chat_0_6.wav-09e5dd7fd71c6e64e6e488e68e35caba.sample
Loading resource: res://main-autolysis/assets/audio/speech/chat_0/chat_0_7.wav
Loading resource: res://.godot/imported/chat_0_7.wav-e0b53c0ee5d8b8297ba08d67efdd701e.sample
Loading resource: res://main-autolysis/assets/audio/speech/chat_0/chat_0_8.wav
Loading resource: res://.godot/imported/chat_0_8.wav-61a253aec45654425e0d920c23a06fa4.sample
Loading resource: res://main-autolysis/player/components/autolysis_quest_print_test_trigger.gd
Loading resource: res://main-autolysis/systems/quest-print-system/quests/quest_test_0.tres
Loading resource: res://docs/project-autolysis/00-discuss/交互系统/电话聚焦交互实施证据/20261004/baseline/main-autolysis/scenes/prefabs/prefab_machines/machine_telephone_0.tscn
Loading resource: res://docs/project-autolysis/00-discuss/交互系统/电话聚焦交互实施证据/20261004/baseline/main-autolysis/scenes/01-autolysis-test.tscn
SceneTreeFTI: traversal method DEFAULT
Loading resource: res://main-autolysis/systems/runtime-session/autolysis_runtime_session.gd
Loaded system CA certificates
通过：原电话聚焦相机迁移后的实际全局变换保持
通过：原电话聚焦相机场角保持
通过：听筒独立物理入口迁移保持实际全局变换
通过：听筒挂机锚点原场景实际全局变换保持
通过：纯模型提取保留原资产实际五个网格
通过：提取网格尺寸与来源一致：mesh_phone_hand_set（来源网格路径）
通过：提取网格材质与来源一致：mesh_phone_hand_set（来源网格路径）
通过：提取网格相对变换与来源一致：mesh_phone_hand_set（来源网格路径）
通过：提取网格尺寸与来源一致：mesh_phone_hand_set/MeshInstance3D4（来源网格路径）
通过：提取网格材质与来源一致：mesh_phone_hand_set/MeshInstance3D4（来源网格路径）
通过：提取网格相对变换与来源一致：mesh_phone_hand_set/MeshInstance3D4（来源网格路径）
通过：提取网格尺寸与来源一致：mesh_phone_hand_set/MeshInstance3D4/MeshInstance3D5（来源网格路径）
通过：提取网格材质与来源一致：mesh_phone_hand_set/MeshInstance3D4/MeshInstance3D5（来源网格路径）
通过：提取网格相对变换与来源一致：mesh_phone_hand_set/MeshInstance3D4/MeshInstance3D5（来源网格路径）
通过：提取网格尺寸与来源一致：mesh_phone_hand_set/MeshInstance3D5（来源网格路径）
通过：提取网格材质与来源一致：mesh_phone_hand_set/MeshInstance3D5（来源网格路径）
通过：提取网格相对变换与来源一致：mesh_phone_hand_set/MeshInstance3D5（来源网格路径）
通过：提取网格尺寸与来源一致：mesh_phone_hand_set/MeshInstance3D5/MeshInstance3D5（来源网格路径）
通过：提取网格材质与来源一致：mesh_phone_hand_set/MeshInstance3D5/MeshInstance3D5（来源网格路径）
通过：提取网格相对变换与来源一致：mesh_phone_hand_set/MeshInstance3D5/MeshInstance3D5（来源网格路径）
通过：共享纯模型无业务脚本、碰撞或交互分组
通过：正式主场景电话实例变换保持实施前基线
通过：实际读取实施前主场景电话实例变换来源
通过：电话明确聚焦登记有效
通过：各电话限位初始停用
通过：普通模式不直接取下听筒
通过：普通掩码实际射线命中基座且不会被听筒内部层遮挡
通过：电话基座接受聚焦请求
通过：聚焦过渡期间拒绝取筒
通过：稳定聚焦真实射线首命中解析唯一听筒入口
通过：真实外部首命中遮挡不被电话分支穿透
通过：未登记内部层物体不能借用电话入口
通过：遮挡移除后同一真实射线恢复听筒入口
通过：电话聚焦可以正常退出
通过：实际边界外身体位置仍可在普通两米射线范围命中电话根
通过：正式根组件分发进入电话聚焦
通过：正式根射线可达的玩家样本位于已删除的旧取筒区域外
通过：旧取筒区域外正式站位通过正式听筒入口接受取下
通过：旧取筒区域外正式站位不因距离、区域或重叠取消正常成对取下
通过：旧取筒区域外正式站位限位实际在物理世界启用
通过：旧取筒区域外正式站位提交与通知后仍持筒且正常完成只通知一次
通过：正式听筒组件分发归还请求
通过：归还提交完成后两侧占用清除
通过：旧取筒区域外正式站位正式归还后实际限位停用且完成一次
通过：正式根组件分发进入电话聚焦
通过：贴近当前限位样本由用户当前真实限位变换构造且几何事实经过实际查询
通过：贴近当前限位通过正式听筒入口接受取下
通过：贴近当前限位不因距离、区域或重叠取消正常成对取下
通过：贴近当前限位限位实际在物理世界启用
通过：贴近当前限位提交与通知后仍持筒且正常完成只通知一次
通过：正式听筒组件分发归还请求
通过：归还提交完成后两侧占用清除
通过：贴近当前限位正式归还后实际限位停用且完成一次
通过：正式根组件分发进入电话聚焦
通过：重叠当前限位样本由用户当前真实限位变换构造且几何事实经过实际查询
通过：重叠当前限位通过正式听筒入口接受取下
通过：重叠当前限位不因距离、区域或重叠取消正常成对取下
通过：重叠当前限位限位实际在物理世界启用
通过：重叠当前限位提交与通知后仍持筒且正常完成只通知一次
通过：正式听筒组件分发归还请求
通过：归还提交完成后两侧占用清除
通过：重叠当前限位正式归还后实际限位停用且完成一次
通过：正式根组件分发进入电话聚焦
通过：零实体层重叠当前限位样本由用户当前真实限位变换构造且几何事实经过实际查询
通过：零实体层重叠当前限位通过正式听筒入口接受取下
通过：零实体层重叠当前限位不因距离、区域或重叠取消正常成对取下
通过：零实体层重叠当前限位限位实际在物理世界启用
通过：零实体层重叠当前限位提交与通知后仍持筒且正常完成只通知一次
通过：正式听筒组件分发归还请求
通过：归还提交完成后两侧占用清除
通过：零实体层重叠当前限位正式归还后实际限位停用且完成一次
通过：正式根组件分发进入电话聚焦
通过：位置变更样本通过正式入口建立取下预处理
通过：预处理后玩家移出旧区域且真实限位移入身体通过正式听筒入口接受取下
通过：预处理后玩家移出旧区域且真实限位移入身体不因距离、区域或重叠取消正常成对取下
通过：预处理后玩家移出旧区域且真实限位移入身体限位实际在物理世界启用
通过：预处理后玩家移出旧区域且真实限位移入身体提交与通知后仍持筒且正常完成只通知一次
通过：正式听筒组件分发归还请求
通过：归还提交完成后两侧占用清除
通过：预处理后玩家移出旧区域且真实限位移入身体正式归还后实际限位停用且完成一次
通过：正式根组件分发进入电话聚焦
通过：同步确认回调只改变玩家几何站位通过正式听筒入口接受取下
通过：同步确认回调只改变玩家几何站位不因距离、区域或重叠取消正常成对取下
通过：同步确认回调只改变玩家几何站位限位实际在物理世界启用
通过：同步确认回调只改变玩家几何站位提交与通知后仍持筒且正常完成只通知一次
通过：正式听筒组件分发归还请求
通过：归还提交完成后两侧占用清除
通过：同步确认回调只改变玩家几何站位正式归还后实际限位停用且完成一次
通过：正式根组件分发进入电话聚焦
通过：来源提交可见性回调只改变玩家几何站位通过正式听筒入口接受取下
通过：来源提交可见性回调只改变玩家几何站位不因距离、区域或重叠取消正常成对取下
通过：来源提交可见性回调只改变玩家几何站位限位实际在物理世界启用
通过：来源提交可见性回调只改变玩家几何站位提交与通知后仍持筒且正常完成只通知一次
通过：正式听筒组件分发归还请求
通过：归还提交完成后两侧占用清除
通过：来源提交可见性回调只改变玩家几何站位正式归还后实际限位停用且完成一次
通过：正式根组件分发进入电话聚焦
通过：持物通知回调只改变玩家几何站位通过正式听筒入口接受取下
通过：持物通知回调只改变玩家几何站位不因距离、区域或重叠取消正常成对取下
通过：持物通知回调只改变玩家几何站位限位实际在物理世界启用
通过：持物通知回调只改变玩家几何站位提交与通知后仍持筒且正常完成只通知一次
通过：正式听筒组件分发归还请求
通过：归还提交完成后两侧占用清除
通过：持物通知回调只改变玩家几何站位正式归还后实际限位停用且完成一次
通过：正式根组件分发进入电话聚焦
通过：完成通知回调只改变玩家几何站位通过正式听筒入口接受取下
通过：完成通知回调只改变玩家几何站位不因距离、区域或重叠取消正常成对取下
通过：完成通知回调只改变玩家几何站位限位实际在物理世界启用
通过：完成通知回调只改变玩家几何站位提交与通知后仍持筒且正常完成只通知一次
通过：正式听筒组件分发归还请求
通过：归还提交完成后两侧占用清除
通过：完成通知回调只改变玩家几何站位正式归还后实际限位停用且完成一次
通过：正式根组件分发进入电话聚焦
通过：玩家实际掩码缺限位层时拒绝取筒
通过：限位层失效时仅拒绝取筒
通过：只读取筒查询不改变空手状态
通过：只读取筒查询不改变空手状态
通过：只读取筒查询不改变空手状态
通过：只读许可不创建占用、不切换限位或隐藏挂机展示
通过：正式听筒组件分发取下请求
通过：取筒提交完成后两侧占用一致
通过：双方来源会话匹配且持物序号只增加一次
通过：取下只显示玩家听筒并确认真实限位启用
通过：取下完成和持物观察通知各一次
通过：当前格为空与实际空手明确区分
通过：其他格原实例和选中索引保持
通过：权威选格入口两个方向拒绝持筒切换
通过：电话聚焦可以正常退出
通过：正常退出聚焦保留持筒会话和限位
通过：稳定持筒已解除短暂同步移动保护
通过：持筒不扩大为禁止进入另一电话聚焦
通过：另一电话不能取第二听筒或解除原来源会话
通过：电话聚焦可以正常退出
通过：正式根组件分发进入电话聚焦
通过：挂机模型隐藏后原交互区仍由真实射线命中
通过：正式听筒组件分发归还请求
通过：归还提交完成后两侧占用清除
通过：放回只显示挂机听筒且真实限位停用
通过：取放完成和持物观察各按成功次数通知
通过：归还保留库存身份且不修改另一电话限位
通过：放回后权威选格入口两个方向恢复
通过：开始取下预处理
通过：启用待同步期间维持移动保护和库存互斥
通过：取下取消恢复挂机并在实际停用后解除保护
通过：开始延后写入回调取消用例
通过：旧延后启用回调不覆盖取消后的停用目标
通过：开始同步观察重入取消用例
通过：同步确认观察重入取消不会提交旧取筒请求
通过：开始取下后立即全局暂停
通过：全局暂停保留取下预处理和保护而不提前提交
通过：恢复后同一取下事务提交成功
通过：开始归还后显式取消
通过：归还取消保持原持有和真实限位启用
通过：正式听筒组件分发归还请求
通过：归还提交完成后两侧占用清除
通过：正式听筒组件分发取下请求
通过：取筒提交完成后两侧占用一致
通过：旧来源会话清理和旧限位序号不清除后来持有
通过：正式听筒组件分发归还请求
通过：归还提交完成后两侧占用清除
通过：开始取下后退出聚焦
通过：待同步取下可请求退出聚焦
通过：取下待同步退出完成限位恢复后解除保护
通过：正式根组件分发进入电话聚焦
通过：候选准备失败不进入电话碰撞预处理
通过：候选失败保持挂机与停用状态
通过：开始手持呈现提交失败用例
通过：呈现提交失败成对回滚并恢复真实限位停用
通过：开始来源取下拒绝用例
通过：来源拒绝取下不留下半提交
通过：正式听筒组件分发取下请求
通过：取筒提交完成后两侧占用一致
通过：开始来源归还拒绝用例
通过：归还提交失败保持匹配持有、切换锁与实际边界
通过：正式听筒组件分发归还请求
通过：归还提交完成后两侧占用清除
通过：所有失败预处理均不发布玩家成功取放通知
通过：正式根组件分发进入电话聚焦
通过：开始取下可见性观察取消用例
通过：取下隐藏观察显式取消不伪报提交或留下半占用
通过：正式听筒组件分发取下请求
通过：取筒提交完成后两侧占用一致
通过：开始归还可见性观察取消用例
通过：归还显示观察取消按提交前持有恢复真实启用边界
通过：正式听筒组件分发归还请求
通过：归还提交完成后两侧占用清除
通过：开始取下可见性观察异常终止用例
通过：取下可见性观察异常终止不留下旧事务或永久保护
通过：正式听筒组件分发取下请求
通过：取筒提交完成后两侧占用一致
通过：开始归还可见性观察异常终止用例
通过：归还可见性观察异常终止不会回滚为失效持有
通过：正式根组件分发进入电话聚焦
通过：开始取下隐藏观察立即释放必要限位用例
通过：隐藏观察释放必要限位不发成功取下并成对恢复
通过：正式根组件分发进入电话聚焦
通过：开始手持显示入树立即释放必要限位用例
通过：显示入树释放必要限位在正常完成前清理匹配会话
通过：正式根组件分发进入电话聚焦
通过：开始持物观察立即释放必要限位用例
通过：持物观察释放必要限位不继续发电话正常取下完成
通过：正式根组件分发进入电话聚焦
通过：正式听筒组件分发取下请求
通过：取筒提交完成后两侧占用一致
通过：已提交取下的完成观察不能取消回未持有边界
通过：正式听筒组件分发归还请求
通过：归还提交完成后两侧占用清除
通过：已提交归还的完成观察不能重启临时边界
通过：正式根组件分发进入电话聚焦
通过：正式听筒组件分发取下请求
通过：取筒提交完成后两侧占用一致
通过：仅聚焦相机释放终止聚焦而保留持筒和限位
通过：替换相机后显式重新登记聚焦引用
通过：正式根组件分发进入电话聚焦
通过：正式听筒组件分发归还请求
通过：归还提交完成后两侧占用清除
通过：正式听筒组件分发取下请求
通过：取筒提交完成后两侧占用一致
通过：持有中实际玩家掩码失效按匹配会话异常清理并停用边界
通过：正式听筒组件分发取下请求
通过：取筒提交完成后两侧占用一致
通过：限位已排队释放仍可安全请求原来源归还
通过：必要限位缺失的安全归还记录实际原因并清除占用
通过：正式根组件分发进入电话聚焦
通过：正式听筒组件分发取下请求
通过：取筒提交完成后两侧占用一致
通过：持有中限位物理体释放终止匹配会话且不留下永久移动保护
通过：正式根组件分发进入电话聚焦
通过：正式听筒组件分发取下请求
通过：取筒提交完成后两侧占用一致
通过：仅玩家显示实例释放按当前配置恢复而保留来源会话
通过：正式听筒组件分发归还请求
通过：归还提交完成后两侧占用清除
通过：电话实例旋转及听筒引用重组改名不因旧名称层级失效
通过：正式根组件分发进入电话聚焦
通过：正式听筒组件分发取下请求
通过：取筒提交完成后两侧占用一致
通过：有效独立六轴及缩放配置精确应用到本次纯模型
通过：变体听筒当前运行姿态可调节
通过：正式听筒组件分发归还请求
通过：归还提交完成后两侧占用清除
通过：正式听筒组件分发取下请求
通过：取筒提交完成后两侧占用一致
通过：同来源放回再取沿用本次运行缓存
通过：调节缓存不修改电话导出配置或共享模型资源
通过：仅调节面板释放不解除持有也不阻止原电话归还
通过：正式听筒组件分发归还请求
通过：归还提交完成后两侧占用清除
通过：归还变体听筒保持用户配置的挂机锚点姿态
通过：正式根组件分发进入电话聚焦
通过：正式听筒组件分发取下请求
通过：取筒提交完成后两侧占用一致
通过：重新载入正式场景恢复电话导出起值而不沿用前场景缓存
通过：正式听筒组件分发归还请求
通过：归还提交完成后两侧占用清除
通过：正式根组件分发进入电话聚焦
通过：开始同步观察释放边界：free-player-on-confirm（释放故障注入标识）
通过：同步确认观察释放玩家或库存后来源恢复挂机及限位停用
通过：正式根组件分发进入电话聚焦
通过：开始同步观察释放边界：free-inventory-on-confirm（释放故障注入标识）
通过：同步确认观察释放玩家或库存后来源恢复挂机及限位停用
通过：正式根组件分发进入电话聚焦
通过：开始同步观察释放边界：free-source-on-confirm（释放故障注入标识）
通过：同步确认观察释放来源后没有库存占用或保护残留
通过：正式根组件分发进入电话聚焦
通过：开始同步观察释放边界：immediate-player-on-confirm（释放故障注入标识）
通过：同步确认观察释放玩家或库存后来源恢复挂机及限位停用
通过：正式根组件分发进入电话聚焦
通过：开始同步观察释放边界：immediate-inventory-on-confirm（释放故障注入标识）
通过：同步确认观察释放玩家或库存后来源恢复挂机及限位停用
通过：正式根组件分发进入电话聚焦
通过：正式听筒组件分发取下请求
通过：取筒提交完成后两侧占用一致
通过：稳定持有的来源卸载清除显示与独占并释放移动保护
电话设备断言数：274；失败数：0
XR: Clearing primary interface
XR: Removed interface "Native mobile"
XR: Removed interface "OpenXR"
