Godot Engine v4.6.1.stable.official.14d19694e - https://godotengine.org

通过：主场景测试起点可进入原电话聚焦
通过：主场景合法身体可请求取筒
通过：主场景取筒后限位真实启用
通过：稳定持筒退出聚焦后短暂移动保护已经解除
通过：行走模式right实际移动未深穿透当前限位实体
通过：行走模式right存在实际移动
通过：行走模式运动后持物和限位仍属于同一会话
通过：行走模式left实际移动未深穿透当前限位实体
通过：行走模式left存在实际移动
通过：行走模式运动后持物和限位仍属于同一会话
通过：行走模式forward实际移动未深穿透当前限位实体
通过：行走模式forward存在实际移动
通过：行走模式运动后持物和限位仍属于同一会话
通过：行走模式back实际移动未深穿透当前限位实体
通过：行走模式back存在实际移动
通过：行走模式运动后持物和限位仍属于同一会话
通过：行走模式right、forward实际移动未深穿透当前限位实体
通过：行走模式right、forward存在实际移动
通过：行走模式运动后持物和限位仍属于同一会话
通过：行走模式right、back实际移动未深穿透当前限位实体
通过：行走模式right、back存在实际移动
通过：行走模式运动后持物和限位仍属于同一会话
通过：行走模式left、forward实际移动未深穿透当前限位实体
通过：行走模式left、forward存在实际移动
通过：行走模式运动后持物和限位仍属于同一会话
通过：行走模式left、back实际移动未深穿透当前限位实体
通过：行走模式left、back存在实际移动
通过：行走模式运动后持物和限位仍属于同一会话
通过：奔跑模式right实际移动未深穿透当前限位实体
通过：奔跑模式right存在实际移动
通过：奔跑模式运动后持物和限位仍属于同一会话
通过：奔跑模式left实际移动未深穿透当前限位实体
通过：奔跑模式left存在实际移动
通过：奔跑模式运动后持物和限位仍属于同一会话
通过：奔跑模式forward实际移动未深穿透当前限位实体
通过：奔跑模式forward存在实际移动
通过：奔跑模式运动后持物和限位仍属于同一会话
通过：奔跑模式back实际移动未深穿透当前限位实体
通过：奔跑模式back存在实际移动
通过：奔跑模式运动后持物和限位仍属于同一会话
通过：奔跑模式right、forward实际移动未深穿透当前限位实体
通过：奔跑模式right、forward存在实际移动
通过：奔跑模式运动后持物和限位仍属于同一会话
通过：奔跑模式right、back实际移动未深穿透当前限位实体
通过：奔跑模式right、back存在实际移动
通过：奔跑模式运动后持物和限位仍属于同一会话
通过：奔跑模式left、forward实际移动未深穿透当前限位实体
通过：奔跑模式left、forward存在实际移动
通过：奔跑模式运动后持物和限位仍属于同一会话
通过：奔跑模式left、back实际移动未深穿透当前限位实体
通过：奔跑模式left、back存在实际移动
通过：奔跑模式运动后持物和限位仍属于同一会话
通过：蹲行模式right实际移动未深穿透当前限位实体
通过：蹲行模式right存在实际移动
通过：蹲行模式运动后持物和限位仍属于同一会话
通过：蹲行模式left实际移动未深穿透当前限位实体
通过：蹲行模式left存在实际移动
通过：蹲行模式运动后持物和限位仍属于同一会话
通过：蹲行模式forward实际移动未深穿透当前限位实体
通过：蹲行模式forward存在实际移动
通过：蹲行模式运动后持物和限位仍属于同一会话
通过：蹲行模式back实际移动未深穿透当前限位实体
通过：蹲行模式back存在实际移动
通过：蹲行模式运动后持物和限位仍属于同一会话
通过：蹲行模式right、forward实际移动未深穿透当前限位实体
通过：蹲行模式right、forward存在实际移动
通过：蹲行模式运动后持物和限位仍属于同一会话
通过：蹲行模式right、back实际移动未深穿透当前限位实体
通过：蹲行模式right、back存在实际移动
通过：蹲行模式运动后持物和限位仍属于同一会话
通过：蹲行模式left、forward实际移动未深穿透当前限位实体
通过：蹲行模式left、forward存在实际移动
通过：蹲行模式运动后持物和限位仍属于同一会话
通过：蹲行模式left、back实际移动未深穿透当前限位实体
通过：蹲行模式left、back存在实际移动
通过：蹲行模式运动后持物和限位仍属于同一会话
通过：二十四条轨迹至少一次按真实物理身份接触当前限位
通过：贴当前限位实体沿边移动且台阶路径没有跨墙
通过：主场景暂停保持持有及活动墙
通过：主场景移动后原电话可重新聚焦
通过：主场景原会话可请求归还
通过：归还同步完成后只停用临时限位
通过：归还后原临时墙物理身份不再阻挡运动
通过：归还后当前固定房间墙仍以真实物理身份阻挡
通过：归还后真实玩家完整身体足迹穿过当前限位盒的另一侧
通过：场景退出前实际音频播放实例已释放
