Godot Engine v4.6.1.stable.official.14d19694e - https://godotengine.org

通过：原电话聚焦相机迁移后的实际全局变换保持
通过：原电话聚焦相机场角保持
通过：听筒独立物理入口迁移保持实际全局变换
通过：限位独立物理体迁移保持实际全局变换
通过：听筒挂机锚点原场景实际全局变换保持
通过：纯模型提取保留原资产实际五个网格
通过：提取网格尺寸与来源一致：mesh_phone_hand_set
通过：提取网格材质与来源一致：mesh_phone_hand_set
通过：提取网格相对变换与来源一致：mesh_phone_hand_set
通过：提取网格尺寸与来源一致：mesh_phone_hand_set/MeshInstance3D4
通过：提取网格材质与来源一致：mesh_phone_hand_set/MeshInstance3D4
通过：提取网格相对变换与来源一致：mesh_phone_hand_set/MeshInstance3D4
通过：提取网格尺寸与来源一致：mesh_phone_hand_set/MeshInstance3D4/MeshInstance3D5
通过：提取网格材质与来源一致：mesh_phone_hand_set/MeshInstance3D4/MeshInstance3D5
通过：提取网格相对变换与来源一致：mesh_phone_hand_set/MeshInstance3D4/MeshInstance3D5
通过：提取网格尺寸与来源一致：mesh_phone_hand_set/MeshInstance3D5
通过：提取网格材质与来源一致：mesh_phone_hand_set/MeshInstance3D5
通过：提取网格相对变换与来源一致：mesh_phone_hand_set/MeshInstance3D5
通过：提取网格尺寸与来源一致：mesh_phone_hand_set/MeshInstance3D5/MeshInstance3D5
通过：提取网格材质与来源一致：mesh_phone_hand_set/MeshInstance3D5/MeshInstance3D5
通过：提取网格相对变换与来源一致：mesh_phone_hand_set/MeshInstance3D5/MeshInstance3D5
通过：共享纯模型无业务脚本、碰撞或交互分组
通过：电话明确聚焦登记有效
通过：各电话限位初始停用
通过：普通模式不直接取下听筒
通过：普通掩码实际射线命中基座且不会被听筒内部层遮挡
通过：电话基座接受聚焦请求
通过：聚焦过渡期间拒绝取筒
通过：稳定聚焦真实射线首命中解析唯一听筒入口
通过：真实外部首命中遮挡不被电话分支穿透
通过：未登记内部层物体不能借用电话入口
通过：遮挡移除后同一真实射线恢复听筒入口
通过：电话聚焦可以正常退出
通过：实际边界外身体位置仍可在普通两米射线范围命中电话根
通过：正式根组件分发进入电话聚焦
通过：边界外身体拒绝取筒但允许电话聚焦
通过：身体与待启用限位重叠时拒绝取筒
通过：合法内侧正式站立身体可取筒
通过：玩家实际掩码缺限位层时拒绝取筒
通过：限位层失效时仅拒绝取筒
通过：缺少明确安全区域配置拒绝取筒
通过：只读取筒查询不改变空手状态
通过：只读取筒查询不改变空手状态
通过：只读取筒查询不改变空手状态
通过：只读许可不创建占用、不切换限位或隐藏挂机展示
通过：正式听筒组件分发取下请求
通过：取筒提交完成后两侧占用一致
通过：双方来源会话匹配且持物序号只增加一次
通过：取下只显示玩家听筒并确认真实限位启用
通过：取下完成和持物观察通知各一次
通过：当前格为空与实际空手明确区分
通过：其他格原实例和选中索引保持
通过：权威选格入口两个方向拒绝持筒切换
通过：电话聚焦可以正常退出
通过：正常退出聚焦保留持筒会话和限位
通过：稳定持筒已解除短暂同步移动保护
通过：持筒不扩大为禁止进入另一电话聚焦
通过：另一电话不能取第二听筒或解除原来源会话
通过：电话聚焦可以正常退出
通过：正式根组件分发进入电话聚焦
通过：挂机模型隐藏后原交互区仍由真实射线命中
通过：正式听筒组件分发归还请求
通过：归还提交完成后两侧占用清除
通过：放回只显示挂机听筒且真实限位停用
通过：取放完成和持物观察各按成功次数通知
通过：归还保留库存身份且不修改另一电话限位
通过：放回后权威选格入口两个方向恢复
通过：开始取下预处理
通过：启用待同步期间维持移动保护和库存互斥
通过：取下取消恢复挂机并在实际停用后解除保护
通过：开始延后写入回调取消用例
通过：旧延后启用回调不覆盖取消后的停用目标
通过：开始同步观察重入取消用例
通过：同步确认观察重入取消不会提交旧取筒请求
通过：开始取下后立即全局暂停
通过：全局暂停保留取下预处理和保护而不提前提交
通过：恢复后同一取下事务提交成功
通过：开始归还后显式取消
通过：归还取消保持原持有和真实限位启用
通过：正式听筒组件分发归还请求
通过：归还提交完成后两侧占用清除
通过：正式听筒组件分发取下请求
通过：取筒提交完成后两侧占用一致
通过：旧来源会话清理和旧限位序号不清除后来持有
通过：正式听筒组件分发归还请求
通过：归还提交完成后两侧占用清除
通过：开始取下后退出聚焦
通过：待同步取下可请求退出聚焦
通过：取下待同步退出完成限位恢复后解除保护
通过：正式根组件分发进入电话聚焦
通过：候选准备失败不进入电话碰撞预处理
通过：候选失败保持挂机与停用状态
通过：开始手持呈现提交失败用例
通过：呈现提交失败成对回滚并恢复真实限位停用
通过：开始来源取下拒绝用例
通过：来源拒绝取下不留下半提交
通过：正式听筒组件分发取下请求
通过：取筒提交完成后两侧占用一致
通过：开始来源归还拒绝用例
通过：归还提交失败保持匹配持有、切换锁与实际边界
通过：正式听筒组件分发归还请求
通过：归还提交完成后两侧占用清除
通过：所有失败预处理均不发布玩家成功取放通知
通过：正式根组件分发进入电话聚焦
通过：正式听筒组件分发取下请求
通过：取筒提交完成后两侧占用一致
通过：仅聚焦相机释放终止聚焦而保留持筒和限位
通过：替换相机后显式重新登记聚焦引用
通过：正式根组件分发进入电话聚焦
通过：正式听筒组件分发归还请求
通过：归还提交完成后两侧占用清除
通过：正式听筒组件分发取下请求
通过：取筒提交完成后两侧占用一致
通过：持有中实际玩家掩码失效按匹配会话异常清理并停用边界
通过：正式听筒组件分发取下请求
通过：取筒提交完成后两侧占用一致
通过：限位已排队释放仍可安全请求原来源归还
通过：必要限位缺失的安全归还记录实际原因并清除占用
通过：正式根组件分发进入电话聚焦
通过：正式听筒组件分发取下请求
通过：取筒提交完成后两侧占用一致
通过：持有中限位物理体释放终止匹配会话且不留下永久移动保护
通过：正式根组件分发进入电话聚焦
通过：正式听筒组件分发取下请求
通过：取筒提交完成后两侧占用一致
通过：仅玩家显示实例释放按当前配置恢复而保留来源会话
通过：正式听筒组件分发归还请求
通过：归还提交完成后两侧占用清除
通过：正式根组件分发进入电话聚焦
通过：开始同步观察释放边界：free-player-on-confirm
通过：同步确认观察释放玩家或库存后来源恢复挂机及限位停用
通过：正式根组件分发进入电话聚焦
通过：开始同步观察释放边界：free-inventory-on-confirm
通过：同步确认观察释放玩家或库存后来源恢复挂机及限位停用
通过：正式根组件分发进入电话聚焦
通过：开始同步观察释放边界：free-source-on-confirm
通过：同步确认观察释放来源后没有库存占用或保护残留
通过：正式根组件分发进入电话聚焦
通过：正式听筒组件分发取下请求
通过：取筒提交完成后两侧占用一致
通过：稳定持有的来源卸载清除显示与独占并释放移动保护
通过：正式根组件分发进入电话聚焦
通过：正式听筒组件分发取下请求
通过：取筒提交完成后两侧占用一致
通过：电话聚焦可以正常退出
电话设备断言数：145；失败数：0
