Godot Engine v4.6.1.stable.official.14d19694e - https://godotengine.org

通过：真实通知中心空闲无纸仍为合法聚焦目标
通过：真实玩家可通过明确登记进入通知中心聚焦
通过：正式聚焦过渡自然完成
通过：任务事件仅建立待打印
通过：待打印阶段没有世界纸张
通过：正式入口接受一次打印
通过：本次动态纸张已显式登记
通过：打印未完成时查询与执行均拒绝获取
通过：真实两杆自然复位后完成待取
通过：对应聚焦与当前空格允许取纸
通过：真实聚焦相机射线可达动态纸张和打印按钮
通过：外部首命中阻挡通知中心纸张，不穿透遮挡
通过：旧纸张序号不能解除本次登记
通过：当前格可先接收原料作为占格输入
通过：当前格占用拒绝取纸，不自动寻找其他空格
通过：占格失败保留原纸张及完成待取状态
通过：玩家主动选中空格后允许获取
通过：听筒交接互斥拒绝任务文件获取
通过：已持听筒互斥拒绝任务文件获取
通过：玩家正常退出设备聚焦
通过：退出聚焦拒绝纸张直接调用
通过：退出聚焦保留已完成纸张
通过：重新进入同一通知中心聚焦
通过：真实菜单暂停拒绝取纸
通过：场景树暂停拒绝取纸
通过：聚焦来源不匹配时拒绝获取
通过：开始切换到另一有效通知中心
通过：正式聚焦入口可选择另一设备
通过：聚焦另一有效设备拒绝原设备纸张
通过：错误设备聚焦不消耗已完成来源
通过：真实通知中心空闲无纸仍为合法聚焦目标
通过：真实玩家可通过明确登记进入通知中心聚焦
通过：正式聚焦过渡自然完成
通过：任务事件仅建立待打印
通过：待打印阶段没有世界纸张
通过：正式入口接受一次打印
通过：本次动态纸张已显式登记
通过：打印未完成时查询与执行均拒绝获取
通过：真实两杆自然复位后完成待取
通过：对应聚焦与当前空格允许取纸
通过：纯展示模型准备失败拒绝取纸
通过：准备失败保持来源、当前空格及待取状态，并释放双方锁
通过：准备期间正式切格入口受库存互斥阻挡
通过：准备期间选格上下文变化拒绝旧请求
通过：选格变化不转移旧格或新格，不消耗纸张
通过：准备期间同一纸张逐件身份替换拒绝获取
通过：身份替换失败没有库存提交或来源撤销
通过：准备期间持物修订变化拒绝旧请求并保留来源
通过：准备期间真实退出聚焦拒绝旧请求
通过：退出期间准备失败保留已完成来源
通过：真实通知中心空闲无纸仍为合法聚焦目标
通过：真实玩家可通过明确登记进入通知中心聚焦
通过：正式聚焦过渡自然完成
通过：任务事件仅建立待打印
通过：待打印阶段没有世界纸张
通过：正式入口接受一次打印
通过：本次动态纸张已显式登记
通过：打印未完成时查询与执行均拒绝获取
通过：真实两杆自然复位后完成待取
通过：对应聚焦与当前空格允许取纸
通过：准备期间纸张排队释放拒绝旧请求
通过：丢失来源不会进入携带栏
通过：真实通知中心空闲无纸仍为合法聚焦目标
通过：真实玩家可通过明确登记进入通知中心聚焦
通过：正式聚焦过渡自然完成
通过：任务事件仅建立待打印
通过：待打印阶段没有世界纸张
通过：正式入口接受一次打印
通过：本次动态纸张已显式登记
通过：打印未完成时查询与执行均拒绝获取
通过：真实两杆自然复位后完成待取
通过：对应聚焦与当前空格允许取纸
通过：准备期间同一逐件资源有效任务标识变化拒绝旧请求
通过：准备期间任务标识变化保留来源身份、当前格、修订和双方锁守恒
通过：恢复本次绑定任务标识快照后许可恢复
通过：完成来源同件任务标识可以形成有效变更故障输入
通过：完成后同件任务标识变化立即拒绝查询和正式入口
通过：完成后任务标识变化不冒充转移或清理来源
通过：来源暂存撤销后的显示入树同件任务标识变化拒绝提交
通过：显示边界任务标识变化匹配回滚来源、登记、当前格、候选及资源监听
通过：显示边界失败恢复绑定任务标识后仍可正常获取
通过：准备期间同一逐件资源有效完整原文变化拒绝旧请求
通过：准备期间完整原文变化保留来源身份、当前格、修订和双方锁守恒
通过：恢复本次绑定完整原文快照后许可恢复
通过：完成来源同件完整原文可以形成有效变更故障输入
通过：完成后同件完整原文变化立即拒绝查询和正式入口
通过：完成后完整原文变化不冒充转移或清理来源
通过：来源暂存撤销后的显示入树同件完整原文变化拒绝提交
通过：显示边界完整原文变化匹配回滚来源、登记、当前格、候选及资源监听
通过：显示边界失败恢复绑定完整原文后仍可正常获取
通过：准备期间同一逐件资源有效排版分组变化拒绝旧请求
通过：准备期间排版分组变化保留来源身份、当前格、修订和双方锁守恒
通过：恢复本次绑定排版分组快照后许可恢复
通过：完成来源同件排版分组可以形成有效变更故障输入
通过：完成后同件排版分组变化立即拒绝查询和正式入口
通过：完成后排版分组变化不冒充转移或清理来源
通过：来源暂存撤销后的显示入树同件排版分组变化拒绝提交
通过：显示边界排版分组变化匹配回滚来源、登记、当前格、候选及资源监听
通过：显示边界失败恢复绑定排版分组后仍可正常获取
通过：全部内容变更故障恢复后唯一获取仍转移原绑定快照与同一逐件身份
通过：真实通知中心空闲无纸仍为合法聚焦目标
通过：真实玩家可通过明确登记进入通知中心聚焦
通过：正式聚焦过渡自然完成
通过：任务事件仅建立待打印
通过：待打印阶段没有世界纸张
通过：正式入口接受一次打印
通过：本次动态纸张已显式登记
通过：打印未完成时查询与执行均拒绝获取
通过：真实两杆自然复位后完成待取
通过：对应聚焦与当前空格允许取纸
通过：显示入树时退出聚焦回滚获取
通过：显示提交后失败成对恢复来源、登记和当前格
通过：显示边界失败清理候选并释放双方锁
通过：真实通知中心空闲无纸仍为合法聚焦目标
通过：真实玩家可通过明确登记进入通知中心聚焦
通过：正式聚焦过渡自然完成
通过：任务事件仅建立待打印
通过：待打印阶段没有世界纸张
通过：正式入口接受一次打印
通过：本次动态纸张已显式登记
通过：打印未完成时查询与执行均拒绝获取
通过：真实两杆自然复位后完成待取
通过：对应聚焦与当前空格允许取纸
通过：显示入树观察排队释放玩家时不完成获取
通过：玩家失效后来源与设备锁回滚
通过：真实通知中心空闲无纸仍为合法聚焦目标
通过：真实玩家可通过明确登记进入通知中心聚焦
通过：正式聚焦过渡自然完成
通过：任务事件仅建立待打印
通过：待打印阶段没有世界纸张
通过：正式入口接受一次打印
通过：本次动态纸张已显式登记
通过：打印未完成时查询与执行均拒绝获取
通过：真实两杆自然复位后完成待取
通过：对应聚焦与当前空格允许取纸
通过：显示入树观察立即释放设备时不完成获取
通过：设备释放后库存不保留来源或候选展示
通过：真实通知中心空闲无纸仍为合法聚焦目标
通过：真实玩家可通过明确登记进入通知中心聚焦
通过：正式聚焦过渡自然完成
通过：任务事件仅建立待打印
通过：待打印阶段没有世界纸张
通过：正式入口接受一次打印
通过：本次动态纸张已显式登记
通过：打印未完成时查询与执行均拒绝获取
通过：真实两杆自然复位后完成待取
通过：对应聚焦与当前空格允许取纸
通过：无子节点展示入树观察立即释放候选时拒绝获取
通过：立即释放候选后成对回滚库存、世界来源和显示
通过：真实通知中心空闲无纸仍为合法聚焦目标
通过：真实玩家可通过明确登记进入通知中心聚焦
通过：正式聚焦过渡自然完成
通过：任务事件仅建立待打印
通过：待打印阶段没有世界纸张
通过：正式入口接受一次打印
通过：本次动态纸张已显式登记
通过：打印未完成时查询与执行均拒绝获取
通过：真实两杆自然复位后完成待取
通过：对应聚焦与当前空格允许取纸
通过：显示可见性回调释放候选时拒绝获取
通过：可见性失败成对回滚库存与来源登记
通过：真实通知中心空闲无纸仍为合法聚焦目标
通过：真实玩家可通过明确登记进入通知中心聚焦
通过：正式聚焦过渡自然完成
通过：任务事件仅建立待打印
通过：待打印阶段没有世界纸张
通过：正式入口接受一次打印
通过：本次动态纸张已显式登记
通过：打印未完成时查询与执行均拒绝获取
通过：真实两杆自然复位后完成待取
通过：对应聚焦与当前空格允许取纸
通过：正式专用入口成功取得首份任务文件
通过：成功转移保留同一逐件身份、独立任务标识及全部十三行原文
通过：最早来源及两个持物观察者均看见双方一致终态
通过：模型入树及全部业务观察期间拒绝重入和重复获取
通过：成功清理仅移除本次纸张登记和世界来源
通过：同一任务纸张只能转移一次
通过：任务文件拒绝有效空原料架的放置查询与执行
通过：成功取走并结束观察后可接收下一份任务事件
通过：真实通知中心空闲无纸仍为合法聚焦目标
通过：真实玩家可通过明确登记进入通知中心聚焦
通过：正式聚焦过渡自然完成
通过：任务事件仅建立待打印
通过：待打印阶段没有世界纸张
通过：正式入口接受一次打印
通过：本次动态纸张已显式登记
通过：打印未完成时查询与执行均拒绝获取
通过：真实两杆自然复位后完成待取
通过：对应聚焦与当前空格允许取纸
通过：正常双方提交后来源观察释放设备仍保持成功
通过：成功观察后的设备释放不会撤销已取得资源
通过：真实通知中心空闲无纸仍为合法聚焦目标
通过：真实玩家可通过明确登记进入通知中心聚焦
通过：正式聚焦过渡自然完成
通过：任务事件仅建立待打印
通过：待打印阶段没有世界纸张
通过：正式入口接受一次打印
通过：本次动态纸张已显式登记
通过：打印未完成时查询与执行均拒绝获取
通过：真实两杆自然复位后完成待取
通过：对应聚焦与当前空格允许取纸
通过：双方成功提交后隐藏世界纸张的观察排队释放设备仍返回成功
通过：世界纸张隐藏期间设备排队释放不撤销已取得资源
通过：设备完成实际释放后携带栏保留已取得资源
通过：真实通知中心空闲无纸仍为合法聚焦目标
通过：真实玩家可通过明确登记进入通知中心聚焦
通过：正式聚焦过渡自然完成
通过：任务事件仅建立待打印
通过：待打印阶段没有世界纸张
通过：正式入口接受一次打印
通过：本次动态纸张已显式登记
通过：打印未完成时查询与执行均拒绝获取
通过：真实两杆自然复位后完成待取
通过：对应聚焦与当前空格允许取纸
通过：双方成功提交后隐藏世界纸张的观察立即释放玩家仍返回成功
通过：世界纸张隐藏期间玩家释放不恢复已提交来源或丢失局部内容快照
通过：真实通知中心空闲无纸仍为合法聚焦目标
通过：真实玩家可通过明确登记进入通知中心聚焦
通过：正式聚焦过渡自然完成
通过：任务事件仅建立待打印
通过：待打印阶段没有世界纸张
通过：正式入口接受一次打印
通过：本次动态纸张已显式登记
通过：打印未完成时查询与执行均拒绝获取
通过：真实两杆自然复位后完成待取
通过：对应聚焦与当前空格允许取纸
通过：手持全文专项通过自然完成的正式取纸入口取得首件
通过：首件世界纸张完成实际释放
通过：首件来源释放后：正式呈现器提供手持纸面只读查询
通过：首件来源释放后：文字绑定与携带栏保持同一逐件身份
通过：首件来源释放后：全文视图、视口与正面由当前手持展示拥有
通过：首件来源释放后：纸张正面使用有效且匹配当前视口的独立纹理
通过：首件来源释放后：显示完整原文、独立任务标识与原分组
通过：首件来源释放后：所有自然数据行实际文字与可见状态逐行匹配
通过：首件来源释放后：正文分组空白由实际排版位置保持
通过：正式切格进入第二个空格
通过：空格清理旧纸面全文和逐件显示绑定
通过：正式切回首件保持原逐件资源
通过：首次切回首件：正式呈现器提供手持纸面只读查询
通过：首次切回首件：文字绑定与携带栏保持同一逐件身份
通过：首次切回首件：全文视图、视口与正面由当前手持展示拥有
通过：首次切回首件：纸张正面使用有效且匹配当前视口的独立纹理
通过：首次切回首件：显示完整原文、独立任务标识与原分组
通过：首次切回首件：所有自然数据行实际文字与可见状态逐行匹配
通过：首次切回首件：正文分组空白由实际排版位置保持
通过：为第二件切入当前空格
通过：实际请求并启动内容不同的第二件
通过：第二件通过有限动作自然打印与复位完成
通过：第二件转移至不同空格且具有独立逐件身份
通过：两件世界来源释放后分别保留于原携带格
通过：第二件来源释放后：正式呈现器提供手持纸面只读查询
通过：第二件来源释放后：文字绑定与携带栏保持同一逐件身份
通过：第二件来源释放后：全文视图、视口与正面由当前手持展示拥有
通过：第二件来源释放后：纸张正面使用有效且匹配当前视口的独立纹理
通过：第二件来源释放后：显示完整原文、独立任务标识与原分组
通过：第二件来源释放后：所有自然数据行实际文字与可见状态逐行匹配
通过：第二件来源释放后：正文分组空白由实际排版位置保持
通过：两件之间正式切回首件
通过：两件之间切回首件：正式呈现器提供手持纸面只读查询
通过：两件之间切回首件：文字绑定与携带栏保持同一逐件身份
通过：两件之间切回首件：全文视图、视口与正面由当前手持展示拥有
通过：两件之间切回首件：纸张正面使用有效且匹配当前视口的独立纹理
通过：两件之间切回首件：显示完整原文、独立任务标识与原分组
通过：两件之间切回首件：所有自然数据行实际文字与可见状态逐行匹配
通过：两件之间切回首件：正文分组空白由实际排版位置保持
通过：两件之间正式再切回第二件
通过：两件之间再切回第二件：正式呈现器提供手持纸面只读查询
通过：两件之间再切回第二件：文字绑定与携带栏保持同一逐件身份
通过：两件之间再切回第二件：全文视图、视口与正面由当前手持展示拥有
通过：两件之间再切回第二件：纸张正面使用有效且匹配当前视口的独立纹理
通过：两件之间再切回第二件：显示完整原文、独立任务标识与原分组
通过：两件之间再切回第二件：所有自然数据行实际文字与可见状态逐行匹配
通过：两件之间再切回第二件：正文分组空白由实际排版位置保持
任务纸张库存专项断言数：273；失败数：0
