Godot Engine v4.6.1.stable.official.14d19694e - https://godotengine.org
Vulkan 1.4.351 - Forward+ - Using Device #0: NVIDIA - NVIDIA GeForce RTX 3060 Ti

通过：验证场景包含两台完整正式混合器
通过：真实玩家着地且保持角色相机当前身份
通过：普通中心射线首先命中设备根
通过：超出两单位普通交互距离不能进入
通过：普通视线偏离设备不能进入
通过：设备根前墙体阻止普通聚焦入口
通过：普通射线实际命中验证场景原药来源
通过：真实左键从正式原药组取得对应定义
通过：普通射线实际命中验证场景原药来源
通过：真实左键从正式原药组取得对应定义
通过：保存实际图形画面
通过：进入阶段真实滚轮有效
通过：相机进入存在中间帧并完成过渡
通过：固定六十帧下进入运动恰好零点二秒且完成观察偏差最多一帧
通过：进入左键保持按住只建立一个会话且不开槽
通过：聚焦始终使用同一个玩家相机
通过：角色相机精确匹配正式设备目标世界变换与视野
通过：进入每个采样帧手持展示器与相机同步
通过：聚焦停止普通四线交互提示并保留道具栏
通过：稳定聚焦阶段真实滚轮有效
通过：稳定聚焦切到有药格时手持模型存在
通过：保存实际图形画面
通过：移动跳跃蹲伏冲刺自由观察及摇杆均不改变冻结姿态
通过：聚焦镜头不被普通流程争写且无残余运动速度
通过：真实鼠标点击零号槽立即进入打开运动
通过：零号尚未完成时一号可接受真实鼠标点击
通过：两槽动画中物理服务器的嵌套取放体保持动画前局部姿态同步随动
通过：保存实际图形画面
通过：同槽运动中重复点击不反向或排队
通过：两段独立打开动画均完成且零号不被打断
通过：四个屏幕位置均可操作并同时保持打开
通过：空手点击空取放区域不回退为关槽
通过：保存实际图形画面
通过：第一种原药只放入鼠标指定二号槽
通过：指定槽放入前后原药数量守恒
通过：设备原药使用原锚点单位局部变换
通过：设备中原药无碰撞且普通拾取入口不能绕过槽位
通过：保存实际图形画面
通过：第二种原药通过真实鼠标放入三号槽且数量守恒
通过：指定取回写入当前第三格而不自动填前方空格
通过：当前有药时拒绝取回或覆盖已有槽药品
通过：含药槽动画中原药跟随锚点且不改变局部姿态
通过：关闭二号槽不重置其他三个槽位
通过：退出阶段真实滚轮有效
通过：固定六十帧下退出为零点二秒且观察偏差最多一帧
通过：退出中手持展示器每帧同步跟随相机
通过：正常退出归还会话控制权
通过：正常退出恢复原相机世界与局部快照及视野
通过：正常退出保持玩家相机身份
通过：正常退出恢复投影模式、裁剪面、尺寸、偏移及长宽适配参数
通过：正常退出恢复手持展示器局部变换和独立标记
通过：保存实际图形画面
通过：正式设备进入稳定聚焦
通过：重新进入保留开闭状态与指定原药占用
通过：含药槽再次打开保留原药
内部墙夹具相机观测：{"临时相机世界变换":"[X: (0.0, 0.965925, -0.258822), Y: (-0.0, 0.258822, 0.965925), Z: (1.0, 0.0, 0.0), O: (0.24, 1.14476, -0.004073)]","临时相机位置":"(0.24, 1.14476, -0.004073)","临时相机方向":"(-1.0, -0.0, -0.0)","侧面外偏移":0.02,"原玩家相机世界变换":"[X: (1.0, 0.0, 0.0), Y: (0.0, 1.0, 0.0), Z: (0.0, 0.0, 1.0), O: (0.0, 1.377, 1.078)]","槽外盒尺寸":"(0.3, 0.4, 0.55)","正式参考相机世界变换":"[X: (1.0, 0.0, 0.0), Y: (0.0, 1.0, 0.0), Z: (0.0, 0.0, 1.0), O: (0.0, 1.377, 1.078)]","用途":"内部墙夹具临时相机"}
通过：内部墙夹具中央像素位于手持投影之外
通过：实际物理首命中为包含取放区域的槽大盒
通过：只排除本槽后第二次首命中正确解析取放区域
内部遮挡射线观测：{"像素":"(640.0, 360.0)","射线长度":2.0,"手持投影包围矩形":"[P: (0.0, 0.0), S: (0.0, 0.0)]","槽位":2,"正向间距":0.0699999928474426,"点击位于手持投影外":true,"用途":"槽大盒内部独立墙临时侧视夹具","第二次命中位置":"(0.15, 1.14476, -0.004073)","首命中位置":"(0.22, 1.14476, -0.004073)"}
通过：两层盒体实际命中之间存在可插入独立墙的空间
通过：槽大盒内独立墙阻断第二次查询并返回开闭区
通过：真实点击不能取到槽大盒内独立墙后的原药
通过：内部墙夹具恢复玩家相机与手持姿态且正式参考相机保持原值
通过：聚焦射线不能穿透设备外独立墙
通过：被墙遮挡的真实点击不转移药品
通过：其他设备根仍然遮挡当前设备射线
通过：点击其他设备覆盖区域不跨设备开槽或转移
通过：另一槽体挡在前方时不继续穿透寻找后方取放区
通过：界面消费左右键后世界开闭与退出入口均不执行
通过：真实右键归还普通控制
通过：正式设备进入稳定聚焦
通过：同一物理帧先排队左键再滚轮离开并回到原格
通过：同帧切格往返作废先前待处理点击而不误开槽
通过：同一物理帧先排队左键再打开并关闭菜单
通过：同帧菜单往返清空待处理点击并保留原会话
通过：待处理点击作废后仍能接受新的真实左键
通过：真实右键归还普通控制
通过：进入中右键从当前相机姿态开始返回
通过：退出中重复右键不重建会话或重启返回
通过：取消测试真实经历进入中间姿态
通过：连续进出第0次归还会话控制权
通过：连续进出第0次恢复原相机世界与局部快照及视野
通过：连续进出第0次保持玩家相机身份
通过：连续进出第0次恢复投影模式、裁剪面、尺寸、偏移及长宽适配参数
通过：连续进出第0次恢复手持展示器局部变换和独立标记
通过：进入中右键从当前相机姿态开始返回
通过：退出中重复右键不重建会话或重启返回
通过：取消测试真实经历进入中间姿态
通过：连续进出第1次归还会话控制权
通过：连续进出第1次恢复原相机世界与局部快照及视野
通过：连续进出第1次保持玩家相机身份
通过：连续进出第1次恢复投影模式、裁剪面、尺寸、偏移及长宽适配参数
通过：连续进出第1次恢复手持展示器局部变换和独立标记
通过：进入中右键从当前相机姿态开始返回
通过：退出中重复右键不重建会话或重启返回
通过：取消测试真实经历进入中间姿态
通过：连续进出第2次归还会话控制权
通过：连续进出第2次恢复原相机世界与局部快照及视野
通过：连续进出第2次保持玩家相机身份
通过：连续进出第2次恢复投影模式、裁剪面、尺寸、偏移及长宽适配参数
通过：连续进出第2次恢复手持展示器局部变换和独立标记
通过：正式设备进入稳定聚焦
通过：不同初始视角进入后全部投影参数匹配参考相机
通过：真实右键归还普通控制
通过：不同初始视角归还会话控制权
通过：不同初始视角恢复原相机世界与局部快照及视野
通过：不同初始视角保持玩家相机身份
通过：不同初始视角恢复投影模式、裁剪面、尺寸、偏移及长宽适配参数
通过：不同初始视角恢复手持展示器局部变换和独立标记
通过：正式设备进入稳定聚焦
通过：不同初始视角进入后全部投影参数匹配参考相机
通过：真实右键归还普通控制
通过：不同初始视角归还会话控制权
通过：不同初始视角恢复原相机世界与局部快照及视野
通过：不同初始视角保持玩家相机身份
通过：不同初始视角恢复投影模式、裁剪面、尺寸、偏移及长宽适配参数
通过：不同初始视角恢复手持展示器局部变换和独立标记
通过：镜头动画夹具进入前确实沿指定正倒放方向播放
通过：聚焦暂停原镜头动画并保留正放或倒放进度
通过：真实右键归还普通控制
通过：归还控制瞬间镜头动画恢复原进度、播放状态与正倒放速度
镜头动画恢复观测：{"归还控制瞬间":{"播放中":true,"激活":true,"进度":0.15,"速度":0.400000005960464},"聚焦中动画激活":false,"聚焦中动画进度":0.15,"聚焦状态":2,"请求播放速度":0.4,"进入前相机旋转":"(-0.046853, 0.0, 0.0)","进入前进度":0.15,"进入前速度":0.400000005960464,"退出等待后进度":0.170000000298023,"退出等待后速度":0.400000005960464,"随后两帧进度":0.183333333830039,"随后两帧速度":0.400000005960464}
通过：恢复后原镜头动画沿原播放方向继续推进
通过：镜头动画夹具进入前确实沿指定正倒放方向播放
通过：聚焦暂停原镜头动画并保留正放或倒放进度
通过：真实右键归还普通控制
通过：归还控制瞬间镜头动画恢复原进度、播放状态与正倒放速度
镜头动画恢复观测：{"归还控制瞬间":{"播放中":true,"激活":true,"进度":0.15,"速度":-0.400000005960464},"聚焦中动画激活":false,"聚焦中动画进度":0.15,"聚焦状态":2,"请求播放速度":-0.4,"进入前相机旋转":"(-0.046853, 0.0, 0.0)","进入前进度":0.15,"进入前速度":-0.400000005960464,"退出等待后进度":0.129999999701977,"退出等待后速度":-0.400000005960464,"随后两帧进度":0.116666666169961,"随后两帧速度":-0.400000005960464}
通过：恢复后原镜头动画沿原播放方向继续推进
通过：异常检查到达指定聚焦阶段1
通过：菜单或全局暂停在阶段1冻结相机并拦截左右键及滚轮：菜单
通过：恢复后继续原会话且不补播暂停期间点击
通过：菜单或暂停恢复稳定聚焦时鼠标保持可见
通过：真实右键归还普通控制
通过：异常检查到达指定聚焦阶段2
通过：暂停检查前通过真实点击启动槽位动画
通过：菜单或全局暂停在阶段2冻结相机并拦截左右键及滚轮：菜单
通过：菜单允许既有槽位动画继续而全局暂停冻结槽位动画
通过：恢复后继续原会话且不补播暂停期间点击
通过：菜单或暂停恢复稳定聚焦时鼠标保持可见
通过：真实右键归还普通控制
通过：异常检查到达指定聚焦阶段3
通过：菜单或全局暂停在阶段3冻结相机并拦截左右键及滚轮：菜单
通过：恢复后继续原会话且不补播暂停期间点击
通过：异常检查到达指定聚焦阶段1
通过：菜单或全局暂停在阶段1冻结相机并拦截左右键及滚轮：全局暂停
通过：恢复后继续原会话且不补播暂停期间点击
通过：菜单或暂停恢复稳定聚焦时鼠标保持可见
通过：真实右键归还普通控制
通过：异常检查到达指定聚焦阶段2
通过：暂停检查前通过真实点击启动槽位动画
通过：菜单或全局暂停在阶段2冻结相机并拦截左右键及滚轮：全局暂停
通过：菜单允许既有槽位动画继续而全局暂停冻结槽位动画
通过：恢复后继续原会话且不补播暂停期间点击
通过：菜单或暂停恢复稳定聚焦时鼠标保持可见
通过：真实右键归还普通控制
通过：异常检查到达指定聚焦阶段3
通过：菜单或全局暂停在阶段3冻结相机并拦截左右键及滚轮：全局暂停
通过：恢复后继续原会话且不补播暂停期间点击
通过：异常检查到达指定聚焦阶段1
通过：阶段1释放设备归还会话控制权
通过：阶段1释放设备恢复原相机世界与局部快照及视野
通过：阶段1释放设备保持玩家相机身份
通过：阶段1释放设备恢复投影模式、裁剪面、尺寸、偏移及长宽适配参数
通过：阶段1释放设备恢复手持展示器局部变换和独立标记
通过：异常检查到达指定聚焦阶段2
通过：阶段2释放设备归还会话控制权
通过：阶段2释放设备恢复原相机世界与局部快照及视野
通过：阶段2释放设备保持玩家相机身份
通过：阶段2释放设备恢复投影模式、裁剪面、尺寸、偏移及长宽适配参数
通过：阶段2释放设备恢复手持展示器局部变换和独立标记
通过：异常检查到达指定聚焦阶段3
通过：阶段3释放设备归还会话控制权
通过：阶段3释放设备恢复原相机世界与局部快照及视野
通过：阶段3释放设备保持玩家相机身份
通过：阶段3释放设备恢复投影模式、裁剪面、尺寸、偏移及长宽适配参数
通过：阶段3释放设备恢复手持展示器局部变换和独立标记
通过：异常检查到达指定聚焦阶段1
通过：阶段1释放参考相机归还会话控制权
通过：阶段1释放参考相机恢复原相机世界与局部快照及视野
通过：阶段1释放参考相机保持玩家相机身份
通过：阶段1释放参考相机恢复投影模式、裁剪面、尺寸、偏移及长宽适配参数
通过：阶段1释放参考相机恢复手持展示器局部变换和独立标记
通过：异常检查到达指定聚焦阶段2
通过：阶段2释放参考相机归还会话控制权
通过：阶段2释放参考相机恢复原相机世界与局部快照及视野
通过：阶段2释放参考相机保持玩家相机身份
通过：阶段2释放参考相机恢复投影模式、裁剪面、尺寸、偏移及长宽适配参数
通过：阶段2释放参考相机恢复手持展示器局部变换和独立标记
通过：异常检查到达指定聚焦阶段3
通过：阶段3释放参考相机归还会话控制权
通过：阶段3释放参考相机恢复原相机世界与局部快照及视野
通过：阶段3释放参考相机保持玩家相机身份
通过：阶段3释放参考相机恢复投影模式、裁剪面、尺寸、偏移及长宽适配参数
通过：阶段3释放参考相机恢复手持展示器局部变换和独立标记
通过：异常检查到达指定聚焦阶段1
通过：阶段1释放玩家完成且不访问已释放子节点
通过：异常检查到达指定聚焦阶段2
通过：阶段2释放玩家完成且不访问已释放子节点
通过：异常检查到达指定聚焦阶段3
通过：阶段3释放玩家完成且不访问已释放子节点
通过：普通射线实际命中验证场景原药来源
通过：真实左键从正式原药组取得对应定义
通过：普通射线实际命中验证场景原药来源
通过：真实左键从正式原药组取得对应定义
通过：正式设备进入稳定聚焦
通过：一个槽门的必要播放器失效不撤销设备核心登记或聚焦会话
通过：局部播放器失效只拒绝依赖该门的开闭和取放
通过：局部门失效后真实鼠标仍能打开另一个登记槽门
通过：局部运动依赖失效与邻门操作保持原药来源数量
通过：真实右键归还普通控制
通过：局部门依赖失效后退出归还会话控制权
通过：局部门依赖失效后退出恢复原相机世界与局部快照及视野
通过：局部门依赖失效后退出保持玩家相机身份
通过：局部门依赖失效后退出恢复投影模式、裁剪面、尺寸、偏移及长宽适配参数
通过：局部门依赖失效后退出恢复手持展示器局部变换和独立标记
通过：正式主场景继续实例化真实混合器
通过：正式主场景玩家着地并保持正常相机
通过：保存实际图形画面
通过：正式设备进入稳定聚焦
通过：保存实际图形画面
通过：正式主场景实际聚焦后四槽分别响应鼠标指针点击
通过：保存实际图形画面
通过：真实右键归还普通控制
通过：正式主场景退出归还会话控制权
通过：正式主场景退出恢复原相机世界与局部快照及视野
通过：正式主场景退出保持玩家相机身份
通过：正式主场景退出恢复投影模式、裁剪面、尺寸、偏移及长宽适配参数
通过：正式主场景退出恢复手持展示器局部变换和独立标记
通过：保存实际图形画面
聚焦验收断言数：227；记录数：227；失败总数：0；图形后端：true
