ERROR: Could not create editor data directory: C:/Users/baine/AppData/Roaming/Godot
   at: EditorPaths (editor/file_system/editor_paths.cpp:200)
ERROR: Could not create editor config directory: C:/Users/baine/AppData/Roaming/Godot
   at: EditorPaths (editor/file_system/editor_paths.cpp:215)
ERROR: Could not create editor cache directory: C:/Users/baine/AppData/Local/Godot
   at: EditorPaths (editor/file_system/editor_paths.cpp:236)
ERROR: Cannot open file 'C:/Users/baine/AppData/Local/Godot/editor_doc_cache-4.6.res'.
ERROR: Failed to read the root certificate store.
   at: load (core/io/resource_format_binary.cpp:1220)
   at: get_system_ca_certificates (platform/windows/os_windows.cpp:2570)
ERROR: Failed loading resource: C:/Users/baine/AppData/Local/Godot/editor_doc_cache-4.6.res.
   at: _load (core/io/resource_loader.cpp:343)
ERROR: Could not open 'user://' directory: 'user://'.
   at: _get_and_create_snapshot_storage_dir (modules/objectdb_profiler/editor/objectdb_profiler_panel.cpp:154)
ERROR: Cannot open directory 'C:/Users/baine/AppData/Roaming/Godot/feature_profiles'.
   at: _update_profile_list (editor/settings/editor_feature_profile.cpp:390)
ERROR: Cannot create file 'C:/Users/baine/AppData/Local/Godot/editor_doc_cache-4.6.res'.
   at: save (core/io/resource_format_binary.cpp:2175)
ERROR: Cannot save editor help cache (C:/Users/baine/AppData/Local/Godot/editor_doc_cache-4.6.res).
   at: _gen_doc_thread (editor/doc/editor_help.cpp:3082)
ERROR: Can't save resource to empty path. Provide non-empty path or a Resource with non-empty resource_path.
   at: save (core/io/resource_saver.cpp:106)
ERROR: Error saving editor settings to 
   at: save (editor/settings/editor_settings.cpp:1404)
