Godot Engine v4.6.1.stable.official.14d19694e - https://godotengine.org

通过：正式柜初始恰有两个槽与两个罐
通过：初始关门且当前道具格为空
通过：现有两个罐登记双向归属且未重复生成
通过：中心射线实际命中柜门物理体
失败：一次左键开始开门但尚未允许取放
通过：开门中暂停保持实际门姿态
通过：暂停期间左键不转移液体罐
失败：恢复后打开动画自然结束并开放取放
失败：打开终态保留现有横轴七十五度
失败：空手真实射线穿过柜体只选择一号罐
失败：一号罐进入当前格且零号保留
失败：拾取后立即使用掩码六十七且手持仅为纯显示
通过：只空出一号时实际放回一号槽
通过：放入成功同一提交恢复空手掩码三
失败：指定零号罐进入第一格
失败：真实滚轮切换第二空格
失败：两个同类罐分别占两格且柜子为空
失败：两槽为空时首先补入零号
通过：第二次放回一号且有限两罐总数守恒
通过：额外有限世界罐通过真实射线选中
失败：柜外独立罐通过左键进入道具栏
通过：两槽满载持第三罐时提示不可放入
失败：满载拒绝第三罐且来源保留
通过：中心射线实际命中柜门物理体
失败：持罐点击打开的门只开始关闭
通过：倒放结束恢复实际关门零度
失败：关门不改变三个有限罐的占用
通过：切空格后仍保留其他格第三罐
通过：当前格为空时关闭门禁仍同时拒绝查询和执行
失败：关门业务拒绝保持两个来源罐及其他格第三罐
通过：从背面瞄准柜内罐仍受门禁
通过：背面点击不能绕过关闭门取罐
通过：中心射线实际命中柜门物理体
失败：空手再次通过真实柜门交互打开
通过：普通实体首命中不向后补选罐
通过：实体阻挡后的点击保留柜内罐
通过：超过两单位距离不可拾取
通过：类型排斥检查准备当前格原药
通过：手持原药保持掩码十九且柜子拒绝
通过：中心射线实际命中柜门物理体
通过：手持原药仍可通过真实柜门交互关闭
失败：正式玩家侧向行走仍被第四层柜体阻挡
通过：真实主场景继承柜子与两罐初始占用
通过：中心射线实际命中柜门物理体
失败：实际主场景左键打开现有柜门
失败：实际主场景指定取回一号罐
通过：实际主场景放回对应空槽
通过：中心射线实际命中柜门物理体
通过：实际主场景关闭柜门完成完整循环
通过：机器嵌入罐固定装配且不可拾取：machine_packing_0（机器节点）
通过：固定机器罐保留原物理碰撞
通过：机器嵌入罐固定装配且不可拾取：machine_wave_rebuilder_0（机器节点）
通过：固定机器罐保留原物理碰撞
通过：机器嵌入罐固定装配且不可拾取：machine_phase_separator_0（机器节点）
通过：固定机器罐保留原物理碰撞
通过：主场景三件固定罐与两件可转移柜罐边界正确
液体罐真实输入检查断言数：56；失败：19
