Godot Engine v4.6.1.stable.official.14d19694e - https://godotengine.org

通过：原文配置实际可读取
通过：中文表格实际可读取
通过：中文表头列配置正确
通过：中文每行恰有两列
通过：中文没有重复句编号
通过：中文每行恰有两列
通过：中文没有重复句编号
通过：中文每行恰有两列
通过：中文没有重复句编号
通过：中文每行恰有两列
通过：中文没有重复句编号
通过：中文每行恰有两列
通过：中文没有重复句编号
通过：中文每行恰有两列
通过：中文没有重复句编号
通过：中文每行恰有两列
通过：中文没有重复句编号
通过：中文每行恰有两列
通过：中文没有重复句编号
通过：中文每行恰有两列
通过：中文没有重复句编号
通过：首段全部译文和语音准备成功
通过：首次首段恰有九句
通过：有序句编号保持零至八
通过：原文和独立中文表格逐字一致
通过：运行明确中文资源与表格一致
通过：语音与句编号显式对应
通过：有序句编号保持零至八
通过：原文和独立中文表格逐字一致
通过：运行明确中文资源与表格一致
通过：语音与句编号显式对应
通过：有序句编号保持零至八
通过：原文和独立中文表格逐字一致
通过：运行明确中文资源与表格一致
通过：语音与句编号显式对应
通过：有序句编号保持零至八
通过：原文和独立中文表格逐字一致
通过：运行明确中文资源与表格一致
通过：语音与句编号显式对应
通过：有序句编号保持零至八
通过：原文和独立中文表格逐字一致
通过：运行明确中文资源与表格一致
通过：语音与句编号显式对应
通过：有序句编号保持零至八
通过：原文和独立中文表格逐字一致
通过：运行明确中文资源与表格一致
通过：语音与句编号显式对应
通过：有序句编号保持零至八
通过：原文和独立中文表格逐字一致
通过：运行明确中文资源与表格一致
通过：语音与句编号显式对应
通过：有序句编号保持零至八
通过：原文和独立中文表格逐字一致
通过：运行明确中文资源与表格一致
通过：语音与句编号显式对应
通过：有序句编号保持零至八
通过：原文和独立中文表格逐字一致
通过：运行明确中文资源与表格一致
通过：语音与句编号显式对应
通过：第四句没有新增末尾标点
通过：句后零等待可配置
通过：负等待拒绝准备
通过：重复句编号拒绝准备
通过：中文缺失不回退原文
通过：循环语音拒绝准备
通过：共享原语音没有被循环副本改写
