Godot Engine v4.6.1.stable.official.14d19694e - https://godotengine.org

通过：初始四格全空、第一格聚焦且无手持模型
通过：道具栏查询不能越过四格范围
通过：向下循环第1步聚焦正确
通过：向下循环第2步聚焦正确
通过：向下循环第3步聚焦正确
通过：向下循环第4步聚焦正确
通过：第一格向上循环到第四格
通过：非单步方向不改变聚焦
通过：空手时真实咖啡因进入当前第一格
通过：当前格已有道具时不叠加也不转存其他空格
通过：相同原药可以分别占用两格
通过：第三格可以持有另一种原药
通过：真实手持模型不含脚本、碰撞或交互并且仅显示一个实例
通过：切换空格立即进入空手并卸下显示
通过：切回第一格恢复原药显示且其他格内容保留
通过：两个玩家道具格、聚焦和显示互不共享
通过：重复接收许可查询不改变道具、不创建显示、不发送变化通知
通过：咖啡因组内四件陈列全部为纯显示
通过：咖啡因组向第1格提供对应原药
通过：手持时原药组不可再次发放
通过：咖啡因组向第2格提供对应原药
通过：手持时原药组不可再次发放
通过：咖啡因组向第3格提供对应原药
通过：手持时原药组不可再次发放
通过：咖啡因组向第4格提供对应原药
通过：手持时原药组不可再次发放
通过：原药组连续发放四次后陈列数保持四件
通过：原药组第0件陈列节点及位置未改变
通过：原药组第1件陈列节点及位置未改变
通过：原药组第2件陈列节点及位置未改变
通过：原药组第3件陈列节点及位置未改变
通过：苯甲酸钠组内四件陈列全部为纯显示
通过：苯甲酸钠组向第1格提供对应原药
通过：手持时原药组不可再次发放
通过：苯甲酸钠组向第2格提供对应原药
通过：手持时原药组不可再次发放
通过：苯甲酸钠组向第3格提供对应原药
通过：手持时原药组不可再次发放
通过：苯甲酸钠组向第4格提供对应原药
通过：手持时原药组不可再次发放
通过：原药组连续发放四次后陈列数保持四件
通过：原药组第0件陈列节点及位置未改变
通过：原药组第1件陈列节点及位置未改变
通过：原药组第2件陈列节点及位置未改变
通过：原药组第3件陈列节点及位置未改变
通过：独立单体通过真实交互组件进入当前格
通过：取走的单体立即隐藏、关闭碰撞并拒绝重复拾取
通过：指定取回不影响相邻原药且手持时不交换
通过：切换空格后只取走指定的另一件原药
通过：已排队释放的世界来源不能生成道具
通过：伪造架子归属但槽位未登记时拒绝取回且不删除物体
通过：真实原药架各自读取三十六个槽位并从编号零开始
通过：混放第1件原药成功
通过：第1件占据相同数字编号的槽位并登记唯一归属
通过：槽位0中原药继承旋转架体并与槽位原点重合
通过：第1次放入保持原药总数
通过：混放第2件原药成功
通过：第2件占据相同数字编号的槽位并登记唯一归属
通过：槽位1中原药继承旋转架体并与槽位原点重合
通过：第2次放入保持原药总数
通过：混放第3件原药成功
通过：第3件占据相同数字编号的槽位并登记唯一归属
通过：槽位2中原药继承旋转架体并与槽位原点重合
通过：第3次放入保持原药总数
通过：混放第4件原药成功
通过：第4件占据相同数字编号的槽位并登记唯一归属
通过：槽位3中原药继承旋转架体并与槽位原点重合
通过：第4次放入保持原药总数
通过：混放第5件原药成功
通过：第5件占据相同数字编号的槽位并登记唯一归属
通过：槽位4中原药继承旋转架体并与槽位原点重合
通过：第5次放入保持原药总数
通过：混放第6件原药成功
通过：第6件占据相同数字编号的槽位并登记唯一归属
通过：槽位5中原药继承旋转架体并与槽位原点重合
通过：第6次放入保持原药总数
通过：混放第7件原药成功
通过：第7件占据相同数字编号的槽位并登记唯一归属
通过：槽位6中原药继承旋转架体并与槽位原点重合
通过：第7次放入保持原药总数
通过：混放第8件原药成功
通过：第8件占据相同数字编号的槽位并登记唯一归属
通过：槽位7中原药继承旋转架体并与槽位原点重合
通过：第8次放入保持原药总数
通过：混放第9件原药成功
通过：第9件占据相同数字编号的槽位并登记唯一归属
通过：槽位8中原药继承旋转架体并与槽位原点重合
通过：第9次放入保持原药总数
通过：混放第10件原药成功
通过：第10件占据相同数字编号的槽位并登记唯一归属
通过：槽位9中原药继承旋转架体并与槽位原点重合
通过：第10次放入保持原药总数
通过：混放第11件原药成功
通过：第11件占据相同数字编号的槽位并登记唯一归属
通过：槽位10中原药继承旋转架体并与槽位原点重合
通过：第11次放入保持原药总数
通过：混放第12件原药成功
通过：第12件占据相同数字编号的槽位并登记唯一归属
通过：槽位11中原药继承旋转架体并与槽位原点重合
通过：第12次放入保持原药总数
通过：混放第13件原药成功
通过：第13件占据相同数字编号的槽位并登记唯一归属
通过：槽位12中原药继承旋转架体并与槽位原点重合
通过：第13次放入保持原药总数
通过：混放第14件原药成功
通过：第14件占据相同数字编号的槽位并登记唯一归属
通过：槽位13中原药继承旋转架体并与槽位原点重合
通过：第14次放入保持原药总数
通过：混放第15件原药成功
通过：第15件占据相同数字编号的槽位并登记唯一归属
通过：槽位14中原药继承旋转架体并与槽位原点重合
通过：第15次放入保持原药总数
通过：混放第16件原药成功
通过：第16件占据相同数字编号的槽位并登记唯一归属
通过：槽位15中原药继承旋转架体并与槽位原点重合
通过：第16次放入保持原药总数
通过：混放第17件原药成功
通过：第17件占据相同数字编号的槽位并登记唯一归属
通过：槽位16中原药继承旋转架体并与槽位原点重合
通过：第17次放入保持原药总数
通过：混放第18件原药成功
通过：第18件占据相同数字编号的槽位并登记唯一归属
通过：槽位17中原药继承旋转架体并与槽位原点重合
通过：第18次放入保持原药总数
通过：混放第19件原药成功
通过：第19件占据相同数字编号的槽位并登记唯一归属
通过：槽位18中原药继承旋转架体并与槽位原点重合
通过：第19次放入保持原药总数
通过：混放第20件原药成功
通过：第20件占据相同数字编号的槽位并登记唯一归属
通过：槽位19中原药继承旋转架体并与槽位原点重合
通过：第20次放入保持原药总数
通过：混放第21件原药成功
通过：第21件占据相同数字编号的槽位并登记唯一归属
通过：槽位20中原药继承旋转架体并与槽位原点重合
通过：第21次放入保持原药总数
通过：混放第22件原药成功
通过：第22件占据相同数字编号的槽位并登记唯一归属
通过：槽位21中原药继承旋转架体并与槽位原点重合
通过：第22次放入保持原药总数
通过：混放第23件原药成功
通过：第23件占据相同数字编号的槽位并登记唯一归属
通过：槽位22中原药继承旋转架体并与槽位原点重合
通过：第23次放入保持原药总数
通过：混放第24件原药成功
通过：第24件占据相同数字编号的槽位并登记唯一归属
通过：槽位23中原药继承旋转架体并与槽位原点重合
通过：第24次放入保持原药总数
通过：混放第25件原药成功
通过：第25件占据相同数字编号的槽位并登记唯一归属
通过：槽位24中原药继承旋转架体并与槽位原点重合
通过：第25次放入保持原药总数
通过：混放第26件原药成功
通过：第26件占据相同数字编号的槽位并登记唯一归属
通过：槽位25中原药继承旋转架体并与槽位原点重合
通过：第26次放入保持原药总数
通过：混放第27件原药成功
通过：第27件占据相同数字编号的槽位并登记唯一归属
通过：槽位26中原药继承旋转架体并与槽位原点重合
通过：第27次放入保持原药总数
通过：混放第28件原药成功
通过：第28件占据相同数字编号的槽位并登记唯一归属
通过：槽位27中原药继承旋转架体并与槽位原点重合
通过：第28次放入保持原药总数
通过：混放第29件原药成功
通过：第29件占据相同数字编号的槽位并登记唯一归属
通过：槽位28中原药继承旋转架体并与槽位原点重合
通过：第29次放入保持原药总数
通过：混放第30件原药成功
通过：第30件占据相同数字编号的槽位并登记唯一归属
通过：槽位29中原药继承旋转架体并与槽位原点重合
通过：第30次放入保持原药总数
通过：混放第31件原药成功
通过：第31件占据相同数字编号的槽位并登记唯一归属
通过：槽位30中原药继承旋转架体并与槽位原点重合
通过：第31次放入保持原药总数
通过：混放第32件原药成功
通过：第32件占据相同数字编号的槽位并登记唯一归属
通过：槽位31中原药继承旋转架体并与槽位原点重合
通过：第32次放入保持原药总数
通过：混放第33件原药成功
通过：第33件占据相同数字编号的槽位并登记唯一归属
通过：槽位32中原药继承旋转架体并与槽位原点重合
通过：第33次放入保持原药总数
通过：混放第34件原药成功
通过：第34件占据相同数字编号的槽位并登记唯一归属
通过：槽位33中原药继承旋转架体并与槽位原点重合
通过：第34次放入保持原药总数
通过：混放第35件原药成功
通过：第35件占据相同数字编号的槽位并登记唯一归属
通过：槽位34中原药继承旋转架体并与槽位原点重合
通过：第35次放入保持原药总数
通过：混放第36件原药成功
通过：第36件占据相同数字编号的槽位并登记唯一归属
通过：槽位35中原药继承旋转架体并与槽位原点重合
通过：第36次放入保持原药总数
通过：填满第一架不改变另一架或另一玩家
通过：满架前玩家仍可以持有第三十七件原药
通过：满架拒绝第三十七件并保留玩家原药及手持显示
通过：另一玩家指定取回编号二原药
通过：另一玩家指定取回编号十原药
通过：同时空出二和十后按数字编号优先选择二
通过：持有的第三十七件优先补入编号二
通过：跨玩家取回及补位后总数仍为三十七
通过：第二架独立接收原药且第一架占用不变
通过：编号十空位随后补齐
通过：第1次指定原药往返架子成功
通过：第1次往返后总数守恒
通过：第2次指定原药往返架子成功
通过：第2次往返后总数守恒
通过：第3次指定原药往返架子成功
通过：第3次往返后总数守恒
通过：第4次指定原药往返架子成功
通过：第4次往返后总数守恒
通过：第5次指定原药往返架子成功
通过：第5次往返后总数守恒
通过：世界资源故障用例0先建立合法手持显示
通过：世界资源故障用例0在许可查询及放入时均拒绝且道具、显示、架子和通知保持原状
通过：世界资源故障用例1先建立合法手持显示
通过：世界资源故障用例1在许可查询及放入时均拒绝且道具、显示、架子和通知保持原状
通过：世界资源故障用例2先建立合法手持显示
通过：世界资源故障用例2在许可查询及放入时均拒绝且道具、显示、架子和通知保持原状
通过：带碰撞和业务脚本的显示场景在许可查询及接收时均拒绝且不产生显示
通过：带碰撞和业务脚本的显示场景在许可查询及接收时均拒绝且不产生显示
通过：空定义和缺失必要资源的定义不能进入道具栏
通过：架子初始化中释放故障用例先持有原药
通过：槽位子节点入树回调使架子排队释放时放入失败且玩家原药保持完整
通过：通知重入用例先持有原药
通过：放入原药时发出提交后的状态通知
通过：通知观察者读取时玩家已空手且架子已登记一件
通过：放入完成通知内的许可查询反映已提交空格可以接收且不能空手放入
通过：通知期间再次接收、放入及切格被拒绝且只发送一次通知
通过：通知返回后解除事务锁并接受新的接收请求
通过：获得原药通知内许可查询允许放入但嵌套放入仍被拒绝
通过：同槽重入用例中甲乙分别持有不同原药
通过：甲挂入零号槽触发乙同步放入时乙成功而甲因槽位冲突失败
通过：同槽冲突失败后甲的道具、手持显示和通知数保持原状
通过：乙成功后当前格清空且只发布一次变化
通过：零号槽仅保留乙的一瓶原药且实际节点与登记记录一致
通过：同槽同步重入后总数守恒且下一个空位为一号槽
通过：甲在冲突结束后可以正常放入下一空位
通过：甲随后进入一号槽且未覆盖乙的零号槽记录
通过：两次提交结束后玩家均空手且两槽仅有两瓶原药
通过：咖啡因在槽位0可从架外两米内直接命中瓶体
通过：逐槽验证结束释放槽位0占用
通过：咖啡因在槽位1可从架外两米内直接命中瓶体
通过：逐槽验证结束释放槽位1占用
通过：咖啡因在槽位2可从架外两米内直接命中瓶体
通过：逐槽验证结束释放槽位2占用
通过：咖啡因在槽位3可从架外两米内直接命中瓶体
通过：逐槽验证结束释放槽位3占用
通过：咖啡因在槽位4可从架外两米内直接命中瓶体
通过：逐槽验证结束释放槽位4占用
通过：咖啡因在槽位5可从架外两米内直接命中瓶体
通过：逐槽验证结束释放槽位5占用
通过：咖啡因在槽位6可从架外两米内直接命中瓶体
通过：逐槽验证结束释放槽位6占用
通过：咖啡因在槽位7可从架外两米内直接命中瓶体
通过：逐槽验证结束释放槽位7占用
通过：咖啡因在槽位8可从架外两米内直接命中瓶体
通过：逐槽验证结束释放槽位8占用
通过：咖啡因在槽位9可从架外两米内直接命中瓶体
通过：逐槽验证结束释放槽位9占用
通过：咖啡因在槽位10可从架外两米内直接命中瓶体
通过：逐槽验证结束释放槽位10占用
通过：咖啡因在槽位11可从架外两米内直接命中瓶体
通过：逐槽验证结束释放槽位11占用
通过：咖啡因在槽位12可从架外两米内直接命中瓶体
通过：逐槽验证结束释放槽位12占用
通过：咖啡因在槽位13可从架外两米内直接命中瓶体
通过：逐槽验证结束释放槽位13占用
通过：咖啡因在槽位14可从架外两米内直接命中瓶体
通过：逐槽验证结束释放槽位14占用
通过：咖啡因在槽位15可从架外两米内直接命中瓶体
通过：逐槽验证结束释放槽位15占用
通过：咖啡因在槽位16可从架外两米内直接命中瓶体
通过：逐槽验证结束释放槽位16占用
通过：咖啡因在槽位17可从架外两米内直接命中瓶体
通过：逐槽验证结束释放槽位17占用
通过：咖啡因在槽位18可从架外两米内直接命中瓶体
通过：逐槽验证结束释放槽位18占用
通过：咖啡因在槽位19可从架外两米内直接命中瓶体
通过：逐槽验证结束释放槽位19占用
通过：咖啡因在槽位20可从架外两米内直接命中瓶体
通过：逐槽验证结束释放槽位20占用
通过：咖啡因在槽位21可从架外两米内直接命中瓶体
通过：逐槽验证结束释放槽位21占用
通过：咖啡因在槽位22可从架外两米内直接命中瓶体
通过：逐槽验证结束释放槽位22占用
通过：咖啡因在槽位23可从架外两米内直接命中瓶体
通过：逐槽验证结束释放槽位23占用
通过：咖啡因在槽位24可从架外两米内直接命中瓶体
通过：逐槽验证结束释放槽位24占用
通过：咖啡因在槽位25可从架外两米内直接命中瓶体
通过：逐槽验证结束释放槽位25占用
通过：咖啡因在槽位26可从架外两米内直接命中瓶体
通过：逐槽验证结束释放槽位26占用
通过：咖啡因在槽位27可从架外两米内直接命中瓶体
通过：逐槽验证结束释放槽位27占用
通过：咖啡因在槽位28可从架外两米内直接命中瓶体
通过：逐槽验证结束释放槽位28占用
通过：咖啡因在槽位29可从架外两米内直接命中瓶体
通过：逐槽验证结束释放槽位29占用
通过：咖啡因在槽位30可从架外两米内直接命中瓶体
通过：逐槽验证结束释放槽位30占用
通过：咖啡因在槽位31可从架外两米内直接命中瓶体
通过：逐槽验证结束释放槽位31占用
通过：咖啡因在槽位32可从架外两米内直接命中瓶体
通过：逐槽验证结束释放槽位32占用
通过：咖啡因在槽位33可从架外两米内直接命中瓶体
通过：逐槽验证结束释放槽位33占用
通过：咖啡因在槽位34可从架外两米内直接命中瓶体
通过：逐槽验证结束释放槽位34占用
通过：咖啡因在槽位35可从架外两米内直接命中瓶体
通过：逐槽验证结束释放槽位35占用
通过：苯甲酸钠在槽位0可从架外两米内直接命中瓶体
通过：逐槽验证结束释放槽位0占用
通过：苯甲酸钠在槽位1可从架外两米内直接命中瓶体
通过：逐槽验证结束释放槽位1占用
通过：苯甲酸钠在槽位2可从架外两米内直接命中瓶体
通过：逐槽验证结束释放槽位2占用
通过：苯甲酸钠在槽位3可从架外两米内直接命中瓶体
通过：逐槽验证结束释放槽位3占用
通过：苯甲酸钠在槽位4可从架外两米内直接命中瓶体
通过：逐槽验证结束释放槽位4占用
通过：苯甲酸钠在槽位5可从架外两米内直接命中瓶体
通过：逐槽验证结束释放槽位5占用
通过：苯甲酸钠在槽位6可从架外两米内直接命中瓶体
通过：逐槽验证结束释放槽位6占用
通过：苯甲酸钠在槽位7可从架外两米内直接命中瓶体
通过：逐槽验证结束释放槽位7占用
通过：苯甲酸钠在槽位8可从架外两米内直接命中瓶体
通过：逐槽验证结束释放槽位8占用
通过：苯甲酸钠在槽位9可从架外两米内直接命中瓶体
通过：逐槽验证结束释放槽位9占用
通过：苯甲酸钠在槽位10可从架外两米内直接命中瓶体
通过：逐槽验证结束释放槽位10占用
通过：苯甲酸钠在槽位11可从架外两米内直接命中瓶体
通过：逐槽验证结束释放槽位11占用
通过：苯甲酸钠在槽位12可从架外两米内直接命中瓶体
通过：逐槽验证结束释放槽位12占用
通过：苯甲酸钠在槽位13可从架外两米内直接命中瓶体
通过：逐槽验证结束释放槽位13占用
通过：苯甲酸钠在槽位14可从架外两米内直接命中瓶体
通过：逐槽验证结束释放槽位14占用
通过：苯甲酸钠在槽位15可从架外两米内直接命中瓶体
通过：逐槽验证结束释放槽位15占用
通过：苯甲酸钠在槽位16可从架外两米内直接命中瓶体
通过：逐槽验证结束释放槽位16占用
通过：苯甲酸钠在槽位17可从架外两米内直接命中瓶体
通过：逐槽验证结束释放槽位17占用
通过：苯甲酸钠在槽位18可从架外两米内直接命中瓶体
通过：逐槽验证结束释放槽位18占用
通过：苯甲酸钠在槽位19可从架外两米内直接命中瓶体
通过：逐槽验证结束释放槽位19占用
通过：苯甲酸钠在槽位20可从架外两米内直接命中瓶体
通过：逐槽验证结束释放槽位20占用
通过：苯甲酸钠在槽位21可从架外两米内直接命中瓶体
通过：逐槽验证结束释放槽位21占用
通过：苯甲酸钠在槽位22可从架外两米内直接命中瓶体
通过：逐槽验证结束释放槽位22占用
通过：苯甲酸钠在槽位23可从架外两米内直接命中瓶体
通过：逐槽验证结束释放槽位23占用
通过：苯甲酸钠在槽位24可从架外两米内直接命中瓶体
通过：逐槽验证结束释放槽位24占用
通过：苯甲酸钠在槽位25可从架外两米内直接命中瓶体
通过：逐槽验证结束释放槽位25占用
通过：苯甲酸钠在槽位26可从架外两米内直接命中瓶体
通过：逐槽验证结束释放槽位26占用
通过：苯甲酸钠在槽位27可从架外两米内直接命中瓶体
通过：逐槽验证结束释放槽位27占用
通过：苯甲酸钠在槽位28可从架外两米内直接命中瓶体
通过：逐槽验证结束释放槽位28占用
通过：苯甲酸钠在槽位29可从架外两米内直接命中瓶体
通过：逐槽验证结束释放槽位29占用
通过：苯甲酸钠在槽位30可从架外两米内直接命中瓶体
通过：逐槽验证结束释放槽位30占用
通过：苯甲酸钠在槽位31可从架外两米内直接命中瓶体
通过：逐槽验证结束释放槽位31占用
通过：苯甲酸钠在槽位32可从架外两米内直接命中瓶体
通过：逐槽验证结束释放槽位32占用
通过：苯甲酸钠在槽位33可从架外两米内直接命中瓶体
通过：逐槽验证结束释放槽位33占用
通过：苯甲酸钠在槽位34可从架外两米内直接命中瓶体
通过：逐槽验证结束释放槽位34占用
通过：苯甲酸钠在槽位35可从架外两米内直接命中瓶体
通过：逐槽验证结束释放槽位35占用
通过：两种原药各自三十六槽位形成七十二条真实射线记录
通过：遮挡检查在下层编号零放置原药
通过：架体真实背板是从架后瞄准原药时的首个命中物
通过：普通墙体遮挡时射线首个命中墙而不能穿透取药
通过：移除普通墙后相同射线恢复命中原药
通过：架体下层板保持真实遮挡而不能从下方穿透取药
通过：遮挡验证结束释放原药占用
通过：创建逐槽射线证据目录
通过：逐槽射线坐标及命中记录已保存
道具系统断言数：396；失败总数：0；逐槽射线记录数：72
