Godot Engine v4.6.1.stable.official.14d19694e - https://godotengine.org
Vulkan 1.4.341 - Forward+ - Using Device #0: NVIDIA - NVIDIA GeForce RTX 3060 Ti

通过：组件可用性查询无效果副作用
通过：独立组件请求恰好分发一次并执行效果
通过：独立组件禁用时拒绝请求
通过：独立组件预留聚焦模式不执行直接交互
通过：没有效果接收者时不可用且不分发
通过：多个效果接收者时不可用且不分发
通过：延迟效果连接不符合本期同步契约
通过：效果回调递归交互被拒绝且外层仅分发一次
通过：未入树或空执行者不可用
通过：零参数接收者不符合单参数效果契约
通过：追加信号来源参数的连接不符合单参数效果契约
通过：效果接收者排队释放后立即拒绝请求
通过：组件排队释放后立即拒绝请求
通过：物理父节点排队释放后立即拒绝请求
通过：执行者排队释放后立即拒绝请求
通过：未配置业务查询时保留原组件可用行为
通过：业务查询允许时第1次仍可用
通过：业务查询允许时第2次仍可用
通过：业务查询允许时第3次仍可用
通过：业务查询每次接收当前发起者
通过：重复业务查询不分发效果、不改变物体状态、不创建节点
通过：基础许可拒绝时不调用业务查询
通过：业务拒绝同时阻止可用显示和请求分发
通过：业务状态恢复后原地恢复可用
通过：显示查询之后业务状态改变时分发前重新拒绝
通过：业务允许时仍只分发一次效果请求
通过：业务查询返回非布尔值时拒绝而不隐式转换
通过：零参数业务查询在执行前被拒绝
通过：双参数业务查询在执行前被拒绝
通过：非节点业务查询接收者被拒绝
通过：已经配置的空查询不可伪装为从未配置
通过：明确清除业务查询后恢复兼容行为
通过：业务查询再次查询或请求自身时拒绝重入且外层正常返回
通过：业务查询重入不产生额外效果
通过：离树的业务查询接收者不可用
通过：业务查询接收者排队释放时立即拒绝
通过：业务查询接收者释放后保持配置失效并拒绝请求
通过：失效配置只在明确清除后恢复原契约
通过：查询期间第0类依赖排队释放时取消分发
通过：查询期间第1类依赖排队释放时取消分发
通过：查询期间第2类依赖排队释放时取消分发
通过：查询期间第3类依赖排队释放时取消分发
通过：查询期间第4类依赖排队释放时取消分发
通过：面向空处初始不显示直接交互状态
通过：边长零点一的目标在中心前方一点二米时可交互
通过：目标与可用性不变时不重复发状态通知
通过：真实鼠标按下经过输入分发并执行一次效果
通过：持续按住鼠标不重复分发
通过：鼠标松开不追加效果
通过：第二次独立按下恰好产生第二次效果
通过：横向偏移零点一一后不能补选也不能点击
通过：普通墙体首个命中阻挡后方交互
通过：移除墙体后恢复直接交互
通过：移出两米射线终点后不能点击
通过：同一目标原地禁用时准星状态和点击同时拒绝
通过：同一目标不转镜头重新启用时自动恢复
通过：同一目标切换聚焦模式时不执行直接交互
通过：按下前刚禁用且尚未走显示帧时仍重新核查
通过：按下前刚转离目标时刷新中心射线而不使用缓存
通过：当前目标刚排队释放时拒绝过期点击
通过：目标释放后清除可用状态
通过：命中无效果连接的组件不能伪装成可执行目标
通过：物体拥有两个直接子组件时拒绝任意选择
通过：命中无组件物体时不分发
通过：父物体不递归借用子孙物体的组件
通过：菜单输入开启暂停后隐藏可执行状态且拒绝点击
通过：菜单恢复不补发暂停期间的点击
通过：界面显示标记阻止交互
通过：鼠标释放时阻止交互
通过：落地眩晕时阻止交互
通过：场景树暂停时玩家仍能刷新不可执行状态
通过：所有门控解除后不补发旧点击
通过：门控恢复只接受新的鼠标按下
通过：真实控件消费左键后游戏交互入口不执行
通过：消费控件移除后准星自身不拦截鼠标
通过：释放效果执行前目标有效且可用
通过：效果回调排队释放目标后清空可用状态且无重复请求
通过：点击前立即释放用例初始目标已选中
通过：目标在点击前立即释放后不访问过期选择也不分发
通过：检测器释放用例初始拥有可用目标
通过：检测器依赖释放后清除可用状态且拒绝点击
通过：验证场景出生后中心直接看见可操作开关甲
开关甲：true，请求次数：1
通过：点击开关甲只改变甲的真实网格可见状态
开关乙：true，请求次数：1
通过：点击相邻开关乙不串联开关甲
通过：真实门的关闭碰撞形状被中心射线命中
通过：门请求立即置忙避免等待物理帧期间重复请求
门已打开，请求次数：1
通过：鼠标请求后物理门自身实际转动九十度
通过：门模型与碰撞共同随门轴变换
通过：旋转后的门碰撞形状仍能被新的中心射线命中
门已关闭，请求次数：2
通过：第二次点击真实门关闭且碰撞恢复
通过：图像验收前真实目标可直接交互
通过：实际渲染视口尺寸为 1280×720
通过：保存实际渲染准星图像：res://.godot/interaction-verification/1280x720-available.png
通过：1280×720准星实测：错位像素0，白色像素164，应为164；中心二乘二、四线二十乘二、边缘间隔八像素
通过：图像验收空处只有基础准星状态
通过：实际渲染视口尺寸为 1280×720
通过：保存实际渲染准星图像：res://.godot/interaction-verification/1280x720-base.png
通过：1280×720准星实测：错位像素0，白色像素4，应为4；中心二乘二、四线二十乘二、边缘间隔八像素
通过：图像验收前真实目标可直接交互
通过：实际渲染视口尺寸为 1920×1080
通过：保存实际渲染准星图像：res://.godot/interaction-verification/1920x1080-available.png
通过：1920×1080准星实测：错位像素0，白色像素164，应为164；中心二乘二、四线二十乘二、边缘间隔八像素
通过：图像验收空处只有基础准星状态
通过：实际渲染视口尺寸为 1920×1080
通过：保存实际渲染准星图像：res://.godot/interaction-verification/1920x1080-base.png
通过：1920×1080准星实测：错位像素0，白色像素4，应为4；中心二乘二、四线二十乘二、边缘间隔八像素
通过：图像验收前真实目标可直接交互
通过：实际渲染视口尺寸为 1279×719
通过：保存实际渲染准星图像：res://.godot/interaction-verification/1279x719-available.png
通过：1279×719准星实测：错位像素0，白色像素164，应为164；中心二乘二、四线二十乘二、边缘间隔八像素
通过：图像验收空处只有基础准星状态
通过：实际渲染视口尺寸为 1279×719
通过：保存实际渲染准星图像：res://.godot/interaction-verification/1279x719-base.png
通过：1279×719准星实测：错位像素0，白色像素4，应为4；中心二乘二、四线二十乘二、边缘间隔八像素
通过：保存门和两开关完成效果后的场景截图
直接交互失败总数：0
