Godot Engine v4.6.1.stable.official.14d19694e - https://godotengine.org
Vulkan 1.4.341 - Forward+ - Using Device #0: NVIDIA - NVIDIA GeForce RTX 3060 Ti

通过：初始四格常显不占用游戏输入
通过：道具栏几何、居中和底距符合当前窗口：(1920, 1080)
通过：道具格尺寸与间距：1
通过：道具格尺寸与间距：2
通过：道具格尺寸与间距：3
通过：道具格尺寸与间距：4
通过：保存实际渲染图像：initial-empty.png
通过：第一格向上循环到第四格并更新高亮
通过：第四格向下循环到第一格
通过：滚轮释放事件不重复切换
通过：输入限制时道具栏继续可见且不切换：is_movement_paused
通过：输入限制时道具栏继续可见且不切换：is_showing_ui
通过：输入限制时道具栏继续可见且不切换：is_landing_stunned
通过：暂停不切格也不隐藏道具栏
通过：鼠标未捕获时不切格
通过：恢复输入后不补执行旧滚轮事件
通过：道具栏常显期间玩家正常移动
通过：空手瞄准实际原药组显示交互准星
通过：实际左键从组取得咖啡因
通过：取药后手持显示与交互准星同步
通过：当前格有药时点击不会塞入其他空格
通过：保存实际渲染图像：held-caffeine.png
通过：切空格后空手且原药保留原格
通过：原地切空格后准星重新可用
通过：第二格通过实际点击获得苯甲酸钠
通过：保存实际渲染图像：held-sodium.png
通过：手持原药瞄准架体可放置
通过：实际点击放入编号最小空槽并清空当前格
通过：第二种原药混放到编号一槽位
通过：瞄准指定瓶体只取回对应原药
通过：取回另一件原药不影响原槽零的苯甲酸钠
通过：保存实际渲染图像：mixed-shelf.png
通过：常显静置检查使用空手状态
通过：正常游戏静置六十秒道具栏持续可见
通过：保存实际渲染图像：persistent-after-60s.png
通过：道具栏几何、居中和底距符合当前窗口：(1280, 720)
通过：道具格尺寸与间距：1
通过：道具格尺寸与间距：2
通过：道具格尺寸与间距：3
通过：道具格尺寸与间距：4
通过：实际主场景加载玩家
失败：实际主场景原有咖啡因组经左键成功取药
失败：实际主场景架子接受放置：place_shelf_workroom_rm_0
失败：实际主场景架子接受放置：place_shelf_workroom_rm_1
通过：保存实际渲染图像：main-scene-cycle.png
实际图形道具系统失败总数：3
