WorkerThreadPool: 32 threads, 9 max low-priority.
Godot Engine v4.6.1.stable.official.14d19694e - https://godotengine.org
TextServer: Added interface "Dummy"
TextServer: Added interface "ICU / HarfBuzz / Graphite (Built-in)"
Unrecognized output string "misc2" in mapping:
030000000d0f00000202000000000000,Horipad O Nintendo Switch 2 Controller,a:b1,b:b0,back:b8,dpdown:h0.4,dpleft:h0.8,dpright:h0.2,dpup:h0.1,guide:b12,leftshoulder:b4,leftstick:b10,lefttrigger:b6,leftx:a0,lefty:a1,misc1:b13,misc2:b14,rightshoulder:b5,rightstick:b11,righttrigger:b7,rightx:a2,righty:a3,start:b9,x:b3,y:b2,platform:Windows,
Unrecognized output string "misc2" in mapping:
030000000d0f00009601000000000000,Horipad Steam,a:b0,b:b1,back:b10,dpdown:h0.4,dpleft:h0.8,dpright:h0.2,dpup:h0.1,guide:b12,leftshoulder:b6,leftstick:b13,lefttrigger:b8,leftx:a0,lefty:a1,misc2:b2,paddle1:b5,paddle2:b15,paddle3:b18,paddle4:b19,rightshoulder:b7,rightstick:b14,righttrigger:b9,rightx:a3,righty:a4,start:b11,x:b3,y:b4,platform:Windows,
Unrecognized output string "misc2" in mapping:
030000007e0500006920000000000000,Nintendo Switch 2 Pro Controller,a:b0,b:b1,back:b14,dpdown:b8,dpleft:b10,dpright:b9,dpup:b11,guide:b16,leftshoulder:b12,leftstick:b15,lefttrigger:b13,leftx:a0,lefty:a1~,misc1:b17,misc2:b20,paddle1:b18,paddle2:b19,rightshoulder:b4,rightstick:b7,righttrigger:b5,rightx:a2,righty:a3~,start:b6,x:b2,y:b3,platform:Windows,
Using "default" pen tablet driver...

TextServer: Primary interface set to: "ICU / HarfBuzz / Graphite (Built-in)".
Loading resource: res://main-autolysis/assets/audio/buses/default_bus_layout.tres
CORE API HASH: 75400357
EDITOR API HASH: 3012763406
Loading resource: res://main-autolysis/systems/quest-print-system/tests/quest_machine_behavior_test.gd
Loading resource: res://main-autolysis/scenes/prefabs/prefab_machines/quest_machine_0.tscn
Loading resource: res://main-autolysis/assets/materials/base_color/mat_base_blue_3.tres
Loading resource: res://main-autolysis/assets/textures/Prototype Textures/PNG/Light/texture_12.png
Loading resource: res://.godot/imported/texture_12.png-771e394572f4066038cc73708a23b404.s3tc.ctex
Loading resource: res://main-autolysis/assets/materials/base_color/mat_base_blue_2.tres
Loading resource: res://main-autolysis/assets/materials/base_color/mat_base_grey_2.tres
Loading resource: res://main-autolysis/assets/materials/base_color/mat_base_red_3.tres
Loading resource: res://main-autolysis/assets/materials/base_color/mat_base_grey_3.tres
Loading resource: res://main-autolysis/assets/materials/base_color/mat_base_grey_4.tres
Loading resource: res://main-autolysis/assets/materials/base_color/mat_base_grey_1.tres
Loading resource: res://main-autolysis/assets/materials/base_color/mat_base_white_1.tres
Loading resource: res://main-autolysis/scenes/prefabs/prefab_paper/quest_paper.tscn
Loading resource: res://main-autolysis/scenes/prefabs/prefab_paper/autolysis_quest_paper.gd
Loading resource: res://main-autolysis/assets/materials/liquid_tank/liquid_tank_empty.tres
Loading resource: res://main-autolysis/assets/materials/liquid_tank/liquid_tank_filled.tres
Loading resource: res://main-autolysis/assets/materials/glow_color/mat_glow_green_0.tres
Loading resource: res://main-autolysis/assets/materials/base_color/mat_base_red_2.tres
Loading resource: res://main-autolysis/assets/materials/glow_color/mat_glow_orange_0.tres
Loading resource: res://main-autolysis/assets/materials/glow_color/mat_glow_blue_1.tres
Loading resource: res://main-autolysis/assets/materials/glow_color/mat_glow_blue_0.tres
Loading resource: res://main-autolysis/systems/item-system/items/quest_paper.tres
Loading resource: res://main-autolysis/scenes/prefabs/prefab_paper/visuals/quest_paper_visual.tscn
Loading resource: res://main-autolysis/assets/ui/item-icons/quest_paper.svg
Loading resource: res://.godot/imported/quest_paper.svg-9c3bec35dc768d1a115353406b13d3de.ctex
Loading resource: res://main-autolysis/assets/audio/sound_fx/machine/sfx_machine_notice_0.wav
Loading resource: res://.godot/imported/sfx_machine_notice_0.wav-1bb299026bbcd927e4b03179381e9dc8.sample
Loading resource: res://main-autolysis/assets/audio/sound_fx/machine/sfx_machine_scanning_0.wav
Loading resource: res://.godot/imported/sfx_machine_scanning_0.wav-ab7bce7dbb20a8bb6092accc1101b92d.sample
Loading resource: res://main-autolysis/ui/quest-paper/autolysis_quest_paper_view.tscn
Loading resource: res://main-autolysis/systems/quest-print-system/quests/quest_test_0.tres
Loading resource: res://main-autolysis/player/autolysis_player.tscn
Loading resource: res://main-autolysis/player/components/interaction_raycast.tscn
Loading resource: res://main-autolysis/player/assets/player_eyes.tres
Loading resource: res://main-autolysis/player/components/wieldables_sway.gd
Loading resource: res://main-autolysis/player/components/item_drop_shape_cast.gd
Loading resource: res://main-autolysis/systems/dynamic-footstep-system/footstep-profiles/generic_footstep_profile.tres
Loading resource: res://main-autolysis/systems/dynamic-footstep-system/assets/audio/generic/footstep_generic_00.ogg
Loading resource: res://.godot/imported/footstep_generic_00.ogg-406d831c101e89af1fd18656d91359e3.oggvorbisstr
Loading resource: res://main-autolysis/systems/dynamic-footstep-system/assets/audio/generic/footstep_generic_01.ogg
Loading resource: res://.godot/imported/footstep_generic_01.ogg-5a2b376721df6af80fc9de7916de0e05.oggvorbisstr
Loading resource: res://main-autolysis/systems/dynamic-footstep-system/assets/audio/generic/footstep_generic_02.ogg
Loading resource: res://.godot/imported/footstep_generic_02.ogg-7258b4a54fb68d487aeebf29138a3d30.oggvorbisstr
Loading resource: res://main-autolysis/systems/dynamic-footstep-system/assets/audio/generic/footstep_generic_03.ogg
Loading resource: res://.godot/imported/footstep_generic_03.ogg-cec6ed35a6fe04980d7cc8a2b08c2f92.oggvorbisstr
Loading resource: res://main-autolysis/systems/dynamic-footstep-system/assets/audio/generic/footstep_generic_04.ogg
Loading resource: res://.godot/imported/footstep_generic_04.ogg-f21f1aff59313f675ccec29d4f323cfa.oggvorbisstr
Loading resource: res://main-autolysis/systems/dynamic-footstep-system/footstep-material-library/sample_footstep_material_library.tres
Loading resource: res://main-autolysis/systems/dynamic-footstep-system/footstep-profiles/dirt_footstep_profile.tres
Loading resource: res://main-autolysis/systems/dynamic-footstep-system/assets/audio/dirt/footstep_dirt_01.ogg
Loading resource: res://.godot/imported/footstep_dirt_01.ogg-a934df5959cb7be86f9e64fcb9953a71.oggvorbisstr
Loading resource: res://main-autolysis/systems/dynamic-footstep-system/assets/audio/dirt/footstep_dirt_02.ogg
Loading resource: res://.godot/imported/footstep_dirt_02.ogg-87a8bae8415ab96ecaaa35eec030ad03.oggvorbisstr
Loading resource: res://main-autolysis/systems/dynamic-footstep-system/assets/audio/dirt/footstep_dirt_03.ogg
Loading resource: res://.godot/imported/footstep_dirt_03.ogg-4c37a6bdfcdd11867c9c73d422913850.oggvorbisstr
Loading resource: res://main-autolysis/systems/dynamic-footstep-system/assets/audio/dirt/footstep_dirt_04.ogg
Loading resource: res://.godot/imported/footstep_dirt_04.ogg-abb56dca3961c7e6aabd069f004ec8c4.oggvorbisstr
Loading resource: res://main-autolysis/systems/dynamic-footstep-system/assets/materials/example_dirt.tres
Loading resource: res://main-autolysis/systems/dynamic-footstep-system/footstep-profiles/grass_footstep_profile.tres
Loading resource: res://main-autolysis/systems/dynamic-footstep-system/assets/audio/grass/footstep_grass_01.ogg
Loading resource: res://.godot/imported/footstep_grass_01.ogg-68854118bd527ba1a6b7dfbce3ce7f79.oggvorbisstr
Loading resource: res://main-autolysis/systems/dynamic-footstep-system/assets/audio/grass/footstep_grass_02.ogg
Loading resource: res://.godot/imported/footstep_grass_02.ogg-2042e36181b91a10ded4d27b5ee50cc9.oggvorbisstr
Loading resource: res://main-autolysis/systems/dynamic-footstep-system/assets/audio/grass/footstep_grass_03.ogg
Loading resource: res://.godot/imported/footstep_grass_03.ogg-41d94c100f745103b905f13e4cfdba97.oggvorbisstr
Loading resource: res://main-autolysis/systems/dynamic-footstep-system/assets/audio/grass/footstep_grass_04.ogg
Loading resource: res://.godot/imported/footstep_grass_04.ogg-80452a2fbb182b910eccbf86fc02d49b.oggvorbisstr
Loading resource: res://main-autolysis/systems/dynamic-footstep-system/assets/materials/example_grass.tres
Loading resource: res://main-autolysis/systems/dynamic-footstep-system/footstep-profiles/stone_footstep_profile.tres
Loading resource: res://main-autolysis/systems/dynamic-footstep-system/assets/audio/stone/footstep_stone_01.ogg
Loading resource: res://.godot/imported/footstep_stone_01.ogg-047737e2a65bef0c4c528796cb798cfe.oggvorbisstr
Loading resource: res://main-autolysis/systems/dynamic-footstep-system/assets/audio/stone/footstep_stone_02.ogg
Loading resource: res://.godot/imported/footstep_stone_02.ogg-29899d22ed8c32abcaaf5d57a1421a87.oggvorbisstr
Loading resource: res://main-autolysis/systems/dynamic-footstep-system/assets/audio/stone/footstep_stone_03.ogg
Loading resource: res://.godot/imported/footstep_stone_03.ogg-c4ed96d1d04f347165a8fe5a84ee6501.oggvorbisstr
Loading resource: res://main-autolysis/systems/dynamic-footstep-system/assets/audio/stone/footstep_stone_04.ogg
Loading resource: res://.godot/imported/footstep_stone_04.ogg-ab5443861f034c9dbc74b093ae99f88c.oggvorbisstr
Loading resource: res://main-autolysis/systems/dynamic-footstep-system/assets/materials/example_stone.tres
Loading resource: res://main-autolysis/systems/dynamic-footstep-system/footstep-profiles/wood_footstep_profile.tres
Loading resource: res://main-autolysis/systems/dynamic-footstep-system/assets/audio/wood/footstep_wood_01.ogg
Loading resource: res://.godot/imported/footstep_wood_01.ogg-7ad9ab5bb020f5c53f91407183306fee.oggvorbisstr
Loading resource: res://main-autolysis/systems/dynamic-footstep-system/assets/audio/wood/footstep_wood_02.ogg
Loading resource: res://.godot/imported/footstep_wood_02.ogg-93e7109cf5de292ae15e8fa44e36e1c9.oggvorbisstr
Loading resource: res://main-autolysis/systems/dynamic-footstep-system/assets/audio/wood/footstep_wood_03.ogg
Loading resource: res://.godot/imported/footstep_wood_03.ogg-4e509849283a8fa5fb78449d86081dff.oggvorbisstr
Loading resource: res://main-autolysis/systems/dynamic-footstep-system/assets/audio/wood/footstep_wood_04.ogg
Loading resource: res://.godot/imported/footstep_wood_04.ogg-33e1903b14acc88f55827b75423f671c.oggvorbisstr
Loading resource: res://main-autolysis/systems/dynamic-footstep-system/assets/materials/example_wood.tres
Loading resource: res://main-autolysis/ui/autolysis_crosshair.tscn
Loading resource: res://main-autolysis/ui/inventory/autolysis_inventory_bar.tscn
Loading resource: res://main-autolysis/ui/inventory/autolysis_inventory_slot.tscn
Loading resource: res://main-autolysis/assets/ui/inventory/degauss_inventory_slot_border.png
Loading resource: res://.godot/imported/degauss_inventory_slot_border.png-5688a966d13c996c67c9c213a42fa554.ctex
Loading resource: res://main-autolysis/assets/ui/inventory/mouseclick1.ogg
Loading resource: res://.godot/imported/mouseclick1.ogg-bbaf75cc7dc4f6ff57faa2d63f790b22.oggvorbisstr
Loading resource: res://main-autolysis/ui/inventory/autolysis_liquid_contents_panel.tscn
Loading resource: res://main-autolysis/ui/autolysis_handset_pose_debug.tscn
Loading resource: res://main-autolysis/systems/dialogue-system/autolysis_dialogue_player.tscn
Loading resource: res://main-autolysis/ui/dialogue/autolysis_dialogue_subtitle.tscn
SceneTreeFTI: traversal method DEFAULT
Loading resource: res://main-autolysis/systems/runtime-session/autolysis_runtime_session.gd
Loaded system CA certificates
通过：仅无图形执行，不启动窗口或操作指针
通过：真实场景聚焦配置有效
通过：运行初态没有预置纸张
通过：真实场景聚焦配置有效
通过：运行初态没有预置纸张
通过：观测实际音频混音周期而非假定物理帧同步
XR: Clearing primary interface
XR: Removed interface "Native mobile"
XR: Removed interface "OpenXR"
