Godot Engine v4.6.1.stable.official.14d19694e - https://godotengine.org
Vulkan 1.4.351 - Forward+ - Using Device #0: NVIDIA - NVIDIA GeForce RTX 3060 Ti

通过：真实废液罐预制体根节点挂载处置控制器
通过：真实废液罐初始化配置有效
通过：夹具创建含三份原药及非零重构数据的逐件满罐
通过：夹具创建含三份原药及非零重构数据的逐件满罐
通过：两只同定义满罐进入相邻格且独立保存实例
通过：罐体组件为可交互物理体直接子级
通过：罐体组件具有唯一直接入口与唯一接收者
通过：罐体组件业务控制器同步接收单个演员参数
通过：盖子组件为可交互物理体直接子级
通过：盖子组件具有唯一直接入口与唯一接收者
通过：盖子组件业务控制器同步接收单个演员参数
通过：初始化盖子明确位于实际关闭端帧
通过：真实盖子使用物理帧动画与物理同步
通过：关闭持满罐库存处置查询与执行同时拒绝
通过：关闭持满罐真实罐体入口不分发处置请求
通过：关闭持满罐拒绝保留实例、内容、选中格、显示和通知次数
通过：持满罐点击盖子仅开始打开
通过：开始打开维持未打开许可且不处理手持满罐
通过：打开中持满罐库存处置查询与执行同时拒绝
通过：打开中持满罐真实罐体入口不分发处置请求
通过：打开中持满罐拒绝保留实例、内容、选中格、显示和通知次数
通过：打开中重复开闭不重启动画
通过：真实打开动画完成建立许可
通过：完全打开的盖子姿态等于真实动画末帧
通过：输入禁止库存处置查询与执行同时拒绝
通过：输入禁止真实罐体入口不分发处置请求
通过：输入禁止拒绝保留实例、内容、选中格、显示和通知次数
通过：场景暂停库存处置查询与执行同时拒绝
通过：场景暂停真实罐体入口不分发处置请求
通过：场景暂停拒绝保留实例、内容、选中格、显示和通知次数
通过：场景暂停同时拒绝盖子开闭
通过：另一角色不能借用当前库存控制器处置
通过：重复满罐许可查询保持只读
通过：重复满罐许可查询保持只读
通过：重复满罐许可查询保持只读
通过：重复满罐许可查询保持只读
通过：重复满罐许可查询保持只读
通过：重复满罐许可查询保持只读
通过：许可查询未通知、未倒空、未切格
通过：真实罐体组件同步倒空当前满罐
通过：倒空保留同一实例、定义、选中格和手持模型
通过：倒空后内容引用移除且相位与波形读取全部归零
通过：其他格同定义满罐及其完整内容保持不变
通过：手持满罐在同步通知后切换既有空罐材质
通过：打开持空罐再次交互库存处置查询与执行同时拒绝
通过：打开持空罐再次交互真实罐体入口不分发处置请求
通过：打开持空罐再次交互拒绝保留实例、内容、选中格、显示和通知次数
通过：持空罐点击盖子开始反向关闭
通过：关闭请求收回处置许可并实际倒放
通过：关闭中持空罐库存处置查询与执行同时拒绝
通过：关闭中持空罐真实罐体入口不分发处置请求
通过：关闭中持空罐拒绝保留实例、内容、选中格、显示和通知次数
通过：关闭中不追加开闭动作
通过：反播自然结束回到关闭零度
通过：正式开闭入口开始真实开盖动画
通过：自然动画结束后废液罐才完全打开
通过：连续循环正式入口开始关闭
通过：连续开闭循环恢复实际关闭端帧
通过：正式开闭入口开始真实开盖动画
通过：自然动画结束后废液罐才完全打开
通过：连续循环正式入口开始关闭
通过：连续开闭循环恢复实际关闭端帧
通过：正式开闭入口开始真实开盖动画
通过：自然动画结束后废液罐才完全打开
通过：连续循环正式入口开始关闭
通过：连续开闭循环恢复实际关闭端帧
通过：真实废液罐预制体根节点挂载处置控制器
通过：真实废液罐初始化配置有效
通过：两个同类原药分别进入独立道具格
通过：关闭持原药库存处置查询与执行同时拒绝
通过：关闭持原药真实罐体入口不分发处置请求
通过：关闭持原药拒绝保留实例、内容、选中格、显示和通知次数
通过：正式开闭入口开始真实开盖动画
通过：自然动画结束后废液罐才完全打开
通过：打开罐体的一次交互销毁当前原药
通过：销毁只清空当前格与显示且不自动切格，只通知一次
通过：其他格原药不变，资源销毁按移除持有引用实施
通过：打开空手库存处置查询与执行同时拒绝
通过：打开空手真实罐体入口不分发处置请求
通过：打开空手拒绝保留实例、内容、选中格、显示和通知次数
通过：具有原药类型标记的合法新定义同样可销毁
通过：类型排斥用例建立既非原药也非液体罐的合法实例
通过：打开持其他类别库存处置查询与执行同时拒绝
通过：打开持其他类别真实罐体入口不分发处置请求
通过：打开持其他类别拒绝保留实例、内容、选中格、显示和通知次数
通过：真实废液罐预制体根节点挂载处置控制器
通过：真实废液罐初始化配置有效
通过：夹具创建含三份原药及非零重构数据的逐件满罐
通过：通知重入用例建立甲来源与乙原药
通过：正式开闭入口开始真实开盖动画
通过：自然动画结束后废液罐才完全打开
通过：通知重入用例通过正式处置入口提交
通过：原药只发库存一次，倒空仅发实例一次及库存一次
通过：同步通知只读查询反映已经提交的最终状态
通过：实例与库存通知期间拒绝重复处置、切格、接收、关盖及另一角色设备重入
通过：同步通知只读查询反映已经提交的最终状态
通过：实例与库存通知期间拒绝重复处置、切格、接收、关盖及另一角色设备重入
通过：通知返回后库存锁和设备处置锁均已释放
通过：真实废液罐预制体根节点挂载处置控制器
通过：真实废液罐初始化配置有效
通过：通知重入用例建立甲来源与乙原药
通过：正式开闭入口开始真实开盖动画
通过：自然动画结束后废液罐才完全打开
通过：通知重入用例通过正式处置入口提交
通过：原药只发库存一次，倒空仅发实例一次及库存一次
通过：同步通知只读查询反映已经提交的最终状态
通过：实例与库存通知期间拒绝重复处置、切格、接收、关盖及另一角色设备重入
通过：通知返回后库存锁和设备处置锁均已释放
通过：真实废液罐预制体根节点挂载处置控制器
通过：真实废液罐初始化配置有效
通过：夹具创建含三份原药及非零重构数据的逐件满罐
通过：先于呈现器订阅实例的观察者建立有效满罐
通过：正式开闭入口开始真实开盖动画
通过：自然动画结束后废液罐才完全打开
通过：提前订阅观察者在倒空时恰收到一次实例通知
通过：先于呈现器执行的实例观察者也读取空内容和空材质一致终态
通过：提前订阅观察者期间仍保持库存与设备锁
通过：真实废液罐预制体根节点挂载处置控制器
通过：真实废液罐初始化配置有效
通过：夹具创建含三份原药及非零重构数据的逐件满罐
通过：故障用例先建立合法满罐显示
通过：正式开闭入口开始真实开盖动画
通过：自然动画结束后废液罐才完全打开
通过：实际网格依赖失效但未触发实例变化通知
通过：手持显示依赖故障在修改内容前拒绝处置
通过：显示故障保留原实例、内容、显示和通知次数
通过：故障拒绝保留原内容引用与原药数据
通过：真实废液罐预制体根节点挂载处置控制器
通过：真实废液罐初始化配置有效
通过：夹具创建含三份原药及非零重构数据的逐件满罐
通过：故障用例先建立合法满罐显示
通过：正式开闭入口开始真实开盖动画
通过：自然动画结束后废液罐才完全打开
通过：实际越界波形数据使液体内容失效
通过：无效内容库存处置查询与执行同时拒绝
通过：无效内容真实罐体入口不分发处置请求
通过：无效内容拒绝保留实例、内容、选中格、显示和通知次数
通过：故障拒绝保留原内容引用与原药数据
通过：真实废液罐预制体根节点挂载处置控制器
通过：真实废液罐初始化配置有效
通过：夹具创建含三份原药及非零重构数据的逐件满罐
通过：运动故障用例持有效满罐
通过：运动故障用例经正式入口开始目标动画
通过：故障注入时动画确在运动中
通过：动画中断、实际端帧损坏或播放器释放库存处置查询与执行同时拒绝
通过：动画中断、实际端帧损坏或播放器释放真实罐体入口不分发处置请求
通过：动画中断、实际端帧损坏或播放器释放拒绝保留实例、内容、选中格、显示和通知次数
通过：运动或配置故障关闭后续盖子许可
通过：真实废液罐预制体根节点挂载处置控制器
通过：真实废液罐初始化配置有效
通过：夹具创建含三份原药及非零重构数据的逐件满罐
通过：运动故障用例持有效满罐
通过：正式开闭入口开始真实开盖动画
通过：自然动画结束后废液罐才完全打开
通过：运动故障用例经正式入口开始目标动画
通过：故障注入时动画确在运动中
通过：动画中断、实际端帧损坏或播放器释放库存处置查询与执行同时拒绝
通过：动画中断、实际端帧损坏或播放器释放真实罐体入口不分发处置请求
通过：动画中断、实际端帧损坏或播放器释放拒绝保留实例、内容、选中格、显示和通知次数
通过：运动或配置故障关闭后续盖子许可
通过：真实废液罐预制体根节点挂载处置控制器
通过：真实废液罐初始化配置有效
通过：夹具创建含三份原药及非零重构数据的逐件满罐
通过：运动故障用例持有效满罐
通过：正式开闭入口开始真实开盖动画
通过：自然动画结束后废液罐才完全打开
通过：恢复有效同步配置后实际错误关闭姿态确已注入且打开许可关闭
通过：动画中断、实际端帧损坏或播放器释放库存处置查询与执行同时拒绝
通过：动画中断、实际端帧损坏或播放器释放真实罐体入口不分发处置请求
通过：动画中断、实际端帧损坏或播放器释放拒绝保留实例、内容、选中格、显示和通知次数
通过：运动或配置故障关闭后续盖子许可
通过：真实废液罐预制体根节点挂载处置控制器
通过：真实废液罐初始化配置有效
通过：夹具创建含三份原药及非零重构数据的逐件满罐
通过：运动故障用例持有效满罐
通过：正式开闭入口开始真实开盖动画
通过：自然动画结束后废液罐才完全打开
通过：动画中断、实际端帧损坏或播放器释放库存处置查询与执行同时拒绝
通过：动画中断、实际端帧损坏或播放器释放真实罐体入口不分发处置请求
通过：动画中断、实际端帧损坏或播放器释放拒绝保留实例、内容、选中格、显示和通知次数
通过：运动或配置故障关闭后续盖子许可
通过：真实废液罐预制体根节点挂载处置控制器
通过：真实废液罐初始化配置有效
通过：夹具创建含三份原药及非零重构数据的逐件满罐
通过：柜子往返建立当前满罐
通过：正式开闭入口开始真实开盖动画
通过：自然动画结束后废液罐才完全打开
通过：柜子往返先通过废液罐倒空
通过：柜子往返通过既有正式入口开门
通过：倒空原罐可继续放入真实专用柜
通过：柜内保持原实例与空罐内容
通过：通过专用柜正式取回后仍为同一空罐
通过：夹具创建含三份原药及非零重构数据的逐件满罐
通过：真实主场景手持满罐且内容面板可见
通过：真实主场景继承废液罐关闭初始化
通过：正式玩家输入禁止同时拒绝盖子开闭与库存处置
通过：主场景关闭盖子使用真实碰撞盒采样
通过：主场景关闭盖子实际两米中心射线首命中且输入许可有效
通过：保存实际图形画面：01-主场景关闭持满罐.png
通过：主场景真实左键只开始开盖且满罐不变
通过：主场景动画中暂停点击不倒空
失败：主场景真实开盖动画自然完成
通过：主场景打开罐体使用真实碰撞盒采样
失败：主场景打开罐体实际两米中心射线首命中且输入许可有效
通过：保存实际图形画面：02-主场景打开持满罐.png
通过：主场景普通遮挡物是首命中且无直接交互许可
通过：真实点击遮挡物不向其后废液罐执行倒空
失败：主场景罐体真实左键立即倒空原罐并隐藏内容面板
失败：主场景空罐材质同步更新
通过：保存实际图形画面：03-主场景倒空原罐.png
通过：主场景再次点击空罐不产生成功通知
通过：主场景已打开盖子仍可关闭使用真实碰撞盒采样
失败：主场景已打开盖子仍可关闭实际两米中心射线首命中且输入许可有效
失败：真实主场景打开后的盖子仍能首命中并通过左键关闭
通过：主场景再次开盖使用真实碰撞盒采样
失败：主场景再次开盖实际两米中心射线首命中且输入许可有效
通过：主场景切换空格建立当前原药，原空罐留在其他格
通过：主场景原药罐体使用真实碰撞盒采样
失败：主场景原药罐体实际两米中心射线首命中且输入许可有效
失败：主场景真实左键销毁当前原药且保留其他格原空罐
通过：保存实际图形画面：04-主场景销毁原药.png
通过：主场景返回原空罐所在格
通过：真实主场景配药器配置有效
通过：倒空后通过真实聚焦会话进入现有配药器
通过：配药器相机过渡完成后建立真实聚焦会话
失败：废液罐倒空后的原实例可通过正式入口重新放入配药器
失败：配药器罐位保留倒空原实例身份与空内容
通过：正式槽门入口打开零号原药槽
失败：重新装填通过既有库存接口装入一份苯甲酸钠
通过：正式槽门入口关闭装药槽
失败：空罐和有效原药通过正式入口开始真实两秒配药
失败：真实计时完成后倒空原罐重新获得新药液且原实例保持
失败：重新装填结果使用新的零值重构数据，不恢复已废弃旧内容
失败：重新装填的同一罐可正式取回且内容面板重新显示
通过：保存实际图形画面：05-主场景原罐重新装填.png
通过：废液罐验收证据目录可创建
废液罐行为与事务断言数：236；失败总数：16；实际图形验收：true
