Godot Engine v4.6.1.stable.official.14d19694e - https://godotengine.org

通过：合法一至四份原药可建立内容
通过：内部重复与顺序保留，界面按首次出现位置合并
通过：读取原药数组返回副本
通过：新配药结果重构数据全零
通过：相位允许范围未定义的有限数值
通过：非有限相位拒绝且保留旧数据
通过：波形上界六可写入
通过：波形越界拒绝
通过：波形拒绝写入保留全部旧值
通过：波形下界零可写入
通过：零份、未知标识、五份拒绝
通过：同定义两个世界罐具有独立实例
通过：装填一罐不改变另一罐
通过：空满罐使用各自材质覆盖引用
通过：两罐装填同一输入内容时各自持有独立内容副本
通过：任意一罐重构不污染另一罐或调用方内容
通过：无图形夹具通过正式会话入口建立聚焦
通过：正式设备进入稳定聚焦
通过：打包缺少内容网格的真实世界罐故障夹具
通过：保存候选准备故障夹具以便复跑
通过：世界候选故障保留合法手持源罐
通过：世界场景描述合法但候选显示依赖故障
通过：世界候选显示准备失败保留源罐、手持与空罐位
通过：故障修复后同一源罐可正常放入
通过：取回候选故障夹具准备满罐
通过：打包无内容网格但符合纯显示规则的手持夹具
通过：满罐定义可读但手持内容网格缺失
通过：手持候选准备失败保留罐位原满罐及完整内容
通过：修复手持依赖后可取回原满罐
通过：无图形夹具通过正式会话入口建立聚焦
通过：正式设备进入稳定聚焦
通过：许可查询没有禁止消息副作用
通过：无罐无药：受限拖动使用一半比例
通过：无罐无药：受限下限为零点零八且不加工
通过：无罐无药：一次实际开始只发一次禁止消息
通过：无罐无药：松手归顶且不追加消息
通过：准备正式空罐
通过：跨设备罐位拒绝放入
通过：跨设备失败保留原罐实例
通过：真实点击空罐位转移原实例
通过：有空罐无原药：受限拖动使用一半比例
通过：有空罐无原药：受限下限为零点零八且不加工
通过：有空罐无原药：一次实际开始只发一次禁止消息
通过：有空罐无原药：松手归顶且不追加消息
通过：当前选中空格接收原药
通过：真实射线点击将原药放入指定槽
通过：空槽门完全打开仍阻止启动
通过：空槽门打开：受限拖动使用一半比例
通过：空槽门打开：受限下限为零点零八且不加工
通过：空槽门打开：一次实际开始只发一次禁止消息
通过：空槽门打开：松手归顶且不追加消息
通过：空槽门关闭运动中不能启动
通过：四门完全关闭、一份原药与空罐允许启动
通过：合法前提选择正常拖动
通过：正常拖动中实际改变空槽门前提
通过：正常拖动期间启动前提失效时取消且不发禁止或完成
通过：正常最低点经真实输入启动配药
通过：启动只记录快照，原药仍在且罐仍空
通过：同帧重入请求不建立另一批次
通过：提前计时回调不能越过两秒或消费来源
通过：运行中槽门组件与业务入口拒绝
通过：运行中原药取放组件与业务入口拒绝
通过：运行中槽门组件与业务入口拒绝
通过：运行中原药取放组件与业务入口拒绝
通过：运行中槽门组件与业务入口拒绝
通过：运行中原药取放组件与业务入口拒绝
通过：运行中槽门组件与业务入口拒绝
通过：运行中原药取放组件与业务入口拒绝
通过：运行中罐位组件与库存业务拒绝
通过：运行中拉杆组件与业务拒绝
通过：运行中根聚焦组件拒绝
通过：运行中拉杆请求不发送禁止消息
通过：暂停冻结配药游戏时间且不装填
通过：真实右键归还普通控制
通过：运行中允许退出，公开进入接口拒绝重入
通过：装填计时为两秒有效游戏时间，误差最多一物理帧
通过：退出聚焦后单批次只完成一次
通过：重复计时回调不重复消费或装填
通过：完成后消费原药并装填留在设备中的罐
通过：一份原药加工记录正确
通过：无图形夹具通过正式会话入口建立聚焦
通过：正式设备进入稳定聚焦
通过：真实点击满罐位取回原实例
通过：手持满罐显示全部内容
通过：重构预留接口写入合法非零值
通过：内容变化通知立即刷新相位及波形文本
通过：左上角面板及文本忽略鼠标
通过：真实点击空罐位拒绝手持满罐
通过：切换到另一空格
通过：空手立即隐藏内容界面
通过：准备另一独立空罐
通过：空罐隐藏内容界面
通过：另一空罐放入不污染原满罐
通过：同定义另一罐保留独立身份
通过：切回满罐完整恢复原实例
通过：切回满罐恢复对应内容界面
通过：真实右键归还普通控制
通过：无图形夹具通过正式会话入口建立聚焦
通过：正式设备进入稳定聚焦
通过：无图形夹具通过正式会话入口建立聚焦
通过：正式设备进入稳定聚焦
通过：当前选中空格接收原药
通过：真实射线点击将原药放入指定槽
通过：有药无罐：受限拖动使用一半比例
通过：有药无罐：受限下限为零点零八且不加工
通过：有药无罐：一次实际开始只发一次禁止消息
通过：有药无罐：松手归顶且不追加消息
通过：无图形夹具通过正式会话入口建立聚焦
通过：正式设备进入稳定聚焦
通过：数量边界批次准备空罐
通过：当前选中空格接收原药
通过：真实射线点击将原药放入指定槽
通过：当前选中空格接收原药
通过：真实射线点击将原药放入指定槽
通过：当前选中空格接收原药
通过：真实射线点击将原药放入指定槽
通过：当前选中空格接收原药
通过：真实射线点击将原药放入指定槽
通过：正常最低点经真实输入启动配药
通过：装填计时为两秒有效游戏时间，误差最多一物理帧
通过：倒序实际装药仍按槽号收集，四份、四同种、稀疏批次均完成
通过：当前选中空格接收原药
通过：真实射线点击将原药放入指定槽
通过：补药后满罐仍占位时不能启动下一轮
通过：满罐占位：受限拖动使用一半比例
通过：满罐占位：受限下限为零点零八且不加工
通过：满罐占位：一次实际开始只发一次禁止消息
通过：满罐占位：松手归顶且不追加消息
通过：无图形夹具通过正式会话入口建立聚焦
通过：正式设备进入稳定聚焦
通过：数量边界批次准备空罐
通过：当前选中空格接收原药
通过：真实射线点击将原药放入指定槽
通过：当前选中空格接收原药
通过：真实射线点击将原药放入指定槽
通过：当前选中空格接收原药
通过：真实射线点击将原药放入指定槽
通过：当前选中空格接收原药
通过：真实射线点击将原药放入指定槽
通过：正常最低点经真实输入启动配药
通过：装填计时为两秒有效游戏时间，误差最多一物理帧
通过：倒序实际装药仍按槽号收集，四份、四同种、稀疏批次均完成
通过：当前选中空格接收原药
通过：真实射线点击将原药放入指定槽
通过：补药后满罐仍占位时不能启动下一轮
通过：满罐占位：受限拖动使用一半比例
通过：满罐占位：受限下限为零点零八且不加工
通过：满罐占位：一次实际开始只发一次禁止消息
通过：满罐占位：松手归顶且不追加消息
通过：无图形夹具通过正式会话入口建立聚焦
通过：正式设备进入稳定聚焦
通过：数量边界批次准备空罐
通过：当前选中空格接收原药
通过：真实射线点击将原药放入指定槽
通过：当前选中空格接收原药
通过：真实射线点击将原药放入指定槽
通过：正常最低点经真实输入启动配药
通过：装填计时为两秒有效游戏时间，误差最多一物理帧
通过：倒序实际装药仍按槽号收集，四份、四同种、稀疏批次均完成
通过：当前选中空格接收原药
通过：真实射线点击将原药放入指定槽
通过：补药后满罐仍占位时不能启动下一轮
通过：满罐占位：受限拖动使用一半比例
通过：满罐占位：受限下限为零点零八且不加工
通过：满罐占位：一次实际开始只发一次禁止消息
通过：满罐占位：松手归顶且不追加消息
通过：无图形夹具通过正式会话入口建立聚焦
通过：正式设备进入稳定聚焦
通过：故障批次准备空罐
通过：当前选中空格接收原药
通过：真实射线点击将原药放入指定槽
通过：当前选中空格接收原药
通过：真实射线点击将原药放入指定槽
通过：正常最低点经真实输入启动配药
通过：完成前来源失效时锁定设备，保留其他原药且不生成部分药液
通过：已登记罐位释放后聚焦目标失效并结束会话
液体内容与配药验收断言数：176；失败总数：0
