Godot Engine v4.6.1.stable.official.14d19694e - https://godotengine.org

通过：观察全部提交正式设备配置有效
通过：观察全部提交通过正式入口进入聚焦
通过：观察全部提交正式库存事务放入空罐
通过：观察全部提交打开本轮原药槽0
通过：观察全部提交正式事务放入本轮原药0
通过：观察全部提交关闭本轮原药槽0
通过：观察全部提交打开本轮原药槽1
通过：观察全部提交正式事务放入本轮原药1
通过：观察全部提交关闭本轮原药槽1
通过：观察全部提交合法前提启动唯一加工批次
通过：观察全部提交首原药隐藏回调全部槽为空且目标罐已满
通过：观察全部提交首原药隐藏回调完整槽序与内容已一致
通过：观察全部提交首原药隐藏回调对外回调期间保持运行锁
通过：观察全部提交首原药隐藏回调公开加工、槽、罐、拉杆与根入口均拒绝同步重入
通过：观察全部提交内容通知回调全部槽为空且目标罐已满
通过：观察全部提交内容通知回调完整槽序与内容已一致
通过：观察全部提交内容通知回调对外回调期间保持运行锁
通过：观察全部提交内容通知回调公开加工、槽、罐、拉杆与根入口均拒绝同步重入
通过：观察全部提交完成通知时已恢复交互且完整提交没有回退
通过：观察全部提交首来源隐藏通知只观察一次
通过：观察全部提交完整批次只发送一次完成通知并跳过已释放罐内容通知
通过：观察全部提交本轮原药节点全部释放
通过：观察全部提交过期计时回调不重复完成
通过：删除后续原药正式设备配置有效
通过：删除后续原药通过正式入口进入聚焦
通过：删除后续原药正式库存事务放入空罐
通过：删除后续原药打开本轮原药槽0
通过：删除后续原药正式事务放入本轮原药0
通过：删除后续原药关闭本轮原药槽0
通过：删除后续原药打开本轮原药槽1
通过：删除后续原药正式事务放入本轮原药1
通过：删除后续原药关闭本轮原药槽1
通过：删除后续原药合法前提启动唯一加工批次
通过：删除后续原药首原药隐藏回调全部槽为空且目标罐已满
通过：删除后续原药首原药隐藏回调完整槽序与内容已一致
通过：删除后续原药首原药隐藏回调对外回调期间保持运行锁
通过：删除后续原药首原药隐藏回调公开加工、槽、罐、拉杆与根入口均拒绝同步重入
通过：删除后续原药内容通知回调全部槽为空且目标罐已满
通过：删除后续原药内容通知回调完整槽序与内容已一致
通过：删除后续原药内容通知回调对外回调期间保持运行锁
通过：删除后续原药内容通知回调公开加工、槽、罐、拉杆与根入口均拒绝同步重入
通过：删除后续原药完成通知时已恢复交互且完整提交没有回退
通过：删除后续原药首来源隐藏通知只观察一次
通过：删除后续原药完整批次只发送一次完成通知并跳过已释放罐内容通知
通过：删除后续原药本轮原药节点全部释放
通过：删除后续原药过期计时回调不重复完成
通过：排队释放后续原药正式设备配置有效
通过：排队释放后续原药通过正式入口进入聚焦
通过：排队释放后续原药正式库存事务放入空罐
通过：排队释放后续原药打开本轮原药槽0
通过：排队释放后续原药正式事务放入本轮原药0
通过：排队释放后续原药关闭本轮原药槽0
通过：排队释放后续原药打开本轮原药槽1
通过：排队释放后续原药正式事务放入本轮原药1
通过：排队释放后续原药关闭本轮原药槽1
通过：排队释放后续原药合法前提启动唯一加工批次
通过：排队释放后续原药首原药隐藏回调全部槽为空且目标罐已满
通过：排队释放后续原药首原药隐藏回调完整槽序与内容已一致
通过：排队释放后续原药首原药隐藏回调对外回调期间保持运行锁
通过：排队释放后续原药首原药隐藏回调公开加工、槽、罐、拉杆与根入口均拒绝同步重入
通过：排队释放后续原药内容通知回调全部槽为空且目标罐已满
通过：排队释放后续原药内容通知回调完整槽序与内容已一致
通过：排队释放后续原药内容通知回调对外回调期间保持运行锁
通过：排队释放后续原药内容通知回调公开加工、槽、罐、拉杆与根入口均拒绝同步重入
通过：排队释放后续原药完成通知时已恢复交互且完整提交没有回退
通过：排队释放后续原药首来源隐藏通知只观察一次
通过：排队释放后续原药完整批次只发送一次完成通知并跳过已释放罐内容通知
通过：排队释放后续原药本轮原药节点全部释放
通过：排队释放后续原药过期计时回调不重复完成
通过：仅删除目标罐正式设备配置有效
通过：仅删除目标罐通过正式入口进入聚焦
通过：仅删除目标罐正式库存事务放入空罐
通过：仅删除目标罐打开本轮原药槽0
通过：仅删除目标罐正式事务放入本轮原药0
通过：仅删除目标罐关闭本轮原药槽0
通过：仅删除目标罐打开本轮原药槽1
通过：仅删除目标罐正式事务放入本轮原药1
通过：仅删除目标罐关闭本轮原药槽1
通过：仅删除目标罐合法前提启动唯一加工批次
通过：仅删除目标罐首原药隐藏回调全部槽为空且目标罐已满
通过：仅删除目标罐首原药隐藏回调完整槽序与内容已一致
通过：仅删除目标罐首原药隐藏回调对外回调期间保持运行锁
通过：仅删除目标罐首原药隐藏回调公开加工、槽、罐、拉杆与根入口均拒绝同步重入
通过：仅删除目标罐完成通知时已恢复交互且完整提交没有回退
通过：仅删除目标罐首来源隐藏通知只观察一次
通过：仅删除目标罐完整批次只发送一次完成通知并跳过已释放罐内容通知
通过：仅删除目标罐本轮原药节点全部释放
通过：仅删除目标罐过期计时回调不重复完成
通过：排队释放设备正式设备配置有效
通过：排队释放设备通过正式入口进入聚焦
通过：排队释放设备正式库存事务放入空罐
通过：排队释放设备打开本轮原药槽0
通过：排队释放设备正式事务放入本轮原药0
通过：排队释放设备关闭本轮原药槽0
通过：排队释放设备打开本轮原药槽1
通过：排队释放设备正式事务放入本轮原药1
通过：排队释放设备关闭本轮原药槽1
通过：排队释放设备合法前提启动唯一加工批次
通过：排队释放设备首原药隐藏回调全部槽为空且目标罐已满
通过：排队释放设备首原药隐藏回调完整槽序与内容已一致
通过：排队释放设备首原药隐藏回调对外回调期间保持运行锁
通过：排队释放设备首原药隐藏回调公开加工、槽、罐、拉杆与根入口均拒绝同步重入
通过：排队释放设备首来源隐藏通知只观察一次
通过：排队释放设备设备释放后不访问实例或补发后续通知
通过：立即释放设备正式设备配置有效
通过：立即释放设备通过正式入口进入聚焦
通过：立即释放设备正式库存事务放入空罐
通过：立即释放设备打开本轮原药槽0
通过：立即释放设备正式事务放入本轮原药0
通过：立即释放设备关闭本轮原药槽0
通过：立即释放设备打开本轮原药槽1
通过：立即释放设备正式事务放入本轮原药1
通过：立即释放设备关闭本轮原药槽1
通过：立即释放设备合法前提启动唯一加工批次
通过：立即释放设备首原药隐藏回调全部槽为空且目标罐已满
通过：立即释放设备首原药隐藏回调完整槽序与内容已一致
通过：立即释放设备首原药隐藏回调对外回调期间保持运行锁
通过：立即释放设备首原药隐藏回调公开加工、槽、罐、拉杆与根入口均拒绝同步重入
通过：立即释放设备内容通知回调全部槽为空且目标罐已满
通过：立即释放设备内容通知回调完整槽序与内容已一致
通过：立即释放设备内容通知回调对外回调期间保持运行锁
通过：立即释放设备内容通知回调公开加工、槽、罐、拉杆与根入口均拒绝同步重入
通过：立即释放设备完成通知时已恢复交互且完整提交没有回退
通过：立即释放设备首来源隐藏通知只观察一次
失败：立即释放设备设备释放后不访问实例或补发后续通知
加工原子提交验收断言数：125；失败总数：1
