Godot Engine v4.6.1.stable.official.14d19694e - https://godotengine.org

通过：本检查强制无图形后端，不启动图形窗口
通过：供用户调节的测试开关默认开启
通过：来源、实例与会话序号有效时绑定成功
通过：有效持物会话显示面板
通过：回填六轴不再次应用姿态
通过：第1轴允许正负值与超范围且不量化
通过：第1轴回填保留模型小数
通过：第1轴箭头增量仅由操作配置决定
通过：第2轴允许正负值与超范围且不量化
通过：第2轴回填保留模型小数
通过：第2轴箭头增量仅由操作配置决定
通过：第3轴允许正负值与超范围且不量化
通过：第3轴回填保留模型小数
通过：第3轴箭头增量仅由操作配置决定
通过：第4轴允许正负值与超范围且不量化
通过：第4轴回填保留模型小数
通过：第4轴箭头增量仅由操作配置决定
通过：第5轴允许正负值与超范围且不量化
通过：第5轴回填保留模型小数
通过：第5轴箭头增量仅由操作配置决定
通过：第6轴允许正负值与超范围且不量化
通过：第6轴回填保留模型小数
通过：第6轴箭头增量仅由操作配置决定
通过：实际控件矩形位于右侧且未扩展至全屏
通过：全屏定位容器忽略鼠标
通过：实际面板停止鼠标及滚轮传播
通过：未完成负号草稿不反复应用
通过：无效草稿拒绝复制，不以旧数值冒充
通过：六项有效草稿在提交前保持现有姿态
通过：复制先提交全部字段，再发出当前快照文本
通过：六项文本一次成对提交
通过：正负小数及表达式提交到模型局部位置
通过：三轴旋转使用角度制
通过：复制文本含六值、局部参照、中文字段说明与角度单位
通过：姿态调节不改父呈现器或模型缩放
通过：不能形成有限三维变换的巨大值拒绝提交及复制
通过：非有限表达式拒绝复制
通过：非数值表达式拒绝复制
通过：恢复初始值忽略未提交草稿并提交取下时快照
通过：重置准确回到本次取下六轴起始姿态
通过：重置后界面与复制读取同一模型快照
通过：控件即时数值改变直接应用且不量化
通过：后续同步回填不重复提交
通过：面板实际矩形消费左右键与正反滚轮
通过：面板外右键保留世界输入
通过：六轴文本编辑真实取得焦点
通过：引擎内部确认键提交正在编辑的数值
通过：确认键不进入世界交互
通过：文本按键由控件消费，世界交互快捷键不入队
通过：单行文本框会消费普通字母姿态快捷键，玩家关闭调节态必须在前置输入处理
通过：失去焦点后仍保留无效草稿且复制拒绝旧值
通过：文本失去焦点时提交有效值
通过：真实箭头按钮使用独立增量即时应用
通过：数值框内右键与滚轮消费且不跳到默认上下限
通过：逐帧重复绑定不覆盖草稿或释放焦点
通过：停止编辑释放焦点并清除未提交草稿
通过：停止编辑继续显示且保留现有持筒姿态
通过：世界入口可显式结束编辑，提交有效草稿并释放文本焦点
通过：世界入口遇到无效草稿拒绝本次点击并保留文本焦点与错误草稿
通过：重复绑定没有重新定义本次初始快照
通过：同来源同序号允许重新绑定恢复的展示实例
通过：恢复展示实例仍使用原取下初始快照
通过：另一电话绑定自己的初始姿态
通过：调节另一来源不修改前一来源缓存
通过：另一来源重置使用独立初始快照
通过：旧持物序号不能提交到后续会话
通过：会话失效自动隐藏并解除编辑绑定
通过：新会话可以重新绑定
通过：关闭可选调节工具只停界面，不改来源占用事实
通过：重新开启测试工具恢复当前会话显示
通过：来源排队释放清理绑定且不调用已释放对象
通过：重复清除面板会话幂等
通过：面板已离树时仍可重复清理，无空视口访问
听筒姿态面板断言数：73；失败数：0
