Godot Engine v4.6.1.stable.official.14d19694e - https://godotengine.org

通过：真实通知中心空闲无纸仍为合法聚焦目标
通过：真实玩家可通过明确登记进入通知中心聚焦
通过：正式聚焦过渡自然完成
通过：任务事件仅建立待打印
通过：待打印阶段没有世界纸张
通过：正式入口接受一次打印
通过：本次动态纸张已显式登记
通过：打印未完成时查询与执行均拒绝获取
通过：真实两杆自然复位后完成待取
通过：对应聚焦与当前空格允许取纸
通过：真实聚焦相机射线可达动态纸张和打印按钮
通过：外部首命中阻挡通知中心纸张，不穿透遮挡
通过：旧纸张序号不能解除本次登记
通过：当前格可先接收原料作为占格输入
通过：当前格占用拒绝取纸，不自动寻找其他空格
通过：占格失败保留原纸张及完成待取状态
通过：玩家主动选中空格后允许获取
通过：听筒交接互斥拒绝任务文件获取
通过：已持听筒互斥拒绝任务文件获取
通过：玩家正常退出设备聚焦
通过：退出聚焦拒绝纸张直接调用
通过：退出聚焦保留已完成纸张
通过：重新进入同一通知中心聚焦
通过：真实菜单暂停拒绝取纸
通过：场景树暂停拒绝取纸
通过：聚焦来源不匹配时拒绝获取
通过：真实通知中心空闲无纸仍为合法聚焦目标
通过：真实玩家可通过明确登记进入通知中心聚焦
通过：正式聚焦过渡自然完成
通过：任务事件仅建立待打印
通过：待打印阶段没有世界纸张
通过：正式入口接受一次打印
通过：本次动态纸张已显式登记
通过：打印未完成时查询与执行均拒绝获取
通过：真实两杆自然复位后完成待取
通过：对应聚焦与当前空格允许取纸
通过：纯展示模型准备失败拒绝取纸
通过：准备失败保持来源、当前空格及待取状态，并释放双方锁
通过：准备期间正式切格入口受库存互斥阻挡
通过：准备期间选格上下文变化拒绝旧请求
通过：选格变化不转移旧格或新格，不消耗纸张
通过：准备期间同一纸张逐件身份替换拒绝获取
通过：身份替换失败没有库存提交或来源撤销
通过：准备期间真实退出聚焦拒绝旧请求
通过：退出期间准备失败保留已完成来源
通过：真实通知中心空闲无纸仍为合法聚焦目标
通过：真实玩家可通过明确登记进入通知中心聚焦
通过：正式聚焦过渡自然完成
通过：任务事件仅建立待打印
通过：待打印阶段没有世界纸张
通过：正式入口接受一次打印
通过：本次动态纸张已显式登记
通过：打印未完成时查询与执行均拒绝获取
通过：真实两杆自然复位后完成待取
通过：对应聚焦与当前空格允许取纸
通过：准备期间纸张排队释放拒绝旧请求
通过：丢失来源不会进入携带栏
通过：真实通知中心空闲无纸仍为合法聚焦目标
通过：真实玩家可通过明确登记进入通知中心聚焦
通过：正式聚焦过渡自然完成
通过：任务事件仅建立待打印
通过：待打印阶段没有世界纸张
通过：正式入口接受一次打印
通过：本次动态纸张已显式登记
通过：打印未完成时查询与执行均拒绝获取
通过：真实两杆自然复位后完成待取
通过：对应聚焦与当前空格允许取纸
通过：显示入树时退出聚焦回滚获取
通过：显示提交后失败成对恢复来源、登记和当前格
通过：显示边界失败清理候选并释放双方锁
通过：真实通知中心空闲无纸仍为合法聚焦目标
通过：真实玩家可通过明确登记进入通知中心聚焦
通过：正式聚焦过渡自然完成
通过：任务事件仅建立待打印
通过：待打印阶段没有世界纸张
通过：正式入口接受一次打印
通过：本次动态纸张已显式登记
通过：打印未完成时查询与执行均拒绝获取
通过：真实两杆自然复位后完成待取
通过：对应聚焦与当前空格允许取纸
通过：显示入树观察排队释放玩家时不完成获取
通过：玩家失效后来源与设备锁回滚
通过：真实通知中心空闲无纸仍为合法聚焦目标
通过：真实玩家可通过明确登记进入通知中心聚焦
通过：正式聚焦过渡自然完成
通过：任务事件仅建立待打印
通过：待打印阶段没有世界纸张
通过：正式入口接受一次打印
通过：本次动态纸张已显式登记
通过：打印未完成时查询与执行均拒绝获取
通过：真实两杆自然复位后完成待取
通过：对应聚焦与当前空格允许取纸
通过：显示入树观察立即释放设备时不完成获取
通过：设备释放后库存不保留来源或候选展示
通过：真实通知中心空闲无纸仍为合法聚焦目标
通过：真实玩家可通过明确登记进入通知中心聚焦
通过：正式聚焦过渡自然完成
通过：任务事件仅建立待打印
通过：待打印阶段没有世界纸张
通过：正式入口接受一次打印
通过：本次动态纸张已显式登记
通过：打印未完成时查询与执行均拒绝获取
通过：真实两杆自然复位后完成待取
通过：对应聚焦与当前空格允许取纸
失败：显示可见性回调释放候选时拒绝获取
失败：可见性失败成对回滚库存与来源登记
通过：真实通知中心空闲无纸仍为合法聚焦目标
通过：真实玩家可通过明确登记进入通知中心聚焦
通过：正式聚焦过渡自然完成
通过：任务事件仅建立待打印
通过：待打印阶段没有世界纸张
通过：正式入口接受一次打印
通过：本次动态纸张已显式登记
通过：打印未完成时查询与执行均拒绝获取
通过：真实两杆自然复位后完成待取
通过：对应聚焦与当前空格允许取纸
通过：正式专用入口成功取得首份任务文件
通过：成功转移保留同一逐件身份、独立任务标识及全部十三行原文
通过：最早来源及两个持物观察者均看见双方一致终态
通过：模型入树及全部业务观察期间拒绝重入和重复获取
通过：成功清理仅移除本次纸张登记和世界来源
通过：同一任务纸张只能转移一次
通过：任务文件拒绝有效空原料架的放置查询与执行
通过：成功取走并结束观察后可接收下一份任务事件
通过：真实通知中心空闲无纸仍为合法聚焦目标
通过：真实玩家可通过明确登记进入通知中心聚焦
通过：正式聚焦过渡自然完成
通过：任务事件仅建立待打印
通过：待打印阶段没有世界纸张
通过：正式入口接受一次打印
通过：本次动态纸张已显式登记
通过：打印未完成时查询与执行均拒绝获取
通过：真实两杆自然复位后完成待取
通过：对应聚焦与当前空格允许取纸
通过：正常双方提交后来源观察释放设备仍保持成功
通过：成功观察后的设备释放不会撤销已取得资源
任务纸张库存专项断言数：136；失败数：2
