Godot Engine v4.6.1.stable.official.14d19694e - https://godotengine.org

通过：正式电话保存用户回填的位置与角度
通过：通过正式电话根交互组件请求进入聚焦
通过：正式聚焦转换完成：进入
通过：通过正式听筒交互组件请求正常取下
通过：取下完成后正式电话与库存持有同一会话
通过：正常取下保留纯模型作为真实呈现器子节点
通过：实际手持纯模型使用用户回填的局部姿态
通过：聚焦稳定态，工具关闭实际当前相机保持为玩家相机
通过：聚焦稳定态，工具关闭启用或关闭工具没有改变用户局部姿态
通过：聚焦稳定态，工具关闭保持正式来源配置的纯模型局部缩放
通过：聚焦稳定态，工具关闭聚焦实际使用电话参照相机完整投影参数
通过：聚焦稳定态，工具关闭正常持筒应至少存在一片落在近远裁剪和侧面视锥内的实际网格三角面
手持视野测量：{"完整视锥内顶点数":54,"屏幕投影最大":[1690.72338867188,1249.38952636719],"屏幕投影最小":[885.810302734375,43.3716850280762],"相机坐标最大":[0.28931713104248,0.0876295566558838,-0.155857086181641],"相机坐标最小":[0.0934276580810547,-0.220529913902283,-0.312012672424316],"网格数":5,"裁剪后有面积三角面数":35,"阶段":"聚焦稳定态，工具关闭","顶点数":180}
通过：聚焦稳定态，工具开启实际当前相机保持为玩家相机
通过：聚焦稳定态，工具开启启用或关闭工具没有改变用户局部姿态
通过：聚焦稳定态，工具开启保持正式来源配置的纯模型局部缩放
通过：聚焦稳定态，工具开启聚焦实际使用电话参照相机完整投影参数
通过：聚焦时启用工具没有改变呈现器相对相机变换
通过：聚焦稳定态，工具开启正常持筒应至少存在一片落在近远裁剪和侧面视锥内的实际网格三角面
手持视野测量：{"完整视锥内顶点数":54,"屏幕投影最大":[1690.72338867188,1249.38952636719],"屏幕投影最小":[885.810302734375,43.3716850280762],"相机坐标最大":[0.28931713104248,0.0876295566558838,-0.155857086181641],"相机坐标最小":[0.0934276580810547,-0.220529913902283,-0.312012672424316],"网格数":5,"裁剪后有面积三角面数":35,"阶段":"聚焦稳定态，工具开启","顶点数":180}
通过：正式聚焦转换完成：退出
通过：退出聚焦后，工具关闭实际当前相机保持为玩家相机
通过：退出聚焦后，工具关闭启用或关闭工具没有改变用户局部姿态
通过：退出聚焦后，工具关闭保持正式来源配置的纯模型局部缩放
通过：退出聚焦后，工具关闭普通玩家相机投影与变换恢复进入聚焦前实际值
通过：退出聚焦后，工具关闭正常持筒应至少存在一片落在近远裁剪和侧面视锥内的实际网格三角面
手持视野测量：{"完整视锥内顶点数":54,"屏幕投影最大":[1690.72253417969,1249.39489746094],"屏幕投影最小":[885.812255859375,43.3718338012695],"相机坐标最大":[0.426459312438965,0.129167914390564,-0.155858039855957],"相机坐标最小":[0.137713432312012,-0.325065851211548,-0.312012672424316],"网格数":5,"裁剪后有面积三角面数":35,"阶段":"退出聚焦后，工具关闭","顶点数":180}
通过：普通持筒状态可通过正式入口启用姿态工具
通过：普通姿态调节，工具开启实际当前相机保持为玩家相机
通过：普通姿态调节，工具开启启用或关闭工具没有改变用户局部姿态
通过：普通姿态调节，工具开启保持正式来源配置的纯模型局部缩放
通过：普通姿态调节，工具开启普通玩家相机投影与变换恢复进入聚焦前实际值
通过：普通持筒时启用工具没有改变呈现器相对相机变换
通过：普通姿态调节，工具开启正常持筒应至少存在一片落在近远裁剪和侧面视锥内的实际网格三角面
手持视野测量：{"完整视锥内顶点数":54,"屏幕投影最大":[1690.72253417969,1249.39489746094],"屏幕投影最小":[885.812255859375,43.3718338012695],"相机坐标最大":[0.426459312438965,0.129167914390564,-0.155858039855957],"相机坐标最小":[0.137713432312012,-0.325065851211548,-0.312012672424316],"网格数":5,"裁剪后有面积三角面数":35,"阶段":"普通姿态调节，工具开启","顶点数":180}
通过：退出姿态调节后仍持筒实际当前相机保持为玩家相机
通过：退出姿态调节后仍持筒启用或关闭工具没有改变用户局部姿态
通过：退出姿态调节后仍持筒保持正式来源配置的纯模型局部缩放
通过：退出姿态调节后仍持筒普通玩家相机投影与变换恢复进入聚焦前实际值
通过：退出姿态调节后仍持筒正常持筒应至少存在一片落在近远裁剪和侧面视锥内的实际网格三角面
手持视野测量：{"完整视锥内顶点数":54,"屏幕投影最大":[1690.72253417969,1249.39489746094],"屏幕投影最小":[885.812255859375,43.3718338012695],"相机坐标最大":[0.426459312438965,0.129167914390564,-0.155858039855957],"相机坐标最小":[0.137713432312012,-0.325065851211548,-0.312012672424316],"网格数":5,"裁剪后有面积三角面数":35,"阶段":"退出姿态调节后仍持筒","顶点数":180}
通过：电话聚焦与退出后普通持筒投影一致，全部实际面顶点最大屏幕误差不超过0.02像素
手持投影对照：{"实际面顶点比较数":180,"容差像素":0.02,"对应网格面结构一致":true,"最大像素误差":0.0112523408606648,"第二阶段":"退出聚焦后，工具关闭","说明":"电话聚焦与退出后普通持筒投影一致","首阶段":"聚焦稳定态，工具关闭"}
通过：工具启用时电话聚焦与普通持筒投影一致，全部实际面顶点最大屏幕误差不超过0.02像素
手持投影对照：{"实际面顶点比较数":180,"容差像素":0.02,"对应网格面结构一致":true,"最大像素误差":0.0112523408606648,"第二阶段":"普通姿态调节，工具开启","说明":"工具启用时电话聚焦与普通持筒投影一致","首阶段":"聚焦稳定态，工具开启"}
通过：仍持筒时通过正式根入口再次进入同电话聚焦
通过：正式聚焦转换完成：进入
通过：同一持筒会话再次聚焦实际当前相机保持为玩家相机
通过：同一持筒会话再次聚焦启用或关闭工具没有改变用户局部姿态
通过：同一持筒会话再次聚焦保持正式来源配置的纯模型局部缩放
通过：同一持筒会话再次聚焦聚焦实际使用电话参照相机完整投影参数
通过：同一持筒会话再次聚焦正常持筒应至少存在一片落在近远裁剪和侧面视锥内的实际网格三角面
手持视野测量：{"完整视锥内顶点数":54,"屏幕投影最大":[1690.72338867188,1249.38952636719],"屏幕投影最小":[885.810302734375,43.3716850280762],"相机坐标最大":[0.28931713104248,0.0876295566558838,-0.155857086181641],"相机坐标最小":[0.0934276580810547,-0.220529913902283,-0.312012672424316],"网格数":5,"裁剪后有面积三角面数":35,"阶段":"同一持筒会话再次聚焦","顶点数":180}
通过：普通持筒与再次聚焦投影一致，全部实际面顶点最大屏幕误差不超过0.02像素
手持投影对照：{"实际面顶点比较数":180,"容差像素":0.02,"对应网格面结构一致":true,"最大像素误差":0.0112523408606648,"第二阶段":"同一持筒会话再次聚焦","说明":"普通持筒与再次聚焦投影一致","首阶段":"退出聚焦后，工具关闭"}
通过：通过正式听筒组件请求归还
通过：正式归还完成清除独占会话和手持纯模型
通过：聚焦中正式归还后恢复无听筒时相机跟随关系
通过：同电话通过正式听筒组件再次取下
通过：同电话归还后再次取下实际当前相机保持为玩家相机
通过：同电话归还后再次取下启用或关闭工具没有改变用户局部姿态
通过：同电话归还后再次取下保持正式来源配置的纯模型局部缩放
通过：同电话归还后再次取下聚焦实际使用电话参照相机完整投影参数
通过：同电话归还后再次取下正常持筒应至少存在一片落在近远裁剪和侧面视锥内的实际网格三角面
手持视野测量：{"完整视锥内顶点数":54,"屏幕投影最大":[1690.72338867188,1249.38952636719],"屏幕投影最小":[885.810302734375,43.3716850280762],"相机坐标最大":[0.28931713104248,0.0876295566558838,-0.155857086181641],"相机坐标最小":[0.0934276580810547,-0.220529913902283,-0.312012672424316],"网格数":5,"裁剪后有面积三角面数":35,"阶段":"同电话归还后再次取下","顶点数":180}
通过：首次普通持筒与再次取下聚焦投影一致，全部实际面顶点最大屏幕误差不超过0.02像素
手持投影对照：{"实际面顶点比较数":180,"容差像素":0.02,"对应网格面结构一致":true,"最大像素误差":0.0112523408606648,"第二阶段":"同电话归还后再次取下","说明":"首次普通持筒与再次取下聚焦投影一致","首阶段":"退出聚焦后，工具关闭"}
通过：正式聚焦转换完成：退出
通过：再次取下后退出聚焦实际当前相机保持为玩家相机
通过：再次取下后退出聚焦启用或关闭工具没有改变用户局部姿态
通过：再次取下后退出聚焦保持正式来源配置的纯模型局部缩放
通过：再次取下后退出聚焦普通玩家相机投影与变换恢复进入聚焦前实际值
通过：再次取下后退出聚焦正常持筒应至少存在一片落在近远裁剪和侧面视锥内的实际网格三角面
手持视野测量：{"完整视锥内顶点数":54,"屏幕投影最大":[1690.72253417969,1249.39489746094],"屏幕投影最小":[885.812255859375,43.3718338012695],"相机坐标最大":[0.426459312438965,0.129167914390564,-0.155858039855957],"相机坐标最小":[0.137713432312012,-0.325065851211548,-0.312012672424316],"网格数":5,"裁剪后有面积三角面数":35,"阶段":"再次取下后退出聚焦","顶点数":180}
通过：退出聚焦恢复入焦前呈现器局部变换和独立标记
通过：两次取下的普通持筒投影一致，全部实际面顶点最大屏幕误差不超过0.02像素
手持投影对照：{"实际面顶点比较数":180,"容差像素":0.02,"对应网格面结构一致":true,"最大像素误差":0.0,"第二阶段":"再次取下后退出聚焦","说明":"两次取下的普通持筒投影一致","首阶段":"退出聚焦后，工具关闭"}
手持视野断言数：64；失败数：0
