Godot Engine v4.6.1.stable.official.14d19694e - https://godotengine.org

通过：实际边界外身体位置仍可在普通两米射线范围命中电话根
通过：正式根组件分发进入电话聚焦
通过：正式根射线可达的玩家样本位于已删除的旧取筒区域外
失败：旧取筒区域外正式站位通过正式听筒入口接受取下
失败：旧取筒区域外正式站位不因距离、区域或重叠取消正常成对取下
通过：正式根组件分发进入电话聚焦
通过：贴近当前限位样本由用户当前真实限位变换构造且几何事实经过实际查询
失败：贴近当前限位通过正式听筒入口接受取下
失败：贴近当前限位不因距离、区域或重叠取消正常成对取下
通过：正式根组件分发进入电话聚焦
通过：重叠当前限位样本由用户当前真实限位变换构造且几何事实经过实际查询
失败：重叠当前限位通过正式听筒入口接受取下
失败：重叠当前限位不因距离、区域或重叠取消正常成对取下
通过：正式根组件分发进入电话聚焦
通过：零实体层重叠当前限位样本由用户当前真实限位变换构造且几何事实经过实际查询
失败：零实体层重叠当前限位通过正式听筒入口接受取下
失败：零实体层重叠当前限位不因距离、区域或重叠取消正常成对取下
通过：正式根组件分发进入电话聚焦
通过：位置变更样本通过正式入口建立取下预处理
通过：预处理后玩家移出旧区域且真实限位移入身体通过正式听筒入口接受取下
失败：预处理后玩家移出旧区域且真实限位移入身体不因距离、区域或重叠取消正常成对取下
通过：正式根组件分发进入电话聚焦
通过：同步确认回调只改变玩家几何站位通过正式听筒入口接受取下
失败：同步确认回调只改变玩家几何站位不因距离、区域或重叠取消正常成对取下
通过：正式根组件分发进入电话聚焦
通过：来源提交可见性回调只改变玩家几何站位通过正式听筒入口接受取下
失败：来源提交可见性回调只改变玩家几何站位不因距离、区域或重叠取消正常成对取下
通过：正式根组件分发进入电话聚焦
通过：持物通知回调只改变玩家几何站位通过正式听筒入口接受取下
通过：持物通知回调只改变玩家几何站位不因距离、区域或重叠取消正常成对取下
通过：持物通知回调只改变玩家几何站位限位实际在物理世界启用
通过：持物通知回调只改变玩家几何站位提交与通知后仍持筒且正常完成只通知一次
通过：正式听筒组件分发归还请求
通过：归还提交完成后两侧占用清除
通过：持物通知回调只改变玩家几何站位正式归还后实际限位停用且完成一次
通过：正式根组件分发进入电话聚焦
通过：完成通知回调只改变玩家几何站位通过正式听筒入口接受取下
通过：完成通知回调只改变玩家几何站位不因距离、区域或重叠取消正常成对取下
通过：完成通知回调只改变玩家几何站位限位实际在物理世界启用
通过：完成通知回调只改变玩家几何站位提交与通知后仍持筒且正常完成只通知一次
通过：正式听筒组件分发归还请求
通过：归还提交完成后两侧占用清除
通过：完成通知回调只改变玩家几何站位正式归还后实际限位停用且完成一次
通过：正式根组件分发进入电话聚焦
通过：玩家实际掩码缺限位层时拒绝取筒
通过：限位层失效时仅拒绝取筒
电话设备断言数：46；失败数：11
