Godot Engine v4.6.1.stable.official.14d19694e - https://godotengine.org

通过：真实逐件资源分别接收两份完整任务数据
通过：世界纸张通过正式配置绑定实际来源和逐件身份
通过：手持模型通过正式逐件适配器建立两件文字显示
失败：世界纸张：正面继续绑定用户新正面材质资源
通过：世界纸张：纸体继续绑定用户新纸体材质资源
失败：世界纸张：基础正面颜色三平面等配置没有被文字绘制改写
通过：世界纸张：两份共享用户材质资源属性保持原值
失败：世界纸张：基础正面材质没有写入视口文字纹理
失败：手持纸张：正面继续绑定用户新正面材质资源
失败：手持纸张：纸体继续绑定用户新纸体材质资源
失败：手持纸张：基础正面颜色三平面等配置没有被文字绘制改写
通过：手持纸张：两份共享用户材质资源属性保持原值
失败：手持纸张：基础正面材质没有写入视口文字纹理
失败：世界纸张：建立独立文字叠加材质
失败：世界纸张：实际纸面视口使用透明背景
失败：世界纸张：文字叠加材质绑定本模型实际视口纹理
失败：世界纸张：文字使用网格常规纹理坐标且不使用三平面
失败：世界纸张：文字采用透明混合模式
失败：世界纸张：文字纹理保持原色和完整透明度
失败：世界纸张：文字层采用无光照且关闭纹理重复
失败：第一件手持纸张：建立独立文字叠加材质
失败：第一件手持纸张：实际纸面视口使用透明背景
失败：第一件手持纸张：文字叠加材质绑定本模型实际视口纹理
失败：第一件手持纸张：文字使用网格常规纹理坐标且不使用三平面
失败：第一件手持纸张：文字采用透明混合模式
失败：第一件手持纸张：文字纹理保持原色和完整透明度
失败：第一件手持纸张：文字层采用无光照且关闭纹理重复
失败：第二件手持纸张：建立独立文字叠加材质
失败：第二件手持纸张：实际纸面视口使用透明背景
失败：第二件手持纸张：文字叠加材质绑定本模型实际视口纹理
失败：第二件手持纸张：文字使用网格常规纹理坐标且不使用三平面
失败：第二件手持纸张：文字采用透明混合模式
失败：第二件手持纸张：文字纹理保持原色和完整透明度
失败：第二件手持纸张：文字层采用无光照且关闭纹理重复
失败：世界与手持正面及纸体使用相同用户新材质
失败：世界及两件手持模型各自持有独立文字叠加材质
通过：世界及两件手持模型的视口和纹理身份独立
通过：世界纸张初始：具备实际全文排版视图
通过：世界纸张初始：保留任务标识全部原文及分组数据
失败：世界纸张初始：共享纸面视图没有可绘制的不透明底色
通过：世界纸张初始：真实字体为每个原始数据行建立布局
通过：世界纸张初始：真实字体保留逐行原文且没有缺失字符
通过：第一件手持纸张：具备实际全文排版视图
通过：第一件手持纸张：保留任务标识全部原文及分组数据
失败：第一件手持纸张：共享纸面视图没有可绘制的不透明底色
通过：第一件手持纸张：真实字体为每个原始数据行建立布局
通过：第一件手持纸张：真实字体保留逐行原文且没有缺失字符
通过：第二件手持纸张：具备实际全文排版视图
通过：第二件手持纸张：保留任务标识全部原文及分组数据
失败：第二件手持纸张：共享纸面视图没有可绘制的不透明底色
通过：第二件手持纸张：真实字体为每个原始数据行建立布局
通过：第二件手持纸张：真实字体保留逐行原文且没有缺失字符
通过：世界纸张打印前全部原始数据行隐藏
通过：世界纸张真实来源逐行显示且只显示本次指定行
通过：世界纸张正式完成后显示全部十三行原文
通过：世界逐行打印只改变文字绘制且保持排版与文字材质身份
通过：两件手持文字显示各自全部原文并保留空行
通过：相同逐件内容第0次重复应用成功
通过：相同逐件内容第1次重复应用成功
通过：相同逐件内容第2次重复应用成功
通过：相同逐件内容第3次重复应用成功
通过：相同逐件内容第4次重复应用成功
通过：相同逐件内容第5次重复应用成功
通过：相同逐件内容第6次重复应用成功
通过：相同逐件内容第7次重复应用成功
通过：等值更新不重建排版或叠加材质且不积累子节点
通过：实际逐件内容替换通过正式适配器成功应用
通过：手持替换内容：具备实际全文排版视图
通过：手持替换内容：保留任务标识全部原文及分组数据
失败：手持替换内容：共享纸面视图没有可绘制的不透明底色
通过：手持替换内容：真实字体为每个原始数据行建立布局
通过：手持替换内容：真实字体保留逐行原文且没有缺失字符
通过：内容更新释放旧排版且仅保留当前视图
失败：不同内容更新保持本模型文字材质视口和纹理身份
通过：第一件更新全部原文且没有串改第二件文字
失败：内容更新后：正面继续绑定用户新正面材质资源
失败：内容更新后：纸体继续绑定用户新纸体材质资源
失败：内容更新后：基础正面颜色三平面等配置没有被文字绘制改写
通过：内容更新后：两份共享用户材质资源属性保持原值
失败：内容更新后：基础正面材质没有写入视口文字纹理
通过：清空逐件内容通过正式适配器成功应用
失败：内容清空移除文字纹理并关闭叠加层透明度且保留材质身份
通过：清空后旧排版已释放且没有文字子节点
通过：重复清空保持原文字材质和视口身份
通过：恢复原任务内容通过正式适配器重新显示
失败：清空后恢复继续使用原材质原视口纹理并显示完整原文
失败：清空和恢复后：正面继续绑定用户新正面材质资源
失败：清空和恢复后：纸体继续绑定用户新纸体材质资源
失败：清空和恢复后：基础正面颜色三平面等配置没有被文字绘制改写
通过：清空和恢复后：两份共享用户材质资源属性保持原值
失败：清空和恢复后：基础正面材质没有写入视口文字纹理
通过：手持内容更新与清空没有改写已打印的世界文字
通过：测试释放世界纸张和手持排版后没有新增孤立节点
纸张材质专项断言数：93；失败数：45
