Godot Engine v4.6.1.stable.official.14d19694e - https://godotengine.org

通过：显示后端为无图形；未建立图形窗口
通过：投影视口采用项目配置1920×1080
通过：第0个槽位形状归属任务板根物理体
通过：第0个槽位原始射线命中任务板根物理体
通过：第0个槽位原始射线实际命中对应槽位形状
通过：第0个槽位排除根体后实际命中示意纸
通过：第0个槽位锚点在聚焦相机可见投影范围内
通过：第1个槽位形状归属任务板根物理体
通过：第1个槽位原始射线命中任务板根物理体
通过：第1个槽位原始射线实际命中对应槽位形状
通过：第1个槽位排除根体后实际命中示意纸
通过：第1个槽位锚点在聚焦相机可见投影范围内
通过：第2个槽位形状归属任务板根物理体
通过：第2个槽位原始射线命中任务板根物理体
通过：第2个槽位原始射线实际命中对应槽位形状
通过：第2个槽位排除根体后实际命中示意纸
通过：第2个槽位锚点在聚焦相机可见投影范围内
通过：板面独立区域射线命中板面形状
通过：第0个空槽仍命中根体所属槽位形状
通过：第0个空槽在排除根物理体后没有可命中的独立槽体
通过：第1个空槽仍命中根体所属槽位形状
通过：第1个空槽在排除根物理体后没有可命中的独立槽体
通过：第2个空槽仍命中根体所属槽位形状
通过：第2个空槽在排除根物理体后没有可命中的独立槽体
结果已保存至任务板计划证据目录；失败项数量：0
