Godot Engine v4.6.1.stable.official.14d19694e - https://godotengine.org

通过：首份任务使用用户指定独立字符串标识
通过：首份任务严格包含十三个原始数据行
通过：委托编号保留前导零且独立于任务标识
通过：受理快照不随共享任务、全文和分组编辑改变
通过：复制和数组读取均隔离可变内容
通过：统一换行时保留中间空行与末尾空行
通过：空格与制表符不被修剪且独立回车被规范化
通过：拒绝空任务标识
通过：拒绝零元素数据
通过：数组元素必须是单个原始换行数据行
通过：二十一个全空数据行有效且保留完整容量
通过：任务文件定义为非原料且手持展示无脚本无碰撞
通过：两个逐件实例分别接收完整任务副本
通过：逐件身份不同且读取修改不污染任一任务原文
通过：原料不能接收任务纸张内容
通过：完整快照建立纸面布局
通过：真实画布七百二十乘九百六十且四边三十六像素留白
通过：单页裁剪启用且初始文字全部隐藏
通过：第0自然行由真实字体排版且保持基础占位
通过：第1自然行由真实字体排版且保持基础占位
通过：第2自然行由真实字体排版且保持基础占位
通过：第3自然行由真实字体排版且保持基础占位
通过：第4自然行由真实字体排版且保持基础占位
通过：第5自然行由真实字体排版且保持基础占位
通过：第6自然行由真实字体排版且保持基础占位
通过：第7自然行由真实字体排版且保持基础占位
通过：第8自然行由真实字体排版且保持基础占位
通过：第9自然行由真实字体排版且保持基础占位
通过：第10自然行由真实字体排版且保持基础占位
通过：第11自然行由真实字体排版且保持基础占位
通过：第12自然行由真实字体排版且保持基础占位
通过：当前实际系统字体支持首份全部字符
通过：指定自然行一次完整显示且重复显示幂等
通过：隐藏与显示只改变绘制而不改变布局位置和尺寸
通过：越界自然行显示被拒绝
通过：完成补全所有原始数据行
通过：完整快照建立纸面布局
通过：真实长行自动折行且增加对应视觉行高度
通过：超出单页的末行位于实际裁剪区域外
通过：裁剪后仍保存和补全全部二十五个原始数据行
通过：完整快照建立纸面布局
通过：全空数据行保留二十一个排版位置
通过：全空数据行可以正常完成显示
通过：世界纸张入树前绑定设备、序号和同一逐件实例
通过：世界纸张保留逐件身份并绑定实际纸面子视口
通过：纸张拒绝旧序号且本次序号可显示原始行
通过：来源匹配时世界纸张可补全全文
通过：同一逐件实例可以注入不同有效任务来源变体
通过：同一逐件身份中的任务标识或全文替换不能冒用本次纸面来源
通过：恢复原始任务全文后纸张来源再次匹配
通过：同一逐件身份替换为不同完整排版快照不能冒用当前来源
通过：原始标识全文和分组快照复原后来源完整匹配
通过：设备已撤销来源后旧纸张无法继续推进
通过：清理世界表现立即撤销纸张自身来源且完整逐件内容不丢失
通过：世界纸张排队释放完成
