Godot Engine v4.6.1.stable.official.14d19694e - https://godotengine.org

通过：来电边界专项实际使用无图形后端
通过：正式根组件分发进入电话聚焦
通过：正式听筒组件分发取下请求
通过：取筒提交完成后两侧占用一致
通过：边界专项持筒请求受理
通过：正式听筒组件分发归还请求
通过：归还提交完成后两侧占用清除
通过：边界专项以正常成对归还开始两秒等待
通过：成功用例在自然到期附近建立真实取下预处理
通过：成功预处理未结束时到期事实保留且不响铃
通过：到期附近成功取下废弃旧等待且不算接听
通过：正式听筒组件分发归还请求
通过：归还提交完成后两侧占用清除
通过：到期附近成功重取后正常归还重新等待完整两秒
通过：明确注入旧等待序号到期回调不能推进后来等待
电话来电异常终止：{"原因":"到期邻近事务用例清理","原持有会话":0,"对话编号":"telephone_single_test","当前句索引":-1,"播放令牌":0,"来源":"/root/01-autolysis-test/interaction_prefabs/machines/MachineTelephone0/StaticBody3D","来源实例身份":102726897256,"来电序号":1}
通过：正式根组件分发进入电话聚焦
通过：正式听筒组件分发取下请求
通过：取筒提交完成后两侧占用一致
通过：边界专项持筒请求受理
通过：正式听筒组件分发归还请求
通过：归还提交完成后两侧占用清除
通过：边界专项以正常成对归还开始两秒等待
通过：取消用例在自然到期附近建立真实取下预处理
通过：取消预处理未结束时到期事实保留且不响铃
通过：取消不伪造归还或重置等待，沿原已到期序号激活
电话来电异常终止：{"原因":"到期邻近事务用例清理","原持有会话":0,"对话编号":"telephone_single_test","当前句索引":-1,"播放令牌":0,"来源":"/root/01-autolysis-test/interaction_prefabs/machines/MachineTelephone0/StaticBody3D","来源实例身份":141666815553,"来电序号":1}
通过：正式根组件分发进入电话聚焦
通过：正式听筒组件分发取下请求
通过：取筒提交完成后两侧占用一致
通过：边界专项持筒请求受理
通过：正式听筒组件分发归还请求
通过：归还提交完成后两侧占用清除
通过：边界专项以正常成对归还开始两秒等待
通过：来源提交拒绝用例在自然到期附近建立真实取下预处理
通过：来源提交拒绝预处理未结束时到期事实保留且不响铃
通过：来源提交拒绝不伪造归还或重置等待，沿原已到期序号激活
电话来电异常终止：{"原因":"到期邻近事务用例清理","原持有会话":0,"对话编号":"telephone_single_test","当前句索引":-1,"播放令牌":0,"来源":"/root/01-autolysis-test/interaction_prefabs/machines/MachineTelephone0/StaticBody3D","来源实例身份":180640288284,"来电序号":1}
通过：正式根组件分发进入电话聚焦
通过：正式听筒组件分发取下请求
通过：取筒提交完成后两侧占用一致
通过：正式听筒组件分发归还请求
通过：归还提交完成后两侧占用清除
通过：到期当帧菜单暂停保存真实到期事实且不推进来电表现
通过：暂停保留同一已到期序号不重新累计
通过：恢复后处理一次原自然到期并开始铃声
电话来电异常终止：{"原因":"到期当帧暂停用例清理","原持有会话":0,"对话编号":"telephone_single_test","当前句索引":-1,"播放令牌":0,"来源":"/root/01-autolysis-test/interaction_prefabs/machines/MachineTelephone0/StaticBody3D","来源实例身份":219580206597,"来电序号":1}
通过：正式根组件分发进入电话聚焦
通过：电话释放用例开始成对接听
通过：释放观察者在最早持物观察已读到匹配归还锁
电话来电异常终止：{"原因":"电话来电控制器离开场景树","原持有会话":1,"对话编号":"telephone_single_test","当前句索引":-1,"播放令牌":1,"来源":"/root/01-autolysis-test/interaction_prefabs/machines/MachineTelephone0/StaticBody3D","来源实例身份":258385907844,"来电序号":1}
通过：最早持物观察电话释放使本次准备异常一次且无旧表现开始或正常完成
通过：观察释放来源后库存与显示匹配清理
通过：正式根组件分发进入电话聚焦
通过：玩家释放用例开始成对接听
通过：释放观察者在最早持物观察已读到匹配归还锁
电话来电异常终止：{"原因":"对话播放器离开场景树","原持有会话":1,"对话编号":"telephone_single_test","当前句索引":-1,"播放令牌":1,"来源":"/root/01-autolysis-test/interaction_prefabs/machines/MachineTelephone0/StaticBody3D","来源实例身份":292191998066,"来电序号":1}
通过：最早持物观察玩家释放使本次准备异常一次且无旧表现开始或正常完成
通过：观察释放玩家后电话占用与真实限位匹配清理
通过：正式根组件分发进入电话聚焦
通过：播放器释放用例开始成对接听
通过：释放观察者在最早持物观察已读到匹配归还锁
电话来电异常终止：{"原因":"成对接听观察后已准备播放会话失效","原持有会话":1,"对话编号":"telephone_single_test","当前句索引":-1,"播放令牌":1,"来源":"/root/01-autolysis-test/interaction_prefabs/machines/MachineTelephone0/StaticBody3D","来源实例身份":326014865001,"来电序号":1}
通过：最早持物观察播放器释放使本次准备异常一次且无旧表现开始或正常完成
通过：观察释放播放器仅解除对话锁并保留有效听筒成对持有
通过：正式听筒组件分发归还请求
通过：归还提交完成后两侧占用清除
通过：正式根组件分发进入电话聚焦
通过：来源同步离树释放用例开始成对接听
通过：释放观察者在最早持物观察已读到匹配归还锁
电话来电异常终止：{"原因":"电话来电控制器离开场景树","原持有会话":1,"对话编号":"telephone_single_test","当前句索引":-1,"播放令牌":1,"来源":"/root/01-autolysis-test/interaction_prefabs/machines/MachineTelephone0/StaticBody3D","来源实例身份":360341048913,"来电序号":1}
通过：最早持物观察来源同步离树释放使本次准备异常一次且无旧表现开始或正常完成
通过：观察释放来源后库存与显示匹配清理
通过：正式根组件分发进入电话聚焦
通过：正式听筒组件分发取下请求
通过：取筒提交完成后两侧占用一致
通过：听筒显示脚本替换夹具保留正式听筒音频与语音输出接线
通过：听筒显示本次准备已选择同一电话的实际空间语音输出
通过：听筒显示生命周期用例已经实际开始本次对话
通过：听筒显示实际对话开始时听筒声源父节点跟随当前持筒显示
通过：另一真实玩家对象查询不能替代接听玩家身份
通过：明确注入错误来源的当前令牌完成回调不能解锁
电话来电异常终止：{"原因":"通话期间必要听筒显示失效。","原持有会话":1,"对话编号":"telephone_single_test","当前句索引":0,"播放令牌":1,"来源":"/root/01-autolysis-test/interaction_prefabs/machines/MachineTelephone0/StaticBody3D","来源实例身份":394096807477,"来电序号":1}
通过：听筒显示失效只发布匹配异常一次且不正常完成
通过：听筒显示必要依赖失效清除匹配库存与显示
通过：听筒显示必要依赖失效清除原来源占用与匹配通话锁
通过：异常记录保留实际当前句及原来源实例身份
通过：正式根组件分发进入电话聚焦
通过：正式听筒组件分发取下请求
通过：取筒提交完成后两侧占用一致
通过：限位脚本替换夹具保留正式听筒音频与语音输出接线
通过：限位本次准备已选择同一电话的实际空间语音输出
通过：限位生命周期用例已经实际开始本次对话
通过：限位实际对话开始时听筒声源父节点跟随当前持筒显示
通过：另一真实玩家对象查询不能替代接听玩家身份
通过：明确注入错误来源的当前令牌完成回调不能解锁
电话来电异常终止：{"原因":"来电来源或必要播放时序依赖失效","原持有会话":1,"对话编号":"telephone_single_test","当前句索引":0,"播放令牌":1,"来源":"/root/01-autolysis-test/interaction_prefabs/machines/MachineTelephone0/StaticBody3D","来源实例身份":433674260003,"来电序号":1}
通过：限位失效只发布匹配异常一次且不正常完成
通过：限位必要依赖失效清除匹配库存与显示
通过：限位必要依赖失效清除原来源占用与匹配通话锁
通过：异常记录保留实际当前句及原来源实例身份
通过：正式根组件分发进入电话聚焦
通过：正式听筒组件分发取下请求
通过：取筒提交完成后两侧占用一致
通过：玩家脚本替换夹具保留正式听筒音频与语音输出接线
通过：玩家本次准备已选择同一电话的实际空间语音输出
通过：玩家生命周期用例已经实际开始本次对话
通过：玩家实际对话开始时听筒声源父节点跟随当前持筒显示
通过：另一真实玩家对象查询不能替代接听玩家身份
通过：明确注入错误来源的当前令牌完成回调不能解锁
电话来电异常终止：{"原因":"通话必要听筒库存失效","原持有会话":1,"对话编号":"telephone_single_test","当前句索引":0,"播放令牌":1,"来源":"/root/01-autolysis-test/interaction_prefabs/machines/MachineTelephone0/StaticBody3D","来源实例身份":473100718039,"来电序号":1}
通过：玩家失效只发布匹配异常一次且不正常完成
通过：玩家必要依赖失效清除原来源占用与匹配通话锁
通过：异常记录保留实际当前句及原来源实例身份
通过：正式根组件分发进入电话聚焦
通过：正式听筒组件分发取下请求
通过：取筒提交完成后两侧占用一致
通过：电话脚本替换夹具保留正式听筒音频与语音输出接线
通过：电话本次准备已选择同一电话的实际空间语音输出
通过：电话生命周期用例已经实际开始本次对话
通过：电话实际对话开始时听筒声源父节点跟随当前持筒显示
通过：另一真实玩家对象查询不能替代接听玩家身份
通过：明确注入错误来源的当前令牌完成回调不能解锁
电话来电异常终止：{"原因":"持筒期间来源、玩家或必要呈现器失效。","原持有会话":1,"对话编号":"telephone_single_test","当前句索引":0,"播放令牌":1,"来源":"/root/01-autolysis-test/interaction_prefabs/machines/MachineTelephone0/StaticBody3D","来源实例身份":512560729755,"来电序号":1}
通过：电话失效只发布匹配异常一次且不正常完成
通过：电话必要依赖失效清除匹配库存与显示
通过：正式根组件分发进入电话聚焦
通过：故障注入上级业务完成返回后拒绝本次取下
通过：尚未观察发布的业务完成拒绝还原激活来电并释放本次准备
通过：上级业务完成后拒绝仍成对恢复库存来源显示和限位
电话来电异常终止：{"原因":"取下完成后拒绝用例清理","原持有会话":0,"对话编号":"telephone_single_test","当前句索引":-1,"播放令牌":0,"来源":"/root/01-autolysis-test/interaction_prefabs/machines/MachineTelephone0/StaticBody3D","来源实例身份":552054296130,"来电序号":1}
通过：正式根组件分发进入电话聚焦
通过：正式听筒组件分发取下请求
通过：取筒提交完成后两侧占用一致
通过：故障注入上级业务完成返回后拒绝本次归还
通过：尚未观察发布的归还业务拒绝撤销新延后阶段而不伪造正常归还
通过：归还业务完成后拒绝恢复原持有及真实限位
通过：正式听筒组件分发归还请求
通过：归还提交完成后两侧占用清除
通过：拒绝恢复后下一真实归还正常建立完整两秒延后
电话来电异常终止：{"原因":"归还完成后拒绝用例清理","原持有会话":0,"对话编号":"telephone_single_test","当前句索引":-1,"播放令牌":0,"来源":"/root/01-autolysis-test/interaction_prefabs/machines/MachineTelephone0/StaticBody3D","来源实例身份":585675835758,"来电序号":1}
通过：正式根组件分发进入电话聚焦
通过：正式听筒组件分发取下请求
通过：取筒提交完成后两侧占用一致
通过：最后原生补间完成当帧暂停保留匹配听筒归还限制而不正常完成
通过：最后自然渐隐已到零透明度但暂停待同步不重播
通过：最后自然渐隐完成待同步在暂停中保持原听筒锁及终态互斥
通过：恢复原最后自然渐隐后只完成一次，字幕隐藏才解锁且仍持筒
通过：正式听筒组件分发归还请求
通过：归还提交完成后两侧占用清除
通过：退出前实际声音播放实例已解除全部引用
