Godot Engine v4.6.1.stable.official.14d19694e - https://godotengine.org

通过：归还限制边界专项实际使用无图形后端
通过：正式根组件分发进入电话聚焦
通过：正式听筒组件分发取下请求
通过：取筒提交完成后两侧占用一致
通过：归还锁夹具脚本替换保留正式听筒音频与空间语音接线
通过：归还锁夹具实际取筒后声源父节点跟随当前持筒显示
通过：持续复核注入前普通匹配持有可正常准备归还
通过：持续复核建立真实合法归还事务
通过：持续复核使用真实新归还令牌且注入前双方当前事务匹配
通过：准备后来源限制生效使库存持续复核拒绝原有效事务
通过：持续复核限制生效后拒绝归还并成对保留原匹配持有
通过：持续复核拒绝后原显示与真实启用限位恢复
通过：持续复核不发布成功归还、不增加持物修订且解除本次事务互斥
通过：持续复核受限在来源提交前取消事务
通过：正式听筒组件分发归还请求
通过：归还提交完成后两侧占用清除
通过：持续复核移除测试限制后同一听筒可以随后正常归还一次
通过：正式根组件分发进入电话聚焦
通过：正式听筒组件分发取下请求
通过：取筒提交完成后两侧占用一致
通过：归还锁夹具脚本替换保留正式听筒音频与空间语音接线
通过：归还锁夹具实际取筒后声源父节点跟随当前持筒显示
通过：来源提交前注入前普通匹配持有可正常准备归还
通过：来源提交前建立真实合法归还事务
通过：来源提交前使用真实新归还令牌且注入前双方当前事务匹配
通过：来源提交前限制生效后拒绝归还并成对保留原匹配持有
通过：来源提交前拒绝后原显示与真实启用限位恢复
通过：来源提交前不发布成功归还、不增加持物修订且解除本次事务互斥
通过：电话最终来源提交直接查询同一原持有会话限制并拒绝
通过：正式听筒组件分发归还请求
通过：归还提交完成后两侧占用清除
通过：来源提交前移除测试限制后同一听筒可以随后正常归还一次
通过：正式根组件分发进入电话聚焦
通过：正式听筒组件分发取下请求
通过：取筒提交完成后两侧占用一致
通过：归还锁夹具脚本替换保留正式听筒音频与空间语音接线
通过：归还锁夹具实际取筒后声源父节点跟随当前持筒显示
通过：来源提交后注入前普通匹配持有可正常准备归还
通过：来源提交后建立真实合法归还事务
通过：来源提交后使用真实新归还令牌且注入前双方当前事务匹配
通过：来源提交后限制生效后拒绝归还并成对保留原匹配持有
通过：来源提交后拒绝后原显示与真实启用限位恢复
通过：来源提交后不发布成功归还、不增加持物修订且解除本次事务互斥
通过：来源临时清空后同步展示观察产生限制，电话提交后复核仍拒绝
通过：正式听筒组件分发归还请求
通过：归还提交完成后两侧占用清除
通过：来源提交后移除测试限制后同一听筒可以随后正常归还一次
通过：正式根组件分发进入电话聚焦
通过：正式听筒组件分发取下请求
通过：取筒提交完成后两侧占用一致
通过：归还锁夹具脚本替换保留正式听筒音频与空间语音接线
通过：归还锁夹具实际取筒后声源父节点跟随当前持筒显示
通过：库存提交复核注入前普通匹配持有可正常准备归还
通过：库存提交复核建立真实合法归还事务
通过：库存提交复核使用真实新归还令牌且注入前双方当前事务匹配
通过：库存提交复核限制生效后拒绝归还并成对保留原匹配持有
通过：库存提交复核拒绝后原显示与真实启用限位恢复
通过：库存提交复核不发布成功归还、不增加持物修订且解除本次事务互斥
通过：来源提交先成功返回后限制生效，库存最终复核阻止业务完成与公开收尾
通过：正式听筒组件分发归还请求
通过：归还提交完成后两侧占用清除
通过：库存提交复核移除测试限制后同一听筒可以随后正常归还一次
通过：正式根组件分发进入电话聚焦
通过：正式听筒组件分发取下请求
通过：取筒提交完成后两侧占用一致
通过：归还锁夹具脚本替换保留正式听筒音频与空间语音接线
通过：归还锁夹具实际取筒后声源父节点跟随当前持筒显示
通过：唯一业务最终提交注入前普通匹配持有可正常准备归还
通过：唯一业务最终提交建立真实合法归还事务
通过：唯一业务最终提交使用真实新归还令牌且注入前双方当前事务匹配
通过：唯一业务最终提交限制生效后拒绝归还并成对保留原匹配持有
通过：唯一业务最终提交拒绝后原显示与真实启用限位恢复
通过：唯一业务最终提交不发布成功归还、不增加持物修订且解除本次事务互斥
通过：库存最后唯一业务入口前仍合法，来源业务完成中的同一限制拒绝并成对回滚
通过：正式听筒组件分发归还请求
通过：归还提交完成后两侧占用清除
通过：唯一业务最终提交移除测试限制后同一听筒可以随后正常归还一次
通过：退出前实际声音播放实例已解除全部引用
