Godot Engine v4.6.1.stable.official.14d19694e - https://godotengine.org

通过：通话移动与容量专项实际使用无图形后端
通过：正式根组件分发进入电话聚焦
通过：其他来源准备会话独占通用播放容量
通过：播放器已有准备会话时电话仍接受明确来电请求
通过：播放器容量忙碌时接听取下请求拒绝
通过：容量忙碌不终止已激活来电或循环铃声
通过：忙碌取筒不覆盖原准备令牌或阶段
通过：容量忙碌拒绝没有半提交、库存修订或物理限位变化
通过：匹配容量准备取消保留具体原因
通过：正式听筒组件分发取下请求
通过：取筒提交完成后两侧占用一致
通过：容量释放后同一仍激活来电允许正常成对接听
电话来电异常终止：{"原因":"忙碌接听用例清理","原持有会话":2,"对话编号":"telephone_single_test","当前句索引":-1,"播放令牌":2,"来源":"/root/01-autolysis-test/interaction_prefabs/machines/MachineTelephone0/StaticBody3D","来源实例身份":102726897257,"来电序号":1}
通过：正式听筒组件分发归还请求
通过：归还提交完成后两侧占用清除
通过：正式根组件分发进入电话聚焦
通过：正式九句来电为真实通话移动提供当前语音
通过：正式听筒组件分发取下请求
通过：取筒提交完成后两侧占用一致
通过：电话聚焦可以正常退出
通过：当前真实物理世界可取得限位不阻挡的半米移动方向
通过：正式玩家物理处理在通话中由引擎动作状态实际移动
通过：通话实际移动保持当前真实限位有效且未深穿透
通过：通话中实际移动保持同一语音流进度持续且不重启句索引
通过：通话实际移动仍匹配原听筒归还锁与来电归属
电话来电异常终止：{"原因":"真实通话移动专项清理","原持有会话":1,"对话编号":"chat_0","当前句索引":0,"播放令牌":1,"来源":"/root/01-autolysis-test/interaction_prefabs/machines/MachineTelephone0/StaticBody3D","来源实例身份":137438957125,"来电序号":1}
通过：正式根组件分发进入电话聚焦
通过：正式听筒组件分发归还请求
通过：归还提交完成后两侧占用清除
通过：退出前实际声音播放实例已解除全部引用
