Godot Engine v4.6.1.stable.official.14d19694e - https://godotengine.org

通过：正式设备含合法槽位及拉杆登记
通过：拉杆精确初始化为规定顶部局部位置
通过：正式场景提供正数鼠标换算比例
通过：无图形夹具经正式入口建立聚焦会话
通过：正式玩家稳定聚焦当前正式混合器
通过：聚焦拖动入口保持可见指针
通过：稳定聚焦在首次新按下来临前禁用输入累积
通过：真实左键命中后建立唯一拖动绑定
通过：控制器绑定当前登记拉杆
通过：下拉按配置比例换算且不乘帧间秒数
通过：横向移动与静止均不改变拉杆
通过：相同比例向上移动回推拉杆
通过：超量上推精确限位且横向及深度不变
通过：指针离开碰撞后仍持续操作原拉杆
通过：顶部超量上推不会积存反向死区
通过：绑定中真实滚轮仍可切换道具格
通过：切格不清除已经绑定的持续移动
通过：拖动及切格期间聚焦相机不随鼠标旋转
通过：拖动期间指针持续可见
通过：提前松开释放控制器绑定
通过：范围检查提前松开最终精确恢复顶部位置
通过：范围检查提前松开实测时间按剩余距离换算，偏差不超过一物理帧
通过：范围检查提前松开逐帧位置满足保持及匀速推进，偏差不超过一物理帧行程
通过：范围检查提前松开回弹内部采样速度恒为每秒一点二局部坐标单位
通过：范围检查及提前松开不发完成信号
通过：正式设备含合法槽位及拉杆登记
通过：拉杆精确初始化为规定顶部局部位置
通过：正式场景提供正数鼠标换算比例
通过：无图形夹具经正式入口建立聚焦会话
通过：正式玩家稳定聚焦当前正式混合器
通过：聚焦拖动入口保持可见指针
通过：稳定聚焦在首次新按下来临前禁用输入累积
通过：按下、下拉和松开全部进入同一物理帧前的有序输入队列
通过：同帧按下下拉松开保留中途位移且提前取消
通过：同帧提前松开最终精确恢复顶部位置
通过：同帧提前松开实测时间按剩余距离换算，偏差不超过一物理帧
通过：同帧提前松开逐帧位置满足保持及匀速推进，偏差不超过一物理帧行程
通过：同帧提前松开回弹内部采样速度恒为每秒一点二局部坐标单位
通过：同帧左键按下后键盘直接动作不污染左键捕获及后续移动
通过：混合键盘输入后左键释放仍正确结束原拖动
通过：键盘穿插的提前松开最终精确恢复顶部位置
通过：键盘穿插的提前松开实测时间按剩余距离换算，偏差不超过一物理帧
通过：键盘穿插的提前松开逐帧位置满足保持及匀速推进，偏差不超过一物理帧行程
通过：键盘穿插的提前松开回弹内部采样速度恒为每秒一点二局部坐标单位
通过：键盘直接动作单独命中拉杆不会冒充新的左键开始
失败：同帧到最低后上推松开仍立即完成一次，不以位移净和代替路径
通过：同帧完成最终精确恢复顶部位置
失败：同帧完成实测时间按剩余距离换算，偏差不超过一物理帧
失败：同帧完成逐帧位置满足保持及匀速推进，偏差不超过一物理帧行程
通过：同帧完成回弹内部采样速度恒为每秒一点二局部坐标单位
通过：切格作废尚未解析的开始及后续输入序列
通过：其他对象上按住再移入拉杆不会启动拖动
通过：正式设备含合法槽位及拉杆登记
通过：拉杆精确初始化为规定顶部局部位置
通过：正式场景提供正数鼠标换算比例
通过：无图形夹具经正式入口建立聚焦会话
通过：正式玩家稳定聚焦当前正式混合器
通过：聚焦拖动入口保持可见指针
通过：稳定聚焦在首次新按下来临前禁用输入累积
通过：真实左键命中后建立唯一拖动绑定
通过：控制器绑定当前登记拉杆
通过：顶部释放、重新按下和下拉全部在下一物理帧前依次入队
通过：顶部释放无剩余回弹，同帧新按下可立即开始且后续移动有效
通过：顶部重新开始后的提前松开最终精确恢复顶部位置
通过：顶部重新开始后的提前松开实测时间按剩余距离换算，偏差不超过一物理帧
通过：顶部重新开始后的提前松开逐帧位置满足保持及匀速推进，偏差不超过一物理帧行程
通过：顶部重新开始后的提前松开回弹内部采样速度恒为每秒一点二局部坐标单位
通过：真实左键命中后建立唯一拖动绑定
通过：控制器绑定当前登记拉杆
通过：部分下拉释放进入回弹，同帧新按下由实际回弹状态拒绝
通过：部分下拉重按后的回弹最终精确恢复顶部位置
通过：部分下拉重按后的回弹实测时间按剩余距离换算，偏差不超过一物理帧
通过：部分下拉重按后的回弹逐帧位置满足保持及匀速推进，偏差不超过一物理帧行程
通过：部分下拉重按后的回弹回弹内部采样速度恒为每秒一点二局部坐标单位
通过：回弹期间被拒绝的新按下一直保持到归位也不会自动启动
通过：真实左键命中后建立唯一拖动绑定
通过：控制器绑定当前登记拉杆
通过：原左键未释放的重复按下被拒绝且保留原绑定和移动顺序
通过：重复按下后正常释放最终精确恢复顶部位置
通过：重复按下后正常释放实测时间按剩余距离换算，偏差不超过一物理帧
通过：重复按下后正常释放逐帧位置满足保持及匀速推进，偏差不超过一物理帧行程
通过：重复按下后正常释放回弹内部采样速度恒为每秒一点二局部坐标单位
通过：顶部重按、回弹锁定和重复按下均不误发完成信号
通过：正式设备含合法槽位及拉杆登记
通过：拉杆精确初始化为规定顶部局部位置
通过：正式场景提供正数鼠标换算比例
通过：无图形夹具经正式入口建立聚焦会话
通过：正式玩家稳定聚焦当前正式混合器
通过：聚焦拖动入口保持可见指针
通过：稳定聚焦在首次新按下来临前禁用输入累积
通过：真实左键命中后建立唯一拖动绑定
通过：控制器绑定当前登记拉杆
通过：主动拖动期间右键不改变聚焦会话
通过：主动拖动期间右键不改变绑定或拉杆位置
通过：右键无效后仍可通过真实移动事件向上回推
通过：右键无效后仍可通过真实移动事件向下拖动
通过：右键无效后左键松开正常解绑并保留聚焦
通过：右键无效后的提前松开最终精确恢复顶部位置
通过：右键无效后的提前松开实测时间按剩余距离换算，偏差不超过一物理帧
通过：右键无效后的提前松开逐帧位置满足保持及匀速推进，偏差不超过一物理帧行程
通过：右键无效后的提前松开回弹内部采样速度恒为每秒一点二局部坐标单位
通过：未拖动时右键仍立即启动正常退出
通过：未拖动时右键正常退出完成
通过：正式设备含合法槽位及拉杆登记
通过：拉杆精确初始化为规定顶部局部位置
通过：正式场景提供正数鼠标换算比例
通过：无图形夹具经正式入口建立聚焦会话
通过：正式玩家稳定聚焦当前正式混合器
通过：聚焦拖动入口保持可见指针
通过：稳定聚焦在首次新按下来临前禁用输入累积
通过：真实左键命中后建立唯一拖动绑定
通过：控制器绑定当前登记拉杆
通过：已建立拖动后下拉右键再下拉松开全部按顺序注入同一物理帧前
通过：实际拖动期间右键无效，不清理同帧前后移动及松开序列
通过：同帧右键无效后的松开最终精确恢复顶部位置
通过：同帧右键无效后的松开实测时间按剩余距离换算，偏差不超过一物理帧
通过：同帧右键无效后的松开逐帧位置满足保持及匀速推进，偏差不超过一物理帧行程
通过：同帧右键无效后的松开回弹内部采样速度恒为每秒一点二局部坐标单位
通过：正式设备含合法槽位及拉杆登记
通过：拉杆精确初始化为规定顶部局部位置
通过：正式场景提供正数鼠标换算比例
通过：无图形夹具经正式入口建立聚焦会话
通过：正式玩家稳定聚焦当前正式混合器
通过：聚焦拖动入口保持可见指针
通过：稳定聚焦在首次新按下来临前禁用输入累积
通过：真实左键命中后建立唯一拖动绑定
通过：控制器绑定当前登记拉杆
失败：物理处理已完成后右键立即退出且保留完成一次
失败：完成后退出不影响设备最低保持及回弹
通过：正式设备含合法槽位及拉杆登记
通过：拉杆精确初始化为规定顶部局部位置
通过：正式场景提供正数鼠标换算比例
通过：无图形夹具经正式入口建立聚焦会话
通过：正式玩家稳定聚焦当前正式混合器
通过：聚焦拖动入口保持可见指针
通过：稳定聚焦在首次新按下来临前禁用输入累积
通过：真实左键命中后建立唯一拖动绑定
通过：控制器绑定当前登记拉杆
通过：已经解绑的自动回弹期间右键仍立即退出
通过：自动回弹期间退出正常归位且不误完成
通过：正式设备含合法槽位及拉杆登记
通过：拉杆精确初始化为规定顶部局部位置
通过：正式场景提供正数鼠标换算比例
通过：无图形夹具经正式入口建立聚焦会话
通过：正式玩家稳定聚焦当前正式混合器
通过：聚焦拖动入口保持可见指针
通过：稳定聚焦在首次新按下来临前禁用输入累积
通过：真实左键命中后建立唯一拖动绑定
通过：控制器绑定当前登记拉杆
通过：输入链实际到达所测提前松开位置
通过：松开帧以当前位置作为自动回弹计时零点
通过：剩余距离回弹最终精确恢复顶部位置
通过：剩余距离回弹实测时间按剩余距离换算，偏差不超过一物理帧
通过：剩余距离回弹逐帧位置满足保持及匀速推进，偏差不超过一物理帧行程
通过：剩余距离回弹回弹内部采样速度恒为每秒一点二局部坐标单位
通过：未到最低的提前松开完成次数为零
通过：正式设备含合法槽位及拉杆登记
通过：拉杆精确初始化为规定顶部局部位置
通过：正式场景提供正数鼠标换算比例
通过：无图形夹具经正式入口建立聚焦会话
通过：正式玩家稳定聚焦当前正式混合器
通过：聚焦拖动入口保持可见指针
通过：稳定聚焦在首次新按下来临前禁用输入累积
通过：真实左键命中后建立唯一拖动绑定
通过：控制器绑定当前登记拉杆
通过：输入链实际到达所测提前松开位置
通过：松开帧以当前位置作为自动回弹计时零点
通过：剩余距离回弹最终精确恢复顶部位置
通过：剩余距离回弹实测时间按剩余距离换算，偏差不超过一物理帧
通过：剩余距离回弹逐帧位置满足保持及匀速推进，偏差不超过一物理帧行程
通过：剩余距离回弹回弹内部采样速度恒为每秒一点二局部坐标单位
通过：未到最低的提前松开完成次数为零
通过：正式设备含合法槽位及拉杆登记
通过：拉杆精确初始化为规定顶部局部位置
通过：正式场景提供正数鼠标换算比例
通过：无图形夹具经正式入口建立聚焦会话
通过：正式玩家稳定聚焦当前正式混合器
通过：聚焦拖动入口保持可见指针
通过：稳定聚焦在首次新按下来临前禁用输入累积
通过：真实左键命中后建立唯一拖动绑定
通过：控制器绑定当前登记拉杆
通过：输入链实际到达所测提前松开位置
通过：松开帧以当前位置作为自动回弹计时零点
通过：剩余距离回弹最终精确恢复顶部位置
通过：剩余距离回弹实测时间按剩余距离换算，偏差不超过一物理帧
通过：剩余距离回弹逐帧位置满足保持及匀速推进，偏差不超过一物理帧行程
通过：剩余距离回弹回弹内部采样速度恒为每秒一点二局部坐标单位
通过：未到最低的提前松开完成次数为零
通过：正式设备含合法槽位及拉杆登记
通过：拉杆精确初始化为规定顶部局部位置
通过：正式场景提供正数鼠标换算比例
通过：无图形夹具经正式入口建立聚焦会话
通过：正式玩家稳定聚焦当前正式混合器
通过：聚焦拖动入口保持可见指针
通过：稳定聚焦在首次新按下来临前禁用输入累积
通过：真实左键命中后建立唯一拖动绑定
通过：控制器绑定当前登记拉杆
通过：输入链实际到达所测提前松开位置
通过：松开帧以当前位置作为自动回弹计时零点
通过：剩余距离回弹最终精确恢复顶部位置
通过：剩余距离回弹实测时间按剩余距离换算，偏差不超过一物理帧
通过：剩余距离回弹逐帧位置满足保持及匀速推进，偏差不超过一物理帧行程
通过：剩余距离回弹回弹内部采样速度恒为每秒一点二局部坐标单位
通过：未到最低的提前松开完成次数为零
通过：正式设备含合法槽位及拉杆登记
通过：拉杆精确初始化为规定顶部局部位置
通过：正式场景提供正数鼠标换算比例
通过：无图形夹具经正式入口建立聚焦会话
通过：正式玩家稳定聚焦当前正式混合器
通过：聚焦拖动入口保持可见指针
通过：稳定聚焦在首次新按下来临前禁用输入累积
通过：夹具准备正式手持原药定义
通过：真实左键命中后建立唯一拖动绑定
通过：控制器绑定当前登记拉杆
通过：超量下拉立即携带实际角色发出唯一完成信号
通过：到达最低先锁定位置并释放玩家绑定
通过：最低保持阶段拒绝新拉杆请求
通过：保持中松开及新点击不缩短最低保持也不重复完成
通过：最低保持累计零点一秒前无提前大幅回弹
通过：最低保持累计零点一秒前无提前大幅回弹
通过：最低保持累计零点一秒前无提前大幅回弹
通过：最低保持累计零点一秒前无提前大幅回弹
通过：最低保持累计零点一秒前无提前大幅回弹
通过：完成后自动阶段逐帧符合剩余保持及匀速回弹
通过：完成后自动阶段逐帧符合剩余保持及匀速回弹
通过：完成后自动阶段逐帧符合剩余保持及匀速回弹
通过：完成后自动阶段逐帧符合剩余保持及匀速回弹
通过：完成后自动阶段逐帧符合剩余保持及匀速回弹
通过：完成后自动阶段逐帧符合剩余保持及匀速回弹
通过：完成后自动阶段逐帧符合剩余保持及匀速回弹
通过：完成后自动阶段逐帧符合剩余保持及匀速回弹
通过：完成后自动阶段逐帧符合剩余保持及匀速回弹
通过：完成后自动阶段逐帧符合剩余保持及匀速回弹
通过：完成后自动阶段逐帧符合剩余保持及匀速回弹
通过：完成后自动阶段逐帧符合剩余保持及匀速回弹
通过：最低保持零点一秒加全程零点二秒回弹且内部速度恒定
通过：拉杆交互保留手持道具且不消耗原药
通过：完整周期精确归位且完成数维持一次
通过：真实左键命中后建立唯一拖动绑定
通过：控制器绑定当前登记拉杆
失败：持续按住的完整周期最终精确恢复顶部位置
失败：持续按住的完整周期实测时间按剩余距离换算，偏差不超过一物理帧
失败：持续按住的完整周期逐帧位置满足保持及匀速推进，偏差不超过一物理帧行程
通过：持续按住的完整周期回弹内部采样速度恒为每秒一点二局部坐标单位
失败：完成后持续按住和移动不会自动开始新一轮
失败：真实左键命中后建立唯一拖动绑定
失败：控制器绑定当前登记拉杆
失败：归位后新的左键按下可以开始下一轮
通过：正式设备含合法槽位及拉杆登记
通过：拉杆精确初始化为规定顶部局部位置
通过：正式场景提供正数鼠标换算比例
通过：无图形夹具经正式入口建立聚焦会话
通过：正式玩家稳定聚焦当前正式混合器
通过：聚焦拖动入口保持可见指针
通过：稳定聚焦在首次新按下来临前禁用输入累积
通过：首次左键之前稳定聚焦已禁用输入累积
通过：真实左键命中后建立唯一拖动绑定
通过：控制器绑定当前登记拉杆
通过：拖动延续稳定聚焦的禁用累积状态
通过：提前松开后稳定聚焦继续禁用输入累积
通过：真实左键命中后建立唯一拖动绑定
通过：控制器绑定当前登记拉杆
通过：完成解绑后稳定聚焦继续禁用输入累积
通过：真实左键命中后建立唯一拖动绑定
通过：控制器绑定当前登记拉杆
通过：菜单取消精确恢复进入聚焦前输入累积原值
通过：关闭菜单重新进入稳定聚焦时再次禁用累积
通过：场景树暂停精确恢复进入聚焦前输入累积原值
通过：恢复场景树后稳定聚焦重新禁用累积
通过：右键退出开始即精确恢复进入聚焦前输入累积原值
通过：聚焦完全退出后保留进入前输入累积原值
通过：正式设备含合法槽位及拉杆登记
通过：拉杆精确初始化为规定顶部局部位置
通过：正式场景提供正数鼠标换算比例
通过：无图形夹具经正式入口建立聚焦会话
通过：正式玩家稳定聚焦当前正式混合器
通过：聚焦拖动入口保持可见指针
通过：稳定聚焦在首次新按下来临前禁用输入累积
通过：首次左键之前稳定聚焦已禁用输入累积
通过：真实左键命中后建立唯一拖动绑定
通过：控制器绑定当前登记拉杆
通过：拖动延续稳定聚焦的禁用累积状态
通过：提前松开后稳定聚焦继续禁用输入累积
通过：真实左键命中后建立唯一拖动绑定
通过：控制器绑定当前登记拉杆
通过：完成解绑后稳定聚焦继续禁用输入累积
通过：真实左键命中后建立唯一拖动绑定
通过：控制器绑定当前登记拉杆
通过：菜单取消精确恢复进入聚焦前输入累积原值
通过：关闭菜单重新进入稳定聚焦时再次禁用累积
通过：场景树暂停精确恢复进入聚焦前输入累积原值
通过：恢复场景树后稳定聚焦重新禁用累积
通过：右键退出开始即精确恢复进入聚焦前输入累积原值
通过：聚焦完全退出后保留进入前输入累积原值
通过：正式设备含合法槽位及拉杆登记
通过：拉杆精确初始化为规定顶部局部位置
通过：正式场景提供正数鼠标换算比例
通过：无图形夹具经正式入口建立聚焦会话
通过：正式玩家稳定聚焦当前正式混合器
通过：聚焦拖动入口保持可见指针
通过：稳定聚焦在首次新按下来临前禁用输入累积
通过：真实左键命中后建立唯一拖动绑定
通过：控制器绑定当前登记拉杆
通过：菜单释放尚未完成的拖动绑定
通过：菜单中断不发完成信号
通过：不暂停场景树的菜单允许取消后回弹继续
通过：菜单结束后拉杆可恢复顶部且没有永久绑定
通过：正式设备含合法槽位及拉杆登记
通过：拉杆精确初始化为规定顶部局部位置
通过：正式场景提供正数鼠标换算比例
通过：无图形夹具经正式入口建立聚焦会话
通过：正式玩家稳定聚焦当前正式混合器
通过：聚焦拖动入口保持可见指针
通过：稳定聚焦在首次新按下来临前禁用输入累积
通过：真实左键命中后建立唯一拖动绑定
通过：控制器绑定当前登记拉杆
通过：暂停释放尚未完成的拖动绑定
通过：暂停中断不发完成信号
通过：场景树暂停取消主动拖动并冻结回弹推进
通过：暂停结束后拉杆可恢复顶部且没有永久绑定
通过：正式设备含合法槽位及拉杆登记
通过：拉杆精确初始化为规定顶部局部位置
通过：正式场景提供正数鼠标换算比例
通过：无图形夹具经正式入口建立聚焦会话
通过：正式玩家稳定聚焦当前正式混合器
通过：聚焦拖动入口保持可见指针
通过：稳定聚焦在首次新按下来临前禁用输入累积
通过：真实左键命中后建立唯一拖动绑定
通过：控制器绑定当前登记拉杆
通过：失焦释放尚未完成的拖动绑定
通过：失焦中断不发完成信号
通过：失焦结束后拉杆可恢复顶部且没有永久绑定
通过：正式设备含合法槽位及拉杆登记
通过：拉杆精确初始化为规定顶部局部位置
通过：正式场景提供正数鼠标换算比例
通过：无图形夹具经正式入口建立聚焦会话
通过：正式玩家稳定聚焦当前正式混合器
通过：聚焦拖动入口保持可见指针
通过：稳定聚焦在首次新按下来临前禁用输入累积
通过：真实左键命中后建立唯一拖动绑定
通过：控制器绑定当前登记拉杆
通过：取消标记释放尚未完成的拖动绑定
通过：取消标记中断不发完成信号
通过：取消标记结束后拉杆可恢复顶部且没有永久绑定
通过：正式设备含合法槽位及拉杆登记
通过：拉杆精确初始化为规定顶部局部位置
通过：正式场景提供正数鼠标换算比例
通过：无图形夹具经正式入口建立聚焦会话
通过：正式玩家稳定聚焦当前正式混合器
通过：聚焦拖动入口保持可见指针
通过：稳定聚焦在首次新按下来临前禁用输入累积
通过：真实左键命中后建立唯一拖动绑定
通过：控制器绑定当前登记拉杆
通过：尺寸变更释放尚未完成的拖动绑定
通过：尺寸变更中断不发完成信号
通过：尺寸变更结束后拉杆可恢复顶部且没有永久绑定
通过：正式设备含合法槽位及拉杆登记
通过：拉杆精确初始化为规定顶部局部位置
通过：正式场景提供正数鼠标换算比例
通过：无图形夹具经正式入口建立聚焦会话
通过：正式玩家稳定聚焦当前正式混合器
通过：聚焦拖动入口保持可见指针
通过：稳定聚焦在首次新按下来临前禁用输入累积
通过：真实左键命中后建立唯一拖动绑定
通过：控制器绑定当前登记拉杆
失败：最低保持期间暂停只冻结自动时间而不重复完成
通过：最低保持恢复后续接自动回弹
通过：正式设备含合法槽位及拉杆登记
通过：拉杆精确初始化为规定顶部局部位置
通过：正式场景提供正数鼠标换算比例
通过：无图形夹具经正式入口建立聚焦会话
通过：正式玩家稳定聚焦当前正式混合器
通过：聚焦拖动入口保持可见指针
通过：稳定聚焦在首次新按下来临前禁用输入累积
通过：真实左键命中后建立唯一拖动绑定
通过：控制器绑定当前登记拉杆
失败：回弹期间暂停只冻结自动时间而不重复完成
通过：回弹恢复后续接自动回弹
通过：正式设备含合法槽位及拉杆登记
通过：拉杆精确初始化为规定顶部局部位置
通过：正式场景提供正数鼠标换算比例
通过：无图形夹具经正式入口建立聚焦会话
通过：正式玩家稳定聚焦当前正式混合器
通过：聚焦拖动入口保持可见指针
通过：稳定聚焦在首次新按下来临前禁用输入累积
通过：真实左键命中后建立唯一拖动绑定
通过：控制器绑定当前登记拉杆
失败：完成后右键立即离开聚焦
失败：完成后右键离开不撤销完成且设备自动流程继续
通过：正式设备含合法槽位及拉杆登记
通过：拉杆精确初始化为规定顶部局部位置
通过：正式场景提供正数鼠标换算比例
通过：无图形夹具经正式入口建立聚焦会话
通过：正式玩家稳定聚焦当前正式混合器
通过：聚焦拖动入口保持可见指针
通过：稳定聚焦在首次新按下来临前禁用输入累积
通过：界面消费开始左键后不会进入世界拖动
通过：真实左键命中后建立唯一拖动绑定
通过：控制器绑定当前登记拉杆
通过：界面实际消费已经绑定拖动的移动及释放事件
通过：前置输入观察保留界面消费后的移动并可靠释放
通过：界面消费释放最终精确恢复顶部位置
通过：界面消费释放实测时间按剩余距离换算，偏差不超过一物理帧
通过：界面消费释放逐帧位置满足保持及匀速推进，偏差不超过一物理帧行程
通过：界面消费释放回弹内部采样速度恒为每秒一点二局部坐标单位
通过：界面消费释放的提前回弹不完成
通过：正式设备含合法槽位及拉杆登记
通过：拉杆精确初始化为规定顶部局部位置
通过：正式场景提供正数鼠标换算比例
通过：无图形夹具经正式入口建立聚焦会话
通过：正式玩家稳定聚焦当前正式混合器
通过：聚焦拖动入口保持可见指针
通过：稳定聚焦在首次新按下来临前禁用输入累积
通过：开始尚未解析时界面消费后续释放仍保持按下移动松开顺序
通过：待解析开始可靠释放最终精确恢复顶部位置
通过：待解析开始可靠释放实测时间按剩余距离换算，偏差不超过一物理帧
通过：待解析开始可靠释放逐帧位置满足保持及匀速推进，偏差不超过一物理帧行程
通过：待解析开始可靠释放回弹内部采样速度恒为每秒一点二局部坐标单位
通过：正式设备含合法槽位及拉杆登记
通过：拉杆精确初始化为规定顶部局部位置
通过：正式场景提供正数鼠标换算比例
通过：无图形夹具经正式入口建立聚焦会话
通过：正式玩家稳定聚焦当前正式混合器
通过：聚焦拖动入口保持可见指针
通过：稳定聚焦在首次新按下来临前禁用输入累积
通过：另一台设备的聚焦描述不能解析当前拉杆
通过：未聚焦设备的拉杆拒绝当前玩家
通过：鼠标开始尚未建立真实拖动时右键维持立即退出
通过：真实拖动建立前右键退出作废开始序列，不补播下拉完成
通过：正式设备含合法槽位及拉杆登记
通过：拉杆精确初始化为规定顶部局部位置
通过：正式场景提供正数鼠标换算比例
通过：无图形夹具经正式入口建立聚焦会话
通过：正式玩家稳定聚焦当前正式混合器
通过：聚焦拖动入口保持可见指针
通过：稳定聚焦在首次新按下来临前禁用输入累积
通过：正式终止递增会话编号并作废解析前的旧输入序列
通过：正式设备含合法槽位及拉杆登记
通过：拉杆精确初始化为规定顶部局部位置
通过：正式场景提供正数鼠标换算比例
通过：无图形夹具经正式入口建立聚焦会话
通过：正式玩家稳定聚焦当前正式混合器
通过：聚焦拖动入口保持可见指针
通过：稳定聚焦在首次新按下来临前禁用输入累积
通过：真实左键命中后建立唯一拖动绑定
通过：控制器绑定当前登记拉杆
通过：拉杆释放后控制器无残余绑定
通过：拉杆失效终止正式聚焦会话
通过：拉杆释放不发完成信号
通过：正式设备含合法槽位及拉杆登记
通过：拉杆精确初始化为规定顶部局部位置
通过：正式场景提供正数鼠标换算比例
通过：无图形夹具经正式入口建立聚焦会话
通过：正式玩家稳定聚焦当前正式混合器
通过：聚焦拖动入口保持可见指针
通过：稳定聚焦在首次新按下来临前禁用输入累积
通过：真实左键命中后建立唯一拖动绑定
通过：控制器绑定当前登记拉杆
通过：设备释放后控制器无残余绑定
通过：设备失效终止正式聚焦会话
通过：设备释放不发完成信号
通过：正式设备含合法槽位及拉杆登记
通过：拉杆精确初始化为规定顶部局部位置
通过：正式场景提供正数鼠标换算比例
通过：无图形夹具经正式入口建立聚焦会话
通过：正式玩家稳定聚焦当前正式混合器
通过：聚焦拖动入口保持可见指针
通过：稳定聚焦在首次新按下来临前禁用输入累积
通过：真实左键命中后建立唯一拖动绑定
通过：控制器绑定当前登记拉杆
通过：参考相机释放后控制器无残余绑定
通过：参考相机失效终止正式聚焦会话
通过：参考相机释放不发完成信号
通过：正式设备含合法槽位及拉杆登记
通过：拉杆精确初始化为规定顶部局部位置
通过：正式场景提供正数鼠标换算比例
通过：无图形夹具经正式入口建立聚焦会话
通过：正式玩家稳定聚焦当前正式混合器
通过：聚焦拖动入口保持可见指针
通过：稳定聚焦在首次新按下来临前禁用输入累积
通过：真实左键命中后建立唯一拖动绑定
通过：控制器绑定当前登记拉杆
通过：玩家释放完成且不访问已释放子节点
通过：玩家释放不发完成信号
通过：正式设备含合法槽位及拉杆登记
通过：拉杆精确初始化为规定顶部局部位置
通过：正式场景提供正数鼠标换算比例
通过：无图形夹具经正式入口建立聚焦会话
通过：正式玩家稳定聚焦当前正式混合器
通过：聚焦拖动入口保持可见指针
通过：稳定聚焦在首次新按下来临前禁用输入累积
通过：真实左键命中后建立唯一拖动绑定
通过：控制器绑定当前登记拉杆
失败：重新请求同步回调只完成一次
失败：完成前先改变状态，正式组件拒绝同步重入请求
通过：重入拒绝后原自动回弹流程正常归位
通过：正式设备含合法槽位及拉杆登记
通过：拉杆精确初始化为规定顶部局部位置
通过：正式场景提供正数鼠标换算比例
通过：无图形夹具经正式入口建立聚焦会话
通过：正式玩家稳定聚焦当前正式混合器
通过：聚焦拖动入口保持可见指针
通过：稳定聚焦在首次新按下来临前禁用输入累积
通过：真实左键命中后建立唯一拖动绑定
通过：控制器绑定当前登记拉杆
失败：删除设备同步回调只完成一次
失败：完成回调释放设备后不遗留绑定或访问失效对象
通过：正式设备含合法槽位及拉杆登记
通过：拉杆精确初始化为规定顶部局部位置
通过：正式场景提供正数鼠标换算比例
通过：无图形夹具经正式入口建立聚焦会话
通过：正式玩家稳定聚焦当前正式混合器
通过：聚焦拖动入口保持可见指针
通过：稳定聚焦在首次新按下来临前禁用输入累积
通过：初始节点及物理服务器姿态一致且新位置真实点查询命中
通过：真实左键命中后建立唯一拖动绑定
通过：控制器绑定当前登记拉杆
通过：中途节点及物理服务器姿态一致且新位置真实点查询命中
通过：中途旧位置点查询无拉杆幽灵碰撞
通过：最低节点及物理服务器姿态一致且新位置真实点查询命中
通过：最低旧位置点查询无拉杆幽灵碰撞
通过：回弹节点及物理服务器姿态一致且新位置真实点查询命中
失败：回弹旧位置点查询无拉杆幽灵碰撞
通过：归位节点及物理服务器姿态一致且新位置真实点查询命中
失败：归位旧位置点查询无拉杆幽灵碰撞
失败：碰撞跟随完整周期保留规定初始结构和位置
拉杆输入验收断言数：526；失败总数：23；图形运行：false
