Godot Engine v4.6.1.stable.official.14d19694e - https://godotengine.org

通过：边界专项实际使用无图形后端
通过：实际非法排版字段明确拒绝准备并有具体原因：subtitle_font_size（测试字段）
通过：实际非法排版字段明确拒绝准备并有具体原因：subtitle_max_width（测试字段）
通过：实际非法排版字段明确拒绝准备并有具体原因：subtitle_single_line_height（测试字段）
通过：实际非法排版字段明确拒绝准备并有具体原因：subtitle_horizontal_padding（测试字段）
通过：实际非法排版字段明确拒绝准备并有具体原因：subtitle_inventory_gap（测试字段）
通过：实际非法排版字段明确拒绝准备并有具体原因：subtitle_screen_margin（测试字段）
通过：极窄实际视口仍允许有效配置播放而不以尺寸终止会话
通过：业务正常完成接收者已看到字幕隐藏
通过：正常业务完成发布期间新准备返回忙碌
通过：极窄视口零等待也由真实语音和自然渐隐完成一次
通过：句后计时器自然到期当帧暂停用例开始真实播放
失败：等待上限仅用于验收失败：真实句后计时器自然到期保存待同步
失败：真实句后到期当帧暂停保留原会话不提前渐隐或完成
失败：暂停中句后自然到期待同步保留
通过：业务正常完成接收者已看到字幕隐藏
通过：正常业务完成发布期间新准备返回忙碌
通过：句后自然到期待同步恢复后仅完成一次
通过：最后渐隐自然完成当帧暂停用例开始真实播放
通过：业务正常完成接收者已看到字幕隐藏
通过：正常业务完成发布期间新准备返回忙碌
失败：等待上限仅用于验收失败：最后渐隐原生自然完成保存待同步
失败：最后渐隐自然完成当帧暂停不提交正常完成
失败：已完成最后渐隐的字幕保留零透明度待同步而不重播
失败：最后自然渐隐完成待同步在暂停中不发布业务
通过：恢复后只提交一次原正常完成并隐藏全部字幕
通过：source（依赖变体）开始真实会话
通过：异常业务接收者取得真实原因
通过：source（依赖变体）释放只终止原会话一次并不发正常完成
通过：source（依赖变体）异常记录保留实际原因
通过：subtitle（依赖变体）开始真实会话
通过：异常业务接收者取得真实原因
通过：subtitle（依赖变体）释放只终止原会话一次并不发正常完成
通过：subtitle（依赖变体）异常记录保留实际原因
通过：voice（依赖变体）开始真实会话
通过：异常业务接收者取得真实原因
通过：voice（依赖变体）释放只终止原会话一次并不发正常完成
通过：voice（依赖变体）异常记录保留实际原因
通过：字幕同步可见观察取消边界准备成功
通过：异常业务接收者取得真实原因
通过：字幕同步显示观察中取消不会启动旧语音且异常唯一
通过：同步显示观察取消完成音频与字幕成对清理
