Godot Engine v4.6.1.stable.official.14d19694e - https://godotengine.org
Vulkan 1.4.351 - Forward+ - Using Device #0: NVIDIA - NVIDIA GeForce RTX 3060 Ti

通过：原生循环检查使用指定视窗系统图形后端
通过：正式设备含合法槽位及拉杆登记
通过：拉杆精确初始化为规定顶部局部位置
通过：正式场景提供正数鼠标换算比例
通过：正式玩家稳定聚焦当前正式混合器
通过：聚焦拖动入口保持可见指针
通过：稳定聚焦在首次新按下来临前禁用输入累积
通过：可见图形窗口实际取得焦点
通过：原生检查记录规定窗口尺寸一千二百八十乘七百二十
通过：真实碰撞像素的解析左键经正式链路建立拖动
通过：开始前及绑定阶段关闭引擎输入累积
通过：保存正式聚焦视角的实际图形画面
通过：第一轮下边缘循环测试定位产生可观察的实际原生事件
通过：第一轮下边缘循环逐步位移及补偿正确
通过：第一轮下边缘循环逐步位移及补偿正确保持横向及深度零坐标
通过：第一轮下边缘循环测试定位产生可观察的实际原生事件
通过：第一轮下边缘循环逐步位移及补偿正确
通过：第一轮下边缘循环逐步位移及补偿正确保持横向及深度零坐标
通过：第一轮下边缘循环测试定位产生可观察的实际原生事件
通过：第一轮下边缘循环逐步位移及补偿正确
通过：第一轮下边缘循环逐步位移及补偿正确保持横向及深度零坐标
通过：第一轮下边缘循环测试定位产生可观察的实际原生事件
通过：第一轮下边缘循环逐步位移及补偿正确
通过：第一轮下边缘循环逐步位移及补偿正确保持横向及深度零坐标
通过：第一轮下边缘循环触发恰好一次生产指针定位
通过：第一轮下边缘循环定位自身不改变拉杆进度
通过：第一轮下边缘循环定位自身不改变拉杆进度保持横向及深度零坐标
通过：第一轮下边缘循环无定位触发完成
通过：第一轮下边缘循环指针已从底边到顶边内侧
通过：第二轮下边缘循环测试定位产生可观察的实际原生事件
通过：第二轮下边缘循环逐步位移及补偿正确
通过：第二轮下边缘循环逐步位移及补偿正确保持横向及深度零坐标
通过：第二轮下边缘循环测试定位产生可观察的实际原生事件
通过：第二轮下边缘循环逐步位移及补偿正确
通过：第二轮下边缘循环逐步位移及补偿正确保持横向及深度零坐标
通过：第二轮下边缘循环测试定位产生可观察的实际原生事件
通过：第二轮下边缘循环逐步位移及补偿正确
通过：第二轮下边缘循环逐步位移及补偿正确保持横向及深度零坐标
通过：第二轮下边缘循环测试定位产生可观察的实际原生事件
通过：第二轮下边缘循环逐步位移及补偿正确
通过：第二轮下边缘循环逐步位移及补偿正确保持横向及深度零坐标
通过：第二轮下边缘循环测试定位产生可观察的实际原生事件
通过：第二轮下边缘循环逐步位移及补偿正确
通过：第二轮下边缘循环逐步位移及补偿正确保持横向及深度零坐标
通过：第二轮下边缘循环测试定位产生可观察的实际原生事件
通过：第二轮下边缘循环逐步位移及补偿正确
通过：第二轮下边缘循环逐步位移及补偿正确保持横向及深度零坐标
通过：第二轮下边缘循环测试定位产生可观察的实际原生事件
通过：第二轮下边缘循环逐步位移及补偿正确
通过：第二轮下边缘循环逐步位移及补偿正确保持横向及深度零坐标
通过：第二轮下边缘循环测试定位产生可观察的实际原生事件
通过：第二轮下边缘循环逐步位移及补偿正确
通过：第二轮下边缘循环逐步位移及补偿正确保持横向及深度零坐标
通过：第二轮下边缘循环触发恰好一次生产指针定位
通过：第二轮下边缘循环定位自身不改变拉杆进度
通过：第二轮下边缘循环定位自身不改变拉杆进度保持横向及深度零坐标
通过：第二轮下边缘循环无定位触发完成
通过：第二轮下边缘循环指针已从底边到顶边内侧
通过：连续两轮下边缘实际回声已进入正式控制器并被补偿
通过：保存正式聚焦视角的实际图形画面
通过：定位后快速反向测试定位产生可观察的实际原生事件
通过：定位后快速反向测试定位产生可观察的实际原生事件
通过：定位后快速反向测试定位产生可观察的实际原生事件
通过：快速下推上推下推的三个原生事件保持同一物理帧前的顺序
通过：快速反向真实位移按事件保留
通过：快速反向真实位移按事件保留保持横向及深度零坐标
通过：上边缘循环测试定位产生可观察的实际原生事件
通过：上边缘循环逐步位移及补偿正确
通过：上边缘循环逐步位移及补偿正确保持横向及深度零坐标
通过：上边缘实际原生定位回声已补偿且拉杆无整屏跳变
通过：上边缘循环后位置正确
通过：上边缘循环后位置正确保持横向及深度零坐标
通过：定位后同帧松开测试定位产生可观察的实际原生事件
通过：同帧松开前原生循环定位不改变真实累计进度
通过：生产定位回声与随后左键松开记录在同一物理帧编号
通过：定位后松开结束唯一绑定及定位标记
通过：多轮定位及快速反向均不误发完成信号
通过：原生循环提前松开最终精确恢复顶部位置
通过：原生循环提前松开实测时间按剩余距离换算，偏差不超过一物理帧
通过：原生循环提前松开逐帧位置满足保持及匀速推进，偏差不超过一物理帧行程
通过：原生循环提前松开回弹内部采样速度恒为每秒一点二局部坐标单位
通过：原生循环全程固定聚焦镜头
通过：原生循环及回弹全程保持可见指针
通过：保存正式聚焦视角的实际图形画面
通过：正式设备含合法槽位及拉杆登记
通过：拉杆精确初始化为规定顶部局部位置
通过：正式场景提供正数鼠标换算比例
通过：正式玩家稳定聚焦当前正式混合器
通过：聚焦拖动入口保持可见指针
通过：稳定聚焦在首次新按下来临前禁用输入累积
通过：可见图形窗口实际取得焦点
通过：原生检查记录规定窗口尺寸一千二百八十乘七百二十
通过：真实碰撞像素的解析左键经正式链路建立拖动
通过：开始前及绑定阶段关闭引擎输入累积
通过：保存正式聚焦视角的实际图形画面
通过：第一轮下边缘循环测试定位产生可观察的实际原生事件
通过：第一轮下边缘循环逐步位移及补偿正确
通过：第一轮下边缘循环逐步位移及补偿正确保持横向及深度零坐标
通过：第一轮下边缘循环测试定位产生可观察的实际原生事件
通过：第一轮下边缘循环逐步位移及补偿正确
通过：第一轮下边缘循环逐步位移及补偿正确保持横向及深度零坐标
通过：第一轮下边缘循环测试定位产生可观察的实际原生事件
通过：第一轮下边缘循环逐步位移及补偿正确
通过：第一轮下边缘循环逐步位移及补偿正确保持横向及深度零坐标
通过：第一轮下边缘循环测试定位产生可观察的实际原生事件
通过：第一轮下边缘循环逐步位移及补偿正确
通过：第一轮下边缘循环逐步位移及补偿正确保持横向及深度零坐标
通过：第一轮下边缘循环触发恰好一次生产指针定位
通过：第一轮下边缘循环定位自身不改变拉杆进度
通过：第一轮下边缘循环定位自身不改变拉杆进度保持横向及深度零坐标
通过：第一轮下边缘循环无定位触发完成
通过：第一轮下边缘循环指针已从底边到顶边内侧
通过：第二轮下边缘循环测试定位产生可观察的实际原生事件
通过：第二轮下边缘循环逐步位移及补偿正确
通过：第二轮下边缘循环逐步位移及补偿正确保持横向及深度零坐标
通过：第二轮下边缘循环测试定位产生可观察的实际原生事件
通过：第二轮下边缘循环逐步位移及补偿正确
通过：第二轮下边缘循环逐步位移及补偿正确保持横向及深度零坐标
通过：第二轮下边缘循环测试定位产生可观察的实际原生事件
通过：第二轮下边缘循环逐步位移及补偿正确
通过：第二轮下边缘循环逐步位移及补偿正确保持横向及深度零坐标
通过：第二轮下边缘循环测试定位产生可观察的实际原生事件
通过：第二轮下边缘循环逐步位移及补偿正确
通过：第二轮下边缘循环逐步位移及补偿正确保持横向及深度零坐标
通过：第二轮下边缘循环测试定位产生可观察的实际原生事件
通过：第二轮下边缘循环逐步位移及补偿正确
通过：第二轮下边缘循环逐步位移及补偿正确保持横向及深度零坐标
通过：第二轮下边缘循环测试定位产生可观察的实际原生事件
通过：第二轮下边缘循环逐步位移及补偿正确
通过：第二轮下边缘循环逐步位移及补偿正确保持横向及深度零坐标
通过：第二轮下边缘循环测试定位产生可观察的实际原生事件
通过：第二轮下边缘循环逐步位移及补偿正确
通过：第二轮下边缘循环逐步位移及补偿正确保持横向及深度零坐标
通过：第二轮下边缘循环测试定位产生可观察的实际原生事件
通过：第二轮下边缘循环逐步位移及补偿正确
通过：第二轮下边缘循环逐步位移及补偿正确保持横向及深度零坐标
通过：第二轮下边缘循环触发恰好一次生产指针定位
通过：第二轮下边缘循环定位自身不改变拉杆进度
通过：第二轮下边缘循环定位自身不改变拉杆进度保持横向及深度零坐标
通过：第二轮下边缘循环无定位触发完成
通过：第二轮下边缘循环指针已从底边到顶边内侧
通过：连续两轮下边缘实际回声已进入正式控制器并被补偿
通过：保存正式聚焦视角的实际图形画面
通过：定位后快速反向测试定位产生可观察的实际原生事件
通过：定位后快速反向测试定位产生可观察的实际原生事件
通过：定位后快速反向测试定位产生可观察的实际原生事件
通过：快速下推上推下推的三个原生事件保持同一物理帧前的顺序
通过：快速反向真实位移按事件保留
通过：快速反向真实位移按事件保留保持横向及深度零坐标
通过：上边缘循环测试定位产生可观察的实际原生事件
通过：上边缘循环逐步位移及补偿正确
通过：上边缘循环逐步位移及补偿正确保持横向及深度零坐标
通过：上边缘实际原生定位回声已补偿且拉杆无整屏跳变
通过：上边缘循环后位置正确
通过：上边缘循环后位置正确保持横向及深度零坐标
通过：定位后同帧松开测试定位产生可观察的实际原生事件
通过：同帧松开前原生循环定位不改变真实累计进度
通过：生产定位回声与随后左键松开记录在同一物理帧编号
通过：定位后松开结束唯一绑定及定位标记
通过：多轮定位及快速反向均不误发完成信号
通过：原生循环提前松开最终精确恢复顶部位置
通过：原生循环提前松开实测时间按剩余距离换算，偏差不超过一物理帧
通过：原生循环提前松开逐帧位置满足保持及匀速推进，偏差不超过一物理帧行程
通过：原生循环提前松开回弹内部采样速度恒为每秒一点二局部坐标单位
通过：原生循环全程固定聚焦镜头
通过：原生循环及回弹全程保持可见指针
通过：保存正式聚焦视角的实际图形画面
通过：内容缩放场景新的左键能够重新开始
通过：主动拖动中改变窗口尺寸取消旧边界及定位绑定
通过：窗口变更取消不会发出完成信号
原生循环验收断言数：170；失败总数：0；实际鼠标移动事件数：37
