Godot Engine v4.6.1.stable.official.14d19694e - https://godotengine.org

通过：输入禁止时查询及世界拾取同时拒绝
通过：直接调用世界拾取不能绕过场景暂停
通过：不能借用另一角色写入本库存控制器
通过：重复许可查询只读且允许合法世界来源
通过：重复许可查询只读且允许合法世界来源
通过：重复许可查询只读且允许合法世界来源
通过：重复许可查询只读且允许合法世界来源
通过：重复许可查询只读且允许合法世界来源
通过：重复许可查询只读且允许合法世界来源
通过：重复许可查询只读且允许合法世界来源
通过：重复许可查询只读且允许合法世界来源
通过：查询不生成显示、不删除来源、不通知
通过：世界独立罐进入当前选中空格
通过：成功拾取一次通知并立即隐藏关闭世界碰撞
通过：同帧重复世界拾取不生成额外罐
通过：固定装配罐保留物理碰撞且不能拾取
通过：正式玩家通过真实设备进入聚焦
通过：正式玩家聚焦会话已完成相机过渡
通过：柜外拾取业务接口也不能绕过正式玩家聚焦门禁
通过：真实柜初始化登记2罐且不额外生成
通过：正式开闭入口开始打开真实柜门
通过：真实柜门动画完成后才建立完全打开状态
通过：指定取回一号罐只释放一号槽
通过：当前格已占用时不交换且不寻找其他空格
通过：零号仍占用时放回一号空槽
通过：指定零号罐反复取放成功
通过：往返完成保持两罐总数
通过：指定零号罐反复取放成功
通过：往返完成保持两罐总数
通过：指定零号罐反复取放成功
通过：往返完成保持两罐总数
通过：指定零号罐反复取放成功
通过：往返完成保持两罐总数
通过：指定零号罐反复取放成功
通过：往返完成保持两罐总数
通过：满柜第三罐进入当前格
通过：满柜拒绝第三罐
通过：满柜拒绝保留库存、手持和既有两槽
通过：液体罐不能通过原药放置接口进入原药架
通过：打包资源故障测试场景
通过：创建事务故障证据目录
通过：保存可复跑资源故障场景
通过：打包资源故障测试场景
通过：创建事务故障证据目录
通过：保存可复跑资源故障场景
通过：真实柜初始化登记0罐且不额外生成
通过：正式开闭入口开始打开真实柜门
通过：真实柜门动画完成后才建立完全打开状态
通过：世界资源故障用例先建立合法手持显示
通过：缺失、原药根、定义不符或固定装配世界场景被只读查询与执行拒绝
通过：资源失败保留当前格、模型和通知次数且不占槽
通过：真实柜初始化登记0罐且不额外生成
通过：正式开闭入口开始打开真实柜门
通过：真实柜门动画完成后才建立完全打开状态
通过：世界资源故障用例先建立合法手持显示
通过：缺失、原药根、定义不符或固定装配世界场景被只读查询与执行拒绝
通过：资源失败保留当前格、模型和通知次数且不占槽
通过：真实柜初始化登记0罐且不额外生成
通过：正式开闭入口开始打开真实柜门
通过：真实柜门动画完成后才建立完全打开状态
通过：世界资源故障用例先建立合法手持显示
通过：缺失、原药根、定义不符或固定装配世界场景被只读查询与执行拒绝
通过：资源失败保留当前格、模型和通知次数且不占槽
通过：真实柜初始化登记0罐且不额外生成
通过：正式开闭入口开始打开真实柜门
通过：真实柜门动画完成后才建立完全打开状态
通过：世界资源故障用例先建立合法手持显示
通过：缺失、原药根、定义不符或固定装配世界场景被只读查询与执行拒绝
通过：资源失败保留当前格、模型和通知次数且不占槽
通过：真实柜初始化登记0罐且不额外生成
通过：正式开闭入口开始打开真实柜门
通过：真实柜门动画完成后才建立完全打开状态
通过：原药不能进入液体罐专用柜
通过：真实柜初始化登记0罐且不额外生成
通过：正式开闭入口开始打开真实柜门
通过：真实柜门动画完成后才建立完全打开状态
通过：损坏手持资源用例先正常存放
通过：取回时损坏纯显示资源拒绝查询和执行
失败：手持准备失败不释放柜内来源且不通知
通过：真实柜初始化登记0罐且不额外生成
通过：正式开闭入口开始打开真实柜门
通过：真实柜门动画完成后才建立完全打开状态
通过：候选入树故障用例建立当前罐
通过：候选入树故障0拒绝提交并回滚
通过：候选入树期间关门和切格均由事务锁拒绝
通过：入树失败保留来源格、原手持和通知次数
通过：失败候选已从场景树移除
通过：真实柜初始化登记0罐且不额外生成
通过：正式开闭入口开始打开真实柜门
通过：真实柜门动画完成后才建立完全打开状态
通过：候选入树故障用例建立当前罐
通过：候选入树故障1拒绝提交并回滚
通过：候选入树期间关门和切格均由事务锁拒绝
通过：入树失败保留来源格、原手持和通知次数
通过：失败候选未遗留槽位登记
通过：真实柜初始化登记0罐且不额外生成
通过：正式开闭入口开始打开真实柜门
通过：真实柜门动画完成后才建立完全打开状态
通过：候选入树故障用例建立当前罐
通过：候选入树故障2拒绝提交并回滚
通过：候选入树期间关门和切格均由事务锁拒绝
通过：入树失败保留来源格、原手持和通知次数
通过：失败候选未遗留槽位登记
通过：失败候选已从场景树移除
通过：真实柜初始化登记0罐且不额外生成
通过：正式开闭入口开始打开真实柜门
通过：真实柜门动画完成后才建立完全打开状态
通过：候选入树故障用例建立当前罐
通过：候选入树故障3拒绝提交并回滚
通过：候选入树期间关门和切格均由事务锁拒绝
通过：入树失败保留来源格、原手持和通知次数
通过：失败候选未遗留槽位登记
通过：失败候选已从场景树移除
通过：真实柜初始化登记0罐且不额外生成
通过：正式开闭入口开始打开真实柜门
通过：真实柜门动画完成后才建立完全打开状态
通过：候选入树故障用例建立当前罐
通过：候选入树故障4拒绝提交并回滚
通过：候选入树期间关门和切格均由事务锁拒绝
通过：入树失败保留来源格、原手持和通知次数
通过：失败候选未遗留槽位登记
通过：失败候选已从场景树移除
通过：真实柜初始化登记0罐且不额外生成
通过：正式开闭入口开始打开真实柜门
通过：真实柜门动画完成后才建立完全打开状态
通过：候选入树故障用例建立当前罐
通过：候选入树故障5拒绝提交并回滚
通过：候选入树期间关门和切格均由事务锁拒绝
通过：入树失败保留来源格、原手持和通知次数
通过：失败候选未遗留槽位登记
通过：失败候选已从场景树移除
通过：真实柜初始化登记0罐且不额外生成
通过：正式开闭入口开始打开真实柜门
通过：真实柜门动画完成后才建立完全打开状态
通过：候选入树故障用例建立当前罐
通过：候选入树故障6拒绝提交并回滚
通过：候选入树期间关门和切格均由事务锁拒绝
通过：入树失败保留来源格、原手持和通知次数
通过：失败候选未遗留槽位登记
通过：失败候选已从场景树移除
通过：真实柜初始化登记0罐且不额外生成
通过：正式开闭入口开始打开真实柜门
通过：真实柜门动画完成后才建立完全打开状态
通过：通知重入用例建立当前罐
通过：放入完成只发布一次同步通知
通过：通知只读许可反映已提交空格与柜内占用
通过：放入通知期间所有重入写入和柜门操作被拒绝
通过：事务锁释放后指定取回成功且只追加一次通知
通过：取回通知读取已提交手持与空柜状态
通过：取回通知期间保持库存和柜级事务锁
通过：通知返回后切格与柜门锁均已释放
通过：真实柜初始化登记0罐且不额外生成
通过：正式开闭入口开始打开真实柜门
通过：真实柜门动画完成后才建立完全打开状态
通过：同槽竞争建立两个独立库存来源
通过：候选入树时第二角色同柜重入被柜级锁拒绝
通过：竞争保留甲提交及乙来源且零号仅一罐
通过：竞争结束后第二角色进入下一空槽且不覆盖首罐
通过：竞争前后两罐总数守恒
通过：回滚无关候选不能清除已提交占用
通过：真实柜初始化登记0罐且不额外生成
通过：正式开闭入口开始打开真实柜门
通过：真实柜门动画完成后才建立完全打开状态
通过：失效归属用例先成功存放
通过：被移出指定槽的罐不能绕过双向归属取回
通过：所属柜失效仍保留曾存柜标记且不能退回无主世界拾取
通过：创建事务结果目录
液体罐事务断言数：167；失败总数：1
