Godot Engine v4.6.1.stable.official.14d19694e - https://godotengine.org

通过：专项实际使用无图形后端
通过：首段明确九句有序文本与语音快照
通过：独立原文配置真实可读取
通过：中文表格实际表头只有稳定键及中文列
通过：中文配置有序且编号唯一：第0句
通过：原文与中文首次逐字一致：第0句
通过：运行译文逐句来自明确中文翻译资源：第0句
通过：第0句语音映射使用对应实际文件
通过：中文配置有序且编号唯一：第1句
通过：原文与中文首次逐字一致：第1句
通过：运行译文逐句来自明确中文翻译资源：第1句
通过：第1句语音映射使用对应实际文件
通过：中文配置有序且编号唯一：第2句
通过：原文与中文首次逐字一致：第2句
通过：运行译文逐句来自明确中文翻译资源：第2句
通过：第2句语音映射使用对应实际文件
通过：中文配置有序且编号唯一：第3句
通过：原文与中文首次逐字一致：第3句
通过：运行译文逐句来自明确中文翻译资源：第3句
通过：第3句语音映射使用对应实际文件
通过：中文配置有序且编号唯一：第4句
通过：原文与中文首次逐字一致：第4句
通过：运行译文逐句来自明确中文翻译资源：第4句
通过：第4句语音映射使用对应实际文件
通过：中文配置有序且编号唯一：第5句
通过：原文与中文首次逐字一致：第5句
通过：运行译文逐句来自明确中文翻译资源：第5句
通过：第5句语音映射使用对应实际文件
通过：中文配置有序且编号唯一：第6句
通过：原文与中文首次逐字一致：第6句
通过：运行译文逐句来自明确中文翻译资源：第6句
通过：第6句语音映射使用对应实际文件
通过：中文配置有序且编号唯一：第7句
通过：原文与中文首次逐字一致：第7句
通过：运行译文逐句来自明确中文翻译资源：第7句
通过：第7句语音映射使用对应实际文件
通过：中文配置有序且编号唯一：第8句
通过：原文与中文首次逐字一致：第8句
通过：运行译文逐句来自明确中文翻译资源：第8句
通过：第8句语音映射使用对应实际文件
通过：第四句没有新增末尾标点
通过：修改独立原文配置对象不改变明确中文资源快照
通过：显式中文资源变体决定运行译文
通过：缺键变体明确拒绝并报告原因
通过：空译文变体明确拒绝并报告原因
通过：重复编号变体明确拒绝并报告原因
通过：缺语音变体明确拒绝并报告原因
通过：循环语音变体明确拒绝并报告原因
通过：负等待变体明确拒绝并报告原因
通过：短句准备字幕布局
通过：短句同步显示当前布局
通过：短句背景实际矩形水平居中
通过：短句背景底边在实际道具栏顶边上方八像素
通过：短句实际宽度包含内边距且不超过上限及可用视口
通过：短句实际字体字号保持二十四
通过：短句单行背景实际高度四十像素
通过：短句背景依实际字体宽度自适应而非固定最大宽
通过：首段最长句准备字幕布局
通过：首段最长句同步显示当前布局
通过：首段最长句背景实际矩形水平居中
通过：首段最长句背景底边在实际道具栏顶边上方八像素
通过：首段最长句实际宽度包含内边距且不超过上限及可用视口
通过：首段最长句实际字体字号保持二十四
通过：实际字幕字体第0句全部字形存在
通过：实际字幕字体第1句全部字形存在
通过：实际字幕字体第2句全部字形存在
通过：实际字幕字体第3句全部字形存在
通过：实际字幕字体第4句全部字形存在
通过：实际字幕字体第5句全部字形存在
通过：实际字幕字体第6句全部字形存在
通过：实际字幕字体第7句全部字形存在
通过：实际字幕字体第8句全部字形存在
通过：实际字号二十四字体单行高度可完整容纳四十像素背景
通过：长中文准备字幕布局
通过：长中文同步显示当前布局
通过：长中文背景实际矩形水平居中
通过：长中文背景底边在实际道具栏顶边上方八像素
通过：长中文实际宽度包含内边距且不超过上限及可用视口
通过：长中文实际字体字号保持二十四
通过：长中文真实换行且背景高度依实际排版增长
通过：多行背景使用真实排版高度与单行上下留白
通过：窄视口准备字幕布局
通过：窄视口同步显示当前布局
通过：窄视口背景实际矩形水平居中
通过：窄视口背景底边在实际道具栏顶边上方八像素
通过：窄视口实际宽度包含内边距且不超过上限及可用视口
通过：窄视口实际字体字号保持二十四
通过：窄视口按真实可用宽度增加换行
通过：连续长词准备字幕布局
通过：连续长词同步显示当前布局
通过：连续长词背景实际矩形水平居中
通过：连续长词背景底边在实际道具栏顶边上方八像素
通过：连续长词实际宽度包含内边距且不超过上限及可用视口
通过：连续长词实际字体字号保持二十四
通过：连续长词按智能换行限定文本控件宽度
通过：道具栏真实布局移动后字幕保持八像素间距
通过：旧布局回调注入不能覆盖新句
通过：字幕及背景忽略鼠标且不取得焦点
通过：字幕及背景忽略鼠标且不取得焦点
通过：准备独占令牌且不显示字幕
通过：准备未启动时其他会话被忙碌拒绝
通过：暂停中启动请求被登记为待启动
通过：暂停待启动保留原令牌且不显示或被新准备覆盖
通过：异常业务接收者取得真实原因
通过：匹配令牌显式取消成功
通过：显式取消隐藏字幕且只异常通知一次
通过：已失效旧令牌不能重复取消
通过：零秒等待可以正常准备
通过：异常业务接收者取得真实原因
通过：运行中准备快照保留原句后等待
通过：异常业务接收者取得真实原因
通过：实际开始第0句同时使用对应中文和真实语音
通过：实际开始第0句文字背景与语音同时存在且透明度复原
通过：九句正式资源准备并启动真实逐句播放
通过：第0句只有真实语音自然结束后才开始句后保留
通过：实际开始第1句同时使用对应中文和真实语音
通过：实际开始第1句文字背景与语音同时存在且透明度复原
通过：第1句只有真实语音自然结束后才开始句后保留
通过：实际开始第2句同时使用对应中文和真实语音
通过：实际开始第2句文字背景与语音同时存在且透明度复原
通过：第2句只有真实语音自然结束后才开始句后保留
通过：实际开始第3句同时使用对应中文和真实语音
通过：实际开始第3句文字背景与语音同时存在且透明度复原
通过：第3句只有真实语音自然结束后才开始句后保留
通过：实际开始第4句同时使用对应中文和真实语音
通过：实际开始第4句文字背景与语音同时存在且透明度复原
通过：第4句只有真实语音自然结束后才开始句后保留
通过：实际开始第5句同时使用对应中文和真实语音
通过：实际开始第5句文字背景与语音同时存在且透明度复原
通过：第5句只有真实语音自然结束后才开始句后保留
通过：实际开始第6句同时使用对应中文和真实语音
通过：实际开始第6句文字背景与语音同时存在且透明度复原
通过：第6句只有真实语音自然结束后才开始句后保留
通过：实际开始第7句同时使用对应中文和真实语音
通过：实际开始第7句文字背景与语音同时存在且透明度复原
通过：第7句只有真实语音自然结束后才开始句后保留
通过：实际开始第8句同时使用对应中文和真实语音
通过：实际开始第8句文字背景与语音同时存在且透明度复原
通过：第8句只有真实语音自然结束后才开始句后保留
通过：业务正常完成接收者已看到字幕隐藏
通过：正常业务完成发布期间新准备返回忙碌
通过：正常完成观察期间新准备仍返回忙碌
通过：正常完成观察期间新准备仍返回忙碌
通过：九句自然音频与最后渐隐完成仅一次业务及两位观察通知
通过：九句真实音频自然完成次数与开始顺序均准确
通过：九句末句收尾后文字和背景隐藏
通过：真实逐句开始顺序为零至八且不跳句
通过：正常业务和观察发布收尾后播放容量释放
通过：异常业务接收者取得真实原因
