Godot Engine v4.6.1.stable.official.14d19694e - https://godotengine.org

通过：正式柜场景根节点使用液体罐柜脚本
通过：编号0锚点为柜的直接子级
通过：编号1锚点为柜的直接子级
通过：真实柜初始配置有效
通过：初始占用[]只登记现有来源，数量不增加
通过：初始占用[]初始化关闭且没有自行启动动画
通过：初始占用[]实际关门姿态为零度且允许门交互
通过：初始占用[]编号0保持原对象身份和子级数量
通过：初始占用[]编号1保持原对象身份和子级数量
通过：初始占用[]门组件为可交互物理体直接子级
通过：初始占用[]门组件具有唯一直接入口和明确业务执行绑定
通过：初始占用[]放置组件为可交互物理体直接子级
通过：初始占用[]放置组件具有唯一直接入口和明确业务执行绑定
通过：正式柜场景根节点使用液体罐柜脚本
通过：编号0锚点为柜的直接子级
通过：编号1锚点为柜的直接子级
通过：真实柜初始配置有效
通过：初始占用[0]只登记现有来源，数量不增加
通过：初始占用[0]初始化关闭且没有自行启动动画
通过：初始占用[0]实际关门姿态为零度且允许门交互
通过：初始占用[0]编号0保持原对象身份和子级数量
通过：初始占用[0]编号0归属、编号、父级双向一致
通过：初始占用[0]关闭门保持空格演员不可取回编号0
通过：初始占用[0]编号1保持原对象身份和子级数量
通过：初始占用[0]门组件为可交互物理体直接子级
通过：初始占用[0]门组件具有唯一直接入口和明确业务执行绑定
通过：初始占用[0]放置组件为可交互物理体直接子级
通过：初始占用[0]放置组件具有唯一直接入口和明确业务执行绑定
通过：初始占用[0]编号0罐组件为可交互物理体直接子级
通过：初始占用[0]编号0罐组件具有唯一直接入口和明确业务执行绑定
通过：正式柜场景根节点使用液体罐柜脚本
通过：编号0锚点为柜的直接子级
通过：编号1锚点为柜的直接子级
通过：真实柜初始配置有效
通过：初始占用[1]只登记现有来源，数量不增加
通过：初始占用[1]初始化关闭且没有自行启动动画
通过：初始占用[1]实际关门姿态为零度且允许门交互
通过：初始占用[1]编号0保持原对象身份和子级数量
通过：初始占用[1]编号1保持原对象身份和子级数量
通过：初始占用[1]编号1归属、编号、父级双向一致
通过：初始占用[1]关闭门保持空格演员不可取回编号1
通过：初始占用[1]门组件为可交互物理体直接子级
通过：初始占用[1]门组件具有唯一直接入口和明确业务执行绑定
通过：初始占用[1]放置组件为可交互物理体直接子级
通过：初始占用[1]放置组件具有唯一直接入口和明确业务执行绑定
通过：初始占用[1]编号1罐组件为可交互物理体直接子级
通过：初始占用[1]编号1罐组件具有唯一直接入口和明确业务执行绑定
通过：正式柜场景根节点使用液体罐柜脚本
通过：编号0锚点为柜的直接子级
通过：编号1锚点为柜的直接子级
通过：真实柜初始配置有效
通过：初始占用[0, 1]只登记现有来源，数量不增加
通过：初始占用[0, 1]初始化关闭且没有自行启动动画
通过：初始占用[0, 1]实际关门姿态为零度且允许门交互
通过：初始占用[0, 1]编号0保持原对象身份和子级数量
通过：初始占用[0, 1]编号0归属、编号、父级双向一致
通过：初始占用[0, 1]关闭门保持空格演员不可取回编号0
通过：初始占用[0, 1]编号1保持原对象身份和子级数量
通过：初始占用[0, 1]编号1归属、编号、父级双向一致
通过：初始占用[0, 1]关闭门保持空格演员不可取回编号1
通过：初始占用[0, 1]门组件为可交互物理体直接子级
通过：初始占用[0, 1]门组件具有唯一直接入口和明确业务执行绑定
通过：初始占用[0, 1]放置组件为可交互物理体直接子级
通过：初始占用[0, 1]放置组件具有唯一直接入口和明确业务执行绑定
通过：初始占用[0, 1]编号0罐组件为可交互物理体直接子级
通过：初始占用[0, 1]编号0罐组件具有唯一直接入口和明确业务执行绑定
通过：初始占用[0, 1]编号1罐组件为可交互物理体直接子级
通过：初始占用[0, 1]编号1罐组件具有唯一直接入口和明确业务执行绑定
通过：正式柜场景根节点使用液体罐柜脚本
通过：编号0锚点为柜的直接子级
通过：编号1锚点为柜的直接子级
通过：真实柜初始配置有效
通过：放置演员持有液体罐，避免空格导致门禁假通过
通过：关闭检查夹具为一罐、一空槽、拾取空格及放置持罐
通过：关闭柜级取放许可均关闭
通过：关闭指定罐的查询及取回执行均拒绝
通过：关闭空槽存在时放置查询及执行仍拒绝
通过：关闭罐与放置组件不分发请求
通过：关闭拒绝不改变来源、手持及通知次数
通过：门组件同步分发一次请求并开始真实开门
通过：开门请求立即进入运动并维持门禁
通过：正在打开检查夹具为一罐、一空槽、拾取空格及放置持罐
通过：正在打开柜级取放许可均关闭
通过：正在打开指定罐的查询及取回执行均拒绝
通过：正在打开空槽存在时放置查询及执行仍拒绝
通过：正在打开罐与放置组件不分发请求
通过：正在打开拒绝不改变来源、手持及通知次数
通过：正在打开连续请求0同时被业务入口与门组件拒绝
通过：正在打开连续请求1同时被业务入口与门组件拒绝
通过：正在打开连续请求2同时被业务入口与门组件拒绝
通过：正在打开连续请求3同时被业务入口与门组件拒绝
通过：正在打开连续请求不重启、不倒转、不跳动当前动画
通过：真实开门动画自然结束后才建立完全打开许可
通过：完全打开时实际门姿态等于动画末帧
通过：打开完成时原初始罐仍存在
通过：完全打开允许空格取回及持罐向空槽放置
通过：完全打开的两类库存查询返回许可
通过：完全打开时三个真实组件均满足各自业务条件
通过：开门组件权威执行绑定原本允许交互
通过：开门组件追加观察者不改变许可且只读查询不发布请求
通过：放置组件权威执行绑定原本允许交互
通过：放置组件追加观察者不改变许可且只读查询不发布请求
通过：罐拾取组件权威执行绑定原本允许交互
通过：罐拾取组件追加观察者不改变许可且只读查询不发布请求
通过：已打开的门组件开始真实倒放关闭
通过：关闭请求立即收回取放许可
通过：正在关闭检查夹具为一罐、一空槽、拾取空格及放置持罐
通过：正在关闭柜级取放许可均关闭
通过：正在关闭指定罐的查询及取回执行均拒绝
通过：正在关闭空槽存在时放置查询及执行仍拒绝
通过：正在关闭罐与放置组件不分发请求
通过：正在关闭拒绝不改变来源、手持及通知次数
通过：正在关闭连续请求0同时被业务入口与门组件拒绝
通过：正在关闭连续请求1同时被业务入口与门组件拒绝
通过：正在关闭连续请求2同时被业务入口与门组件拒绝
通过：正在关闭连续请求3同时被业务入口与门组件拒绝
通过：正在关闭连续请求不重启、不倒转、不跳动当前动画
通过：真实倒放自然结束回到关闭零度
通过：关闭完成检查夹具为一罐、一空槽、拾取空格及放置持罐
通过：关闭完成柜级取放许可均关闭
通过：关闭完成指定罐的查询及取回执行均拒绝
通过：关闭完成空槽存在时放置查询及执行仍拒绝
通过：关闭完成罐与放置组件不分发请求
通过：关闭完成拒绝不改变来源、手持及通知次数
通过：完整开闭及组件拒绝过程保持所有来源不变
通过：正式柜场景根节点使用液体罐柜脚本
通过：编号0锚点为柜的直接子级
通过：编号1锚点为柜的直接子级
通过：真实柜初始配置有效
通过：放置演员持有液体罐，避免空格导致门禁假通过
通过：故障夹具通过正式入口开始目标动作
通过：故障注入前真实门动画仍在进行
通过：打开途中停止实际采集三次后续物理回调
通过：打开途中停止后续物理回调0的节点与物理姿态保持停止前服务器目标
通过：打开途中停止后续物理回调1的节点与物理姿态保持停止前服务器目标
通过：打开途中停止后续物理回调2的节点与物理姿态保持停止前服务器目标
通过：打开途中停止等待后仍保持最后提交的中途物理目标
通过：打开途中停止检查夹具为一罐、一空槽、拾取空格及放置持罐
通过：打开途中停止柜级取放许可均关闭
通过：打开途中停止指定罐的查询及取回执行均拒绝
通过：打开途中停止空槽存在时放置查询及执行仍拒绝
通过：打开途中停止罐与放置组件不分发请求
通过：打开途中停止拒绝不改变来源、手持及通知次数
通过：打开途中停止不能通过后续门请求恢复许可
通过：正式柜场景根节点使用液体罐柜脚本
通过：编号0锚点为柜的直接子级
通过：编号1锚点为柜的直接子级
通过：真实柜初始配置有效
通过：放置演员持有液体罐，避免空格导致门禁假通过
通过：关闭故障夹具通过正式入口先打开
通过：关闭故障夹具确已自然打开
通过：故障夹具通过正式入口开始目标动作
通过：故障注入前真实门动画仍在进行
通过：关闭途中停止实际采集三次后续物理回调
通过：关闭途中停止后续物理回调0的节点与物理姿态保持停止前服务器目标
通过：关闭途中停止后续物理回调1的节点与物理姿态保持停止前服务器目标
通过：关闭途中停止后续物理回调2的节点与物理姿态保持停止前服务器目标
通过：关闭途中停止等待后仍保持最后提交的中途物理目标
通过：关闭途中停止检查夹具为一罐、一空槽、拾取空格及放置持罐
通过：关闭途中停止柜级取放许可均关闭
通过：关闭途中停止指定罐的查询及取回执行均拒绝
通过：关闭途中停止空槽存在时放置查询及执行仍拒绝
通过：关闭途中停止罐与放置组件不分发请求
通过：关闭途中停止拒绝不改变来源、手持及通知次数
通过：关闭途中停止不能通过后续门请求恢复许可
通过：正式柜场景根节点使用液体罐柜脚本
通过：编号0锚点为柜的直接子级
通过：编号1锚点为柜的直接子级
通过：真实柜初始配置有效
通过：放置演员持有液体罐，避免空格导致门禁假通过
通过：故障夹具通过正式入口开始目标动作
通过：故障注入前真实门动画仍在进行
通过：打开途中释放播放器实际播放器释放仅使门运动依赖失效且槽位登记保留
通过：打开途中释放播放器检查夹具为一罐、一空槽、拾取空格及放置持罐
通过：打开途中释放播放器柜级取放许可均关闭
通过：打开途中释放播放器指定罐的查询及取回执行均拒绝
通过：打开途中释放播放器空槽存在时放置查询及执行仍拒绝
通过：打开途中释放播放器罐与放置组件不分发请求
通过：打开途中释放播放器拒绝不改变来源、手持及通知次数
通过：打开途中释放播放器失效引用不分发后续门动作
通过：正式柜场景根节点使用液体罐柜脚本
通过：编号0锚点为柜的直接子级
通过：编号1锚点为柜的直接子级
通过：真实柜初始配置有效
通过：放置演员持有液体罐，避免空格导致门禁假通过
通过：关闭故障夹具通过正式入口先打开
通过：关闭故障夹具确已自然打开
通过：故障夹具通过正式入口开始目标动作
通过：故障注入前真实门动画仍在进行
通过：关闭途中释放播放器实际播放器释放仅使门运动依赖失效且槽位登记保留
通过：关闭途中释放播放器检查夹具为一罐、一空槽、拾取空格及放置持罐
通过：关闭途中释放播放器柜级取放许可均关闭
通过：关闭途中释放播放器指定罐的查询及取回执行均拒绝
通过：关闭途中释放播放器空槽存在时放置查询及执行仍拒绝
通过：关闭途中释放播放器罐与放置组件不分发请求
通过：关闭途中释放播放器拒绝不改变来源、手持及通知次数
通过：关闭途中释放播放器失效引用不分发后续门动作
通过：创建柜行为证据目录
液体罐柜行为断言数：198；失败总数：0
