Godot Engine v4.6.1.stable.official.14d19694e - https://godotengine.org

通过：正式设备含合法槽位及拉杆登记
通过：拉杆精确初始化为规定顶部局部位置
通过：正式场景提供正数鼠标换算比例
通过：无图形夹具经正式入口建立聚焦会话
通过：正式玩家稳定聚焦当前正式混合器
通过：聚焦拖动入口保持可见指针
通过：另一台设备的聚焦描述不能解析当前拉杆
通过：未聚焦设备的拉杆拒绝当前玩家
失败：退出递增会话编号并作废尚未解析的旧序列
通过：正式设备含合法槽位及拉杆登记
通过：拉杆精确初始化为规定顶部局部位置
通过：正式场景提供正数鼠标换算比例
通过：无图形夹具经正式入口建立聚焦会话
通过：正式玩家稳定聚焦当前正式混合器
通过：聚焦拖动入口保持可见指针
通过：真实左键命中后建立唯一拖动绑定
通过：控制器绑定当前登记拉杆
通过：拉杆释放后控制器无残余绑定
通过：拉杆失效终止正式聚焦会话
通过：拉杆释放不发完成信号
通过：正式设备含合法槽位及拉杆登记
通过：拉杆精确初始化为规定顶部局部位置
通过：正式场景提供正数鼠标换算比例
通过：无图形夹具经正式入口建立聚焦会话
通过：正式玩家稳定聚焦当前正式混合器
通过：聚焦拖动入口保持可见指针
通过：真实左键命中后建立唯一拖动绑定
通过：控制器绑定当前登记拉杆
通过：设备释放后控制器无残余绑定
通过：设备失效终止正式聚焦会话
通过：设备释放不发完成信号
通过：正式设备含合法槽位及拉杆登记
通过：拉杆精确初始化为规定顶部局部位置
通过：正式场景提供正数鼠标换算比例
通过：无图形夹具经正式入口建立聚焦会话
通过：正式玩家稳定聚焦当前正式混合器
通过：聚焦拖动入口保持可见指针
通过：真实左键命中后建立唯一拖动绑定
通过：控制器绑定当前登记拉杆
通过：参考相机释放后控制器无残余绑定
通过：参考相机失效终止正式聚焦会话
通过：参考相机释放不发完成信号
通过：正式设备含合法槽位及拉杆登记
通过：拉杆精确初始化为规定顶部局部位置
通过：正式场景提供正数鼠标换算比例
通过：无图形夹具经正式入口建立聚焦会话
通过：正式玩家稳定聚焦当前正式混合器
通过：聚焦拖动入口保持可见指针
通过：真实左键命中后建立唯一拖动绑定
通过：控制器绑定当前登记拉杆
通过：玩家释放完成且不访问已释放子节点
通过：玩家释放不发完成信号
通过：正式设备含合法槽位及拉杆登记
通过：拉杆精确初始化为规定顶部局部位置
通过：正式场景提供正数鼠标换算比例
通过：无图形夹具经正式入口建立聚焦会话
通过：正式玩家稳定聚焦当前正式混合器
通过：聚焦拖动入口保持可见指针
通过：真实左键命中后建立唯一拖动绑定
通过：控制器绑定当前登记拉杆
通过：重新请求同步回调只完成一次
通过：完成前先改变状态，正式组件拒绝同步重入请求
通过：重入拒绝后原自动回弹流程正常归位
通过：正式设备含合法槽位及拉杆登记
通过：拉杆精确初始化为规定顶部局部位置
通过：正式场景提供正数鼠标换算比例
通过：无图形夹具经正式入口建立聚焦会话
通过：正式玩家稳定聚焦当前正式混合器
通过：聚焦拖动入口保持可见指针
通过：真实左键命中后建立唯一拖动绑定
通过：控制器绑定当前登记拉杆
通过：删除设备同步回调只完成一次
通过：完成回调释放设备后不遗留绑定或访问失效对象
拉杆输入验收断言数：73；失败总数：1；图形运行：false
