Godot Engine v4.6.1.stable.official.14d19694e - https://godotengine.org
Vulkan 1.4.351 - Forward+ - Using Device #0: NVIDIA - NVIDIA GeForce RTX 3060 Ti

通过：正式设备含合法槽位及拉杆登记
通过：拉杆以待机状态精确初始化为规定顶部局部位置
通过：正式场景提供正数鼠标换算比例
通过：正式玩家稳定聚焦当前正式混合器
通过：聚焦拖动入口保持可见指针
通过：稳定聚焦在首次新按下来临前禁用输入累积
通过：补充加工前提时上一批次已结束且无故障
通过：准备新空罐前选择空道具格
通过：准备独立空罐实例
通过：通过正式事务将空罐放入配药器
通过：加工前提准备打开零号原药槽
通过：准备本轮咖啡因实例
通过：通过正式库存事务放入本轮原药
通过：加工前提准备关闭零号原药槽
通过：正式设备具备空罐、原药与四门完全关闭前提
通过：真实左键命中后建立唯一拖动绑定
通过：控制器绑定当前登记拉杆
通过：下拉按配置比例换算且不乘帧间秒数
失败：横向移动与静止均不改变拉杆
失败：相同比例向上移动回推拉杆
失败：超量上推精确限位且横向及深度不变
失败：指针离开碰撞后仍持续操作原拉杆
失败：顶部超量上推不会积存反向死区
通过：绑定中真实滚轮仍可切换道具格
失败：切格不清除已经绑定的持续移动
通过：拖动及切格期间聚焦相机不随鼠标旋转
通过：拖动期间指针持续可见
通过：提前松开释放控制器绑定
通过：范围检查提前松开最终进入待机并精确恢复顶部位置
失败：范围检查提前松开实测时间按剩余距离换算，偏差不超过一物理帧
失败：范围检查提前松开逐帧位置满足保持及匀速推进，偏差不超过一物理帧行程
通过：范围检查提前松开回弹内部采样速度恒为每秒一点二局部坐标单位
失败：范围检查及提前松开不发完成信号
拉杆输入验收断言数：33；失败总数：9；图形运行：true
