Godot Engine v4.6.1.stable.official.14d19694e - https://godotengine.org

通过：角色稳定着地
通过：摄像机为当前视角
通过：站立碰撞尺寸与原角色一致
通过：蹲伏碰撞尺寸与原角色一致
通过：行走速度为每秒二点五米
通过：无体力组件时冲刺速度为每秒四米
通过：切换蹲伏并启用矮碰撞体
通过：蹲行速度为每秒两米
通过：再次按蹲伏键恢复站立
通过：沿用原场景默认关闭跳跃和滑铲
通过：鼠标视角灵敏度及方向与原测试场景一致
通过：自由观察只旋转颈部
通过：退出自由观察时朝向合并回身体
通过：行走遇墙停止且不穿透
通过：自动跨上二十厘米台阶
通过：低顶阻止站立
通过：离开低顶后恢复站立
通过：实际物理处理持续行走被整体架体阻挡并记录接触
通过：实际物理处理持续行走被整体架体阻挡并记录接触
通过：实际运动跨上第四层台阶且台阶射线命中
通过：第四层头顶实体阻止实际玩家起身
通过：移除第四层头顶实体后恢复站立
通过：投放形状实际命中第四层实体
通过：保存实际移动与接触记录
通过：默认场景出生点可以稳定着地
通过：默认场景使用新玩家摄像机
通过：默认场景不再挂载原框架场景脚本
失败总数：0
