Godot Engine v4.6.1.stable.official.14d19694e - https://godotengine.org
Vulkan 1.4.341 - Forward+ - Using Device #0: NVIDIA - NVIDIA GeForce RTX 3060 Ti

通过：初始四格常显不占用游戏输入
通过：道具栏几何、居中和底距符合当前窗口：(1920, 1080)
通过：道具格尺寸与间距：1
通过：道具格尺寸与间距：2
通过：道具格尺寸与间距：3
通过：道具格尺寸与间距：4
通过：保存实际渲染图像：initial-empty.png
通过：第一格向上循环到第四格并更新高亮
通过：第四格向下循环到第一格
通过：滚轮释放事件不重复切换
通过：输入限制时道具栏继续可见且不切换：is_movement_paused
通过：输入限制时道具栏继续可见且不切换：is_showing_ui
通过：输入限制时道具栏继续可见且不切换：is_landing_stunned
通过：暂停不切格也不隐藏道具栏
通过：鼠标未捕获时不切格
通过：恢复输入后不补执行旧滚轮事件
通过：道具栏常显期间玩家正常移动
通过：实际物理处理持续行走被整体架体阻挡并记录接触
通过：实际物理处理持续行走被整体架体阻挡并记录接触
通过：实际运动跨上第四层台阶且台阶射线命中
通过：第四层头顶实体阻止实际玩家起身
通过：移除第四层头顶实体后恢复站立
通过：投放形状实际命中第四层实体
通过：保存实际移动与接触记录
通过：空手瞄准实际原药组显示交互准星
命中场景=res://main-autolysis/scenes/prefabs/prefab_raw_materials/rm_caffeine_group_0.tscn；世界变换=[X: (1.0, 0.0, 0.0), Y: (0.0, 1.0, 0.0), Z: (0.0, 0.0, 1.0), O: (0.0, 1.0, -1.1)]
碰撞形状=CollisionShape3D；世界变换=[X: (1.0, 0.0, 0.0), Y: (0.0, 1.0, 0.0), Z: (0.0, 0.0, 1.0), O: (0.0, 1.1, -1.1)]；局部变换=[X: (1.0, 0.0, 0.0), Y: (0.0, 1.0, 0.0), Z: (0.0, 0.0, 1.0), O: (0.0, 0.1, -0.0)]；尺寸=(0.3, 0.2, 0.3)
点击后状态：相机位置=(-0.0, 1.500196, 0.0)；射线位置=(-0.0, 1.500196, 0.0)；首个碰撞=/root/@Node3D@2/rm_caffeine_group_0；碰撞位置=(-0.0, 1.154569, -0.95)；交互许可=false；鼠标模式=2；输入标记=[false, false, false]
通过：实际左键从组取得咖啡因
通过：取药后手持显示与交互准星同步
命中场景=res://main-autolysis/scenes/prefabs/prefab_raw_materials/rm_caffeine_group_0.tscn；世界变换=[X: (1.0, 0.0, 0.0), Y: (0.0, 1.0, 0.0), Z: (0.0, 0.0, 1.0), O: (0.0, 1.0, -1.1)]
碰撞形状=CollisionShape3D；世界变换=[X: (1.0, 0.0, 0.0), Y: (0.0, 1.0, 0.0), Z: (0.0, 0.0, 1.0), O: (0.0, 1.1, -1.1)]；局部变换=[X: (1.0, 0.0, 0.0), Y: (0.0, 1.0, 0.0), Z: (0.0, 0.0, 1.0), O: (0.0, 0.1, -0.0)]；尺寸=(0.3, 0.2, 0.3)
点击后状态：相机位置=(-0.0, 1.500196, 0.0)；射线位置=(-0.0, 1.500196, 0.0)；首个碰撞=/root/@Node3D@2/rm_caffeine_group_0；碰撞位置=(-0.0, 1.154568, -0.95)；交互许可=false；鼠标模式=2；输入标记=[false, false, false]
通过：当前格有药时点击不会塞入其他空格
通过：保存实际渲染图像：held-caffeine.png
通过：切空格后空手且原药保留原格
通过：原地切空格后准星重新可用
命中场景=res://main-autolysis/scenes/prefabs/prefab_raw_materials/rm_sodium_benzoate_group_0.tscn；世界变换=[X: (1.0, 0.0, 0.0), Y: (0.0, 1.0, 0.0), Z: (0.0, 0.0, 1.0), O: (0.0, 1.0, -1.1)]
碰撞形状=CollisionShape3D；世界变换=[X: (1.0, 0.0, 0.0), Y: (0.0, 1.0, 0.0), Z: (0.0, 0.0, 1.0), O: (0.0, 1.1, -1.1)]；局部变换=[X: (1.0, 0.0, 0.0), Y: (0.0, 1.0, 0.0), Z: (0.0, 0.0, 1.0), O: (0.0, 0.1, -0.0)]；尺寸=(0.3, 0.2, 0.3)
点击后状态：相机位置=(-0.0, 1.500195, 0.0)；射线位置=(-0.0, 1.500195, 0.0)；首个碰撞=/root/@Node3D@2/rm_sodium_benzoate_group_0；碰撞位置=(-0.0, 1.154572, -0.95)；交互许可=false；鼠标模式=2；输入标记=[false, false, false]
通过：第二格通过实际点击获得苯甲酸钠
通过：保存实际渲染图像：held-sodium.png
通过：手持原药瞄准架体可放置
点击后状态：相机位置=(-0.0, 1.500195, 0.0)；射线位置=(-0.0, 1.500195, 0.0)；首个碰撞=<Object#null>；碰撞位置=(-0.44, 0.892039, -0.8)；交互许可=false；鼠标模式=2；输入标记=[false, false, false]
通过：实际点击放入编号最小空槽并清空当前格
通过：放置后切换空手查询且一次点击未重复转移
点击后状态：相机位置=(-0.0, 1.500195, 0.0)；射线位置=(-0.0, 1.500195, 0.0)；首个碰撞=<Object#null>；碰撞位置=(-0.44, 0.892039, -0.8)；交互许可=false；鼠标模式=2；输入标记=[false, false, false]
通过：第二种原药混放到编号一槽位
通过：空手在重叠架体内实际瞄准指定瓶体
命中场景=res://main-autolysis/scenes/prefabs/prefab_place_shelf/place_shelf_workroom_rm_0.tscn；世界变换=[X: (-1.0, 0.0, -0.0), Y: (0.0, 1.0, 0.0), Z: (0.0, 0.0, -1.0), O: (0.0, 0.72, -1.2)]
碰撞形状=CollisionShape3D；世界变换=[X: (-1.0, 0.0, -0.0), Y: (0.0, 1.0, 0.0), Z: (0.0, 0.0, -1.0), O: (-0.0, 1.005, -1.0)]；局部变换=[X: (1.0, 0.0, 0.0), Y: (0.0, 1.0, 0.0), Z: (0.0, 0.0, 1.0), O: (0.0, 0.285, -0.2)]；尺寸=(1.2, 0.57, 0.4)
点击后状态：相机位置=(-0.0, 1.500195, 0.0)；射线位置=(-0.0, 1.500195, 0.0)；首个碰撞=/root/@Node3D@2/place_shelf_workroom_rm_0；碰撞位置=(-0.090566, 1.009482, -0.8)；交互许可=true；鼠标模式=2；输入标记=[false, false, false]
通过：瞄准指定瓶体只取回对应原药
通过：同一瞄准方向拾取后立即切换为架体入口
通过：真实滚轮切空格后立即排除架体
通过：真实滚轮切回有药格恢复放置准星
通过：取回另一件原药不影响原槽零的苯甲酸钠
通过：保存实际渲染图像：mixed-shelf.png
通过：常显静置检查使用空手状态
通过：正常游戏静置六十秒道具栏持续可见
通过：保存实际渲染图像：persistent-after-60s.png
通过：道具栏几何、居中和底距符合当前窗口：(1280, 720)
通过：道具格尺寸与间距：1
通过：道具格尺寸与间距：2
通过：道具格尺寸与间距：3
通过：道具格尺寸与间距：4
通过：实际主场景加载玩家
命中场景=res://main-autolysis/scenes/prefabs/prefab_raw_materials/rm_caffeine_group_0.tscn；世界变换=[X: (1.0, 0.0, 0.0), Y: (0.0, 1.0, 0.0), Z: (0.0, 0.0, 1.0), O: (0.3, -2.1, -7.1)]
碰撞形状=CollisionShape3D；世界变换=[X: (1.0, 0.0, 0.0), Y: (0.0, 1.0, 0.0), Z: (0.0, 0.0, 1.0), O: (0.3, -2.0, -7.1)]；局部变换=[X: (1.0, 0.0, 0.0), Y: (0.0, 1.0, 0.0), Z: (0.0, 0.0, 1.0), O: (0.0, 0.1, -0.0)]；尺寸=(0.3, 0.2, 0.3)
主场景取药：rm_caffeine_group_0：相机位置=(1.3, -1.4, -7.1)；射线位置=(1.3, -1.4, -7.1)；首个碰撞=/root/01-autolysis-test/interaction_prefabs/item_groups/rm_caffeine_group_0；碰撞位置=(0.45, -1.91, -7.1)；交互许可=true；鼠标模式=2；输入标记=[false, false, false]
命中场景=res://main-autolysis/scenes/prefabs/prefab_raw_materials/rm_caffeine_group_0.tscn；世界变换=[X: (1.0, 0.0, 0.0), Y: (0.0, 1.0, 0.0), Z: (0.0, 0.0, 1.0), O: (0.3, -2.1, -7.1)]
碰撞形状=CollisionShape3D；世界变换=[X: (1.0, 0.0, 0.0), Y: (0.0, 1.0, 0.0), Z: (0.0, 0.0, 1.0), O: (0.3, -2.0, -7.1)]；局部变换=[X: (1.0, 0.0, 0.0), Y: (0.0, 1.0, 0.0), Z: (0.0, 0.0, 1.0), O: (0.0, 0.1, -0.0)]；尺寸=(0.3, 0.2, 0.3)
点击后状态：相机位置=(1.3, -1.4, -7.1)；射线位置=(1.3, -1.4, -7.1)；首个碰撞=/root/01-autolysis-test/interaction_prefabs/item_groups/rm_caffeine_group_0；碰撞位置=(0.45, -1.91, -7.1)；交互许可=false；鼠标模式=2；输入标记=[false, false, false]
通过：实际主场景原有原药组经左键成功取药：rm_caffeine_group_0
命中场景=res://main-autolysis/scenes/prefabs/prefab_raw_materials/rm_sodium_benzoate_group_0.tscn；世界变换=[X: (1.0, 0.0, 0.0), Y: (0.0, 1.0, 0.0), Z: (0.0, 0.0, 1.0), O: (0.3, -2.1, -7.45)]
碰撞形状=CollisionShape3D；世界变换=[X: (1.0, 0.0, 0.0), Y: (0.0, 1.0, 0.0), Z: (0.0, 0.0, 1.0), O: (0.3, -2.0, -7.45)]；局部变换=[X: (1.0, 0.0, 0.0), Y: (0.0, 1.0, 0.0), Z: (0.0, 0.0, 1.0), O: (0.0, 0.1, -0.0)]；尺寸=(0.3, 0.2, 0.3)
主场景取药：rm_sodium_benzoate_group_0：相机位置=(1.3, -1.4, -7.45)；射线位置=(1.3, -1.4, -7.45)；首个碰撞=/root/01-autolysis-test/interaction_prefabs/item_groups/rm_sodium_benzoate_group_0；碰撞位置=(0.45, -1.91, -7.45)；交互许可=true；鼠标模式=2；输入标记=[false, false, false]
命中场景=res://main-autolysis/scenes/prefabs/prefab_raw_materials/rm_sodium_benzoate_group_0.tscn；世界变换=[X: (1.0, 0.0, 0.0), Y: (0.0, 1.0, 0.0), Z: (0.0, 0.0, 1.0), O: (0.3, -2.1, -7.45)]
碰撞形状=CollisionShape3D；世界变换=[X: (1.0, 0.0, 0.0), Y: (0.0, 1.0, 0.0), Z: (0.0, 0.0, 1.0), O: (0.3, -2.0, -7.45)]；局部变换=[X: (1.0, 0.0, 0.0), Y: (0.0, 1.0, 0.0), Z: (0.0, 0.0, 1.0), O: (0.0, 0.1, -0.0)]；尺寸=(0.3, 0.2, 0.3)
点击后状态：相机位置=(1.3, -1.4, -7.45)；射线位置=(1.3, -1.4, -7.45)；首个碰撞=/root/01-autolysis-test/interaction_prefabs/item_groups/rm_sodium_benzoate_group_0；碰撞位置=(0.45, -1.91, -7.45)；交互许可=false；鼠标模式=2；输入标记=[false, false, false]
通过：实际主场景原有原药组经左键成功取药：rm_sodium_benzoate_group_0
通过：保存实际渲染图像：main-scene-group.png
命中场景=；世界变换=[X: (1.0, 0.0, 0.0), Y: (0.0, 1.0, 0.0), Z: (0.0, 0.0, 1.0), O: (-2.400002, 1.5, 11.5)]
碰撞形状=CollisionShape3D；世界变换=[X: (1.0, 0.0, 0.0), Y: (0.0, 1.0, 0.0), Z: (0.0, 0.0, 1.0), O: (-2.400002, 1.5, 11.5)]；局部变换=[X: (1.0, 0.0, 0.0), Y: (0.0, 1.0, 0.0), Z: (0.0, 0.0, 1.0), O: (0.0, 0.0, 0.0)]；尺寸=(res://main-autolysis/scenes/01-autolysis-test.tscn::ConcavePolygonShape3D_ywlwq):<ConcavePolygonShape3D#-9223371174606534609>
点击后状态：相机位置=(-4.2, 2.0, 11.0)；射线位置=(-4.2, 2.0, 11.0)；首个碰撞=/root/01-autolysis-test/Environment/wall/wall_room0_16；碰撞位置=(-3.600002, 1.258184, 11.87272)；交互许可=false；鼠标模式=2；输入标记=[false, false, false]
通过：实际主场景架子接受放置：place_shelf_workroom_rm_0
命中场景=res://main-autolysis/scenes/prefabs/prefab_place_shelf/place_shelf_workroom_rm_0.tscn；世界变换=[X: (1.0, 0.0, 0.0), Y: (0.0, 1.0, 0.0), Z: (0.0, 0.0, 1.0), O: (-4.2, 1.3, 12.0)]
碰撞形状=CollisionShape3D；世界变换=[X: (1.0, 0.0, 0.0), Y: (0.0, 1.0, 0.0), Z: (0.0, 0.0, 1.0), O: (-4.2, 1.585, 11.8)]；局部变换=[X: (1.0, 0.0, 0.0), Y: (0.0, 1.0, 0.0), Z: (0.0, 0.0, 1.0), O: (0.0, 0.285, -0.2)]；尺寸=(1.2, 0.57, 0.4)
点击后状态：相机位置=(-4.2, 2.0, 11.0)；射线位置=(-4.2, 2.0, 11.0)；首个碰撞=/root/01-autolysis-test/interaction_prefabs/item_groups/place_shelf_workroom_rm_0；碰撞位置=(-4.2, 1.602325, 11.6)；交互许可=true；鼠标模式=2；输入标记=[false, false, false]
通过：实际主场景架子指定瓶体取回：place_shelf_workroom_rm_0
命中场景=；世界变换=[X: (1.0, 0.0, 0.0), Y: (0.0, 1.0, 0.0), Z: (0.0, 0.0, 1.0), O: (-2.400002, 1.5, 11.5)]
碰撞形状=CollisionShape3D；世界变换=[X: (1.0, 0.0, 0.0), Y: (0.0, 1.0, 0.0), Z: (0.0, 0.0, 1.0), O: (-2.400002, 1.5, 11.5)]；局部变换=[X: (1.0, 0.0, 0.0), Y: (0.0, 1.0, 0.0), Z: (0.0, 0.0, 1.0), O: (0.0, 0.0, 0.0)]；尺寸=(res://main-autolysis/scenes/01-autolysis-test.tscn::ConcavePolygonShape3D_ywlwq):<ConcavePolygonShape3D#-9223371174606534609>
点击后状态：相机位置=(-4.2, 1.42, 11.0)；射线位置=(-4.2, 1.42, 11.0)；首个碰撞=/root/01-autolysis-test/Environment/wall/wall_room0_16；碰撞位置=(-3.600002, 0.678184, 11.87272)；交互许可=false；鼠标模式=2；输入标记=[false, false, false]
通过：实际主场景架子接受放置：place_shelf_workroom_rm_1
命中场景=res://main-autolysis/scenes/prefabs/prefab_place_shelf/place_shelf_workroom_rm_0.tscn；世界变换=[X: (1.0, 0.0, 0.0), Y: (0.0, 1.0, 0.0), Z: (0.0, 0.0, 1.0), O: (-4.2, 0.72, 12.0)]
碰撞形状=CollisionShape3D；世界变换=[X: (1.0, 0.0, 0.0), Y: (0.0, 1.0, 0.0), Z: (0.0, 0.0, 1.0), O: (-4.2, 1.005, 11.8)]；局部变换=[X: (1.0, 0.0, 0.0), Y: (0.0, 1.0, 0.0), Z: (0.0, 0.0, 1.0), O: (0.0, 0.285, -0.2)]；尺寸=(1.2, 0.57, 0.4)
点击后状态：相机位置=(-4.2, 1.42, 11.0)；射线位置=(-4.2, 1.42, 11.0)；首个碰撞=/root/01-autolysis-test/interaction_prefabs/item_groups/place_shelf_workroom_rm_1；碰撞位置=(-4.2, 1.022325, 11.6)；交互许可=true；鼠标模式=2；输入标记=[false, false, false]
通过：实际主场景架子指定瓶体取回：place_shelf_workroom_rm_1
通过：保存实际渲染图像：main-scene-cycle.png
实际图形道具系统失败总数：0
