Godot Engine v4.6.1.stable.official.14d19694e - https://godotengine.org
Vulkan 1.4.341 - Forward+ - Using Device #0: NVIDIA - NVIDIA GeForce RTX 3060 Ti

通过：实际主场景加载玩家
命中场景=res://main-autolysis/scenes/prefabs/prefab_raw_materials/rm_caffeine_group_0.tscn；世界变换=[X: (1.0, 0.0, 0.0), Y: (0.0, 1.0, 0.0), Z: (0.0, 0.0, 1.0), O: (0.3, -2.1, -7.1)]
碰撞形状=CollisionShape3D；世界变换=[X: (1.0, 0.0, 0.0), Y: (0.0, 1.0, 0.0), Z: (0.0, 0.0, 1.0), O: (0.3, -2.0, -7.1)]；局部变换=[X: (1.0, 0.0, 0.0), Y: (0.0, 1.0, 0.0), Z: (0.0, 0.0, 1.0), O: (0.0, 0.1, -0.0)]；尺寸=(0.3, 0.2, 0.3)
主场景取药：rm_caffeine_group_0：相机位置=(1.3, -1.4, -7.1)；射线位置=(1.3, -1.4, -7.1)；首个碰撞=/root/01-autolysis-test/interaction_prefabs/item_groups/rm_caffeine_group_0；碰撞位置=(0.45, -1.91, -7.1)；交互许可=true；鼠标模式=2；输入标记=[false, false, false]
命中场景=res://main-autolysis/scenes/prefabs/prefab_raw_materials/rm_caffeine_group_0.tscn；世界变换=[X: (1.0, 0.0, 0.0), Y: (0.0, 1.0, 0.0), Z: (0.0, 0.0, 1.0), O: (0.3, -2.1, -7.1)]
碰撞形状=CollisionShape3D；世界变换=[X: (1.0, 0.0, 0.0), Y: (0.0, 1.0, 0.0), Z: (0.0, 0.0, 1.0), O: (0.3, -2.0, -7.1)]；局部变换=[X: (1.0, 0.0, 0.0), Y: (0.0, 1.0, 0.0), Z: (0.0, 0.0, 1.0), O: (0.0, 0.1, -0.0)]；尺寸=(0.3, 0.2, 0.3)
点击后状态：相机位置=(1.3, -1.4, -7.1)；射线位置=(1.3, -1.4, -7.1)；首个碰撞=/root/01-autolysis-test/interaction_prefabs/item_groups/rm_caffeine_group_0；碰撞位置=(0.45, -1.91, -7.1)；交互许可=false；鼠标模式=2；输入标记=[false, false, false]
通过：实际主场景原有原药组经左键成功取药：rm_caffeine_group_0
命中场景=res://main-autolysis/scenes/prefabs/prefab_raw_materials/rm_sodium_benzoate_group_0.tscn；世界变换=[X: (1.0, 0.0, 0.0), Y: (0.0, 1.0, 0.0), Z: (0.0, 0.0, 1.0), O: (0.3, -2.1, -7.45)]
碰撞形状=CollisionShape3D；世界变换=[X: (1.0, 0.0, 0.0), Y: (0.0, 1.0, 0.0), Z: (0.0, 0.0, 1.0), O: (0.3, -2.0, -7.45)]；局部变换=[X: (1.0, 0.0, 0.0), Y: (0.0, 1.0, 0.0), Z: (0.0, 0.0, 1.0), O: (0.0, 0.1, -0.0)]；尺寸=(0.3, 0.2, 0.3)
主场景取药：rm_sodium_benzoate_group_0：相机位置=(1.3, -1.4, -7.45)；射线位置=(1.3, -1.4, -7.45)；首个碰撞=/root/01-autolysis-test/interaction_prefabs/item_groups/rm_sodium_benzoate_group_0；碰撞位置=(0.45, -1.91, -7.45)；交互许可=true；鼠标模式=2；输入标记=[false, false, false]
命中场景=res://main-autolysis/scenes/prefabs/prefab_raw_materials/rm_sodium_benzoate_group_0.tscn；世界变换=[X: (1.0, 0.0, 0.0), Y: (0.0, 1.0, 0.0), Z: (0.0, 0.0, 1.0), O: (0.3, -2.1, -7.45)]
碰撞形状=CollisionShape3D；世界变换=[X: (1.0, 0.0, 0.0), Y: (0.0, 1.0, 0.0), Z: (0.0, 0.0, 1.0), O: (0.3, -2.0, -7.45)]；局部变换=[X: (1.0, 0.0, 0.0), Y: (0.0, 1.0, 0.0), Z: (0.0, 0.0, 1.0), O: (0.0, 0.1, -0.0)]；尺寸=(0.3, 0.2, 0.3)
点击后状态：相机位置=(1.3, -1.4, -7.45)；射线位置=(1.3, -1.4, -7.45)；首个碰撞=/root/01-autolysis-test/interaction_prefabs/item_groups/rm_sodium_benzoate_group_0；碰撞位置=(0.45, -1.91, -7.45)；交互许可=false；鼠标模式=2；输入标记=[false, false, false]
通过：实际主场景原有原药组经左键成功取药：rm_sodium_benzoate_group_0
通过：保存实际渲染图像：main-scene-group.png
命中场景=；世界变换=[X: (1.0, 0.0, 0.0), Y: (0.0, 1.0, 0.0), Z: (0.0, 0.0, 1.0), O: (-2.400002, 1.5, 11.5)]
碰撞形状=CollisionShape3D；世界变换=[X: (1.0, 0.0, 0.0), Y: (0.0, 1.0, 0.0), Z: (0.0, 0.0, 1.0), O: (-2.400002, 1.5, 11.5)]；局部变换=[X: (1.0, 0.0, 0.0), Y: (0.0, 1.0, 0.0), Z: (0.0, 0.0, 1.0), O: (0.0, 0.0, 0.0)]；尺寸=(res://main-autolysis/scenes/01-autolysis-test.tscn::ConcavePolygonShape3D_ywlwq):<ConcavePolygonShape3D#-9223371974644856796>
点击后状态：相机位置=(-4.2, 2.0, 11.0)；射线位置=(-4.2, 2.0, 11.0)；首个碰撞=/root/01-autolysis-test/Environment/wall/wall_room0_16；碰撞位置=(-3.600002, 1.258184, 11.87272)；交互许可=false；鼠标模式=2；输入标记=[false, false, false]
通过：实际主场景架子接受放置：place_shelf_workroom_rm_0
通过：实际主场景放入原药种类与当前格一致
命中场景=res://main-autolysis/scenes/prefabs/prefab_place_shelf/place_shelf_workroom_rm_0.tscn；世界变换=[X: (1.0, 0.0, 0.0), Y: (0.0, 1.0, 0.0), Z: (0.0, 0.0, 1.0), O: (-4.2, 1.3, 12.0)]
碰撞形状=CollisionShape3D；世界变换=[X: (1.0, 0.0, 0.0), Y: (0.0, 1.0, 0.0), Z: (0.0, 0.0, 1.0), O: (-4.2, 1.585, 11.8)]；局部变换=[X: (1.0, 0.0, 0.0), Y: (0.0, 1.0, 0.0), Z: (0.0, 0.0, 1.0), O: (0.0, 0.285, -0.2)]；尺寸=(1.2, 0.57, 0.4)
点击后状态：相机位置=(-4.2, 2.0, 11.0)；射线位置=(-4.2, 2.0, 11.0)；首个碰撞=/root/01-autolysis-test/interaction_prefabs/item_groups/place_shelf_workroom_rm_0；碰撞位置=(-4.2, 1.602325, 11.6)；交互许可=true；鼠标模式=2；输入标记=[false, false, false]
通过：实际主场景架子指定瓶体取回：place_shelf_workroom_rm_0
命中场景=；世界变换=[X: (1.0, 0.0, 0.0), Y: (0.0, 1.0, 0.0), Z: (0.0, 0.0, 1.0), O: (-2.400002, 1.5, 11.5)]
碰撞形状=CollisionShape3D；世界变换=[X: (1.0, 0.0, 0.0), Y: (0.0, 1.0, 0.0), Z: (0.0, 0.0, 1.0), O: (-2.400002, 1.5, 11.5)]；局部变换=[X: (1.0, 0.0, 0.0), Y: (0.0, 1.0, 0.0), Z: (0.0, 0.0, 1.0), O: (0.0, 0.0, 0.0)]；尺寸=(res://main-autolysis/scenes/01-autolysis-test.tscn::ConcavePolygonShape3D_ywlwq):<ConcavePolygonShape3D#-9223371974644856796>
点击后状态：相机位置=(-4.2, 1.42, 11.0)；射线位置=(-4.2, 1.42, 11.0)；首个碰撞=/root/01-autolysis-test/Environment/wall/wall_room0_16；碰撞位置=(-3.600002, 0.678184, 11.87272)；交互许可=false；鼠标模式=2；输入标记=[false, false, false]
通过：实际主场景架子接受放置：place_shelf_workroom_rm_1
通过：实际主场景放入原药种类与当前格一致
命中场景=res://main-autolysis/scenes/prefabs/prefab_place_shelf/place_shelf_workroom_rm_0.tscn；世界变换=[X: (1.0, 0.0, 0.0), Y: (0.0, 1.0, 0.0), Z: (0.0, 0.0, 1.0), O: (-4.2, 0.72, 12.0)]
碰撞形状=CollisionShape3D；世界变换=[X: (1.0, 0.0, 0.0), Y: (0.0, 1.0, 0.0), Z: (0.0, 0.0, 1.0), O: (-4.2, 1.005, 11.8)]；局部变换=[X: (1.0, 0.0, 0.0), Y: (0.0, 1.0, 0.0), Z: (0.0, 0.0, 1.0), O: (0.0, 0.285, -0.2)]；尺寸=(1.2, 0.57, 0.4)
点击后状态：相机位置=(-4.2, 1.42, 11.0)；射线位置=(-4.2, 1.42, 11.0)；首个碰撞=/root/01-autolysis-test/interaction_prefabs/item_groups/place_shelf_workroom_rm_1；碰撞位置=(-4.2, 1.022325, 11.6)；交互许可=true；鼠标模式=2；输入标记=[false, false, false]
通过：实际主场景架子指定瓶体取回：place_shelf_workroom_rm_1
通过：保存实际渲染图像：main-scene-cycle.png
通过：保存实际图形命中和手持状态记录
