Godot Engine v4.6.1.stable.official.14d19694e - https://godotengine.org

通过：真实控制器空手命中瓶体且允许拾取
通过：接收原药通知立即切换到架体
通过：一次输入仅放置一件至最小空槽，刷新不再次拾取
通过：新原药进入编号一空槽
通过：下一次输入仅取回瞄准的一瓶
通过：其他格有药时当前空格使用空手查询
通过：切回有药格立即恢复架体查询
通过：两个查询者状态独立且架体层值固定
通过：盒内起点手持命中架体且碰撞点为起点
通过：相同盒内起点空手仍命中瓶体
通过：架体空白处不会补选原药
通过：超出两米不命中原药
通过：不可用首命中不被跳过且点击不转移
通过：后方增加可用瓶体后仍不跳过不可用首命中
通过：删除前方碰撞后查询更新到后方瓶体
通过：移走真实碰撞后提示清空
通过：满架仍为首命中，拒绝点击且数量守恒
通过：混放满架空手仍按真实首瓶命中
通过：道具栏排队释放立即清空提示并拒绝输入
通过：立即释放用例先建立可用提示
通过：道具栏立即失效后安全拒绝输入
通过：无效放置资源不穿透架体且保留道具
通过：非原药手持采用基础查询且不获得放置能力
通过：空手从仓库整体盒外命中原药组
通过：仓库组可领取，手持后仓库架不会成为放置目标
通过：空手从仓库整体盒外命中原药组
通过：仓库组可领取，手持后仓库架不会成为放置目标
通过：实际药品碰撞被整体盒包围：槽位0
通过：实际药品碰撞被整体盒包围：槽位1
通过：实际药品碰撞被整体盒包围：槽位2
通过：实际药品碰撞被整体盒包围：槽位3
通过：实际药品碰撞被整体盒包围：槽位4
通过：实际药品碰撞被整体盒包围：槽位5
通过：实际药品碰撞被整体盒包围：槽位6
通过：实际药品碰撞被整体盒包围：槽位7
通过：实际药品碰撞被整体盒包围：槽位8
通过：实际药品碰撞被整体盒包围：槽位9
通过：实际药品碰撞被整体盒包围：槽位10
通过：实际药品碰撞被整体盒包围：槽位11
通过：实际药品碰撞被整体盒包围：槽位12
通过：实际药品碰撞被整体盒包围：槽位13
通过：实际药品碰撞被整体盒包围：槽位14
通过：实际药品碰撞被整体盒包围：槽位15
通过：实际药品碰撞被整体盒包围：槽位16
通过：实际药品碰撞被整体盒包围：槽位17
通过：实际药品碰撞被整体盒包围：槽位18
通过：实际药品碰撞被整体盒包围：槽位19
通过：实际药品碰撞被整体盒包围：槽位20
通过：实际药品碰撞被整体盒包围：槽位21
通过：实际药品碰撞被整体盒包围：槽位22
通过：实际药品碰撞被整体盒包围：槽位23
通过：实际药品碰撞被整体盒包围：槽位24
通过：实际药品碰撞被整体盒包围：槽位25
通过：实际药品碰撞被整体盒包围：槽位26
通过：实际药品碰撞被整体盒包围：槽位27
通过：实际药品碰撞被整体盒包围：槽位28
通过：实际药品碰撞被整体盒包围：槽位29
通过：实际药品碰撞被整体盒包围：槽位30
通过：实际药品碰撞被整体盒包围：槽位31
通过：实际药品碰撞被整体盒包围：槽位32
通过：实际药品碰撞被整体盒包围：槽位33
通过：实际药品碰撞被整体盒包围：槽位34
通过：实际药品碰撞被整体盒包围：槽位35
通过：实际药品碰撞被整体盒包围：槽位0
通过：实际药品碰撞被整体盒包围：槽位1
通过：实际药品碰撞被整体盒包围：槽位2
通过：实际药品碰撞被整体盒包围：槽位3
通过：实际药品碰撞被整体盒包围：槽位4
通过：实际药品碰撞被整体盒包围：槽位5
通过：实际药品碰撞被整体盒包围：槽位6
通过：实际药品碰撞被整体盒包围：槽位7
通过：实际药品碰撞被整体盒包围：槽位8
通过：实际药品碰撞被整体盒包围：槽位9
通过：实际药品碰撞被整体盒包围：槽位10
通过：实际药品碰撞被整体盒包围：槽位11
通过：实际药品碰撞被整体盒包围：槽位12
通过：实际药品碰撞被整体盒包围：槽位13
通过：实际药品碰撞被整体盒包围：槽位14
通过：实际药品碰撞被整体盒包围：槽位15
通过：实际药品碰撞被整体盒包围：槽位16
通过：实际药品碰撞被整体盒包围：槽位17
通过：实际药品碰撞被整体盒包围：槽位18
通过：实际药品碰撞被整体盒包围：槽位19
通过：实际药品碰撞被整体盒包围：槽位20
通过：实际药品碰撞被整体盒包围：槽位21
通过：实际药品碰撞被整体盒包围：槽位22
通过：实际药品碰撞被整体盒包围：槽位23
通过：实际药品碰撞被整体盒包围：槽位24
通过：实际药品碰撞被整体盒包围：槽位25
通过：实际药品碰撞被整体盒包围：槽位26
通过：实际药品碰撞被整体盒包围：槽位27
通过：实际药品碰撞被整体盒包围：槽位28
通过：实际药品碰撞被整体盒包围：槽位29
通过：实际药品碰撞被整体盒包围：槽位30
通过：实际药品碰撞被整体盒包围：槽位31
通过：实际药品碰撞被整体盒包围：槽位32
通过：实际药品碰撞被整体盒包围：槽位33
通过：实际药品碰撞被整体盒包围：槽位34
通过：实际药品碰撞被整体盒包围：槽位35
通过：整体盒覆盖实际架体网格
通过：整体盒覆盖实际架体网格
通过：整体盒覆盖实际架体网格
通过：实际药品碰撞被整体盒包围：槽位0
通过：实际药品碰撞被整体盒包围：槽位1
通过：实际药品碰撞被整体盒包围：槽位2
通过：实际药品碰撞被整体盒包围：槽位3
通过：实际药品碰撞被整体盒包围：槽位4
通过：实际药品碰撞被整体盒包围：槽位5
通过：实际药品碰撞被整体盒包围：槽位6
通过：实际药品碰撞被整体盒包围：槽位7
通过：实际药品碰撞被整体盒包围：槽位8
通过：实际药品碰撞被整体盒包围：槽位9
通过：实际药品碰撞被整体盒包围：槽位10
通过：实际药品碰撞被整体盒包围：槽位11
通过：实际药品碰撞被整体盒包围：槽位12
通过：实际药品碰撞被整体盒包围：槽位13
通过：实际药品碰撞被整体盒包围：槽位14
通过：实际药品碰撞被整体盒包围：槽位15
通过：实际药品碰撞被整体盒包围：槽位16
通过：实际药品碰撞被整体盒包围：槽位17
通过：实际药品碰撞被整体盒包围：槽位18
通过：实际药品碰撞被整体盒包围：槽位19
通过：实际药品碰撞被整体盒包围：槽位20
通过：实际药品碰撞被整体盒包围：槽位21
通过：实际药品碰撞被整体盒包围：槽位22
通过：实际药品碰撞被整体盒包围：槽位23
通过：实际药品碰撞被整体盒包围：槽位24
通过：实际药品碰撞被整体盒包围：槽位25
通过：实际药品碰撞被整体盒包围：槽位26
通过：实际药品碰撞被整体盒包围：槽位27
通过：实际药品碰撞被整体盒包围：槽位28
通过：实际药品碰撞被整体盒包围：槽位29
通过：实际药品碰撞被整体盒包围：槽位30
通过：实际药品碰撞被整体盒包围：槽位31
通过：实际药品碰撞被整体盒包围：槽位32
通过：实际药品碰撞被整体盒包围：槽位33
通过：实际药品碰撞被整体盒包围：槽位34
通过：实际药品碰撞被整体盒包围：槽位35
通过：实际药品碰撞被整体盒包围：槽位0
通过：实际药品碰撞被整体盒包围：槽位1
通过：实际药品碰撞被整体盒包围：槽位2
通过：实际药品碰撞被整体盒包围：槽位3
通过：实际药品碰撞被整体盒包围：槽位4
通过：实际药品碰撞被整体盒包围：槽位5
通过：实际药品碰撞被整体盒包围：槽位6
通过：实际药品碰撞被整体盒包围：槽位7
通过：实际药品碰撞被整体盒包围：槽位8
通过：实际药品碰撞被整体盒包围：槽位9
通过：实际药品碰撞被整体盒包围：槽位10
通过：实际药品碰撞被整体盒包围：槽位11
通过：实际药品碰撞被整体盒包围：槽位12
通过：实际药品碰撞被整体盒包围：槽位13
通过：实际药品碰撞被整体盒包围：槽位14
通过：实际药品碰撞被整体盒包围：槽位15
通过：实际药品碰撞被整体盒包围：槽位16
通过：实际药品碰撞被整体盒包围：槽位17
通过：实际药品碰撞被整体盒包围：槽位18
通过：实际药品碰撞被整体盒包围：槽位19
通过：实际药品碰撞被整体盒包围：槽位20
通过：实际药品碰撞被整体盒包围：槽位21
通过：实际药品碰撞被整体盒包围：槽位22
通过：实际药品碰撞被整体盒包围：槽位23
通过：实际药品碰撞被整体盒包围：槽位24
通过：实际药品碰撞被整体盒包围：槽位25
通过：实际药品碰撞被整体盒包围：槽位26
通过：实际药品碰撞被整体盒包围：槽位27
通过：实际药品碰撞被整体盒包围：槽位28
通过：实际药品碰撞被整体盒包围：槽位29
通过：实际药品碰撞被整体盒包围：槽位30
通过：实际药品碰撞被整体盒包围：槽位31
通过：实际药品碰撞被整体盒包围：槽位32
通过：实际药品碰撞被整体盒包围：槽位33
通过：实际药品碰撞被整体盒包围：槽位34
通过：实际药品碰撞被整体盒包围：槽位35
通过：整体盒覆盖实际架体网格
通过：整体盒覆盖实际架体网格
通过：整体盒覆盖实际架体网格
通过：主场景两整体盒实际间隙为一厘米
边界高度：1.285；首命中：place_shelf_workroom_rm_1:<StaticBody3D#85312146222>
通过：主场景边界水平射线高度1.285命中预期架体或间隙后方墙体
边界高度：1.295；首命中：wall_room0_18:<StaticBody3D#78148274563>
通过：主场景边界水平射线高度1.295命中预期架体或间隙后方墙体
边界高度：1.305；首命中：place_shelf_workroom_rm_0:<StaticBody3D#84573948674>
通过：主场景边界水平射线高度1.305命中预期架体或间隙后方墙体
边界高度：1.31；首命中：place_shelf_workroom_rm_0:<StaticBody3D#84573948674>
通过：主场景边界水平射线高度1.310命中预期架体或间隙后方墙体
通过：实际主场景单盒内部起点命中所属架体
通过：实际主场景单盒内部起点命中所属架体
通过：创建分层集成证据
分层集成断言数：185；失败数：0
