Godot Engine v4.6.1.stable.official.14d19694e - https://godotengine.org

通过：仅无图形执行，不启动窗口或操作指针
通过：真实场景聚焦配置有效
通过：运行初态没有预置纸张
通过：任务事件只建立待打印
通过：忙碌事件不覆盖本次任务
通过：唯一按钮入口建立一份空白纸张
通过：开始后重复正式入口拒绝
通过：打印开始全文隐藏
通过：最早完成观察纸张已补全
通过：自然完成通知唯一
通过：非空机械行横向次数正确
通过：首次移左只在首个非空行前一次
通过：普通回程按末个机械行决定
通过：空行保留机械位置且不超容量
通过：每个机械数据行只显示一次
通过：复位完成后全文补全超容量行
通过：有限动作按配置自然结束
通过：有限动作按配置自然结束
通过：有限动作按配置自然结束
通过：有限动作按配置自然结束
通过：显示行的轴位置由整数索引计算
通过：非空行在自然完成事件之后先显示再回程
通过：有限动作按配置自然结束
通过：有限动作按配置自然结束
通过：有限动作按配置自然结束
通过：显示行的轴位置由整数索引计算
通过：非空行在自然完成事件之后先显示再回程
通过：有限动作按配置自然结束
通过：有限动作按配置自然结束
通过：有限动作按配置自然结束
通过：显示行的轴位置由整数索引计算
通过：非空行在自然完成事件之后先显示再回程
通过：有限动作按配置自然结束
通过：有限动作按配置自然结束
通过：有限动作按配置自然结束
通过：显示行的轴位置由整数索引计算
通过：非空行在自然完成事件之后先显示再回程
通过：有限动作按配置自然结束
通过：有限动作按配置自然结束
通过：有限动作按配置自然结束
通过：显示行的轴位置由整数索引计算
通过：非空行在自然完成事件之后先显示再回程
通过：有限动作按配置自然结束
通过：有限动作按配置自然结束
通过：有限动作按配置自然结束
通过：显示行的轴位置由整数索引计算
通过：非空行在自然完成事件之后先显示再回程
通过：有限动作按配置自然结束
通过：有限动作按配置自然结束
通过：有限动作按配置自然结束
通过：显示行的轴位置由整数索引计算
通过：非空行在自然完成事件之后先显示再回程
通过：有限动作按配置自然结束
通过：有限动作按配置自然结束
通过：有限动作按配置自然结束
通过：显示行的轴位置由整数索引计算
通过：非空行在自然完成事件之后先显示再回程
通过：有限动作按配置自然结束
通过：有限动作按配置自然结束
通过：有限动作按配置自然结束
通过：显示行的轴位置由整数索引计算
通过：非空行在自然完成事件之后先显示再回程
通过：有限动作按配置自然结束
通过：有限动作按配置自然结束
通过：有限动作按配置自然结束
通过：显示行的轴位置由整数索引计算
通过：非空行在自然完成事件之后先显示再回程
通过：有限动作按配置自然结束
通过：有限动作按配置自然结束
通过：有限动作按配置自然结束
通过：显示行的轴位置由整数索引计算
通过：非空行在自然完成事件之后先显示再回程
通过：有限动作按配置自然结束
通过：有限动作按配置自然结束
通过：有限动作按配置自然结束
通过：显示行的轴位置由整数索引计算
通过：非空行在自然完成事件之后先显示再回程
通过：有限动作按配置自然结束
通过：有限动作按配置自然结束
通过：有限动作按配置自然结束
通过：显示行的轴位置由整数索引计算
通过：非空行在自然完成事件之后先显示再回程
通过：有限动作按配置自然结束
通过：有限动作按配置自然结束
通过：末行处理后先归中再横轴复位
通过：两杆完成实际局部位置与本次配置匹配
通过：理论动作时长与固定物理帧实测误差在逐阶段调度范围
通过：原配置十三或二十一行理论核算正确
通过：真实场景聚焦配置有效
通过：运行初态没有预置纸张
通过：任务事件只建立待打印
通过：忙碌事件不覆盖本次任务
通过：唯一按钮入口建立一份空白纸张
通过：开始后重复正式入口拒绝
通过：打印开始全文隐藏
通过：最早完成观察纸张已补全
通过：自然完成通知唯一
通过：非空机械行横向次数正确
通过：首次移左只在首个非空行前一次
通过：普通回程按末个机械行决定
通过：空行保留机械位置且不超容量
通过：每个机械数据行只显示一次
通过：复位完成后全文补全超容量行
通过：有限动作按配置自然结束
通过：有限动作按配置自然结束
通过：有限动作按配置自然结束
通过：有限动作按配置自然结束
通过：显示行的轴位置由整数索引计算
通过：非空行在自然完成事件之后先显示再回程
通过：有限动作按配置自然结束
通过：有限动作按配置自然结束
通过：有限动作按配置自然结束
通过：显示行的轴位置由整数索引计算
通过：非空行在自然完成事件之后先显示再回程
通过：有限动作按配置自然结束
通过：有限动作按配置自然结束
通过：有限动作按配置自然结束
通过：显示行的轴位置由整数索引计算
通过：非空行在自然完成事件之后先显示再回程
通过：有限动作按配置自然结束
通过：有限动作按配置自然结束
通过：有限动作按配置自然结束
通过：显示行的轴位置由整数索引计算
通过：非空行在自然完成事件之后先显示再回程
通过：有限动作按配置自然结束
通过：有限动作按配置自然结束
通过：有限动作按配置自然结束
通过：显示行的轴位置由整数索引计算
通过：非空行在自然完成事件之后先显示再回程
通过：有限动作按配置自然结束
通过：有限动作按配置自然结束
通过：有限动作按配置自然结束
通过：显示行的轴位置由整数索引计算
通过：非空行在自然完成事件之后先显示再回程
通过：有限动作按配置自然结束
通过：有限动作按配置自然结束
通过：有限动作按配置自然结束
通过：显示行的轴位置由整数索引计算
通过：非空行在自然完成事件之后先显示再回程
通过：有限动作按配置自然结束
通过：有限动作按配置自然结束
通过：有限动作按配置自然结束
通过：显示行的轴位置由整数索引计算
通过：非空行在自然完成事件之后先显示再回程
通过：有限动作按配置自然结束
通过：有限动作按配置自然结束
通过：有限动作按配置自然结束
通过：显示行的轴位置由整数索引计算
通过：非空行在自然完成事件之后先显示再回程
通过：有限动作按配置自然结束
通过：有限动作按配置自然结束
通过：有限动作按配置自然结束
通过：显示行的轴位置由整数索引计算
通过：非空行在自然完成事件之后先显示再回程
通过：有限动作按配置自然结束
通过：有限动作按配置自然结束
通过：有限动作按配置自然结束
通过：显示行的轴位置由整数索引计算
通过：非空行在自然完成事件之后先显示再回程
通过：有限动作按配置自然结束
通过：有限动作按配置自然结束
通过：有限动作按配置自然结束
通过：显示行的轴位置由整数索引计算
通过：非空行在自然完成事件之后先显示再回程
通过：有限动作按配置自然结束
通过：有限动作按配置自然结束
通过：有限动作按配置自然结束
通过：显示行的轴位置由整数索引计算
通过：非空行在自然完成事件之后先显示再回程
通过：有限动作按配置自然结束
通过：有限动作按配置自然结束
通过：有限动作按配置自然结束
通过：显示行的轴位置由整数索引计算
通过：非空行在自然完成事件之后先显示再回程
通过：有限动作按配置自然结束
通过：有限动作按配置自然结束
通过：有限动作按配置自然结束
通过：显示行的轴位置由整数索引计算
通过：非空行在自然完成事件之后先显示再回程
通过：有限动作按配置自然结束
通过：有限动作按配置自然结束
通过：有限动作按配置自然结束
通过：显示行的轴位置由整数索引计算
通过：非空行在自然完成事件之后先显示再回程
通过：有限动作按配置自然结束
通过：有限动作按配置自然结束
通过：有限动作按配置自然结束
通过：显示行的轴位置由整数索引计算
通过：非空行在自然完成事件之后先显示再回程
通过：有限动作按配置自然结束
通过：有限动作按配置自然结束
通过：有限动作按配置自然结束
通过：显示行的轴位置由整数索引计算
通过：非空行在自然完成事件之后先显示再回程
通过：有限动作按配置自然结束
通过：有限动作按配置自然结束
通过：有限动作按配置自然结束
通过：显示行的轴位置由整数索引计算
通过：非空行在自然完成事件之后先显示再回程
通过：有限动作按配置自然结束
通过：有限动作按配置自然结束
通过：有限动作按配置自然结束
通过：显示行的轴位置由整数索引计算
通过：非空行在自然完成事件之后先显示再回程
通过：有限动作按配置自然结束
通过：有限动作按配置自然结束
通过：有限动作按配置自然结束
通过：显示行的轴位置由整数索引计算
通过：非空行在自然完成事件之后先显示再回程
通过：有限动作按配置自然结束
通过：有限动作按配置自然结束
通过：末行处理后先归中再横轴复位
通过：两杆完成实际局部位置与本次配置匹配
通过：理论动作时长与固定物理帧实测误差在逐阶段调度范围
通过：原配置十三或二十一行理论核算正确
通过：真实场景聚焦配置有效
通过：运行初态没有预置纸张
通过：任务事件只建立待打印
通过：忙碌事件不覆盖本次任务
通过：唯一按钮入口建立一份空白纸张
通过：开始后重复正式入口拒绝
通过：打印开始全文隐藏
通过：最早完成观察纸张已补全
通过：自然完成通知唯一
通过：非空机械行横向次数正确
通过：首次移左只在首个非空行前一次
通过：普通回程按末个机械行决定
通过：空行保留机械位置且不超容量
通过：每个机械数据行只显示一次
通过：复位完成后全文补全超容量行
通过：有限动作按配置自然结束
通过：有限动作按配置自然结束
通过：有限动作按配置自然结束
通过：有限动作按配置自然结束
通过：显示行的轴位置由整数索引计算
通过：非空行在自然完成事件之后先显示再回程
通过：有限动作按配置自然结束
通过：有限动作按配置自然结束
通过：末行处理后先归中再横轴复位
通过：两杆完成实际局部位置与本次配置匹配
通过：理论动作时长与固定物理帧实测误差在逐阶段调度范围
通过：真实场景聚焦配置有效
通过：运行初态没有预置纸张
通过：任务事件只建立待打印
通过：忙碌事件不覆盖本次任务
通过：唯一按钮入口建立一份空白纸张
通过：开始后重复正式入口拒绝
通过：打印开始全文隐藏
通过：最早完成观察纸张已补全
通过：自然完成通知唯一
通过：非空机械行横向次数正确
通过：首次移左只在首个非空行前一次
通过：普通回程按末个机械行决定
通过：空行保留机械位置且不超容量
通过：每个机械数据行只显示一次
通过：复位完成后全文补全超容量行
通过：有限动作按配置自然结束
通过：有限动作按配置自然结束
通过：有限动作按配置自然结束
通过：有限动作按配置自然结束
通过：显示行的轴位置由整数索引计算
通过：非空行在自然完成事件之后先显示再回程
通过：有限动作按配置自然结束
通过：有限动作按配置自然结束
通过：有限动作按配置自然结束
通过：显示行的轴位置由整数索引计算
通过：非空行在自然完成事件之后先显示再回程
通过：有限动作按配置自然结束
通过：有限动作按配置自然结束
通过：有限动作按配置自然结束
通过：显示行的轴位置由整数索引计算
通过：非空行在自然完成事件之后先显示再回程
通过：有限动作按配置自然结束
通过：有限动作按配置自然结束
通过：有限动作按配置自然结束
通过：显示行的轴位置由整数索引计算
通过：非空行在自然完成事件之后先显示再回程
通过：有限动作按配置自然结束
通过：有限动作按配置自然结束
通过：有限动作按配置自然结束
通过：显示行的轴位置由整数索引计算
通过：非空行在自然完成事件之后先显示再回程
通过：有限动作按配置自然结束
通过：有限动作按配置自然结束
通过：有限动作按配置自然结束
通过：显示行的轴位置由整数索引计算
通过：非空行在自然完成事件之后先显示再回程
通过：有限动作按配置自然结束
通过：有限动作按配置自然结束
通过：有限动作按配置自然结束
通过：显示行的轴位置由整数索引计算
通过：非空行在自然完成事件之后先显示再回程
通过：有限动作按配置自然结束
通过：有限动作按配置自然结束
通过：有限动作按配置自然结束
通过：显示行的轴位置由整数索引计算
通过：非空行在自然完成事件之后先显示再回程
通过：有限动作按配置自然结束
通过：有限动作按配置自然结束
通过：有限动作按配置自然结束
通过：显示行的轴位置由整数索引计算
通过：非空行在自然完成事件之后先显示再回程
通过：有限动作按配置自然结束
通过：有限动作按配置自然结束
通过：有限动作按配置自然结束
通过：显示行的轴位置由整数索引计算
通过：非空行在自然完成事件之后先显示再回程
通过：有限动作按配置自然结束
通过：有限动作按配置自然结束
通过：有限动作按配置自然结束
通过：显示行的轴位置由整数索引计算
通过：非空行在自然完成事件之后先显示再回程
通过：有限动作按配置自然结束
通过：有限动作按配置自然结束
通过：有限动作按配置自然结束
通过：显示行的轴位置由整数索引计算
通过：非空行在自然完成事件之后先显示再回程
通过：有限动作按配置自然结束
通过：有限动作按配置自然结束
通过：有限动作按配置自然结束
通过：显示行的轴位置由整数索引计算
通过：非空行在自然完成事件之后先显示再回程
通过：有限动作按配置自然结束
通过：有限动作按配置自然结束
通过：有限动作按配置自然结束
通过：显示行的轴位置由整数索引计算
通过：非空行在自然完成事件之后先显示再回程
通过：有限动作按配置自然结束
通过：有限动作按配置自然结束
通过：有限动作按配置自然结束
通过：显示行的轴位置由整数索引计算
通过：非空行在自然完成事件之后先显示再回程
通过：有限动作按配置自然结束
通过：有限动作按配置自然结束
通过：有限动作按配置自然结束
通过：显示行的轴位置由整数索引计算
通过：非空行在自然完成事件之后先显示再回程
通过：有限动作按配置自然结束
通过：有限动作按配置自然结束
通过：有限动作按配置自然结束
通过：显示行的轴位置由整数索引计算
通过：非空行在自然完成事件之后先显示再回程
通过：有限动作按配置自然结束
通过：有限动作按配置自然结束
通过：有限动作按配置自然结束
通过：显示行的轴位置由整数索引计算
通过：非空行在自然完成事件之后先显示再回程
通过：有限动作按配置自然结束
通过：有限动作按配置自然结束
通过：有限动作按配置自然结束
通过：显示行的轴位置由整数索引计算
通过：非空行在自然完成事件之后先显示再回程
通过：有限动作按配置自然结束
通过：有限动作按配置自然结束
通过：有限动作按配置自然结束
通过：显示行的轴位置由整数索引计算
通过：非空行在自然完成事件之后先显示再回程
通过：有限动作按配置自然结束
通过：有限动作按配置自然结束
通过：末行处理后先归中再横轴复位
通过：两杆完成实际局部位置与本次配置匹配
通过：理论动作时长与固定物理帧实测误差在逐阶段调度范围
通过：真实场景聚焦配置有效
通过：运行初态没有预置纸张
通过：任务事件只建立待打印
通过：忙碌事件不覆盖本次任务
通过：唯一按钮入口建立一份空白纸张
通过：开始后重复正式入口拒绝
通过：打印开始全文隐藏
通过：最早完成观察纸张已补全
通过：自然完成通知唯一
通过：非空机械行横向次数正确
通过：首次移左只在首个非空行前一次
通过：普通回程按末个机械行决定
通过：空行保留机械位置且不超容量
通过：每个机械数据行只显示一次
通过：复位完成后全文补全超容量行
通过：有限动作按配置自然结束
通过：有限动作按配置自然结束
通过：有限动作按配置自然结束
通过：有限动作按配置自然结束
通过：显示行的轴位置由整数索引计算
通过：非空行在自然完成事件之后先显示再回程
通过：有限动作按配置自然结束
通过：有限动作按配置自然结束
通过：有限动作按配置自然结束
通过：显示行的轴位置由整数索引计算
通过：非空行在自然完成事件之后先显示再回程
通过：有限动作按配置自然结束
通过：有限动作按配置自然结束
通过：有限动作按配置自然结束
通过：显示行的轴位置由整数索引计算
通过：非空行在自然完成事件之后先显示再回程
通过：有限动作按配置自然结束
通过：有限动作按配置自然结束
通过：有限动作按配置自然结束
通过：显示行的轴位置由整数索引计算
通过：非空行在自然完成事件之后先显示再回程
通过：有限动作按配置自然结束
通过：有限动作按配置自然结束
通过：有限动作按配置自然结束
通过：显示行的轴位置由整数索引计算
通过：非空行在自然完成事件之后先显示再回程
通过：有限动作按配置自然结束
通过：有限动作按配置自然结束
通过：有限动作按配置自然结束
通过：显示行的轴位置由整数索引计算
通过：非空行在自然完成事件之后先显示再回程
通过：有限动作按配置自然结束
通过：有限动作按配置自然结束
通过：有限动作按配置自然结束
通过：显示行的轴位置由整数索引计算
通过：非空行在自然完成事件之后先显示再回程
通过：有限动作按配置自然结束
通过：有限动作按配置自然结束
通过：有限动作按配置自然结束
通过：显示行的轴位置由整数索引计算
通过：非空行在自然完成事件之后先显示再回程
通过：有限动作按配置自然结束
通过：有限动作按配置自然结束
通过：有限动作按配置自然结束
通过：显示行的轴位置由整数索引计算
通过：非空行在自然完成事件之后先显示再回程
通过：有限动作按配置自然结束
通过：有限动作按配置自然结束
通过：有限动作按配置自然结束
通过：显示行的轴位置由整数索引计算
通过：非空行在自然完成事件之后先显示再回程
通过：有限动作按配置自然结束
通过：有限动作按配置自然结束
通过：有限动作按配置自然结束
通过：显示行的轴位置由整数索引计算
通过：非空行在自然完成事件之后先显示再回程
通过：有限动作按配置自然结束
通过：有限动作按配置自然结束
通过：有限动作按配置自然结束
通过：显示行的轴位置由整数索引计算
通过：非空行在自然完成事件之后先显示再回程
通过：有限动作按配置自然结束
通过：有限动作按配置自然结束
通过：有限动作按配置自然结束
通过：显示行的轴位置由整数索引计算
通过：非空行在自然完成事件之后先显示再回程
通过：有限动作按配置自然结束
通过：有限动作按配置自然结束
通过：有限动作按配置自然结束
通过：显示行的轴位置由整数索引计算
通过：非空行在自然完成事件之后先显示再回程
通过：有限动作按配置自然结束
通过：有限动作按配置自然结束
通过：有限动作按配置自然结束
通过：显示行的轴位置由整数索引计算
通过：非空行在自然完成事件之后先显示再回程
通过：有限动作按配置自然结束
通过：有限动作按配置自然结束
通过：有限动作按配置自然结束
通过：显示行的轴位置由整数索引计算
通过：非空行在自然完成事件之后先显示再回程
通过：有限动作按配置自然结束
通过：有限动作按配置自然结束
通过：有限动作按配置自然结束
通过：显示行的轴位置由整数索引计算
通过：非空行在自然完成事件之后先显示再回程
通过：有限动作按配置自然结束
通过：有限动作按配置自然结束
通过：有限动作按配置自然结束
通过：显示行的轴位置由整数索引计算
通过：非空行在自然完成事件之后先显示再回程
通过：有限动作按配置自然结束
通过：有限动作按配置自然结束
通过：有限动作按配置自然结束
通过：显示行的轴位置由整数索引计算
通过：非空行在自然完成事件之后先显示再回程
通过：有限动作按配置自然结束
通过：有限动作按配置自然结束
通过：有限动作按配置自然结束
通过：显示行的轴位置由整数索引计算
通过：非空行在自然完成事件之后先显示再回程
通过：有限动作按配置自然结束
通过：有限动作按配置自然结束
通过：有限动作按配置自然结束
通过：显示行的轴位置由整数索引计算
通过：非空行在自然完成事件之后先显示再回程
通过：有限动作按配置自然结束
通过：有限动作按配置自然结束
通过：末行处理后先归中再横轴复位
通过：两杆完成实际局部位置与本次配置匹配
通过：理论动作时长与固定物理帧实测误差在逐阶段调度范围
通过：真实场景聚焦配置有效
通过：运行初态没有预置纸张
通过：任务事件只建立待打印
通过：忙碌事件不覆盖本次任务
通过：唯一按钮入口建立一份空白纸张
通过：开始后重复正式入口拒绝
通过：打印开始全文隐藏
通过：最早完成观察纸张已补全
通过：自然完成通知唯一
通过：非空机械行横向次数正确
通过：首次移左只在首个非空行前一次
通过：普通回程按末个机械行决定
通过：空行保留机械位置且不超容量
通过：每个机械数据行只显示一次
通过：复位完成后全文补全超容量行
通过：有限动作按配置自然结束
通过：有限动作按配置自然结束
通过：有限动作按配置自然结束
通过：有限动作按配置自然结束
通过：显示行的轴位置由整数索引计算
通过：非空行在自然完成事件之后先显示再回程
通过：有限动作按配置自然结束
通过：有限动作按配置自然结束
通过：有限动作按配置自然结束
通过：显示行的轴位置由整数索引计算
通过：非空行在自然完成事件之后先显示再回程
通过：有限动作按配置自然结束
通过：有限动作按配置自然结束
通过：有限动作按配置自然结束
通过：显示行的轴位置由整数索引计算
通过：非空行在自然完成事件之后先显示再回程
通过：有限动作按配置自然结束
通过：有限动作按配置自然结束
通过：有限动作按配置自然结束
通过：显示行的轴位置由整数索引计算
通过：非空行在自然完成事件之后先显示再回程
通过：有限动作按配置自然结束
通过：有限动作按配置自然结束
通过：有限动作按配置自然结束
通过：显示行的轴位置由整数索引计算
通过：非空行在自然完成事件之后先显示再回程
通过：有限动作按配置自然结束
通过：有限动作按配置自然结束
通过：有限动作按配置自然结束
通过：显示行的轴位置由整数索引计算
通过：非空行在自然完成事件之后先显示再回程
通过：有限动作按配置自然结束
通过：有限动作按配置自然结束
通过：有限动作按配置自然结束
通过：显示行的轴位置由整数索引计算
通过：非空行在自然完成事件之后先显示再回程
通过：有限动作按配置自然结束
通过：有限动作按配置自然结束
通过：有限动作按配置自然结束
通过：显示行的轴位置由整数索引计算
通过：非空行在自然完成事件之后先显示再回程
通过：有限动作按配置自然结束
通过：有限动作按配置自然结束
通过：有限动作按配置自然结束
通过：显示行的轴位置由整数索引计算
通过：非空行在自然完成事件之后先显示再回程
通过：有限动作按配置自然结束
通过：有限动作按配置自然结束
通过：有限动作按配置自然结束
通过：显示行的轴位置由整数索引计算
通过：非空行在自然完成事件之后先显示再回程
通过：有限动作按配置自然结束
通过：有限动作按配置自然结束
通过：有限动作按配置自然结束
通过：显示行的轴位置由整数索引计算
通过：非空行在自然完成事件之后先显示再回程
通过：有限动作按配置自然结束
通过：有限动作按配置自然结束
通过：有限动作按配置自然结束
通过：显示行的轴位置由整数索引计算
通过：非空行在自然完成事件之后先显示再回程
通过：有限动作按配置自然结束
通过：有限动作按配置自然结束
通过：有限动作按配置自然结束
通过：显示行的轴位置由整数索引计算
通过：非空行在自然完成事件之后先显示再回程
通过：有限动作按配置自然结束
通过：有限动作按配置自然结束
通过：有限动作按配置自然结束
通过：显示行的轴位置由整数索引计算
通过：非空行在自然完成事件之后先显示再回程
通过：有限动作按配置自然结束
通过：有限动作按配置自然结束
通过：有限动作按配置自然结束
通过：显示行的轴位置由整数索引计算
通过：非空行在自然完成事件之后先显示再回程
通过：有限动作按配置自然结束
通过：有限动作按配置自然结束
通过：有限动作按配置自然结束
通过：显示行的轴位置由整数索引计算
通过：非空行在自然完成事件之后先显示再回程
通过：有限动作按配置自然结束
通过：有限动作按配置自然结束
通过：有限动作按配置自然结束
通过：显示行的轴位置由整数索引计算
通过：非空行在自然完成事件之后先显示再回程
通过：有限动作按配置自然结束
通过：有限动作按配置自然结束
通过：有限动作按配置自然结束
通过：显示行的轴位置由整数索引计算
通过：非空行在自然完成事件之后先显示再回程
通过：有限动作按配置自然结束
通过：有限动作按配置自然结束
通过：有限动作按配置自然结束
通过：显示行的轴位置由整数索引计算
通过：非空行在自然完成事件之后先显示再回程
通过：有限动作按配置自然结束
通过：有限动作按配置自然结束
通过：有限动作按配置自然结束
通过：显示行的轴位置由整数索引计算
通过：非空行在自然完成事件之后先显示再回程
通过：有限动作按配置自然结束
通过：有限动作按配置自然结束
通过：有限动作按配置自然结束
通过：显示行的轴位置由整数索引计算
通过：非空行在自然完成事件之后先显示再回程
通过：有限动作按配置自然结束
通过：有限动作按配置自然结束
通过：末行处理后先归中再横轴复位
通过：两杆完成实际局部位置与本次配置匹配
通过：理论动作时长与固定物理帧实测误差在逐阶段调度范围
通过：真实场景聚焦配置有效
通过：运行初态没有预置纸张
通过：任务事件只建立待打印
通过：忙碌事件不覆盖本次任务
通过：唯一按钮入口建立一份空白纸张
通过：开始后重复正式入口拒绝
通过：打印开始全文隐藏
通过：最早完成观察纸张已补全
通过：自然完成通知唯一
通过：非空机械行横向次数正确
通过：首次移左只在首个非空行前一次
通过：普通回程按末个机械行决定
通过：空行保留机械位置且不超容量
通过：每个机械数据行只显示一次
通过：复位完成后全文补全超容量行
通过：有限动作按配置自然结束
通过：有限动作按配置自然结束
通过：显示行的轴位置由整数索引计算
通过：有限动作按配置自然结束
通过：有限动作按配置自然结束
通过：有限动作按配置自然结束
通过：显示行的轴位置由整数索引计算
通过：非空行在自然完成事件之后先显示再回程
通过：有限动作按配置自然结束
通过：有限动作按配置自然结束
通过：末行处理后先归中再横轴复位
通过：两杆完成实际局部位置与本次配置匹配
通过：理论动作时长与固定物理帧实测误差在逐阶段调度范围
通过：真实场景聚焦配置有效
通过：运行初态没有预置纸张
通过：任务事件只建立待打印
通过：忙碌事件不覆盖本次任务
通过：唯一按钮入口建立一份空白纸张
通过：开始后重复正式入口拒绝
通过：打印开始全文隐藏
通过：最早完成观察纸张已补全
通过：自然完成通知唯一
通过：非空机械行横向次数正确
通过：首次移左只在首个非空行前一次
通过：普通回程按末个机械行决定
通过：空行保留机械位置且不超容量
通过：每个机械数据行只显示一次
通过：复位完成后全文补全超容量行
通过：有限动作按配置自然结束
通过：有限动作按配置自然结束
通过：显示行的轴位置由整数索引计算
通过：有限动作按配置自然结束
通过：显示行的轴位置由整数索引计算
通过：有限动作按配置自然结束
通过：有限动作按配置自然结束
通过：有限动作按配置自然结束
通过：显示行的轴位置由整数索引计算
通过：非空行在自然完成事件之后先显示再回程
通过：有限动作按配置自然结束
通过：有限动作按配置自然结束
通过：有限动作按配置自然结束
通过：显示行的轴位置由整数索引计算
通过：非空行在自然完成事件之后先显示再回程
通过：有限动作按配置自然结束
通过：有限动作按配置自然结束
通过：末行处理后先归中再横轴复位
通过：两杆完成实际局部位置与本次配置匹配
通过：理论动作时长与固定物理帧实测误差在逐阶段调度范围
通过：真实场景聚焦配置有效
通过：运行初态没有预置纸张
通过：任务事件只建立待打印
通过：忙碌事件不覆盖本次任务
通过：唯一按钮入口建立一份空白纸张
通过：开始后重复正式入口拒绝
通过：打印开始全文隐藏
通过：最早完成观察纸张已补全
通过：自然完成通知唯一
通过：非空机械行横向次数正确
通过：首次移左只在首个非空行前一次
通过：普通回程按末个机械行决定
通过：空行保留机械位置且不超容量
通过：每个机械数据行只显示一次
通过：复位完成后全文补全超容量行
通过：有限动作按配置自然结束
通过：有限动作按配置自然结束
通过：有限动作按配置自然结束
通过：有限动作按配置自然结束
通过：显示行的轴位置由整数索引计算
通过：非空行在自然完成事件之后先显示再回程
通过：有限动作按配置自然结束
通过：有限动作按配置自然结束
通过：显示行的轴位置由整数索引计算
通过：有限动作按配置自然结束
通过：有限动作按配置自然结束
通过：显示行的轴位置由整数索引计算
通过：非空行在自然完成事件之后先显示再回程
通过：有限动作按配置自然结束
通过：有限动作按配置自然结束
通过：末行处理后先归中再横轴复位
通过：两杆完成实际局部位置与本次配置匹配
通过：理论动作时长与固定物理帧实测误差在逐阶段调度范围
通过：真实场景聚焦配置有效
通过：运行初态没有预置纸张
通过：任务事件只建立待打印
通过：忙碌事件不覆盖本次任务
通过：唯一按钮入口建立一份空白纸张
通过：开始后重复正式入口拒绝
通过：打印开始全文隐藏
通过：最早完成观察纸张已补全
通过：自然完成通知唯一
通过：非空机械行横向次数正确
通过：首次移左只在首个非空行前一次
通过：普通回程按末个机械行决定
通过：空行保留机械位置且不超容量
通过：每个机械数据行只显示一次
通过：复位完成后全文补全超容量行
通过：有限动作按配置自然结束
通过：有限动作按配置自然结束
通过：有限动作按配置自然结束
通过：有限动作按配置自然结束
通过：显示行的轴位置由整数索引计算
通过：非空行在自然完成事件之后先显示再回程
通过：有限动作按配置自然结束
通过：有限动作按配置自然结束
通过：显示行的轴位置由整数索引计算
通过：有限动作按配置自然结束
通过：有限动作按配置自然结束
通过：末行处理后先归中再横轴复位
通过：两杆完成实际局部位置与本次配置匹配
通过：理论动作时长与固定物理帧实测误差在逐阶段调度范围
通过：真实场景聚焦配置有效
通过：运行初态没有预置纸张
通过：任务事件只建立待打印
通过：忙碌事件不覆盖本次任务
通过：唯一按钮入口建立一份空白纸张
通过：开始后重复正式入口拒绝
通过：打印开始全文隐藏
通过：最早完成观察纸张已补全
通过：自然完成通知唯一
通过：非空机械行横向次数正确
通过：首次移左只在首个非空行前一次
通过：普通回程按末个机械行决定
通过：空行保留机械位置且不超容量
通过：每个机械数据行只显示一次
通过：复位完成后全文补全超容量行
通过：有限动作按配置自然结束
通过：有限动作按配置自然结束
通过：有限动作按配置自然结束
通过：有限动作按配置自然结束
通过：显示行的轴位置由整数索引计算
通过：非空行在自然完成事件之后先显示再回程
通过：有限动作按配置自然结束
通过：有限动作按配置自然结束
通过：显示行的轴位置由整数索引计算
通过：有限动作按配置自然结束
通过：显示行的轴位置由整数索引计算
通过：有限动作按配置自然结束
通过：有限动作按配置自然结束
通过：末行处理后先归中再横轴复位
通过：两杆完成实际局部位置与本次配置匹配
通过：理论动作时长与固定物理帧实测误差在逐阶段调度范围
通过：真实场景聚焦配置有效
通过：运行初态没有预置纸张
通过：任务事件只建立待打印
通过：忙碌事件不覆盖本次任务
通过：唯一按钮入口建立一份空白纸张
通过：开始后重复正式入口拒绝
通过：打印开始全文隐藏
通过：最早完成观察纸张已补全
通过：自然完成通知唯一
通过：非空机械行横向次数正确
通过：首次移左只在首个非空行前一次
通过：普通回程按末个机械行决定
通过：空行保留机械位置且不超容量
通过：每个机械数据行只显示一次
通过：复位完成后全文补全超容量行
通过：有限动作按配置自然结束
通过：有限动作按配置自然结束
通过：显示行的轴位置由整数索引计算
通过：有限动作按配置自然结束
通过：显示行的轴位置由整数索引计算
通过：有限动作按配置自然结束
通过：显示行的轴位置由整数索引计算
通过：有限动作按配置自然结束
通过：有限动作按配置自然结束
通过：末行处理后先归中再横轴复位
通过：两杆完成实际局部位置与本次配置匹配
通过：理论动作时长与固定物理帧实测误差在逐阶段调度范围
通过：真实场景聚焦配置有效
通过：运行初态没有预置纸张
通过：任务事件只建立待打印
通过：忙碌事件不覆盖本次任务
通过：唯一按钮入口建立一份空白纸张
通过：开始后重复正式入口拒绝
通过：打印开始全文隐藏
通过：最早完成观察纸张已补全
通过：自然完成通知唯一
通过：非空机械行横向次数正确
通过：首次移左只在首个非空行前一次
通过：普通回程按末个机械行决定
通过：空行保留机械位置且不超容量
通过：每个机械数据行只显示一次
通过：复位完成后全文补全超容量行
通过：有限动作按配置自然结束
通过：有限动作按配置自然结束
通过：有限动作按配置自然结束
通过：有限动作按配置自然结束
通过：显示行的轴位置由整数索引计算
通过：非空行在自然完成事件之后先显示再回程
通过：有限动作按配置自然结束
通过：有限动作按配置自然结束
通过：有限动作按配置自然结束
通过：显示行的轴位置由整数索引计算
通过：非空行在自然完成事件之后先显示再回程
通过：有限动作按配置自然结束
通过：有限动作按配置自然结束
通过：显示行的轴位置由整数索引计算
通过：有限动作按配置自然结束
通过：有限动作按配置自然结束
通过：末行处理后先归中再横轴复位
通过：两杆完成实际局部位置与本次配置匹配
通过：理论动作时长与固定物理帧实测误差在逐阶段调度范围
通过：真实场景聚焦配置有效
通过：运行初态没有预置纸张
通过：任务事件只建立待打印
通过：忙碌事件不覆盖本次任务
通过：唯一按钮入口建立一份空白纸张
通过：开始后重复正式入口拒绝
通过：打印开始全文隐藏
通过：最早完成观察纸张已补全
通过：自然完成通知唯一
通过：非空机械行横向次数正确
通过：首次移左只在首个非空行前一次
通过：普通回程按末个机械行决定
通过：空行保留机械位置且不超容量
通过：每个机械数据行只显示一次
通过：复位完成后全文补全超容量行
通过：有限动作按配置自然结束
通过：有限动作按配置自然结束
通过：显示行的轴位置由整数索引计算
通过：有限动作按配置自然结束
通过：显示行的轴位置由整数索引计算
通过：有限动作按配置自然结束
通过：显示行的轴位置由整数索引计算
通过：有限动作按配置自然结束
通过：显示行的轴位置由整数索引计算
通过：有限动作按配置自然结束
通过：显示行的轴位置由整数索引计算
通过：有限动作按配置自然结束
通过：显示行的轴位置由整数索引计算
通过：有限动作按配置自然结束
通过：显示行的轴位置由整数索引计算
通过：有限动作按配置自然结束
通过：显示行的轴位置由整数索引计算
通过：有限动作按配置自然结束
通过：显示行的轴位置由整数索引计算
通过：有限动作按配置自然结束
通过：显示行的轴位置由整数索引计算
通过：有限动作按配置自然结束
通过：显示行的轴位置由整数索引计算
通过：有限动作按配置自然结束
通过：显示行的轴位置由整数索引计算
通过：有限动作按配置自然结束
通过：显示行的轴位置由整数索引计算
通过：有限动作按配置自然结束
通过：显示行的轴位置由整数索引计算
通过：有限动作按配置自然结束
通过：显示行的轴位置由整数索引计算
通过：有限动作按配置自然结束
通过：显示行的轴位置由整数索引计算
通过：有限动作按配置自然结束
通过：显示行的轴位置由整数索引计算
通过：有限动作按配置自然结束
通过：显示行的轴位置由整数索引计算
通过：有限动作按配置自然结束
通过：显示行的轴位置由整数索引计算
通过：有限动作按配置自然结束
通过：显示行的轴位置由整数索引计算
通过：有限动作按配置自然结束
通过：显示行的轴位置由整数索引计算
通过：有限动作按配置自然结束
通过：有限动作按配置自然结束
通过：末行处理后先归中再横轴复位
通过：两杆完成实际局部位置与本次配置匹配
通过：理论动作时长与固定物理帧实测误差在逐阶段调度范围
通过：真实场景聚焦配置有效
通过：运行初态没有预置纸张
通过：待打印任务受理
通过：受理不创建文件
通过：未聚焦查询和直接调用均拒绝
通过：回到对应聚焦可打印
通过：共享定义变化不修改本次快照
通过：退出聚焦继续打印但不能取纸
通过：完成未取走不接收第二份
通过：真实场景聚焦配置有效
通过：运行初态没有预置纸张
通过：任务事件只建立待打印
通过：忙碌事件不覆盖本次任务
通过：唯一按钮入口建立一份空白纸张
通过：开始后重复正式入口拒绝
通过：打印开始全文隐藏
通过：暂停冻结指定动作及位置
通过：暂停不显示新行或伪报完成
通过：暂停拒绝业务操作
通过：恢复续接并且行显示不重复
通过：真实场景聚焦配置有效
通过：运行初态没有预置纸张
通过：任务事件只建立待打印
通过：忙碌事件不覆盖本次任务
通过：唯一按钮入口建立一份空白纸张
通过：开始后重复正式入口拒绝
通过：打印开始全文隐藏
通过：暂停冻结指定动作及位置
通过：暂停不显示新行或伪报完成
通过：暂停拒绝业务操作
通过：恢复续接并且行显示不重复
通过：真实场景聚焦配置有效
通过：运行初态没有预置纸张
通过：任务事件只建立待打印
通过：忙碌事件不覆盖本次任务
通过：唯一按钮入口建立一份空白纸张
通过：开始后重复正式入口拒绝
通过：打印开始全文隐藏
通过：暂停冻结指定动作及位置
通过：暂停不显示新行或伪报完成
通过：暂停拒绝业务操作
通过：恢复续接并且行显示不重复
通过：真实场景聚焦配置有效
通过：运行初态没有预置纸张
通过：任务事件只建立待打印
通过：忙碌事件不覆盖本次任务
通过：唯一按钮入口建立一份空白纸张
通过：开始后重复正式入口拒绝
通过：打印开始全文隐藏
通过：暂停冻结指定动作及位置
通过：暂停不显示新行或伪报完成
通过：暂停拒绝业务操作
通过：恢复续接并且行显示不重复
通过：真实场景聚焦配置有效
通过：运行初态没有预置纸张
通过：任务事件只建立待打印
通过：忙碌事件不覆盖本次任务
通过：唯一按钮入口建立一份空白纸张
通过：开始后重复正式入口拒绝
通过：打印开始全文隐藏
通过：暂停冻结指定动作及位置
通过：暂停不显示新行或伪报完成
通过：暂停拒绝业务操作
通过：恢复续接并且行显示不重复
通过：真实场景聚焦配置有效
通过：运行初态没有预置纸张
通过：任务事件只建立待打印
通过：忙碌事件不覆盖本次任务
通过：唯一按钮入口建立一份空白纸张
通过：开始后重复正式入口拒绝
通过：打印开始全文隐藏
通过：暂停冻结指定动作及位置
通过：暂停不显示新行或伪报完成
通过：暂停拒绝业务操作
通过：恢复续接并且行显示不重复
通过：真实场景聚焦配置有效
通过：运行初态没有预置纸张
通过：任务事件只建立待打印
通过：忙碌事件不覆盖本次任务
通过：唯一按钮入口建立一份空白纸张
通过：开始后重复正式入口拒绝
通过：打印开始全文隐藏
通过：暂停冻结指定动作及位置
通过：暂停不显示新行或伪报完成
通过：暂停拒绝业务操作
通过：恢复续接并且行显示不重复
通过：真实场景聚焦配置有效
通过：运行初态没有预置纸张
通过：任务事件只建立待打印
通过：忙碌事件不覆盖本次任务
通过：唯一按钮入口建立一份空白纸张
通过：开始后重复正式入口拒绝
通过：打印开始全文隐藏
通过：暂停冻结指定动作及位置
通过：暂停不显示新行或伪报完成
通过：暂停拒绝业务操作
通过：恢复续接并且行显示不重复
通过：真实场景聚焦配置有效
通过：运行初态没有预置纸张
通过：任务事件只建立待打印
通过：忙碌事件不覆盖本次任务
通过：唯一按钮入口建立一份空白纸张
通过：开始后重复正式入口拒绝
通过：打印开始全文隐藏
通过：暂停冻结指定动作及位置
通过：暂停不显示新行或伪报完成
通过：暂停拒绝业务操作
通过：恢复续接并且行显示不重复
通过：真实场景聚焦配置有效
通过：运行初态没有预置纸张
通过：任务事件只建立待打印
通过：忙碌事件不覆盖本次任务
通过：唯一按钮入口建立一份空白纸张
通过：开始后重复正式入口拒绝
通过：打印开始全文隐藏
通过：暂停冻结指定动作及位置
通过：暂停不显示新行或伪报完成
通过：暂停拒绝业务操作
通过：恢复续接并且行显示不重复
通过：真实场景聚焦配置有效
通过：运行初态没有预置纸张
通过：任务事件只建立待打印
通过：忙碌事件不覆盖本次任务
通过：唯一按钮入口建立一份空白纸张
通过：开始后重复正式入口拒绝
通过：打印开始全文隐藏
通过：暂停冻结指定动作及位置
通过：暂停不显示新行或伪报完成
通过：暂停拒绝业务操作
通过：恢复续接并且行显示不重复
通过：真实场景聚焦配置有效
通过：运行初态没有预置纸张
通过：任务事件只建立待打印
通过：忙碌事件不覆盖本次任务
通过：唯一按钮入口建立一份空白纸张
通过：开始后重复正式入口拒绝
通过：打印开始全文隐藏
通过：暂停冻结指定动作及位置
通过：暂停不显示新行或伪报完成
通过：暂停拒绝业务操作
通过：恢复续接并且行显示不重复
通过：真实场景聚焦配置有效
通过：运行初态没有预置纸张
通过：任务事件只建立待打印
通过：忙碌事件不覆盖本次任务
通过：唯一按钮入口建立一份空白纸张
通过：开始后重复正式入口拒绝
通过：打印开始全文隐藏
通过：暂停冻结指定动作及位置
通过：暂停不显示新行或伪报完成
通过：暂停拒绝业务操作
通过：恢复续接并且行显示不重复
通过：真实场景聚焦配置有效
通过：运行初态没有预置纸张
通过：任务事件只建立待打印
通过：忙碌事件不覆盖本次任务
通过：唯一按钮入口建立一份空白纸张
通过：开始后重复正式入口拒绝
通过：打印开始全文隐藏
通过：暂停冻结指定动作及位置
通过：暂停不显示新行或伪报完成
通过：暂停拒绝业务操作
通过：恢复续接并且行显示不重复
通过：真实场景聚焦配置有效
通过：运行初态没有预置纸张
通过：任务事件只建立待打印
通过：忙碌事件不覆盖本次任务
通过：唯一按钮入口建立一份空白纸张
通过：开始后重复正式入口拒绝
通过：打印开始全文隐藏
通过：暂停冻结指定动作及位置
通过：暂停不显示新行或伪报完成
通过：暂停拒绝业务操作
通过：恢复续接并且行显示不重复
通过：真实场景聚焦配置有效
通过：运行初态没有预置纸张
通过：任务事件只建立待打印
通过：忙碌事件不覆盖本次任务
通过：唯一按钮入口建立一份空白纸张
通过：开始后重复正式入口拒绝
通过：打印开始全文隐藏
通过：暂停冻结指定动作及位置
通过：暂停不显示新行或伪报完成
通过：暂停拒绝业务操作
通过：恢复续接并且行显示不重复
通过：真实场景聚焦配置有效
通过：运行初态没有预置纸张
通过：真实界面暂停冻结提示灯相位
通过：提示恢复继续闪烁
通过：提示音恢复续接同一播放来源
通过：真实场景聚焦配置有效
通过：运行初态没有预置纸张
通过：真实界面暂停冻结提示灯相位
通过：真实界面暂停保留已登记提示音位置及资源
通过：提示恢复继续闪烁
通过：提示音恢复续接同一播放来源
通过：真实场景聚焦配置有效
通过：运行初态没有预置纸张
通过：音源请求后尚未服务器登记时暂停不启动实际播放
通过：初始请求暂停恢复后启动同一循环音流
通过：真实场景聚焦配置有效
通过：运行初态没有预置纸张
通过：音源请求后尚未服务器登记时暂停不启动实际播放
通过：初始请求暂停恢复后启动同一循环音流
通过：真实场景聚焦配置有效
通过：运行初态没有预置纸张
通过：任务事件只建立待打印
通过：忙碌事件不覆盖本次任务
通过：唯一按钮入口建立一份空白纸张
通过：开始后重复正式入口拒绝
通过：打印开始全文隐藏
通过：自然完成观察同帧暂停暂存完成且不显示新行
通过：自然完成暂停保留本次完成身份
通过：恢复完成边界只发布一次自然完成与一次行显示
通过：真实场景聚焦配置有效
通过：运行初态没有预置纸张
通过：任务事件只建立待打印
通过：忙碌事件不覆盖本次任务
通过：唯一按钮入口建立一份空白纸张
通过：开始后重复正式入口拒绝
通过：打印开始全文隐藏
通过：指定阶段取消受理
通过：取消立即失效旧序号与未完成来源
通过：旧序号取消拒绝
通过：取消恢复不发布自然完成且只取消一次
通过：取消按当前配置先归中后复位
通过：任务事件只建立待打印
通过：忙碌事件不覆盖本次任务
通过：唯一按钮入口建立一份空白纸张
通过：开始后重复正式入口拒绝
通过：打印开始全文隐藏
通过：取消后下一轮可正常自然完成
通过：真实场景聚焦配置有效
通过：运行初态没有预置纸张
通过：任务事件只建立待打印
通过：忙碌事件不覆盖本次任务
通过：唯一按钮入口建立一份空白纸张
通过：开始后重复正式入口拒绝
通过：打印开始全文隐藏
通过：指定阶段取消受理
通过：取消立即失效旧序号与未完成来源
通过：旧序号取消拒绝
通过：取消恢复不发布自然完成且只取消一次
通过：取消按当前配置先归中后复位
通过：任务事件只建立待打印
通过：忙碌事件不覆盖本次任务
通过：唯一按钮入口建立一份空白纸张
通过：开始后重复正式入口拒绝
通过：打印开始全文隐藏
通过：取消后下一轮可正常自然完成
通过：真实场景聚焦配置有效
通过：运行初态没有预置纸张
通过：任务事件只建立待打印
通过：忙碌事件不覆盖本次任务
通过：唯一按钮入口建立一份空白纸张
通过：开始后重复正式入口拒绝
通过：打印开始全文隐藏
通过：指定阶段取消受理
通过：取消立即失效旧序号与未完成来源
通过：旧序号取消拒绝
通过：取消恢复不发布自然完成且只取消一次
通过：取消按当前配置先归中后复位
通过：任务事件只建立待打印
通过：忙碌事件不覆盖本次任务
通过：唯一按钮入口建立一份空白纸张
通过：开始后重复正式入口拒绝
通过：打印开始全文隐藏
通过：取消后下一轮可正常自然完成
通过：真实场景聚焦配置有效
通过：运行初态没有预置纸张
通过：任务事件只建立待打印
通过：忙碌事件不覆盖本次任务
通过：唯一按钮入口建立一份空白纸张
通过：开始后重复正式入口拒绝
通过：打印开始全文隐藏
通过：指定阶段取消受理
通过：取消立即失效旧序号与未完成来源
通过：旧序号取消拒绝
通过：取消恢复不发布自然完成且只取消一次
通过：取消按当前配置先归中后复位
通过：任务事件只建立待打印
通过：忙碌事件不覆盖本次任务
通过：唯一按钮入口建立一份空白纸张
通过：开始后重复正式入口拒绝
通过：打印开始全文隐藏
通过：取消后下一轮可正常自然完成
通过：真实场景聚焦配置有效
通过：运行初态没有预置纸张
通过：任务事件只建立待打印
通过：忙碌事件不覆盖本次任务
通过：唯一按钮入口建立一份空白纸张
通过：开始后重复正式入口拒绝
通过：打印开始全文隐藏
通过：指定阶段取消受理
通过：取消立即失效旧序号与未完成来源
通过：旧序号取消拒绝
通过：取消恢复不发布自然完成且只取消一次
通过：取消按当前配置先归中后复位
通过：任务事件只建立待打印
通过：忙碌事件不覆盖本次任务
通过：唯一按钮入口建立一份空白纸张
通过：开始后重复正式入口拒绝
通过：打印开始全文隐藏
通过：取消后下一轮可正常自然完成
通过：真实场景聚焦配置有效
通过：运行初态没有预置纸张
通过：任务事件只建立待打印
通过：忙碌事件不覆盖本次任务
通过：唯一按钮入口建立一份空白纸张
通过：开始后重复正式入口拒绝
通过：打印开始全文隐藏
通过：指定阶段取消受理
通过：取消立即失效旧序号与未完成来源
通过：旧序号取消拒绝
通过：取消恢复不发布自然完成且只取消一次
通过：取消按当前配置先归中后复位
通过：任务事件只建立待打印
通过：忙碌事件不覆盖本次任务
通过：唯一按钮入口建立一份空白纸张
通过：开始后重复正式入口拒绝
通过：打印开始全文隐藏
通过：取消后下一轮可正常自然完成
通过：真实场景聚焦配置有效
通过：运行初态没有预置纸张
通过：任务事件只建立待打印
通过：忙碌事件不覆盖本次任务
通过：唯一按钮入口建立一份空白纸张
通过：开始后重复正式入口拒绝
通过：打印开始全文隐藏
通过：指定阶段取消受理
通过：取消立即失效旧序号与未完成来源
通过：旧序号取消拒绝
通过：取消恢复不发布自然完成且只取消一次
通过：取消按当前配置先归中后复位
通过：任务事件只建立待打印
通过：忙碌事件不覆盖本次任务
通过：唯一按钮入口建立一份空白纸张
通过：开始后重复正式入口拒绝
通过：打印开始全文隐藏
通过：取消后下一轮可正常自然完成
通过：真实场景聚焦配置有效
通过：运行初态没有预置纸张
通过：任务事件只建立待打印
通过：忙碌事件不覆盖本次任务
通过：唯一按钮入口建立一份空白纸张
通过：开始后重复正式入口拒绝
通过：打印开始全文隐藏
通过：指定阶段取消受理
通过：取消立即失效旧序号与未完成来源
通过：旧序号取消拒绝
通过：取消恢复不发布自然完成且只取消一次
通过：取消按当前配置先归中后复位
通过：任务事件只建立待打印
通过：忙碌事件不覆盖本次任务
通过：唯一按钮入口建立一份空白纸张
通过：开始后重复正式入口拒绝
通过：打印开始全文隐藏
通过：取消后下一轮可正常自然完成
通过：真实场景聚焦配置有效
通过：运行初态没有预置纸张
通过：任务事件只建立待打印
通过：忙碌事件不覆盖本次任务
通过：唯一按钮入口建立一份空白纸张
通过：开始后重复正式入口拒绝
通过：打印开始全文隐藏
通过：运行中有效目标引用替换不冒充原目标完成
通过：真实场景聚焦配置有效
通过：运行初态没有预置纸张
通过：任务事件只建立待打印
通过：忙碌事件不覆盖本次任务
通过：唯一按钮入口建立一份空白纸张
通过：开始后重复正式入口拒绝
通过：打印开始全文隐藏
通过：目标失效待恢复不接受新任务
通过：显式有效重绑恢复初态
通过：来源失效不冒充完成
通过：任务事件只建立待打印
通过：忙碌事件不覆盖本次任务
通过：唯一按钮入口建立一份空白纸张
通过：开始后重复正式入口拒绝
通过：打印开始全文隐藏
通过：真实场景聚焦配置有效
通过：运行初态没有预置纸张
通过：任务事件只建立待打印
通过：忙碌事件不覆盖本次任务
通过：唯一按钮入口建立一份空白纸张
通过：开始后重复正式入口拒绝
通过：打印开始全文隐藏
通过：来源失效不冒充完成
通过：任务事件只建立待打印
通过：忙碌事件不覆盖本次任务
通过：唯一按钮入口建立一份空白纸张
通过：开始后重复正式入口拒绝
通过：打印开始全文隐藏
通过：真实场景聚焦配置有效
通过：运行初态没有预置纸张
通过：任务事件只建立待打印
通过：忙碌事件不覆盖本次任务
通过：唯一按钮入口建立一份空白纸张
通过：开始后重复正式入口拒绝
通过：打印开始全文隐藏
通过：完成纸张外部释放记录来源丢失且不冒充取走
通过：真实场景聚焦配置有效
通过：运行初态没有预置纸张
通过：两实例发光材质各自复制
通过：两实例循环音流各自复制
通过：正向循环覆盖真实完整采样帧
通过：不修改导入共享音流循环
通过：提示从零线性升亮半程
通过：灯音按压来源失效不阻断正式开始
通过：可选表现缺失仍自然打印完成
通过：可选表现缺失不锁取纸
通过：真实场景聚焦配置有效
通过：运行初态没有预置纸张
通过：任务事件只建立待打印
通过：忙碌事件不覆盖本次任务
通过：唯一按钮入口建立一份空白纸张
通过：开始后重复正式入口拒绝
通过：打印开始全文隐藏
通过：非空机械行横向次数正确
通过：首次移左只在首个非空行前一次
通过：普通回程按末个机械行决定
通过：空行保留机械位置且不超容量
通过：每个机械数据行只显示一次
通过：复位完成后全文补全超容量行
通过：有限动作按配置自然结束
通过：有限动作按配置自然结束
通过：有限动作按配置自然结束
通过：有限动作按配置自然结束
通过：显示行的轴位置由整数索引计算
通过：非空行在自然完成事件之后先显示再回程
通过：有限动作按配置自然结束
通过：有限动作按配置自然结束
通过：有限动作按配置自然结束
通过：显示行的轴位置由整数索引计算
通过：非空行在自然完成事件之后先显示再回程
通过：有限动作按配置自然结束
通过：有限动作按配置自然结束
通过：有限动作按配置自然结束
通过：显示行的轴位置由整数索引计算
通过：非空行在自然完成事件之后先显示再回程
通过：有限动作按配置自然结束
通过：有限动作按配置自然结束
通过：有限动作按配置自然结束
通过：显示行的轴位置由整数索引计算
通过：非空行在自然完成事件之后先显示再回程
通过：有限动作按配置自然结束
通过：有限动作按配置自然结束
通过：有限动作按配置自然结束
通过：显示行的轴位置由整数索引计算
通过：非空行在自然完成事件之后先显示再回程
通过：有限动作按配置自然结束
通过：有限动作按配置自然结束
通过：末行处理后先归中再横轴复位
通过：两杆完成实际局部位置与本次配置匹配
通过：理论动作时长与固定物理帧实测误差在逐阶段调度范围
通过：合法间距与最低位置变更重新核算容量
通过：真实场景聚焦配置有效
通过：运行初态没有预置纸张
通过：任务事件只建立待打印
通过：忙碌事件不覆盖本次任务
通过：唯一按钮入口建立一份空白纸张
通过：开始后重复正式入口拒绝
通过：打印开始全文隐藏
通过：非空机械行横向次数正确
通过：首次移左只在首个非空行前一次
通过：普通回程按末个机械行决定
通过：空行保留机械位置且不超容量
通过：每个机械数据行只显示一次
通过：复位完成后全文补全超容量行
通过：有限动作按配置自然结束
通过：有限动作按配置自然结束
通过：有限动作按配置自然结束
通过：有限动作按配置自然结束
通过：显示行的轴位置由整数索引计算
通过：非空行在自然完成事件之后先显示再回程
通过：有限动作按配置自然结束
通过：有限动作按配置自然结束
通过：显示行的轴位置由整数索引计算
通过：有限动作按配置自然结束
通过：有限动作按配置自然结束
通过：显示行的轴位置由整数索引计算
通过：非空行在自然完成事件之后先显示再回程
通过：有限动作按配置自然结束
通过：有限动作按配置自然结束
通过：末行处理后先归中再横轴复位
通过：两杆完成实际局部位置与本次配置匹配
通过：理论动作时长与固定物理帧实测误差在逐阶段调度范围
通过：真实场景聚焦配置有效
通过：运行初态没有预置纸张
通过：任务事件只建立待打印
通过：忙碌事件不覆盖本次任务
通过：唯一按钮入口建立一份空白纸张
通过：开始后重复正式入口拒绝
通过：打印开始全文隐藏
通过：打印中后续场景及表现配置变化保持本次配置快照
通过：非空机械行横向次数正确
通过：首次移左只在首个非空行前一次
通过：普通回程按末个机械行决定
通过：空行保留机械位置且不超容量
通过：每个机械数据行只显示一次
通过：复位完成后全文补全超容量行
通过：有限动作按配置自然结束
通过：有限动作按配置自然结束
通过：有限动作按配置自然结束
通过：有限动作按配置自然结束
通过：显示行的轴位置由整数索引计算
通过：非空行在自然完成事件之后先显示再回程
通过：有限动作按配置自然结束
通过：有限动作按配置自然结束
通过：有限动作按配置自然结束
通过：显示行的轴位置由整数索引计算
通过：非空行在自然完成事件之后先显示再回程
通过：有限动作按配置自然结束
通过：有限动作按配置自然结束
通过：末行处理后先归中再横轴复位
通过：两杆完成实际局部位置与本次配置匹配
通过：理论动作时长与固定物理帧实测误差在逐阶段调度范围
通过：后续创建场景失效不限制当前完成实例获取
通过：真实场景聚焦配置有效
通过：运行初态没有预置纸张
通过：纸张创建故障前待打印受理
通过：创建失败不消耗待打印快照
通过：修复场景来源后同一待打印可再次开始
通过：外部终止有限补间不视为自然完成
通过：真实场景聚焦配置有效
通过：运行初态没有预置纸张
通过：任务事件只建立待打印
通过：忙碌事件不覆盖本次任务
通过：唯一按钮入口建立一份空白纸张
通过：开始后重复正式入口拒绝
通过：打印开始全文隐藏
通过：故障注入同件实例上的有效全文或分组替换
通过：同件资源身份不掩盖绑定内容来源变更
通过：有效内容替换即时拒绝查询和正式取纸锁
通过：内容替换不追加正常完成并清理匹配来源
通过：内容替换不能冒充获取成功
通过：真实场景聚焦配置有效
通过：运行初态没有预置纸张
通过：任务事件只建立待打印
通过：忙碌事件不覆盖本次任务
通过：唯一按钮入口建立一份空白纸张
通过：开始后重复正式入口拒绝
通过：打印开始全文隐藏
通过：故障注入同件实例上的有效全文或分组替换
通过：同件资源身份不掩盖绑定内容来源变更
通过：有效内容替换即时拒绝查询和正式取纸锁
通过：内容替换不追加正常完成并清理匹配来源
通过：内容替换不能冒充获取成功
通过：真实场景聚焦配置有效
通过：运行初态没有预置纸张
通过：任务事件只建立待打印
通过：忙碌事件不覆盖本次任务
通过：唯一按钮入口建立一份空白纸张
通过：开始后重复正式入口拒绝
通过：打印开始全文隐藏
通过：故障注入同件实例上的有效全文或分组替换
通过：同件资源身份不掩盖绑定内容来源变更
通过：有效内容替换即时拒绝查询和正式取纸锁
通过：内容替换不追加正常完成并清理匹配来源
通过：内容替换不能冒充获取成功
通过：真实场景聚焦配置有效
通过：运行初态没有预置纸张
通过：任务事件只建立待打印
通过：忙碌事件不覆盖本次任务
通过：唯一按钮入口建立一份空白纸张
通过：开始后重复正式入口拒绝
通过：打印开始全文隐藏
通过：故障注入同件实例上的有效全文或分组替换
通过：同件资源身份不掩盖绑定内容来源变更
通过：有效内容替换即时拒绝查询和正式取纸锁
通过：内容替换不追加正常完成并清理匹配来源
通过：内容替换不能冒充获取成功
通过：真实场景聚焦配置有效
通过：运行初态没有预置纸张
通过：按压多轨配置可绑定
通过：初始化定位不重放方法事件
通过：任务事件只建立待打印
通过：忙碌事件不覆盖本次任务
通过：唯一按钮入口建立一份空白纸张
通过：开始后重复正式入口拒绝
通过：打印开始全文隐藏
通过：正常按压事件执行一次并与打印并行
通过：恢复初始姿态不重复提交事件
打印设备专项断言数：1479；失败数：1
