Godot Engine v4.6.1.stable.official.14d19694e - https://godotengine.org

通过：正式任务板核心引用与明确槽登记有效
通过：当前任务板配置三个独立槽入口
通过：正式库存接收测试任务文件
通过：未聚焦本板时拒绝直接放置
通过：普通中心射线首命中实际板面根体
通过：普通板面入口进入本板会话
通过：进入过渡拒绝槽取放且保留原来源
通过：正式会话完成后开放本板槽入口
通过：玩家相机到达作者参照相机完整变换与视场
通过：菜单暂停拒绝槽取放
通过：场景树暂停拒绝槽取放
通过：聚焦相机实际射线可达零号空槽
通过：正式左键将原实例仅放入命中零号槽
通过：正式右键退出保留板上原文件
通过：普通中心射线首命中实际板面根体
通过：板面鼠标输入经正式分发建立进入过渡
通过：任务板正式聚焦过渡完成
通过：暂停与恢复保持本板稳定聚焦和占用
通过：重新聚焦后正式入口取回同一实例
通过：第0槽使用聚焦层32与零碰撞掩码
通过：第0槽已删除示意纸节点
通过：第0空槽正式聚焦射线可达
通过：第0槽不参与普通掩码3射线
通过：第0槽正式文件显示归属实际命中锚点
通过：第0槽纸面无拾取碰撞或独立交互入口
通过：独立预制体纸面存在正面与全文视图
通过：独立预制体纸面几何投影在视口内且正面朝向配置相机
通过：独立预制体纸面直接显示完整正文而不重播打印
通过：第0槽占用后射线仍命中原槽入口
通过：第0槽外部墙体首命中阻挡正式聚焦查询
通过：第0槽遮挡点击不穿透取回
通过：第0槽解除遮挡后正式点击取回
通过：第1槽使用聚焦层32与零碰撞掩码
通过：第1槽已删除示意纸节点
通过：第1空槽正式聚焦射线可达
通过：第1槽不参与普通掩码3射线
通过：第1槽正式文件显示归属实际命中锚点
通过：第1槽纸面无拾取碰撞或独立交互入口
通过：独立预制体纸面存在正面与全文视图
通过：独立预制体纸面几何投影在视口内且正面朝向配置相机
通过：独立预制体纸面直接显示完整正文而不重播打印
通过：第1槽占用后射线仍命中原槽入口
通过：第1槽外部墙体首命中阻挡正式聚焦查询
通过：第1槽遮挡点击不穿透取回
通过：第1槽解除遮挡后正式点击取回
通过：第2槽使用聚焦层32与零碰撞掩码
通过：第2槽已删除示意纸节点
通过：第2空槽正式聚焦射线可达
通过：第2槽不参与普通掩码3射线
通过：第2槽正式文件显示归属实际命中锚点
通过：第2槽纸面无拾取碰撞或独立交互入口
通过：独立预制体纸面存在正面与全文视图
通过：独立预制体纸面几何投影在视口内且正面朝向配置相机
通过：独立预制体纸面直接显示完整正文而不重播打印
通过：第2槽占用后射线仍命中原槽入口
通过：第2槽外部墙体首命中阻挡正式聚焦查询
通过：第2槽遮挡点击不穿透取回
通过：第2槽解除遮挡后正式点击取回
通过：正式任务板核心引用与明确槽登记有效
通过：当前任务板配置三个独立槽入口
通过：普通中心射线首命中实际板面根体
通过：板面鼠标输入经正式分发建立进入过渡
通过：任务板正式聚焦过渡完成
通过：旧点击测试接收正式文件
通过：排队点击持有修订变化后拒绝旧请求
通过：排队点击期间正式退出作废旧会话
通过：普通中心射线首命中实际板面根体
通过：板面鼠标输入经正式分发建立进入过渡
通过：任务板正式聚焦过渡完成
通过：旧会话点击不会在重入后提交
通过：同批两次点击仅转移一次，不反向取回
通过：正式任务板核心引用与明确槽登记有效
通过：当前任务板配置三个独立槽入口
通过：普通中心射线首命中实际板面根体
通过：板面鼠标输入经正式分发建立进入过渡
通过：任务板正式聚焦过渡完成
通过：单槽碰撞禁用不关闭其他槽或整板聚焦
通过：单槽失效时其他槽仍能正式放置
通过：实际删除槽纸面仍保留原资源占用与聚焦
通过：纸面实际释放后正式槽入口取回同一实例
通过：单槽交互组件实际释放不关闭其他槽或整板聚焦
通过：单槽物理体实际释放不关闭其他槽或整板聚焦
通过：单槽组件及物理体释放后剩余有效槽仍能正式放置
通过：核心参照相机释放安全结束本板聚焦
通过：正式任务板核心引用与明确槽登记有效
通过：当前任务板配置三个独立槽入口
通过：普通中心射线首命中实际板面根体
通过：板面鼠标输入经正式分发建立进入过渡
通过：任务板正式聚焦过渡完成
通过：板根释放安全归还玩家聚焦控制
通过：正式任务板核心引用与明确槽登记有效
通过：当前任务板配置三个独立槽入口
通过：普通中心射线首命中实际板面根体
通过：板面鼠标输入经正式分发建立进入过渡
通过：任务板正式聚焦过渡完成
通过：根唯一执行绑定清除使核心登记失效并结束聚焦
通过：正式任务板核心引用与明确槽登记有效
通过：当前任务板配置三个独立槽入口
通过：普通中心射线首命中实际板面根体
通过：板面鼠标输入经正式分发建立进入过渡
通过：任务板正式聚焦过渡完成
通过：显式任务板登记清除使核心描述失效并结束聚焦
通过：正式任务板核心引用与明确槽登记有效
通过：当前任务板配置三个独立槽入口
通过：主场景实际任务板保持作者已保存世界位置
通过：普通中心射线首命中实际板面根体
通过：板面鼠标输入经正式分发建立进入过渡
通过：任务板正式聚焦过渡完成
通过：主场景保留全部周边物理体时第0槽可达
通过：主场景第0槽准备正式手持文件
通过：主场景正式点击第0槽仅放入命中槽
通过：主场景纸面存在正面与全文视图
通过：主场景纸面几何投影在视口内且正面朝向配置相机
通过：主场景纸面直接显示完整正文而不重播打印
通过：主场景第0槽实际外部首命中遮挡不被穿透
通过：主场景第0槽正式入口取回同件文件
通过：主场景主动切换到下一空道具格
通过：主场景保留全部周边物理体时第1槽可达
通过：主场景第1槽准备正式手持文件
通过：主场景正式点击第1槽仅放入命中槽
通过：主场景纸面存在正面与全文视图
通过：主场景纸面几何投影在视口内且正面朝向配置相机
通过：主场景纸面直接显示完整正文而不重播打印
通过：主场景第1槽实际外部首命中遮挡不被穿透
通过：主场景第1槽正式入口取回同件文件
通过：主场景主动切换到下一空道具格
通过：主场景保留全部周边物理体时第2槽可达
通过：主场景第2槽准备正式手持文件
通过：主场景正式点击第2槽仅放入命中槽
通过：主场景纸面存在正面与全文视图
通过：主场景纸面几何投影在视口内且正面朝向配置相机
通过：主场景纸面直接显示完整正文而不重播打印
通过：主场景第2槽实际外部首命中遮挡不被穿透
通过：主场景第2槽正式入口取回同件文件
通过：主场景主动切换到下一空道具格
任务板交互专项断言数：135；失败数：0
