Godot Engine v4.6.1.stable.official.14d19694e - https://godotengine.org

[   0% ] [90m[1mfirst_scan_filesystem[22m | Started 项目初始化 (5 steps)[39m[0m
[   0% ] [90m[1mfirst_scan_filesystem[22m | 正在扫描文件结构……[39m[0m
[  16% ] [90m[1mfirst_scan_filesystem[22m | 正在加载全局类名……[39m[0m
[  33% ] [90m[1mfirst_scan_filesystem[22m | 正在校验 GDExtension……[39m[0m
[  50% ] [90m[1mfirst_scan_filesystem[22m | 正在创建自动加载脚本……[39m[0m
[  66% ] [90m[1mfirst_scan_filesystem[22m | 正在初始化插件……[39m[0m
[  83% ] [90m[1mfirst_scan_filesystem[22m | 正在启动文件扫描……[39m[0m
[92m[ DONE ][39m [1mfirst_scan_filesystem[22m
[0m
[   0% ] [90m[1mupdate_scripts_classes[22m | Started 正在注册全局类…… (33 steps)[39m[0m
[   0% ] [90m[1mupdate_scripts_classes[22m | AutolysisFocusTarget[39m[0m
[   2% ] [90m[1mupdate_scripts_classes[22m | AutolysisInteractionComponent[39m[0m
[   5% ] [90m[1mupdate_scripts_classes[22m | AutolysisDirectInteractionDemo[39m[0m
[   8% ] [90m[1mupdate_scripts_classes[22m | [39m[0m
[  11% ] [90m[1mupdate_scripts_classes[22m | [39m[0m
[  14% ] [90m[1mupdate_scripts_classes[22m | [39m[0m
[  17% ] [90m[1mupdate_scripts_classes[22m | AutolysisBlendHandle[39m[0m
[  20% ] [90m[1mupdate_scripts_classes[22m | AutolysisBlendMachine[39m[0m
[  23% ] [90m[1mupdate_scripts_classes[22m | AutolysisBlendSlot[39m[0m
[  26% ] [90m[1mupdate_scripts_classes[22m | AutolysisBlendTankPlace[39m[0m
[  29% ] [90m[1mupdate_scripts_classes[22m | AutolysisPackingCapsulePlace[39m[0m
[  32% ] [90m[1mupdate_scripts_classes[22m | AutolysisPackingDoor[39m[0m
[  35% ] [90m[1mupdate_scripts_classes[22m | AutolysisPackingMachine[39m[0m
[  38% ] [90m[1mupdate_scripts_classes[22m | AutolysisPackingMotion[39m[0m
[  41% ] [90m[1mupdate_scripts_classes[22m | AutolysisPackingStartButton[39m[0m
[  44% ] [90m[1mupdate_scripts_classes[22m | AutolysisPackingTankPlace[39m[0m
[  47% ] [90m[1mupdate_scripts_classes[22m | AutolysisPackingTypeSwitch[39m[0m
[  50% ] [90m[1mupdate_scripts_classes[22m | AutolysisWasteLiquidStorageTank[39m[0m
[  52% ] [90m[1mupdate_scripts_classes[22m | [39m[0m
[  55% ] [90m[1mupdate_scripts_classes[22m | [39m[0m
[  58% ] [90m[1mupdate_scripts_classes[22m | [39m[0m
[  61% ] [90m[1mupdate_scripts_classes[22m | [39m[0m
[  64% ] [90m[1mupdate_scripts_classes[22m | [39m[0m
[  67% ] [90m[1mupdate_scripts_classes[22m | [39m[0m
[  70% ] [90m[1mupdate_scripts_classes[22m | [39m[0m
[  73% ] [90m[1mupdate_scripts_classes[22m | [39m[0m
[  76% ] [90m[1mupdate_scripts_classes[22m | AutolysisLiquidTank[39m[0m
[  79% ] [90m[1mupdate_scripts_classes[22m | AutolysisLiquidTankCabinet[39m[0m
[  82% ] [90m[1mupdate_scripts_classes[22m | AutolysisPneumaticCapsule[39m[0m
[  85% ] [90m[1mupdate_scripts_classes[22m | AutolysisPneumaticCapsuleShelf[39m[0m
[  88% ] [90m[1mupdate_scripts_classes[22m | AutolysisRawMaterial[39m[0m
[  91% ] [90m[1mupdate_scripts_classes[22m | AutolysisRawMaterialGroup[39m[0m
[  94% ] [90m[1mupdate_scripts_classes[22m | AutolysisRawMaterialShelf[39m[0m
[92m[ DONE ][39m [1mupdate_scripts_classes[22m
[0m
[   0% ] [90m[1mloading_editor_layout[22m | Started 正在加载编辑器 (5 steps)[39m[0m
[   0% ] [90m[1mloading_editor_layout[22m | 正在加载编辑器布局……[39m[0m
[  16% ] [90m[1mloading_editor_layout[22m | 正在加载停靠面板……[39m[0m
[  33% ] [90m[1mloading_editor_layout[22m | 正在重新打开场景……[39m[0m
[  50% ] [90m[1mloading_editor_layout[22m | 正在加载中央编辑器布局……[39m[0m
[  66% ] [90m[1mloading_editor_layout[22m | 正在加载插件窗口布局……[39m[0m
[  83% ] [90m[1mloading_editor_layout[22m | 编辑器布局就绪。[39m[0m
[92m[ DONE ][39m [1mloading_editor_layout[22m
[0m
