Godot Engine v4.6.1.stable.official.14d19694e - https://godotengine.org

通过：无图形夹具通过正式会话入口建立聚焦
通过：正式设备进入稳定聚焦
通过：正式设备初始红色且没有补间
通过：正式槽门入口开始打开原药槽
通过：真实门动画完成到打开状态
通过：正式库存事务将原药放入已打开槽
通过：正式槽门入口开始关闭原药槽
通过：真实门动画完成到关闭状态
通过：只有合法原药没有罐时红色
通过：库存接收合法独立空罐
通过：正式库存事务将空罐放入目标设备
通过：最后一项空罐事务结束触发橙色就绪
通过：就绪后公开入口打开空槽门
通过：空槽门打开动画开始后红色
通过：空槽门完全打开后仍为红色
通过：公开入口关闭空槽门
通过：空槽门关闭动画期间仍为红色
通过：最后槽门关闭动画结束触发橙色就绪
通过：合法罐位事务开始
通过：罐位事务忙碌时红色
通过：罐位失败回滚保留空罐且事务结束恢复橙色
通过：正式库存事务移走最后空罐
通过：取走空罐事务结束后红色
通过：同一个空罐可经正式事务重新放入
通过：重新放罐事务结束后恢复橙色
通过：正式入口打开最后原药所在槽
通过：正式库存事务移走最后原药
通过：取药后关闭空槽
通过：移走最后原药并关门后红色
通过：无图形夹具通过正式会话入口建立聚焦
通过：正式设备进入稳定聚焦
通过：正式设备初始红色且没有补间
通过：库存接收合法独立空罐
通过：正式库存事务将空罐放入目标设备
通过：只有合法空罐没有原药时红色
通过：未满足完整条件时拒绝启动
通过：启动拒绝不建立运行补间
通过：无图形夹具通过正式会话入口建立聚焦
通过：正式设备进入稳定聚焦
通过：正式设备初始红色且没有补间
通过：库存接收合法独立空罐
通过：正式库存事务将空罐放入目标设备
通过：正式槽门入口开始打开原药槽
通过：真实门动画完成到打开状态
通过：正式库存事务将原药放入已打开槽
通过：正式槽门入口开始关闭原药槽
通过：真实门动画完成到关闭状态
通过：一份合法原药、合法空罐、四门关闭且事务结束后橙色就绪
通过：真实右键归还普通控制
通过：正式公开入口进入目标设备聚焦
通过：目标设备聚焦稳定完成
通过：库存接收合法独立空罐
通过：正式库存事务将空罐放入目标设备
通过：正式槽门入口开始打开原药槽
通过：真实门动画完成到打开状态
通过：正式库存事务将原药放入已打开槽
通过：正式槽门入口开始关闭原药槽
通过：真实门动画完成到关闭状态
通过：第二台设备独立处于橙色就绪
通过：真实右键归还普通控制
通过：正式公开入口进入目标设备聚焦
通过：目标设备聚焦稳定完成
通过：两台设备各自复制橙色材质且均不修改原始资源
通过：公开批次入口实际成功启动
通过：实际成功启动同步创建唯一运行补间
通过：实际补间倍率符合每半秒单向线性插值，误差不超过一物理帧
通过：运行期间始终复用同一个有效补间
通过：本机闪烁不改变第二台就绪倍率与原始资源倍率
通过：实际补间倍率符合每半秒单向线性插值，误差不超过一物理帧
通过：运行期间始终复用同一个有效补间
通过：本机闪烁不改变第二台就绪倍率与原始资源倍率
通过：实际补间倍率符合每半秒单向线性插值，误差不超过一物理帧
通过：运行期间始终复用同一个有效补间
通过：本机闪烁不改变第二台就绪倍率与原始资源倍率
通过：实际补间倍率符合每半秒单向线性插值，误差不超过一物理帧
通过：运行期间始终复用同一个有效补间
通过：本机闪烁不改变第二台就绪倍率与原始资源倍率
通过：实际补间倍率符合每半秒单向线性插值，误差不超过一物理帧
通过：运行期间始终复用同一个有效补间
通过：本机闪烁不改变第二台就绪倍率与原始资源倍率
通过：实际补间倍率符合每半秒单向线性插值，误差不超过一物理帧
通过：运行期间始终复用同一个有效补间
通过：本机闪烁不改变第二台就绪倍率与原始资源倍率
通过：实际补间倍率符合每半秒单向线性插值，误差不超过一物理帧
通过：运行期间始终复用同一个有效补间
通过：本机闪烁不改变第二台就绪倍率与原始资源倍率
通过：实际补间倍率符合每半秒单向线性插值，误差不超过一物理帧
通过：运行期间始终复用同一个有效补间
通过：本机闪烁不改变第二台就绪倍率与原始资源倍率
通过：实际补间倍率符合每半秒单向线性插值，误差不超过一物理帧
通过：运行期间始终复用同一个有效补间
通过：本机闪烁不改变第二台就绪倍率与原始资源倍率
通过：实际补间倍率符合每半秒单向线性插值，误差不超过一物理帧
通过：运行期间始终复用同一个有效补间
通过：本机闪烁不改变第二台就绪倍率与原始资源倍率
通过：实际补间倍率符合每半秒单向线性插值，误差不超过一物理帧
通过：运行期间始终复用同一个有效补间
通过：本机闪烁不改变第二台就绪倍率与原始资源倍率
通过：实际补间倍率符合每半秒单向线性插值，误差不超过一物理帧
通过：运行期间始终复用同一个有效补间
通过：本机闪烁不改变第二台就绪倍率与原始资源倍率
通过：实际补间倍率符合每半秒单向线性插值，误差不超过一物理帧
通过：运行期间始终复用同一个有效补间
通过：本机闪烁不改变第二台就绪倍率与原始资源倍率
通过：实际补间倍率符合每半秒单向线性插值，误差不超过一物理帧
通过：运行期间始终复用同一个有效补间
通过：本机闪烁不改变第二台就绪倍率与原始资源倍率
通过：暂停同时冻结真实批次计时、有效时间与指示灯波形
通过：实际补间倍率符合每半秒单向线性插值，误差不超过一物理帧
通过：运行期间始终复用同一个有效补间
通过：本机闪烁不改变第二台就绪倍率与原始资源倍率
通过：实际补间倍率符合每半秒单向线性插值，误差不超过一物理帧
通过：运行期间始终复用同一个有效补间
通过：本机闪烁不改变第二台就绪倍率与原始资源倍率
通过：实际补间倍率符合每半秒单向线性插值，误差不超过一物理帧
通过：运行期间始终复用同一个有效补间
通过：本机闪烁不改变第二台就绪倍率与原始资源倍率
通过：实际补间倍率符合每半秒单向线性插值，误差不超过一物理帧
通过：运行期间始终复用同一个有效补间
通过：本机闪烁不改变第二台就绪倍率与原始资源倍率
通过：实际补间倍率符合每半秒单向线性插值，误差不超过一物理帧
通过：运行期间始终复用同一个有效补间
通过：本机闪烁不改变第二台就绪倍率与原始资源倍率
通过：实际补间倍率符合每半秒单向线性插值，误差不超过一物理帧
通过：运行期间始终复用同一个有效补间
通过：本机闪烁不改变第二台就绪倍率与原始资源倍率
通过：实际补间倍率符合每半秒单向线性插值，误差不超过一物理帧
通过：运行期间始终复用同一个有效补间
通过：本机闪烁不改变第二台就绪倍率与原始资源倍率
通过：实际补间倍率符合每半秒单向线性插值，误差不超过一物理帧
通过：运行期间始终复用同一个有效补间
通过：本机闪烁不改变第二台就绪倍率与原始资源倍率
通过：实际补间倍率符合每半秒单向线性插值，误差不超过一物理帧
通过：运行期间始终复用同一个有效补间
通过：本机闪烁不改变第二台就绪倍率与原始资源倍率
通过：实际补间倍率符合每半秒单向线性插值，误差不超过一物理帧
通过：运行期间始终复用同一个有效补间
通过：本机闪烁不改变第二台就绪倍率与原始资源倍率
通过：实际补间倍率符合每半秒单向线性插值，误差不超过一物理帧
通过：运行期间始终复用同一个有效补间
通过：本机闪烁不改变第二台就绪倍率与原始资源倍率
通过：实际补间倍率符合每半秒单向线性插值，误差不超过一物理帧
通过：运行期间始终复用同一个有效补间
通过：本机闪烁不改变第二台就绪倍率与原始资源倍率
通过：实际补间倍率符合每半秒单向线性插值，误差不超过一物理帧
通过：运行期间始终复用同一个有效补间
通过：本机闪烁不改变第二台就绪倍率与原始资源倍率
通过：实际补间倍率符合每半秒单向线性插值，误差不超过一物理帧
通过：运行期间始终复用同一个有效补间
通过：本机闪烁不改变第二台就绪倍率与原始资源倍率
通过：实际补间倍率符合每半秒单向线性插值，误差不超过一物理帧
通过：运行期间始终复用同一个有效补间
通过：本机闪烁不改变第二台就绪倍率与原始资源倍率
通过：实际补间倍率符合每半秒单向线性插值，误差不超过一物理帧
通过：运行期间始终复用同一个有效补间
通过：本机闪烁不改变第二台就绪倍率与原始资源倍率
通过：实际补间倍率符合每半秒单向线性插值，误差不超过一物理帧
通过：运行期间始终复用同一个有效补间
通过：本机闪烁不改变第二台就绪倍率与原始资源倍率
通过：实际补间倍率符合每半秒单向线性插值，误差不超过一物理帧
通过：运行期间始终复用同一个有效补间
通过：本机闪烁不改变第二台就绪倍率与原始资源倍率
通过：实际补间倍率符合每半秒单向线性插值，误差不超过一物理帧
通过：运行期间始终复用同一个有效补间
通过：本机闪烁不改变第二台就绪倍率与原始资源倍率
通过：实际补间倍率符合每半秒单向线性插值，误差不超过一物理帧
通过：运行期间始终复用同一个有效补间
通过：本机闪烁不改变第二台就绪倍率与原始资源倍率
通过：实际补间倍率符合每半秒单向线性插值，误差不超过一物理帧
通过：运行期间始终复用同一个有效补间
通过：本机闪烁不改变第二台就绪倍率与原始资源倍率
通过：实际补间倍率符合每半秒单向线性插值，误差不超过一物理帧
通过：运行期间始终复用同一个有效补间
通过：本机闪烁不改变第二台就绪倍率与原始资源倍率
通过：实际补间倍率符合每半秒单向线性插值，误差不超过一物理帧
通过：运行期间始终复用同一个有效补间
通过：本机闪烁不改变第二台就绪倍率与原始资源倍率
通过：实际补间倍率符合每半秒单向线性插值，误差不超过一物理帧
通过：运行期间始终复用同一个有效补间
通过：本机闪烁不改变第二台就绪倍率与原始资源倍率
通过：实际补间倍率符合每半秒单向线性插值，误差不超过一物理帧
通过：运行期间始终复用同一个有效补间
通过：本机闪烁不改变第二台就绪倍率与原始资源倍率
通过：实际补间倍率符合每半秒单向线性插值，误差不超过一物理帧
通过：运行期间始终复用同一个有效补间
通过：本机闪烁不改变第二台就绪倍率与原始资源倍率
通过：实际补间倍率符合每半秒单向线性插值，误差不超过一物理帧
通过：运行期间始终复用同一个有效补间
通过：本机闪烁不改变第二台就绪倍率与原始资源倍率
通过：实际补间倍率符合每半秒单向线性插值，误差不超过一物理帧
通过：运行期间始终复用同一个有效补间
通过：本机闪烁不改变第二台就绪倍率与原始资源倍率
通过：实际补间倍率符合每半秒单向线性插值，误差不超过一物理帧
通过：运行期间始终复用同一个有效补间
通过：本机闪烁不改变第二台就绪倍率与原始资源倍率
通过：实际补间倍率符合每半秒单向线性插值，误差不超过一物理帧
通过：运行期间始终复用同一个有效补间
通过：本机闪烁不改变第二台就绪倍率与原始资源倍率
通过：实际补间倍率符合每半秒单向线性插值，误差不超过一物理帧
通过：运行期间始终复用同一个有效补间
通过：本机闪烁不改变第二台就绪倍率与原始资源倍率
通过：实际补间倍率符合每半秒单向线性插值，误差不超过一物理帧
通过：运行期间始终复用同一个有效补间
通过：本机闪烁不改变第二台就绪倍率与原始资源倍率
通过：实际补间倍率符合每半秒单向线性插值，误差不超过一物理帧
通过：运行期间始终复用同一个有效补间
通过：本机闪烁不改变第二台就绪倍率与原始资源倍率
通过：实际补间倍率符合每半秒单向线性插值，误差不超过一物理帧
通过：运行期间始终复用同一个有效补间
通过：本机闪烁不改变第二台就绪倍率与原始资源倍率
通过：实际补间倍率符合每半秒单向线性插值，误差不超过一物理帧
通过：运行期间始终复用同一个有效补间
通过：本机闪烁不改变第二台就绪倍率与原始资源倍率
通过：实际补间倍率符合每半秒单向线性插值，误差不超过一物理帧
通过：运行期间始终复用同一个有效补间
通过：本机闪烁不改变第二台就绪倍率与原始资源倍率
通过：实际补间倍率符合每半秒单向线性插值，误差不超过一物理帧
通过：运行期间始终复用同一个有效补间
通过：本机闪烁不改变第二台就绪倍率与原始资源倍率
通过：实际补间倍率符合每半秒单向线性插值，误差不超过一物理帧
通过：运行期间始终复用同一个有效补间
通过：本机闪烁不改变第二台就绪倍率与原始资源倍率
通过：实际补间倍率符合每半秒单向线性插值，误差不超过一物理帧
通过：运行期间始终复用同一个有效补间
通过：本机闪烁不改变第二台就绪倍率与原始资源倍率
通过：实际补间倍率符合每半秒单向线性插值，误差不超过一物理帧
通过：运行期间始终复用同一个有效补间
通过：本机闪烁不改变第二台就绪倍率与原始资源倍率
通过：实际补间倍率符合每半秒单向线性插值，误差不超过一物理帧
通过：运行期间始终复用同一个有效补间
通过：本机闪烁不改变第二台就绪倍率与原始资源倍率
通过：实际补间倍率符合每半秒单向线性插值，误差不超过一物理帧
通过：运行期间始终复用同一个有效补间
通过：本机闪烁不改变第二台就绪倍率与原始资源倍率
通过：实际补间倍率符合每半秒单向线性插值，误差不超过一物理帧
通过：运行期间始终复用同一个有效补间
通过：本机闪烁不改变第二台就绪倍率与原始资源倍率
通过：实际补间倍率符合每半秒单向线性插值，误差不超过一物理帧
通过：运行期间始终复用同一个有效补间
通过：本机闪烁不改变第二台就绪倍率与原始资源倍率
通过：实际补间倍率符合每半秒单向线性插值，误差不超过一物理帧
通过：运行期间始终复用同一个有效补间
通过：本机闪烁不改变第二台就绪倍率与原始资源倍率
通过：实际补间倍率符合每半秒单向线性插值，误差不超过一物理帧
通过：运行期间始终复用同一个有效补间
通过：本机闪烁不改变第二台就绪倍率与原始资源倍率
通过：实际补间倍率符合每半秒单向线性插值，误差不超过一物理帧
通过：运行期间始终复用同一个有效补间
通过：本机闪烁不改变第二台就绪倍率与原始资源倍率
通过：实际补间倍率符合每半秒单向线性插值，误差不超过一物理帧
通过：运行期间始终复用同一个有效补间
通过：本机闪烁不改变第二台就绪倍率与原始资源倍率
通过：实际补间倍率符合每半秒单向线性插值，误差不超过一物理帧
通过：运行期间始终复用同一个有效补间
通过：本机闪烁不改变第二台就绪倍率与原始资源倍率
通过：实际补间倍率符合每半秒单向线性插值，误差不超过一物理帧
通过：运行期间始终复用同一个有效补间
通过：本机闪烁不改变第二台就绪倍率与原始资源倍率
通过：实际补间倍率符合每半秒单向线性插值，误差不超过一物理帧
通过：运行期间始终复用同一个有效补间
通过：本机闪烁不改变第二台就绪倍率与原始资源倍率
通过：实际补间倍率符合每半秒单向线性插值，误差不超过一物理帧
通过：运行期间始终复用同一个有效补间
通过：本机闪烁不改变第二台就绪倍率与原始资源倍率
通过：实际补间倍率符合每半秒单向线性插值，误差不超过一物理帧
通过：运行期间始终复用同一个有效补间
通过：本机闪烁不改变第二台就绪倍率与原始资源倍率
通过：实际补间倍率符合每半秒单向线性插值，误差不超过一物理帧
通过：运行期间始终复用同一个有效补间
通过：本机闪烁不改变第二台就绪倍率与原始资源倍率
通过：实际补间倍率符合每半秒单向线性插值，误差不超过一物理帧
通过：运行期间始终复用同一个有效补间
通过：本机闪烁不改变第二台就绪倍率与原始资源倍率
通过：实际补间倍率符合每半秒单向线性插值，误差不超过一物理帧
通过：运行期间始终复用同一个有效补间
通过：本机闪烁不改变第二台就绪倍率与原始资源倍率
通过：实际补间倍率符合每半秒单向线性插值，误差不超过一物理帧
通过：运行期间始终复用同一个有效补间
通过：本机闪烁不改变第二台就绪倍率与原始资源倍率
通过：实际补间倍率符合每半秒单向线性插值，误差不超过一物理帧
通过：运行期间始终复用同一个有效补间
通过：本机闪烁不改变第二台就绪倍率与原始资源倍率
通过：实际补间倍率符合每半秒单向线性插值，误差不超过一物理帧
通过：运行期间始终复用同一个有效补间
通过：本机闪烁不改变第二台就绪倍率与原始资源倍率
通过：实际补间倍率符合每半秒单向线性插值，误差不超过一物理帧
通过：运行期间始终复用同一个有效补间
通过：本机闪烁不改变第二台就绪倍率与原始资源倍率
通过：实际补间倍率符合每半秒单向线性插值，误差不超过一物理帧
通过：运行期间始终复用同一个有效补间
通过：本机闪烁不改变第二台就绪倍率与原始资源倍率
通过：实际补间倍率符合每半秒单向线性插值，误差不超过一物理帧
通过：运行期间始终复用同一个有效补间
通过：本机闪烁不改变第二台就绪倍率与原始资源倍率
通过：实际补间倍率符合每半秒单向线性插值，误差不超过一物理帧
通过：运行期间始终复用同一个有效补间
通过：本机闪烁不改变第二台就绪倍率与原始资源倍率
通过：实际补间倍率符合每半秒单向线性插值，误差不超过一物理帧
通过：运行期间始终复用同一个有效补间
通过：本机闪烁不改变第二台就绪倍率与原始资源倍率
通过：实际补间倍率符合每半秒单向线性插值，误差不超过一物理帧
通过：运行期间始终复用同一个有效补间
通过：本机闪烁不改变第二台就绪倍率与原始资源倍率
通过：实际补间倍率符合每半秒单向线性插值，误差不超过一物理帧
通过：运行期间始终复用同一个有效补间
通过：本机闪烁不改变第二台就绪倍率与原始资源倍率
通过：实际补间倍率符合每半秒单向线性插值，误差不超过一物理帧
通过：运行期间始终复用同一个有效补间
通过：本机闪烁不改变第二台就绪倍率与原始资源倍率
通过：实际补间倍率符合每半秒单向线性插值，误差不超过一物理帧
通过：运行期间始终复用同一个有效补间
通过：本机闪烁不改变第二台就绪倍率与原始资源倍率
通过：实际补间倍率符合每半秒单向线性插值，误差不超过一物理帧
通过：运行期间始终复用同一个有效补间
通过：本机闪烁不改变第二台就绪倍率与原始资源倍率
通过：实际补间倍率符合每半秒单向线性插值，误差不超过一物理帧
通过：运行期间始终复用同一个有效补间
通过：本机闪烁不改变第二台就绪倍率与原始资源倍率
通过：实际补间倍率符合每半秒单向线性插值，误差不超过一物理帧
通过：运行期间始终复用同一个有效补间
通过：本机闪烁不改变第二台就绪倍率与原始资源倍率
通过：实际补间倍率符合每半秒单向线性插值，误差不超过一物理帧
通过：运行期间始终复用同一个有效补间
通过：本机闪烁不改变第二台就绪倍率与原始资源倍率
通过：实际补间倍率符合每半秒单向线性插值，误差不超过一物理帧
通过：运行期间始终复用同一个有效补间
通过：本机闪烁不改变第二台就绪倍率与原始资源倍率
通过：实际补间倍率符合每半秒单向线性插值，误差不超过一物理帧
通过：运行期间始终复用同一个有效补间
通过：本机闪烁不改变第二台就绪倍率与原始资源倍率
通过：实际补间倍率符合每半秒单向线性插值，误差不超过一物理帧
通过：运行期间始终复用同一个有效补间
通过：本机闪烁不改变第二台就绪倍率与原始资源倍率
通过：实际补间倍率符合每半秒单向线性插值，误差不超过一物理帧
通过：运行期间始终复用同一个有效补间
通过：本机闪烁不改变第二台就绪倍率与原始资源倍率
通过：实际补间倍率符合每半秒单向线性插值，误差不超过一物理帧
通过：运行期间始终复用同一个有效补间
通过：本机闪烁不改变第二台就绪倍率与原始资源倍率
通过：实际补间倍率符合每半秒单向线性插值，误差不超过一物理帧
通过：运行期间始终复用同一个有效补间
通过：本机闪烁不改变第二台就绪倍率与原始资源倍率
通过：实际补间倍率符合每半秒单向线性插值，误差不超过一物理帧
通过：运行期间始终复用同一个有效补间
通过：本机闪烁不改变第二台就绪倍率与原始资源倍率
通过：真实右键归还普通控制
通过：退出聚焦不会停止运行闪烁
通过：实际补间倍率符合每半秒单向线性插值，误差不超过一物理帧
通过：运行期间始终复用同一个有效补间
通过：本机闪烁不改变第二台就绪倍率与原始资源倍率
通过：实际补间倍率符合每半秒单向线性插值，误差不超过一物理帧
通过：运行期间始终复用同一个有效补间
通过：本机闪烁不改变第二台就绪倍率与原始资源倍率
通过：实际补间倍率符合每半秒单向线性插值，误差不超过一物理帧
通过：运行期间始终复用同一个有效补间
通过：本机闪烁不改变第二台就绪倍率与原始资源倍率
通过：实际补间倍率符合每半秒单向线性插值，误差不超过一物理帧
通过：运行期间始终复用同一个有效补间
通过：本机闪烁不改变第二台就绪倍率与原始资源倍率
通过：实际补间倍率符合每半秒单向线性插值，误差不超过一物理帧
通过：运行期间始终复用同一个有效补间
通过：本机闪烁不改变第二台就绪倍率与原始资源倍率
通过：实际补间倍率符合每半秒单向线性插值，误差不超过一物理帧
通过：运行期间始终复用同一个有效补间
通过：本机闪烁不改变第二台就绪倍率与原始资源倍率
通过：实际补间倍率符合每半秒单向线性插值，误差不超过一物理帧
通过：运行期间始终复用同一个有效补间
通过：本机闪烁不改变第二台就绪倍率与原始资源倍率
通过：实际补间倍率符合每半秒单向线性插值，误差不超过一物理帧
通过：运行期间始终复用同一个有效补间
通过：本机闪烁不改变第二台就绪倍率与原始资源倍率
通过：实际补间倍率符合每半秒单向线性插值，误差不超过一物理帧
通过：运行期间始终复用同一个有效补间
通过：本机闪烁不改变第二台就绪倍率与原始资源倍率
通过：实际补间倍率符合每半秒单向线性插值，误差不超过一物理帧
通过：运行期间始终复用同一个有效补间
通过：本机闪烁不改变第二台就绪倍率与原始资源倍率
通过：实际补间倍率符合每半秒单向线性插值，误差不超过一物理帧
通过：运行期间始终复用同一个有效补间
通过：本机闪烁不改变第二台就绪倍率与原始资源倍率
通过：实际补间倍率符合每半秒单向线性插值，误差不超过一物理帧
通过：运行期间始终复用同一个有效补间
通过：本机闪烁不改变第二台就绪倍率与原始资源倍率
通过：实际补间倍率符合每半秒单向线性插值，误差不超过一物理帧
通过：运行期间始终复用同一个有效补间
通过：本机闪烁不改变第二台就绪倍率与原始资源倍率
通过：实际补间倍率符合每半秒单向线性插值，误差不超过一物理帧
通过：运行期间始终复用同一个有效补间
通过：本机闪烁不改变第二台就绪倍率与原始资源倍率
通过：实际补间倍率符合每半秒单向线性插值，误差不超过一物理帧
通过：运行期间始终复用同一个有效补间
通过：本机闪烁不改变第二台就绪倍率与原始资源倍率
通过：实际补间倍率符合每半秒单向线性插值，误差不超过一物理帧
通过：运行期间始终复用同一个有效补间
通过：本机闪烁不改变第二台就绪倍率与原始资源倍率
通过：实际补间倍率符合每半秒单向线性插值，误差不超过一物理帧
通过：运行期间始终复用同一个有效补间
通过：本机闪烁不改变第二台就绪倍率与原始资源倍率
通过：实际补间倍率符合每半秒单向线性插值，误差不超过一物理帧
通过：运行期间始终复用同一个有效补间
通过：本机闪烁不改变第二台就绪倍率与原始资源倍率
通过：实际补间倍率符合每半秒单向线性插值，误差不超过一物理帧
通过：运行期间始终复用同一个有效补间
通过：本机闪烁不改变第二台就绪倍率与原始资源倍率
通过：实际补间倍率符合每半秒单向线性插值，误差不超过一物理帧
通过：运行期间始终复用同一个有效补间
通过：本机闪烁不改变第二台就绪倍率与原始资源倍率
通过：实际补间倍率符合每半秒单向线性插值，误差不超过一物理帧
通过：运行期间始终复用同一个有效补间
通过：本机闪烁不改变第二台就绪倍率与原始资源倍率
通过：实际补间倍率符合每半秒单向线性插值，误差不超过一物理帧
通过：运行期间始终复用同一个有效补间
通过：本机闪烁不改变第二台就绪倍率与原始资源倍率
通过：实际补间倍率符合每半秒单向线性插值，误差不超过一物理帧
通过：运行期间始终复用同一个有效补间
通过：本机闪烁不改变第二台就绪倍率与原始资源倍率
通过：实际补间倍率符合每半秒单向线性插值，误差不超过一物理帧
通过：运行期间始终复用同一个有效补间
通过：本机闪烁不改变第二台就绪倍率与原始资源倍率
通过：实际补间倍率符合每半秒单向线性插值，误差不超过一物理帧
通过：运行期间始终复用同一个有效补间
通过：本机闪烁不改变第二台就绪倍率与原始资源倍率
通过：实际补间倍率符合每半秒单向线性插值，误差不超过一物理帧
通过：运行期间始终复用同一个有效补间
通过：本机闪烁不改变第二台就绪倍率与原始资源倍率
通过：实际补间倍率符合每半秒单向线性插值，误差不超过一物理帧
通过：运行期间始终复用同一个有效补间
通过：本机闪烁不改变第二台就绪倍率与原始资源倍率
通过：实际补间倍率符合每半秒单向线性插值，误差不超过一物理帧
通过：运行期间始终复用同一个有效补间
通过：本机闪烁不改变第二台就绪倍率与原始资源倍率
通过：实际补间倍率符合每半秒单向线性插值，误差不超过一物理帧
通过：运行期间始终复用同一个有效补间
通过：本机闪烁不改变第二台就绪倍率与原始资源倍率
通过：实际补间倍率符合每半秒单向线性插值，误差不超过一物理帧
通过：运行期间始终复用同一个有效补间
通过：本机闪烁不改变第二台就绪倍率与原始资源倍率
通过：实际补间倍率符合每半秒单向线性插值，误差不超过一物理帧
通过：运行期间始终复用同一个有效补间
通过：本机闪烁不改变第二台就绪倍率与原始资源倍率
通过：实际补间倍率符合每半秒单向线性插值，误差不超过一物理帧
通过：运行期间始终复用同一个有效补间
通过：本机闪烁不改变第二台就绪倍率与原始资源倍率
通过：实际补间倍率符合每半秒单向线性插值，误差不超过一物理帧
通过：运行期间始终复用同一个有效补间
通过：本机闪烁不改变第二台就绪倍率与原始资源倍率
通过：实际补间倍率符合每半秒单向线性插值，误差不超过一物理帧
通过：运行期间始终复用同一个有效补间
通过：本机闪烁不改变第二台就绪倍率与原始资源倍率
通过：实际补间倍率符合每半秒单向线性插值，误差不超过一物理帧
通过：运行期间始终复用同一个有效补间
通过：本机闪烁不改变第二台就绪倍率与原始资源倍率
通过：实际补间倍率符合每半秒单向线性插值，误差不超过一物理帧
通过：运行期间始终复用同一个有效补间
通过：本机闪烁不改变第二台就绪倍率与原始资源倍率
通过：实际补间倍率符合每半秒单向线性插值，误差不超过一物理帧
通过：运行期间始终复用同一个有效补间
通过：本机闪烁不改变第二台就绪倍率与原始资源倍率
通过：实际补间倍率符合每半秒单向线性插值，误差不超过一物理帧
通过：运行期间始终复用同一个有效补间
通过：本机闪烁不改变第二台就绪倍率与原始资源倍率
通过：实际补间倍率符合每半秒单向线性插值，误差不超过一物理帧
通过：运行期间始终复用同一个有效补间
通过：本机闪烁不改变第二台就绪倍率与原始资源倍率
通过：实际补间倍率符合每半秒单向线性插值，误差不超过一物理帧
通过：运行期间始终复用同一个有效补间
通过：本机闪烁不改变第二台就绪倍率与原始资源倍率
通过：波形覆盖完整两秒批次、重复刷新、暂停、时间缩放与退出聚焦
通过：有效游戏时间两秒后真实提交切为绿色并清除运行补间
通过：时间缩放与暂停后仍由两秒有效游戏计时完成
通过：本机完成后第二台仍橙色常亮
通过：真实右键归还普通控制
通过：正式公开入口进入目标设备聚焦
通过：目标设备聚焦稳定完成
通过：真实库存事务成功取回完成罐
通过：取走完成罐后恢复红色
通过：无图形夹具通过正式会话入口建立聚焦
通过：正式设备进入稳定聚焦
通过：正式设备初始红色且没有补间
通过：库存接收合法独立空罐
通过：正式库存事务将空罐放入目标设备
通过：正式槽门入口开始打开原药槽
通过：真实门动画完成到打开状态
通过：正式库存事务将原药放入已打开槽
通过：正式槽门入口开始关闭原药槽
通过：真实门动画完成到关闭状态
通过：一份合法原药、合法空罐、四门关闭且事务结束后橙色就绪
通过：连续批次公开入口实际成功启动
通过：每批建立一个新补间和新批次编号
通过：连续批次真实完成后绿色且无循环
通过：成功离开运行态终止本批补间
通过：绿色凭据保存真实成功批次罐的逐件实例身份
通过：完成后允许打开空槽门
通过：完成罐仍在时空槽门打开持续绿色
通过：完成后允许关闭空槽门
通过：真实右键归还普通控制
通过：正式公开入口进入目标设备聚焦
通过：目标设备聚焦稳定完成
通过：完成后退出并重新聚焦仍保持绿色
通过：打包缺少满罐内容网格的真实候选故障夹具
通过：完成罐取回候选准备失败，业务拒绝提交
通过：取回候选失败后原完成罐归属未变且保持绿色
通过：失败回滚保留原完成实例凭据及罐位归属
通过：正式库存事务取回当前完成罐
通过：每批成功取走完成罐后恢复红色
通过：取罐后清除完成凭据并断开旧罐实例和退出监听
通过：连续第二批切到空道具格
通过：库存接收合法独立空罐
通过：正式库存事务将空罐放入目标设备
通过：正式槽门入口开始打开原药槽
通过：真实门动画完成到打开状态
通过：正式库存事务将原药放入已打开槽
通过：正式槽门入口开始关闭原药槽
通过：真实门动画完成到关闭状态
通过：连续第二批再次满足完整条件后橙色常亮
通过：连续批次公开入口实际成功启动
通过：每批建立一个新补间和新批次编号
通过：连续批次真实完成后绿色且无循环
通过：成功离开运行态终止本批补间
通过：绿色凭据保存真实成功批次罐的逐件实例身份
通过：完成后允许打开空槽门
通过：完成罐仍在时空槽门打开持续绿色
通过：完成后允许关闭空槽门
通过：真实右键归还普通控制
通过：正式公开入口进入目标设备聚焦
通过：目标设备聚焦稳定完成
通过：完成后退出并重新聚焦仍保持绿色
通过：正式库存事务取回当前完成罐
通过：每批成功取走完成罐后恢复红色
通过：取罐后清除完成凭据并断开旧罐实例和退出监听
通过：无图形夹具通过正式会话入口建立聚焦
通过：正式设备进入稳定聚焦
通过：正式设备初始红色且没有补间
通过：库存接收合法独立空罐
通过：正式库存事务将空罐放入目标设备
通过：正式槽门入口开始打开原药槽
通过：真实门动画完成到打开状态
通过：正式库存事务将原药放入已打开槽
通过：正式槽门入口开始关闭原药槽
通过：真实门动画完成到关闭状态
通过：一份合法原药、合法空罐、四门关闭且事务结束后橙色就绪
通过：外部接口直接向就绪设备空罐装填合法内容
通过：外部直接装填不能伪造本机完成态
通过：外部装填不会建立成功批次实例凭据
通过：无图形夹具通过正式会话入口建立聚焦
通过：正式设备进入稳定聚焦
通过：正式设备初始红色且没有补间
通过：库存接收合法独立空罐
通过：正式库存事务将空罐放入目标设备
通过：正式槽门入口开始打开原药槽
通过：真实门动画完成到打开状态
通过：正式库存事务将原药放入已打开槽
通过：正式槽门入口开始关闭原药槽
通过：真实门动画完成到关闭状态
通过：一份合法原药、合法空罐、四门关闭且事务结束后橙色就绪
通过：完成凭据内容失效场景启动真实批次
通过：内容失效前真实成功批次绿色
通过：实际逐件资源接口清除已完成罐内容
通过：完成罐不再为合法满罐时清除绿色
通过：内容失效清除完成凭据
通过：无图形夹具通过正式会话入口建立聚焦
通过：正式设备进入稳定聚焦
通过：正式设备初始红色且没有补间
通过：库存接收合法独立空罐
通过：正式库存事务将空罐放入目标设备
通过：正式槽门入口开始打开原药槽
通过：真实门动画完成到打开状态
通过：正式库存事务将原药放入已打开槽
通过：正式槽门入口开始关闭原药槽
通过：真实门动画完成到关闭状态
通过：一份合法原药、合法空罐、四门关闭且事务结束后橙色就绪
通过：当前罐退出场景验收启动真实批次
通过：完成罐释放后不能保留绿色或补间
通过：完成罐释放后清除凭据并解除实例监听
通过：无图形夹具通过正式会话入口建立聚焦
通过：正式设备进入稳定聚焦
通过：正式设备初始红色且没有补间
通过：库存接收合法独立空罐
通过：正式库存事务将空罐放入目标设备
通过：正式槽门入口开始打开原药槽
通过：真实门动画完成到打开状态
通过：正式库存事务将原药放入已打开槽
通过：正式槽门入口开始关闭原药槽
通过：真实门动画完成到关闭状态
通过：一份合法原药、合法空罐、四门关闭且事务结束后橙色就绪
通过：当前罐退出场景验收启动真实批次
通过：完成罐移出场景后不能保留绿色或补间
通过：完成罐移出场景后清除凭据并解除实例监听
通过：无图形夹具通过正式会话入口建立聚焦
通过：正式设备进入稳定聚焦
通过：正式设备初始红色且没有补间
通过：库存接收合法独立空罐
通过：正式库存事务将空罐放入目标设备
通过：正式槽门入口开始打开原药槽
通过：真实门动画完成到打开状态
通过：正式库存事务将原药放入已打开槽
通过：正式槽门入口开始关闭原药槽
通过：真实门动画完成到关闭状态
通过：一份合法原药、合法空罐、四门关闭且事务结束后橙色就绪
通过：设备退出场景验收启动真实批次
通过：运行设备释放后终止补间，没有残留循环
通过：无图形夹具通过正式会话入口建立聚焦
通过：正式设备进入稳定聚焦
通过：正式设备初始红色且没有补间
通过：库存接收合法独立空罐
通过：正式库存事务将空罐放入目标设备
通过：正式槽门入口开始打开原药槽
通过：真实门动画完成到打开状态
通过：正式库存事务将原药放入已打开槽
通过：正式槽门入口开始关闭原药槽
通过：真实门动画完成到关闭状态
通过：一份合法原药、合法空罐、四门关闭且事务结束后橙色就绪
通过：设备退出场景验收启动真实批次
通过：运行设备移出场景后终止补间，没有残留循环
通过：设备移出场景后清除补间引用
通过：无图形夹具通过正式会话入口建立聚焦
通过：正式设备进入稳定聚焦
通过：正式设备初始红色且没有补间
通过：库存接收合法独立空罐
通过：正式库存事务将空罐放入目标设备
通过：正式槽门入口开始打开原药槽
通过：真实门动画完成到打开状态
通过：正式库存事务将原药放入已打开槽
通过：正式槽门入口开始关闭原药槽
通过：真实门动画完成到关闭状态
通过：一份合法原药、合法空罐、四门关闭且事务结束后橙色就绪
通过：指示灯失效验收启动真实批次
通过：指示灯节点释放后终止补间并清空引用
通过：显示依赖失效不改变已有业务运行或制造业务故障
通过：指示灯失效后原有业务仍完成完整批次
配药器指示灯验收断言数：630；失败总数：0；波形最大误差：0.00000007947286
