Godot Engine v4.6.1.stable.official.14d19694e - https://godotengine.org

通过：主场景专项使用无图形后端
通过：主场景测试入口显式绑定当前通知中心与玩家
通过：首份资源采用用户指定的独立字符串标识
通过：正式主场景采用新修订的每行两秒半默认打印时长
通过：首份十三行全文及委托编号前导零准确
通过：通知测试动作只绑定指定物理字母键
通过：空闲通知中心通过正式聚焦入口建立会话
通过：键盘重复事件不建立待打印任务
通过：引擎内部通知键只建立待打印且没有自动创建纸张
通过：已有待打印任务拒绝再次请求且不排队
通过：真实界面暂停拒绝通知和打印入口
通过：主场景相机正式射线能够命中打印按钮
通过：真实聚焦点击建立唯一空白纸张并开始一轮打印
通过：本次纸面初始全部原始数据行隐藏
通过：打印刚开始的纸张不可获取
通过：打印中的重复通知不覆盖本次身份
通过：主场景动态纸张在正式相机射线中可达
通过：打印期间真实纸张点击保持来源和库存不变
通过：默认首份打印全部十三行后自然完成一次
通过：完成未取纸时拒绝新打印和通知替换
通过：全部复位完成后正式库存查询开放聚焦取纸
通过：最早取纸观察者读取库存与设备一致的提交结果
通过：真实纸张点击只转移一次且保留同一逐件资源身份
通过：取得文件继续保存独立任务标识和全部原始数据
通过：首件世界纸张自然清理后实际释放
通过：主场景首件来源释放后：正式呈现器提供手持纸面只读查询
通过：主场景首件来源释放后：文字与携带栏绑定同一逐件身份
通过：主场景首件来源释放后：全文视图、视口与正面属于当前手持展示
通过：主场景首件来源释放后：手持纸张正面文字叠加层使用有效的当前视口纹理
通过：主场景首件来源释放后：保留原任务标识、全文与分组
通过：主场景首件来源释放后：全部自然行实际文字与可见状态匹配
通过：主场景首件来源释放后：实际排版保持各组空白
通过：主场景正式切入另一空格
通过：主场景空格没有残留首件文字或绑定
通过：主场景正式切回首件
通过：主场景首次切回首件：正式呈现器提供手持纸面只读查询
通过：主场景首次切回首件：文字与携带栏绑定同一逐件身份
通过：主场景首次切回首件：全文视图、视口与正面属于当前手持展示
通过：主场景首次切回首件：手持纸张正面文字叠加层使用有效的当前视口纹理
通过：主场景首次切回首件：保留原任务标识、全文与分组
通过：主场景首次切回首件：全部自然行实际文字与可见状态匹配
通过：主场景首次切回首件：实际排版保持各组空白
通过：旧纸张像素再次点击不重复取得文件
通过：取纸完成后再次受理测试事件
通过：待打印重复测试通过正式取消入口清理
通过：主场景第二件选择不同空格
通过：主场景实际受理不同全文的第二份任务
通过：主场景第二次真实打印按钮点击启动第二件
通过：第二件动态来源仍由正式相机射线命中
通过：最早取纸观察者读取库存与设备一致的提交结果
通过：第二次真实取纸将独立身份转移到另一携带格
通过：主场景两件世界来源均完成实际释放
通过：主场景第二件来源释放后：正式呈现器提供手持纸面只读查询
通过：主场景第二件来源释放后：文字与携带栏绑定同一逐件身份
通过：主场景第二件来源释放后：全文视图、视口与正面属于当前手持展示
通过：主场景第二件来源释放后：手持纸张正面文字叠加层使用有效的当前视口纹理
通过：主场景第二件来源释放后：保留原任务标识、全文与分组
通过：主场景第二件来源释放后：全部自然行实际文字与可见状态匹配
通过：主场景第二件来源释放后：实际排版保持各组空白
通过：主场景两件之间切回首件
通过：主场景两件之间切回首件：正式呈现器提供手持纸面只读查询
通过：主场景两件之间切回首件：文字与携带栏绑定同一逐件身份
通过：主场景两件之间切回首件：全文视图、视口与正面属于当前手持展示
通过：主场景两件之间切回首件：手持纸张正面文字叠加层使用有效的当前视口纹理
通过：主场景两件之间切回首件：保留原任务标识、全文与分组
通过：主场景两件之间切回首件：全部自然行实际文字与可见状态匹配
通过：主场景两件之间切回首件：实际排版保持各组空白
通过：主场景两件之间再切回第二件
通过：主场景两件之间再切回第二件：正式呈现器提供手持纸面只读查询
通过：主场景两件之间再切回第二件：文字与携带栏绑定同一逐件身份
通过：主场景两件之间再切回第二件：全文视图、视口与正面属于当前手持展示
通过：主场景两件之间再切回第二件：手持纸张正面文字叠加层使用有效的当前视口纹理
通过：主场景两件之间再切回第二件：保留原任务标识、全文与分组
通过：主场景两件之间再切回第二件：全部自然行实际文字与可见状态匹配
通过：主场景两件之间再切回第二件：实际排版保持各组空白
通过：主场景输入专项退出前本次实际音频播放对象已全部退役
