Godot Engine v4.6.1.stable.official.14d19694e - https://godotengine.org

通过：真实任务逐件资源保存用户指定任务全文
通过：正式库存接收逐件任务文件并提交手持展示
通过：正式接收保留同一逐件身份和全文
通过：正式手持展示可见本件全部自然行而不是白纸
通过：呈现器公开查询实际全文纸面及独立视口与正面
通过：手持文字绑定同一逐件资源身份
通过：手持纸面保留完整任务标识原文与分组
通过：拿起后的所有自然行立即显示
通过：正面材质实际绑定当前独立纸面纹理
通过：纯展示源仍无脚本碰撞或交互组
通过：手持视图读取副本不能改写逐件原文
通过：真实手持字号所用字体支持首份所有中文字符
通过：文字正面法线在真实玩家相机一侧
通过：首份十三行完整文字区域实际投影均位于玩家画面内
通过：重复监听与同内容通知不重建纸面或重复子节点
通过：同件重复绑定仍只保留一个呈现监听
通过：同件可以独立准备第二个纯展示候选
通过：并列候选的视口材质与纹理均不共享
通过：未提交候选释放不影响当前手持全文
通过：持有文件可正式进入通知中心聚焦
通过：真实玩家完成通知中心实际相机过渡
通过：通知中心真实聚焦视角下十三行完整文字区域仍全部可见
通过：几何量测后通过正式退出入口恢复视角
通过：空手玩家通过正式入口进入通知中心准备打印与获取
通过：打印前真实聚焦相机和空手状态成立
通过：正式受理并启动首份十三行打印
通过：正式自然动作完成后进入可获取阶段
通过：实际聚焦取纸入口成功提交首份手持文件
通过：世界来源实际释放后手持文字仍绑定原逐件身份
通过：真实取纸后的手持子树继续显示十三行全部原文
通过：完成聚焦后才取到的文件全文区域完整位于实际画面内
通过：真实聚焦中切换空格清空纸面和文字资源
通过：真实聚焦中切回文件恢复对应逐件显示
通过：聚焦中重新选中文件仍显示全部原文且没有屏外裁剪
通过：实际取纸后通过正式退出入口恢复普通玩家视角
通过：真实聚焦退出后全文投影恢复并继续完整可见
通过：打印音源退出清理经过两次实际混音边界
通过：正式切换至空格解除任务文件手持
通过：空手时清理全文绑定与逐件监听
通过：换格实际释放上一文件的视图和视口
通过：另一个格正式接收第二份不同任务文件
通过：第二份文字只绑定第二件全文和末尾空行
通过：正式切回第一份任务文件
通过：切回原文正确且解绑第二件监听
通过：未选中另一件更新不串改当前文字
通过：当前逐件任务内容更新可形成有效全文
通过：当前逐件更新同步显示新标识全文空行和末尾换行
通过：真正内容更新保持本模型视口纹理和材质身份
通过：更新后的旧排版释放且没有积累视图
通过：全文更新没有增加呈现器资源监听
通过：等值内容副本通知不重新排版
通过：清空本件内容不遗留已失效的旧任务文字
通过：恢复逐件内容重新建立完整文字
通过：正式换格显示第二件更新后的内容
通过：换格后读取第二件独立最新快照
通过：正式切至后续空格清空手持展示
通过：空格和弃用显示清理所有本轮监听
通过：重新显示一份任务文件供玩家释放边界检查
通过：玩家释放销毁持有文字子树并断开全部逐件监听
手持全文专项断言数：59；失败数：0
