ERROR: 失败：真实界面暂停保留对应提示音进度
   at: push_error (core/variant/variant_utility.cpp:1024)
   GDScript backtrace (most recent call first):
       [0] check (res://main-autolysis/systems/quest-print-system/tests/quest_machine_behavior_test.gd:441)
       [1] _test_pause_matrix (res://main-autolysis/systems/quest-print-system/tests/quest_machine_behavior_test.gd:254)
       [2] frames (res://main-autolysis/systems/quest-print-system/tests/quest_machine_behavior_test.gd:431)
ERROR: 失败：真实界面暂停保留对应提示音进度
   at: push_error (core/variant/variant_utility.cpp:1024)
   GDScript backtrace (most recent call first):
       [0] check (res://main-autolysis/systems/quest-print-system/tests/quest_machine_behavior_test.gd:441)
       [1] _test_pause_matrix (res://main-autolysis/systems/quest-print-system/tests/quest_machine_behavior_test.gd:254)
       [2] frames (res://main-autolysis/systems/quest-print-system/tests/quest_machine_behavior_test.gd:431)
ERROR: Parameter "material" is null.
   at: material_get_instance_shader_parameters (servers/rendering/dummy/storage/material_storage.cpp:265)
ERROR: Parameter "material" is null.
   at: material_get_instance_shader_parameters (servers/rendering/dummy/storage/material_storage.cpp:265)
ERROR: Parameter "material" is null.
   at: material_get_instance_shader_parameters (servers/rendering/dummy/storage/material_storage.cpp:265)
ERROR: Parameter "material" is null.
   at: material_get_instance_shader_parameters (servers/rendering/dummy/storage/material_storage.cpp:265)
ERROR: Parameter "material" is null.
   at: material_get_instance_shader_parameters (servers/rendering/dummy/storage/material_storage.cpp:265)
ERROR: Parameter "material" is null.
   at: material_get_instance_shader_parameters (servers/rendering/dummy/storage/material_storage.cpp:265)
ERROR: Parameter "material" is null.
   at: material_get_instance_shader_parameters (servers/rendering/dummy/storage/material_storage.cpp:265)
ERROR: Parameter "material" is null.
   at: material_get_instance_shader_parameters (servers/rendering/dummy/storage/material_storage.cpp:265)
ERROR: Parameter "material" is null.
   at: material_get_instance_shader_parameters (servers/rendering/dummy/storage/material_storage.cpp:265)
ERROR: Parameter "material" is null.
   at: material_get_instance_shader_parameters (servers/rendering/dummy/storage/material_storage.cpp:265)
WARNING: 提示灯0运行引用或材质失效；停止对应灯表现
   at: push_warning (core/variant/variant_utility.cpp:1034)
   GDScript backtrace (most recent call first):
       [0] _effect_warning (res://main-autolysis/scenes/prefabs/prefab_machines/scripts/autolysis_quest_machine.gd:738)
       [1] _update_effect_dependencies (res://main-autolysis/scenes/prefabs/prefab_machines/scripts/autolysis_quest_machine.gd:725)
       [2] _process (res://main-autolysis/scenes/prefabs/prefab_machines/scripts/autolysis_quest_machine.gd:542)
WARNING: 通知中心按压停止更新：打印按钮可选按压播放器或动画失效
   at: push_warning (core/variant/variant_utility.cpp:1034)
   GDScript backtrace (most recent call first):
       [0] _disable_press (res://main-autolysis/scenes/prefabs/prefab_machines/scripts/autolysis_quest_print_button.gd:175)
       [1] play_press (res://main-autolysis/scenes/prefabs/prefab_machines/scripts/autolysis_quest_print_button.gd:138)
       [2] try_start_print (res://main-autolysis/scenes/prefabs/prefab_machines/scripts/autolysis_quest_machine.gd:220)
       [3] _test_optional_effects_and_instances (res://main-autolysis/systems/quest-print-system/tests/quest_machine_behavior_test.gd:334)
       [4] frames (res://main-autolysis/systems/quest-print-system/tests/quest_machine_behavior_test.gd:431)
WARNING: 提示灯1配置失效；停止对应灯表现
   at: push_warning (core/variant/variant_utility.cpp:1034)
   GDScript backtrace (most recent call first):
       [0] _effect_warning (res://main-autolysis/scenes/prefabs/prefab_machines/scripts/autolysis_quest_machine.gd:738)
       [1] _set_effect (res://main-autolysis/scenes/prefabs/prefab_machines/scripts/autolysis_quest_machine.gd:679)
       [2] _complete_print (res://main-autolysis/scenes/prefabs/prefab_machines/scripts/autolysis_quest_machine.gd:370)
       [3] _advance_finished_action (res://main-autolysis/scenes/prefabs/prefab_machines/scripts/autolysis_quest_machine.gd:311)
       [4] _on_action_finished (res://main-autolysis/scenes/prefabs/prefab_machines/scripts/autolysis_quest_machine.gd:280)
SCRIPT ERROR: Invalid type in function '_audio_player_valid' in base 'StaticBody3D (AutolysisQuestMachine)'. The Object-derived class of argument 1 (previously freed) is not a subclass of the expected argument class.
   at: AutolysisQuestMachine._set_effect (res://main-autolysis/scenes/prefabs/prefab_machines/scripts/autolysis_quest_machine.gd:680)
   GDScript backtrace (most recent call first):
       [0] _set_effect (res://main-autolysis/scenes/prefabs/prefab_machines/scripts/autolysis_quest_machine.gd:680)
       [1] _complete_print (res://main-autolysis/scenes/prefabs/prefab_machines/scripts/autolysis_quest_machine.gd:370)
       [2] _advance_finished_action (res://main-autolysis/scenes/prefabs/prefab_machines/scripts/autolysis_quest_machine.gd:311)
       [3] _on_action_finished (res://main-autolysis/scenes/prefabs/prefab_machines/scripts/autolysis_quest_machine.gd:280)
WARNING: ObjectDB instances leaked at exit (run with --verbose for details).
   at: cleanup (core/object/object.cpp:2641)
