Godot Engine v4.6.1.stable.official.14d19694e - https://godotengine.org

通过：正式聚焦控制器接受合法设备
通过：真实相机过渡完成后建立稳定会话
通过：通过正式开闭组件打开第0槽
通过：通过正式开闭组件打开第1槽
通过：通过正式开闭组件打开第2槽
通过：通过正式开闭组件打开第3槽
通过：对应槽门在失败上限内完成目标动作；
通过：对应槽门在失败上限内完成目标动作；
通过：对应槽门在失败上限内完成目标动作；
通过：对应槽门在失败上限内完成目标动作；
通过：当前道具格接收咖啡因
通过：正式取放入口将咖啡因放入指定第3槽
通过：指定槽位、定义和双向归属一致
通过：世界原药使用原锚点及单位局部姿态
通过：存放原药关闭自身碰撞与交互分组
通过：放入清空当前格及手持并保持选中格
通过：放入总数守恒且只通知一次
通过：普通世界拾取不能绕过设备取放入口
通过：正式取放入口取回指定第3槽
通过：取回写入原当前格且清空指定槽位
通过：取回立即隐藏世界实例并提交手持显示
通过：取回总数守恒且只追加一次通知
通过：设备取回后仍能使用既有原药架
通过：当前道具格接收咖啡因
通过：正式取放入口将咖啡因放入指定第1槽
通过：指定槽位、定义和双向归属一致
通过：世界原药使用原锚点及单位局部姿态
通过：存放原药关闭自身碰撞与交互分组
通过：放入清空当前格及手持并保持选中格
通过：放入总数守恒且只通知一次
通过：普通世界拾取不能绕过设备取放入口
通过：正式取放入口取回指定第1槽
通过：取回写入原当前格且清空指定槽位
通过：取回立即隐藏世界实例并提交手持显示
通过：取回总数守恒且只追加一次通知
通过：设备取回后仍能使用既有原药架
通过：当前道具格接收咖啡因
通过：正式取放入口将咖啡因放入指定第0槽
通过：指定槽位、定义和双向归属一致
通过：世界原药使用原锚点及单位局部姿态
通过：存放原药关闭自身碰撞与交互分组
通过：放入清空当前格及手持并保持选中格
通过：放入总数守恒且只通知一次
通过：普通世界拾取不能绕过设备取放入口
通过：正式取放入口取回指定第0槽
通过：取回写入原当前格且清空指定槽位
通过：取回立即隐藏世界实例并提交手持显示
通过：取回总数守恒且只追加一次通知
通过：设备取回后仍能使用既有原药架
通过：当前道具格接收咖啡因
通过：正式取放入口将咖啡因放入指定第2槽
通过：指定槽位、定义和双向归属一致
通过：世界原药使用原锚点及单位局部姿态
通过：存放原药关闭自身碰撞与交互分组
通过：放入清空当前格及手持并保持选中格
通过：放入总数守恒且只通知一次
通过：普通世界拾取不能绕过设备取放入口
通过：正式取放入口取回指定第2槽
通过：取回写入原当前格且清空指定槽位
通过：取回立即隐藏世界实例并提交手持显示
通过：取回总数守恒且只追加一次通知
通过：设备取回后仍能使用既有原药架
通过：当前道具格接收苯甲酸钠
通过：正式取放入口将苯甲酸钠放入指定第3槽
通过：指定槽位、定义和双向归属一致
通过：世界原药使用原锚点及单位局部姿态
通过：存放原药关闭自身碰撞与交互分组
通过：放入清空当前格及手持并保持选中格
通过：放入总数守恒且只通知一次
通过：普通世界拾取不能绕过设备取放入口
通过：正式取放入口取回指定第3槽
通过：取回写入原当前格且清空指定槽位
通过：取回立即隐藏世界实例并提交手持显示
通过：取回总数守恒且只追加一次通知
通过：设备取回后仍能使用既有原药架
通过：当前道具格接收苯甲酸钠
通过：正式取放入口将苯甲酸钠放入指定第1槽
通过：指定槽位、定义和双向归属一致
通过：世界原药使用原锚点及单位局部姿态
通过：存放原药关闭自身碰撞与交互分组
通过：放入清空当前格及手持并保持选中格
通过：放入总数守恒且只通知一次
通过：普通世界拾取不能绕过设备取放入口
通过：正式取放入口取回指定第1槽
通过：取回写入原当前格且清空指定槽位
通过：取回立即隐藏世界实例并提交手持显示
通过：取回总数守恒且只追加一次通知
通过：设备取回后仍能使用既有原药架
通过：当前道具格接收苯甲酸钠
通过：正式取放入口将苯甲酸钠放入指定第0槽
通过：指定槽位、定义和双向归属一致
通过：世界原药使用原锚点及单位局部姿态
通过：存放原药关闭自身碰撞与交互分组
通过：放入清空当前格及手持并保持选中格
通过：放入总数守恒且只通知一次
通过：普通世界拾取不能绕过设备取放入口
通过：正式取放入口取回指定第0槽
通过：取回写入原当前格且清空指定槽位
通过：取回立即隐藏世界实例并提交手持显示
通过：取回总数守恒且只追加一次通知
通过：设备取回后仍能使用既有原药架
通过：当前道具格接收苯甲酸钠
通过：正式取放入口将苯甲酸钠放入指定第2槽
通过：指定槽位、定义和双向归属一致
通过：世界原药使用原锚点及单位局部姿态
通过：存放原药关闭自身碰撞与交互分组
通过：放入清空当前格及手持并保持选中格
通过：放入总数守恒且只通知一次
通过：普通世界拾取不能绕过设备取放入口
通过：正式取放入口取回指定第2槽
通过：取回写入原当前格且清空指定槽位
通过：取回立即隐藏世界实例并提交手持显示
通过：取回总数守恒且只追加一次通知
通过：设备取回后仍能使用既有原药架
通过：正式聚焦控制器接受合法设备
通过：真实相机过渡完成后建立稳定会话
通过：关闭和运动拒绝用例建立手持原药
通过：关闭槽位拒绝放入
通过：通过组件开始打开指定槽位
通过：槽位打开动画期间拒绝放入
通过：对应槽门在失败上限内完成目标动作；
通过：完全打开后允许放入
通过：原当前格重新持有另一原药
通过：槽内有药且手持有药时不替换不交换
通过：当前格有药时不向其他空格取回
通过：拒绝后其他格、占用、显示及通知保持原状
通过：切换到当前空格后取回成功
通过：取回只写当前第二格，第一格原药不变
通过：将第二格原药放回原指定槽位
通过：含药槽位允许关闭
通过：含药槽关闭运动期间拒绝取回
通过：对应槽门在失败上限内完成目标动作；
通过：含药关闭保留唯一占用
通过：原药真实世界姿态随槽位动画变化且局部姿态保持单位变换
通过：切格、拒绝和含药动画均保持总数
通过：含药设备正常退出聚焦
通过：退出不清槽且不能在普通状态取回
通过：再次进入同一设备
通过：重新进入保留含药关闭状态
通过：正式聚焦控制器接受合法设备
通过：真实相机过渡完成后建立稳定会话
通过：通过正式开闭组件打开第0槽
通过：通过正式开闭组件打开第1槽
通过：通过正式开闭组件打开第2槽
通过：通过正式开闭组件打开第3槽
通过：对应槽门在失败上限内完成目标动作；
通过：对应槽门在失败上限内完成目标动作；
通过：对应槽门在失败上限内完成目标动作；
通过：对应槽门在失败上限内完成目标动作；
通过：无效世界资源用例建立合法手持
通过：世界场景缺失、定义不符或根类型不符时拒绝放入
通过：世界资源失败不改变道具、显示、槽位或通知
通过：正式聚焦控制器接受合法设备
通过：真实相机过渡完成后建立稳定会话
通过：通过正式开闭组件打开第0槽
通过：通过正式开闭组件打开第1槽
通过：通过正式开闭组件打开第2槽
通过：通过正式开闭组件打开第3槽
通过：对应槽门在失败上限内完成目标动作；
通过：对应槽门在失败上限内完成目标动作；
通过：对应槽门在失败上限内完成目标动作；
通过：对应槽门在失败上限内完成目标动作；
通过：无效世界资源用例建立合法手持
通过：世界场景缺失、定义不符或根类型不符时拒绝放入
通过：世界资源失败不改变道具、显示、槽位或通知
通过：正式聚焦控制器接受合法设备
通过：真实相机过渡完成后建立稳定会话
通过：通过正式开闭组件打开第0槽
通过：通过正式开闭组件打开第1槽
通过：通过正式开闭组件打开第2槽
通过：通过正式开闭组件打开第3槽
通过：对应槽门在失败上限内完成目标动作；
通过：对应槽门在失败上限内完成目标动作；
通过：对应槽门在失败上限内完成目标动作；
通过：对应槽门在失败上限内完成目标动作；
通过：无效世界资源用例建立合法手持
通过：世界场景缺失、定义不符或根类型不符时拒绝放入
通过：世界资源失败不改变道具、显示、槽位或通知
通过：正式聚焦控制器接受合法设备
通过：真实相机过渡完成后建立稳定会话
通过：通过正式开闭组件打开第0槽
通过：通过正式开闭组件打开第1槽
通过：通过正式开闭组件打开第2槽
通过：通过正式开闭组件打开第3槽
通过：对应槽门在失败上限内完成目标动作；
通过：对应槽门在失败上限内完成目标动作；
通过：对应槽门在失败上限内完成目标动作；
通过：对应槽门在失败上限内完成目标动作；
通过：合法非原药可以进入普通道具格
通过：非原药不能进入混合槽
通过：正式聚焦控制器接受合法设备
通过：真实相机过渡完成后建立稳定会话
通过：通过正式开闭组件打开第0槽
通过：通过正式开闭组件打开第1槽
通过：通过正式开闭组件打开第2槽
通过：通过正式开闭组件打开第3槽
通过：对应槽门在失败上限内完成目标动作；
通过：对应槽门在失败上限内完成目标动作；
通过：对应槽门在失败上限内完成目标动作；
通过：对应槽门在失败上限内完成目标动作；
通过：损坏展示资源用例先完成存放
通过：取回时损坏展示资源被查询与执行同时拒绝
通过：展示准备失败保留来源原药且无通知
通过：正式聚焦控制器接受合法设备
通过：真实相机过渡完成后建立稳定会话
通过：通过正式开闭组件打开第0槽
通过：通过正式开闭组件打开第1槽
通过：通过正式开闭组件打开第2槽
通过：通过正式开闭组件打开第3槽
通过：对应槽门在失败上限内完成目标动作；
通过：对应槽门在失败上限内完成目标动作；
通过：对应槽门在失败上限内完成目标动作；
通过：对应槽门在失败上限内完成目标动作；
通过：入树故障用例0建立原药
通过：候选入树故障0回滚事务
通过：入树失败0保留来源格、显示及通知次数
通过：入树失败0清理本次临时占用
通过：正式聚焦控制器接受合法设备
通过：真实相机过渡完成后建立稳定会话
通过：通过正式开闭组件打开第0槽
通过：通过正式开闭组件打开第1槽
通过：通过正式开闭组件打开第2槽
通过：通过正式开闭组件打开第3槽
通过：对应槽门在失败上限内完成目标动作；
通过：对应槽门在失败上限内完成目标动作；
通过：对应槽门在失败上限内完成目标动作；
通过：对应槽门在失败上限内完成目标动作；
通过：入树故障用例1建立原药
通过：候选入树故障1回滚事务
通过：入树失败1保留来源格、显示及通知次数
通过：入树失败1清理本次临时占用
通过：正式聚焦控制器接受合法设备
通过：真实相机过渡完成后建立稳定会话
通过：通过正式开闭组件打开第0槽
通过：通过正式开闭组件打开第1槽
通过：通过正式开闭组件打开第2槽
通过：通过正式开闭组件打开第3槽
通过：对应槽门在失败上限内完成目标动作；
通过：对应槽门在失败上限内完成目标动作；
通过：对应槽门在失败上限内完成目标动作；
通过：对应槽门在失败上限内完成目标动作；
通过：入树故障用例2建立原药
通过：候选入树故障2回滚事务
通过：入树失败2保留来源格、显示及通知次数
通过：入树失败2清理本次临时占用
通过：正式聚焦控制器接受合法设备
通过：真实相机过渡完成后建立稳定会话
通过：通过正式开闭组件打开第0槽
通过：通过正式开闭组件打开第1槽
通过：通过正式开闭组件打开第2槽
通过：通过正式开闭组件打开第3槽
通过：对应槽门在失败上限内完成目标动作；
通过：对应槽门在失败上限内完成目标动作；
通过：对应槽门在失败上限内完成目标动作；
通过：对应槽门在失败上限内完成目标动作；
通过：入树故障用例3建立原药
通过：候选入树故障3回滚事务
通过：入树失败3保留来源格、显示及通知次数
通过：入树失败3清理本次临时占用
通过：正式聚焦控制器接受合法设备
通过：真实相机过渡完成后建立稳定会话
通过：通过正式开闭组件打开第0槽
通过：通过正式开闭组件打开第1槽
通过：通过正式开闭组件打开第2槽
通过：通过正式开闭组件打开第3槽
通过：对应槽门在失败上限内完成目标动作；
通过：对应槽门在失败上限内完成目标动作；
通过：对应槽门在失败上限内完成目标动作；
通过：对应槽门在失败上限内完成目标动作；
通过：入树故障用例4建立原药
通过：候选入树故障4回滚事务
通过：入树失败4保留来源格、显示及通知次数
通过：入树失败4清理本次临时占用
通过：正式聚焦控制器接受合法设备
通过：真实相机过渡完成后建立稳定会话
通过：通过正式开闭组件打开第0槽
通过：通过正式开闭组件打开第1槽
通过：通过正式开闭组件打开第2槽
通过：通过正式开闭组件打开第3槽
通过：对应槽门在失败上限内完成目标动作；
通过：对应槽门在失败上限内完成目标动作；
通过：对应槽门在失败上限内完成目标动作；
通过：对应槽门在失败上限内完成目标动作；
通过：通知重入用例建立原药
通过：放入只发布一次同步通知
通过：放入通知看到已提交单占用且只读许可可取不可放
通过：放入通知内再次取放、切格和接收均拒绝
通过：锁释放后取回只追加一次通知
通过：取回通知看到已提交单占用且只读许可可放不可取
通过：取回通知内再次取放、切格和接收均拒绝
通过：通知返回后道具事务保护已释放
通过：正式聚焦控制器接受合法设备
通过：真实相机过渡完成后建立稳定会话
通过：通过正式开闭组件打开第0槽
通过：通过正式开闭组件打开第1槽
通过：通过正式开闭组件打开第2槽
通过：通过正式开闭组件打开第3槽
通过：对应槽门在失败上限内完成目标动作；
通过：对应槽门在失败上限内完成目标动作；
通过：对应槽门在失败上限内完成目标动作；
通过：对应槽门在失败上限内完成目标动作；
通过：第二玩家通过正式会话进入同一设备
通过：同槽竞争用例建立两个独立来源
通过：候选入树时第二玩家同槽重入被槽位事务锁拒绝
通过：竞争后保留第一玩家存放与第二玩家手持
通过：按候选身份回滚不能清除其他已提交药品
通过：不能借用另一角色向本控制器转移
通过：正式聚焦控制器接受合法设备
通过：真实相机过渡完成后建立稳定会话
通过：通过正式开闭组件打开第0槽
通过：通过正式开闭组件打开第1槽
通过：通过正式开闭组件打开第2槽
通过：通过正式开闭组件打开第3槽
通过：对应槽门在失败上限内完成目标动作；
通过：对应槽门在失败上限内完成目标动作；
通过：对应槽门在失败上限内完成目标动作；
通过：对应槽门在失败上限内完成目标动作；
通过：未入树候选成功标记设备存放
通过：入树前已关闭普通拾取、分组及碰撞
通过：原药架拒绝具有设备标记的候选
通过：初始化不会重新开放设备原药普通入口
通过：设备归属引用失效也不能恢复普通拾取或转入架子
通过：创建槽位事务证据目录
通过：打开槽位事务证据文件
混合槽位事务断言数：324；失败总数：0
