WorkerThreadPool: 32 threads, 9 max low-priority.
Godot Engine v4.6.1.stable.official.14d19694e - https://godotengine.org
TextServer: Added interface "Dummy"
TextServer: Added interface "ICU / HarfBuzz / Graphite (Built-in)"
Unrecognized output string "misc2" in mapping:
030000000d0f00000202000000000000,Horipad O Nintendo Switch 2 Controller,a:b1,b:b0,back:b8,dpdown:h0.4,dpleft:h0.8,dpright:h0.2,dpup:h0.1,guide:b12,leftshoulder:b4,leftstick:b10,lefttrigger:b6,leftx:a0,lefty:a1,misc1:b13,misc2:b14,rightshoulder:b5,rightstick:b11,righttrigger:b7,rightx:a2,righty:a3,start:b9,x:b3,y:b2,platform:Windows,
Unrecognized output string "misc2" in mapping:
030000000d0f00009601000000000000,Horipad Steam,a:b0,b:b1,back:b10,dpdown:h0.4,dpleft:h0.8,dpright:h0.2,dpup:h0.1,guide:b12,leftshoulder:b6,leftstick:b13,lefttrigger:b8,leftx:a0,lefty:a1,misc2:b2,paddle1:b5,paddle2:b15,paddle3:b18,paddle4:b19,rightshoulder:b7,rightstick:b14,righttrigger:b9,rightx:a3,righty:a4,start:b11,x:b3,y:b4,platform:Windows,
Unrecognized output string "misc2" in mapping:
030000007e0500006920000000000000,Nintendo Switch 2 Pro Controller,a:b0,b:b1,back:b14,dpdown:b8,dpleft:b10,dpright:b9,dpup:b11,guide:b16,leftshoulder:b12,leftstick:b15,lefttrigger:b13,leftx:a0,lefty:a1~,misc1:b17,misc2:b20,paddle1:b18,paddle2:b19,rightshoulder:b4,rightstick:b7,righttrigger:b5,rightx:a2,righty:a3~,start:b6,x:b2,y:b3,platform:Windows,
Using "default" pen tablet driver...

TextServer: Primary interface set to: "ICU / HarfBuzz / Graphite (Built-in)".
Loading resource: res://main-autolysis/assets/audio/buses/default_bus_layout.tres
CORE API HASH: 75400357
EDITOR API HASH: 3012763406
Loading resource: res://docs/project-autolysis/00-discuss/交互系统/任务文件打印实施证据/20261007/持有文字与空间音效修订/telephone_exit_retirement_probe.gd
Loading resource: res://main-autolysis/scenes/01-autolysis-test.tscn
Loading resource: res://main-autolysis/scenes/prefabs/prefab_furnitures/light_prefab_uplight_0.tscn
Loading resource: res://main-autolysis/assets/materials/base_color/mat_base_grey_3.tres
Loading resource: res://main-autolysis/assets/textures/Prototype Textures/PNG/Light/texture_12.png
Loading resource: res://.godot/imported/texture_12.png-771e394572f4066038cc73708a23b404.s3tc.ctex
Loading resource: res://main-autolysis/assets/materials/glow_color/mat_glow_white_0.tres
Loading resource: res://main-autolysis/scenes/prefabs/prefab_furnitures/light_prefab_small_wall_0.tscn
Loading resource: res://main-autolysis/assets/materials/base_color/mat_base_grey_4.tres
Loading resource: res://main-autolysis/assets/materials/base_color/mat_base_blue_0.tres
Loading resource: res://main-autolysis/systems/dynamic-footstep-system/assets/audio/stone/footstep_stone_01.ogg
Loading resource: res://.godot/imported/footstep_stone_01.ogg-047737e2a65bef0c4c528796cb798cfe.oggvorbisstr
Loading resource: res://main-autolysis/systems/dynamic-footstep-system/assets/audio/stone/footstep_stone_02.ogg
Loading resource: res://.godot/imported/footstep_stone_02.ogg-29899d22ed8c32abcaaf5d57a1421a87.oggvorbisstr
Loading resource: res://main-autolysis/assets/materials/base_color/mat_base_red_3.tres
Loading resource: res://main-autolysis/systems/dynamic-footstep-system/assets/audio/stone/footstep_stone_03.ogg
Loading resource: res://.godot/imported/footstep_stone_03.ogg-c4ed96d1d04f347165a8fe5a84ee6501.oggvorbisstr
Loading resource: res://main-autolysis/systems/dynamic-footstep-system/assets/audio/stone/footstep_stone_04.ogg
Loading resource: res://.godot/imported/footstep_stone_04.ogg-ab5443861f034c9dbc74b093ae99f88c.oggvorbisstr
Loading resource: res://main-autolysis/scenes/prefabs/prefab_machines/machine_ration_0.tscn
Loading resource: res://main-autolysis/assets/materials/base_color/mat_base_grey_1.tres
Loading resource: res://main-autolysis/assets/materials/base_color/mat_base_grey_2.tres
Loading resource: res://main-autolysis/assets/materials/base_color/mat_base_grey_0.tres
Loading resource: res://main-autolysis/scenes/prefabs/prefab_raw_materials/rm_sodium_benzoate_group_0.tscn
Loading resource: res://main-autolysis/scenes/prefabs/prefab_raw_materials/visuals/rm_sodium_benzoate_visual.tscn
Loading resource: res://main-autolysis/assets/materials/base_color/mat_base_green_3.tres
Loading resource: res://main-autolysis/systems/item-system/autolysis_raw_material_group.gd
Loading resource: res://main-autolysis/ui/quest-paper/autolysis_quest_paper_view.tscn
Loading resource: res://main-autolysis/ui/quest-paper/autolysis_quest_paper_view.gd
Loading resource: res://main-autolysis/assets/materials/liquid_tank/liquid_tank_empty.tres
Loading resource: res://main-autolysis/assets/materials/liquid_tank/liquid_tank_filled.tres
Loading resource: res://main-autolysis/assets/materials/glow_color/mat_glow_green_0.tres
Loading resource: res://main-autolysis/assets/materials/base_color/mat_base_red_2.tres
Loading resource: res://main-autolysis/assets/materials/glow_color/mat_glow_orange_0.tres
Loading resource: res://main-autolysis/assets/materials/glow_color/mat_glow_blue_1.tres
Loading resource: res://main-autolysis/assets/materials/glow_color/mat_glow_blue_0.tres
Loading resource: res://main-autolysis/scenes/prefabs/prefab_paper/quest_paper.tscn
Loading resource: res://main-autolysis/systems/item-system/items/quest_paper.tres
Loading resource: res://main-autolysis/scenes/prefabs/prefab_paper/visuals/quest_paper_visual.tscn
Loading resource: res://main-autolysis/assets/ui/item-icons/quest_paper.svg
Loading resource: res://.godot/imported/quest_paper.svg-9c3bec35dc768d1a115353406b13d3de.ctex
Loading resource: res://main-autolysis/assets/audio/sound_fx/machine/sfx_machine_notice_0.wav
Loading resource: res://.godot/imported/sfx_machine_notice_0.wav-1bb299026bbcd927e4b03179381e9dc8.sample
Loading resource: res://main-autolysis/assets/audio/sound_fx/machine/sfx_machine_scanning_0.wav
Loading resource: res://.godot/imported/sfx_machine_scanning_0.wav-ab7bce7dbb20a8bb6092accc1101b92d.sample
Loading resource: res://main-autolysis/systems/item-system/items/sodium_benzoate.tres
Loading resource: res://main-autolysis/assets/ui/item-icons/sodium_benzoate.png
Loading resource: res://.godot/imported/sodium_benzoate.png-865dd4211965513a7618ce0b5aafe6c8.ctex
Loading resource: res://main-autolysis/components/interactions/autolysis_interaction_component.tscn
Loading resource: res://main-autolysis/scenes/prefabs/prefab_place_shelf/place_shelf_workroom_rm_0.tscn
Loading resource: res://main-autolysis/assets/materials/base_color/mat_base_orange_1.tres
Loading resource: res://main-autolysis/scenes/prefabs/prefab_machines/quest_machine_0.tscn
Loading resource: res://main-autolysis/assets/materials/base_color/mat_base_blue_3.tres
Loading resource: res://main-autolysis/assets/materials/base_color/mat_base_blue_2.tres
Loading resource: res://main-autolysis/assets/materials/base_color/mat_base_white_1.tres
Loading resource: res://main-autolysis/scenes/prefabs/prefab_machines/machine_blend_0.tscn
Loading resource: res://main-autolysis/assets/materials/base_color/mat_base_brown_2.tres
Loading resource: res://main-autolysis/assets/materials/base_color/mat_base_black_0.tres
Loading resource: res://main-autolysis/assets/materials/base_color/mat_base_brown_1.tres
Loading resource: res://main-autolysis/assets/materials/base_color/mat_base_black_1.tres
Loading resource: res://main-autolysis/scenes/prefabs/prefab_furnitures/bed_0.tscn
Loading resource: res://main-autolysis/scenes/prefabs/prefab_machines/machine_extraction_tank_0.tscn
Loading resource: res://main-autolysis/assets/materials/base_color/mat_base_green_0.tres
Loading resource: res://main-autolysis/assets/materials/base_color/mat_base_white_0.tres
Loading resource: res://main-autolysis/scenes/prefabs/prefab_machines/machine_daily_test_0.tscn
Loading resource: res://main-autolysis/scenes/prefabs/prefab_machines/machine_phase_separator_0.tscn
Loading resource: res://main-autolysis/assets/materials/base_color/mat_base_green_2.tres
Loading resource: res://main-autolysis/assets/materials/base_color/mat_base_red_1.tres
Loading resource: res://main-autolysis/scenes/prefabs/prefab_machines/liquid_tank_0.tscn
Loading resource: res://main-autolysis/systems/item-system/items/liquid_tank.tres
Loading resource: res://main-autolysis/scenes/prefabs/prefab_machines/visuals/liquid_tank_visual.tscn
Loading resource: res://main-autolysis/assets/materials/base_translucent/mat_trans_white_0.tres
Loading resource: res://main-autolysis/assets/materials/base_color/mat_base_darkblue_0.tres
Loading resource: res://main-autolysis/assets/materials/base_color/mat_base_red_0.tres
Loading resource: res://main-autolysis/assets/ui/item-icons/liquid_tank.png
Loading resource: res://.godot/imported/liquid_tank.png-cc47146c12182103bd3581a957650aaa.ctex
Loading resource: res://main-autolysis/assets/materials/base_color/mat_base_brown_0.tres
Loading resource: res://main-autolysis/scenes/prefabs/prefab_machines/machine_wave_rebuilder_0.tscn
Loading resource: res://main-autolysis/scenes/prefabs/prefab_machines/machine_packing_0.tscn
Loading resource: res://main-autolysis/scenes/prefabs/prefab_place_shelf/place_shelf_workroom_bottle_0.tscn
Loading resource: res://main-autolysis/scenes/prefabs/prefab_items/tincture_bottle_group_0.tscn
Loading resource: res://main-autolysis/scenes/prefabs/prefab_items/tincture_bottle_0.tscn
Loading resource: res://main-autolysis/assets/materials/base_color/mat_base_green_4.tres
Loading resource: res://main-autolysis/scenes/prefabs/prefab_items/syringe_group_0.tscn
Loading resource: res://main-autolysis/scenes/prefabs/prefab_items/syringe_0.tscn
Loading resource: res://main-autolysis/scenes/prefabs/prefab_machines/machine_pneumatic_tube_0.tscn
Loading resource: res://main-autolysis/scenes/prefabs/prefab_machines/manual_shelf_0.tscn
Loading resource: res://main-autolysis/scenes/prefabs/prefab_machines/waste_liquid_storage_tank_0.tscn
Loading resource: res://main-autolysis/scenes/prefabs/prefab_place_shelf/cabinet_workroom_0.tscn
Loading resource: res://main-autolysis/scenes/prefabs/confessional_and_trade_0.tscn
Loading resource: res://main-autolysis/scenes/prefabs/prefab_machines/quest_board_0.tscn
Loading resource: res://main-autolysis/scenes/prefabs/prefab_paper/quest_paper_blank.tscn
Loading resource: res://main-autolysis/scenes/prefabs/prefab_furnitures/wall_air_vent_0.tscn
Loading resource: res://main-autolysis/scenes/prefabs/prefab_raw_materials/rm_caffeine_group_0.tscn
Loading resource: res://main-autolysis/scenes/prefabs/prefab_raw_materials/visuals/rm_caffeine_visual.tscn
Loading resource: res://main-autolysis/systems/item-system/items/caffeine.tres
Loading resource: res://main-autolysis/assets/ui/item-icons/caffeine.png
Loading resource: res://.godot/imported/caffeine.png-845993aeb7ea83f148714a7bef63cde7.ctex
Loading resource: res://main-autolysis/scenes/prefabs/prefab_place_shelf/shelf_penumatic_capsules.tscn
Loading resource: res://main-autolysis/scenes/prefabs/prefab_machines/visuals/pneumatic_capsule_visual.tscn
Loading resource: res://main-autolysis/systems/item-system/autolysis_pneumatic_capsule_shelf.gd
Loading resource: res://main-autolysis/systems/item-system/items/pneumatic_capsule.tres
Loading resource: res://main-autolysis/assets/ui/item-icons/pneumatic_capsule.png
Loading resource: res://.godot/imported/pneumatic_capsule.png-0ccb085b21f9267b6818c825240ed442.ctex
Loading resource: res://main-autolysis/scenes/prefabs/prefab_machines/machine_telephone_0.tscn
Loading resource: res://main-autolysis/scenes/prefabs/prefab_machines/visuals/telephone_handset_visual.tscn
Loading resource: res://main-autolysis/scenes/prefabs/prefab_machines/scripts/autolysis_telephone_call_controller.gd
Loading resource: res://main-autolysis/assets/audio/sound_fx/phone/sfx_phone_ring_0.wav
Loading resource: res://.godot/imported/sfx_phone_ring_0.wav-a7a561e1c34906960dcb65914a392181.sample
Loading resource: res://main-autolysis/scenes/prefabs/prefab_machines/scripts/autolysis_telephone_audio_controller.gd
Loading resource: res://main-autolysis/assets/audio/sound_fx/phone/sfx_phone_pick_up_self_0.wav
Loading resource: res://.godot/imported/sfx_phone_pick_up_self_0.wav-477619f8d549bd221b335a8b8b2c1f50.sample
Loading resource: res://main-autolysis/assets/audio/sound_fx/phone/sfx_phone_hang_up_self_0.wav
Loading resource: res://.godot/imported/sfx_phone_hang_up_self_0.wav-0dc46661c49ddcac3d16af20a442021b.sample
Loading resource: res://main-autolysis/assets/audio/sound_fx/phone/sfx_phone_default_0.wav
Loading resource: res://.godot/imported/sfx_phone_default_0.wav-a14b5752f8731cc98873a4079a146249.sample
Loading resource: res://main-autolysis/assets/audio/sound_fx/phone/sfx_phone_hang_up_other_side_0.wav
Loading resource: res://.godot/imported/sfx_phone_hang_up_other_side_0.wav-43fdfefe2c418e7188a2dce8b410895b.sample
Loading resource: res://main-autolysis/assets/audio/sound_fx/phone/sfx_phone_busy_busy signal_0.wav
Loading resource: res://.godot/imported/sfx_phone_busy_busy signal_0.wav-51c95299c3a42d7115e92a3656860e37.sample
Loading resource: res://main-autolysis/scenes/prefabs/prefab_furnitures/store_shelf_warehouse_0.tscn
Loading resource: res://main-autolysis/assets/materials/base_color/mat_base_darkblue_1.tres
Loading resource: res://main-autolysis/systems/dynamic-footstep-system/footstep-profiles/stone_footstep_profile.tres
Loading resource: res://main-autolysis/player/autolysis_player.tscn
Loading resource: res://main-autolysis/player/components/interaction_raycast.tscn
Loading resource: res://main-autolysis/player/assets/player_eyes.tres
Loading resource: res://main-autolysis/player/components/wieldables_sway.gd
Loading resource: res://main-autolysis/player/components/item_drop_shape_cast.gd
Loading resource: res://main-autolysis/systems/dynamic-footstep-system/footstep-profiles/generic_footstep_profile.tres
Loading resource: res://main-autolysis/systems/dynamic-footstep-system/assets/audio/generic/footstep_generic_00.ogg
Loading resource: res://.godot/imported/footstep_generic_00.ogg-406d831c101e89af1fd18656d91359e3.oggvorbisstr
Loading resource: res://main-autolysis/systems/dynamic-footstep-system/assets/audio/generic/footstep_generic_01.ogg
Loading resource: res://.godot/imported/footstep_generic_01.ogg-5a2b376721df6af80fc9de7916de0e05.oggvorbisstr
Loading resource: res://main-autolysis/systems/dynamic-footstep-system/assets/audio/generic/footstep_generic_02.ogg
Loading resource: res://.godot/imported/footstep_generic_02.ogg-7258b4a54fb68d487aeebf29138a3d30.oggvorbisstr
Loading resource: res://main-autolysis/systems/dynamic-footstep-system/assets/audio/generic/footstep_generic_03.ogg
Loading resource: res://.godot/imported/footstep_generic_03.ogg-cec6ed35a6fe04980d7cc8a2b08c2f92.oggvorbisstr
Loading resource: res://main-autolysis/systems/dynamic-footstep-system/assets/audio/generic/footstep_generic_04.ogg
Loading resource: res://.godot/imported/footstep_generic_04.ogg-f21f1aff59313f675ccec29d4f323cfa.oggvorbisstr
Loading resource: res://main-autolysis/systems/dynamic-footstep-system/footstep-material-library/sample_footstep_material_library.tres
Loading resource: res://main-autolysis/systems/dynamic-footstep-system/footstep-profiles/dirt_footstep_profile.tres
Loading resource: res://main-autolysis/systems/dynamic-footstep-system/assets/audio/dirt/footstep_dirt_01.ogg
Loading resource: res://.godot/imported/footstep_dirt_01.ogg-a934df5959cb7be86f9e64fcb9953a71.oggvorbisstr
Loading resource: res://main-autolysis/systems/dynamic-footstep-system/assets/audio/dirt/footstep_dirt_02.ogg
Loading resource: res://.godot/imported/footstep_dirt_02.ogg-87a8bae8415ab96ecaaa35eec030ad03.oggvorbisstr
Loading resource: res://main-autolysis/systems/dynamic-footstep-system/assets/audio/dirt/footstep_dirt_03.ogg
Loading resource: res://.godot/imported/footstep_dirt_03.ogg-4c37a6bdfcdd11867c9c73d422913850.oggvorbisstr
Loading resource: res://main-autolysis/systems/dynamic-footstep-system/assets/audio/dirt/footstep_dirt_04.ogg
Loading resource: res://.godot/imported/footstep_dirt_04.ogg-abb56dca3961c7e6aabd069f004ec8c4.oggvorbisstr
Loading resource: res://main-autolysis/systems/dynamic-footstep-system/assets/materials/example_dirt.tres
Loading resource: res://main-autolysis/systems/dynamic-footstep-system/footstep-profiles/grass_footstep_profile.tres
Loading resource: res://main-autolysis/systems/dynamic-footstep-system/assets/audio/grass/footstep_grass_01.ogg
Loading resource: res://.godot/imported/footstep_grass_01.ogg-68854118bd527ba1a6b7dfbce3ce7f79.oggvorbisstr
Loading resource: res://main-autolysis/systems/dynamic-footstep-system/assets/audio/grass/footstep_grass_02.ogg
Loading resource: res://.godot/imported/footstep_grass_02.ogg-2042e36181b91a10ded4d27b5ee50cc9.oggvorbisstr
Loading resource: res://main-autolysis/systems/dynamic-footstep-system/assets/audio/grass/footstep_grass_03.ogg
Loading resource: res://.godot/imported/footstep_grass_03.ogg-41d94c100f745103b905f13e4cfdba97.oggvorbisstr
Loading resource: res://main-autolysis/systems/dynamic-footstep-system/assets/audio/grass/footstep_grass_04.ogg
Loading resource: res://.godot/imported/footstep_grass_04.ogg-80452a2fbb182b910eccbf86fc02d49b.oggvorbisstr
Loading resource: res://main-autolysis/systems/dynamic-footstep-system/assets/materials/example_grass.tres
Loading resource: res://main-autolysis/systems/dynamic-footstep-system/assets/materials/example_stone.tres
Loading resource: res://main-autolysis/systems/dynamic-footstep-system/footstep-profiles/wood_footstep_profile.tres
Loading resource: res://main-autolysis/systems/dynamic-footstep-system/assets/audio/wood/footstep_wood_01.ogg
Loading resource: res://.godot/imported/footstep_wood_01.ogg-7ad9ab5bb020f5c53f91407183306fee.oggvorbisstr
Loading resource: res://main-autolysis/systems/dynamic-footstep-system/assets/audio/wood/footstep_wood_02.ogg
Loading resource: res://.godot/imported/footstep_wood_02.ogg-93e7109cf5de292ae15e8fa44e36e1c9.oggvorbisstr
Loading resource: res://main-autolysis/systems/dynamic-footstep-system/assets/audio/wood/footstep_wood_03.ogg
Loading resource: res://.godot/imported/footstep_wood_03.ogg-4e509849283a8fa5fb78449d86081dff.oggvorbisstr
Loading resource: res://main-autolysis/systems/dynamic-footstep-system/assets/audio/wood/footstep_wood_04.ogg
Loading resource: res://.godot/imported/footstep_wood_04.ogg-33e1903b14acc88f55827b75423f671c.oggvorbisstr
Loading resource: res://main-autolysis/systems/dynamic-footstep-system/assets/materials/example_wood.tres
Loading resource: res://main-autolysis/ui/autolysis_crosshair.tscn
Loading resource: res://main-autolysis/ui/inventory/autolysis_inventory_bar.tscn
Loading resource: res://main-autolysis/ui/inventory/autolysis_inventory_slot.tscn
Loading resource: res://main-autolysis/assets/ui/inventory/degauss_inventory_slot_border.png
Loading resource: res://.godot/imported/degauss_inventory_slot_border.png-5688a966d13c996c67c9c213a42fa554.ctex
Loading resource: res://main-autolysis/assets/ui/inventory/mouseclick1.ogg
Loading resource: res://.godot/imported/mouseclick1.ogg-bbaf75cc7dc4f6ff57faa2d63f790b22.oggvorbisstr
Loading resource: res://main-autolysis/ui/inventory/autolysis_liquid_contents_panel.tscn
Loading resource: res://main-autolysis/ui/autolysis_handset_pose_debug.tscn
Loading resource: res://main-autolysis/systems/dialogue-system/autolysis_dialogue_player.tscn
Loading resource: res://main-autolysis/ui/dialogue/autolysis_dialogue_subtitle.tscn
Loading resource: res://main-autolysis/player/components/autolysis_telephone_call_test_trigger.gd
Loading resource: res://main-autolysis/systems/dialogue-system/chat_0.tres
Loading resource: res://main-autolysis/systems/dialogue-system/dialogue_zh.zh.translation
Loading resource: res://main-autolysis/assets/audio/speech/chat_0/chat_0_0.wav
Loading resource: res://.godot/imported/chat_0_0.wav-1abc17e7d1e52113fec1960696e0c61a.sample
Loading resource: res://main-autolysis/assets/audio/speech/chat_0/chat_0_1.wav
Loading resource: res://.godot/imported/chat_0_1.wav-3dbd66080b4d1bb83459600d6dc07c05.sample
Loading resource: res://main-autolysis/assets/audio/speech/chat_0/chat_0_2.wav
Loading resource: res://.godot/imported/chat_0_2.wav-c43254b929951c42d89892aa6d303e76.sample
Loading resource: res://main-autolysis/assets/audio/speech/chat_0/chat_0_3.wav
Loading resource: res://.godot/imported/chat_0_3.wav-8b02616ff32ac54b8eea88ff99a7610b.sample
Loading resource: res://main-autolysis/assets/audio/speech/chat_0/chat_0_4.wav
Loading resource: res://.godot/imported/chat_0_4.wav-2df3bac14f8c4a3cef5ffb6f424cc165.sample
Loading resource: res://main-autolysis/assets/audio/speech/chat_0/chat_0_5.wav
Loading resource: res://.godot/imported/chat_0_5.wav-5d846d5a533666685ddcba37b2050fc9.sample
Loading resource: res://main-autolysis/assets/audio/speech/chat_0/chat_0_6.wav
Loading resource: res://.godot/imported/chat_0_6.wav-09e5dd7fd71c6e64e6e488e68e35caba.sample
Loading resource: res://main-autolysis/assets/audio/speech/chat_0/chat_0_7.wav
Loading resource: res://.godot/imported/chat_0_7.wav-e0b53c0ee5d8b8297ba08d67efdd701e.sample
Loading resource: res://main-autolysis/assets/audio/speech/chat_0/chat_0_8.wav
Loading resource: res://.godot/imported/chat_0_8.wav-61a253aec45654425e0d920c23a06fa4.sample
Loading resource: res://main-autolysis/player/components/autolysis_quest_print_test_trigger.gd
Loading resource: res://main-autolysis/systems/quest-print-system/quests/quest_test_0.tres
Loading resource: res://docs/project-autolysis/00-discuss/交互系统/电话聚焦交互实施证据/20261004/baseline/main-autolysis/scenes/prefabs/prefab_machines/machine_telephone_0.tscn
Loading resource: res://docs/project-autolysis/00-discuss/交互系统/电话聚焦交互实施证据/20261004/baseline/main-autolysis/scenes/01-autolysis-test.tscn
SceneTreeFTI: traversal method DEFAULT
Loading resource: res://main-autolysis/systems/runtime-session/autolysis_runtime_session.gd
Loaded system CA certificates
通过：正式根组件分发进入电话聚焦
通过：正式听筒组件分发取下请求
通过：取筒提交完成后两侧占用一致
通过：持筒时公开请求受理一次来电
通过：真实已提交持筒请求保存等待且不响铃
通过：持筒等待期间持续保持电话聚焦
通过：等待阶段开始归还取消用例
通过：归还取消不当作正常归还且不创建延后计时
通过：正式听筒组件分发归还请求
通过：归还提交完成后两侧占用清除
通过：成对成功归还后才开始完整两秒
通过：来电延后菜单暂停真实菜单输入同步统一暂停事实
通过：来电延后菜单暂停保留原延后剩余时间
通过：来电延后菜单暂停第二次真实菜单输入恢复
通过：正式听筒组件分发取下请求
通过：取筒提交完成后两侧占用一致
通过：延后成功重取废弃旧计时且不算接听
通过：正式听筒组件分发归还请求
通过：归还提交完成后两侧占用清除
通过：再次成对归还建立新序号并重新等待完整两秒
通过：新的延后未累计此前已耗时间
通过：外部场景树暂停保留原延后进度
通过：恢复场景树但菜单仍暂停时计时不推进
通过：完整两秒自然到期在持续聚焦下激活空间铃声
通过：循环铃声菜单暂停真实菜单输入同步统一暂停事实
通过：循环铃声菜单暂停保留循环铃声音频位置
通过：循环铃声菜单暂停第二次真实菜单输入恢复
电话来电异常终止：{"原因":"延后用例清理","原持有会话":0,"对话编号":"telephone_single_test","当前句索引":-1,"播放令牌":0,"来源":"/root/01-autolysis-test/interaction_prefabs/machines/MachineTelephone0/StaticBody3D","来源实例身份":102743674472,"来电序号":1}
通过：正式根组件分发进入电话聚焦
通过：稳定挂机立即请求来电
通过：稳定挂机直接激活铃声没有两秒延后
通过：开始双方暂时提交后业务取下拒绝用例
通过：业务取下拒绝后来源与库存展示占用及限位成对恢复
通过：取下业务失败不接听不开始对话并释放仅本次准备令牌
通过：正式听筒组件分发取下请求
通过：取筒提交完成后两侧占用一致
通过：最早持物观察已经读取归还限制且重入归还被拒绝
通过：成对接听成功才停止铃声并建立通话归属
通过：接听成功不自动退出原电话聚焦
通过：电话归还许可与公开请求均拒绝通话期间归还
通过：库存归还许可与独立准备均不能绕过限制
通过：限制仅匹配原持有会话而不使用新归还事务令牌
通过：另一电话不能读取或解除当前电话通话限制
通过：通话时保留听筒道具切换锁
通过：旧播放令牌完成回调注入不解锁当前持有
通过：真实语音菜单暂停真实菜单输入同步统一暂停事实
通过：真实语音菜单暂停保留当前真实语音位置及句身份
通过：真实语音菜单暂停第二次真实菜单输入恢复
通过：树与界面叠加仅恢复界面时原语音仍冻结
通过：电话聚焦可以正常退出
通过：主动退出聚焦保留通话听筒锁及真实限位
通过：正式根组件分发进入电话聚焦
通过：句后保留菜单暂停真实菜单输入同步统一暂停事实
通过：句后保留菜单暂停保留句后剩余时间
通过：句后保留菜单暂停第二次真实菜单输入恢复
通过：字幕渐隐菜单暂停真实菜单输入同步统一暂停事实
通过：字幕渐隐菜单暂停保留本次渐隐透明度
通过：字幕渐隐菜单暂停第二次真实菜单输入恢复
通过：最后渐隐暂停期间仍保持原通话限制
通过：末句字幕全部隐藏后才解除匹配归还限制
通过：正常对话完成仍持筒而不自动挂机
通过：普通归还双方暂时提交后业务拒绝用例
通过：归还业务拒绝恢复原持有展示与实际限位
通过：正式听筒组件分发归还请求
通过：归还提交完成后两侧占用清除
通过：正式根组件分发进入电话聚焦
通过：正式听筒组件分发取下请求
通过：取筒提交完成后两侧占用一致
通过：自然语音完成当帧暂停只保存待同步而不推进或解锁
通过：暂停中待同步自然完成保留原令牌
通过：恢复自然结束的语音不重播
电话来电异常终止：{"原因":"专项显式取消仍有效听筒","原持有会话":1,"对话编号":"telephone_single_test","当前句索引":0,"播放令牌":1,"来源":"/root/01-autolysis-test/interaction_prefabs/machines/MachineTelephone0/StaticBody3D","来源实例身份":202920431135,"来电序号":1}
通过：显式取消结束本次来电并清除匹配对话归还限制
通过：显式取消仅对话后仍保持有效听筒持有与限位
通过：正式听筒组件分发归还请求
通过：归还提交完成后两侧占用清除
通过：取消本次来电不自动重新等待或重播
通过：正式根组件分发进入电话聚焦
通过：铃声资源失效仍激活来电业务
通过：正式听筒组件分发取下请求
通过：取筒提交完成后两侧占用一致
通过：可选铃声失效不影响有效接听与通话锁
通过：聚焦参照相机释放保留仍有效通话及听筒限位
电话来电异常终止：{"原因":"相机隔离用例清理","原持有会话":1,"对话编号":"telephone_single_test","当前句索引":-1,"播放令牌":1,"来源":"/root/01-autolysis-test/interaction_prefabs/machines/MachineTelephone0/StaticBody3D","来源实例身份":254728474778,"来电序号":1}
通过：正式根组件分发进入电话聚焦
通过：正式听筒组件分发取下请求
通过：取筒提交完成后两侧占用一致
电话来电异常终止：{"原因":"语音播放器失效","原持有会话":1,"对话编号":"telephone_single_test","当前句索引":-1,"播放令牌":1,"来源":"/root/01-autolysis-test/interaction_prefabs/machines/MachineTelephone0/StaticBody3D","来源实例身份":288953994732,"来电序号":1}
通过：必要语音播放器释放异常结束来电且有效听筒继续持有
通过：播放依赖失效记录真实异常原因且只清匹配通话锁
通过：正式听筒组件分发归还请求
通过：归还提交完成后两侧占用清除
失败：原收尾必须真正释放实际服务器播放实例
XR: Clearing primary interface
XR: Removed interface "Native mobile"
XR: Removed interface "OpenXR"
