Godot Engine v4.6.1.stable.official.14d19694e - https://godotengine.org

{"事件":"初始稳定","形状停用":true,"形状查询命中限位":false,"普通帧":10,"物理帧":4,"角色运动受阻":false,"运动碰撞来源":"","阶段":"初始"}
{"事件":"请求前","形状停用":true,"形状查询命中限位":false,"普通帧":10,"物理帧":4,"角色运动受阻":false,"运动碰撞来源":"","阶段":"启用"}
{"事件":"请求后","形状停用":true,"形状查询命中限位":false,"普通帧":10,"物理帧":4,"角色运动受阻":false,"运动碰撞来源":"","阶段":"启用"}
{"事件":"延后写入前","形状停用":true,"形状查询命中限位":false,"普通帧":10,"物理帧":4,"角色运动受阻":false,"运动碰撞来源":"","阶段":"启用"}
{"事件":"延后写入已请求","形状停用":true,"形状查询命中限位":false,"普通帧":10,"物理帧":4,"角色运动受阻":false,"运动碰撞来源":"","阶段":"启用"}
{"事件":"延后属性写入后","形状停用":false,"形状查询命中限位":true,"普通帧":10,"物理帧":4,"角色运动受阻":true,"运动碰撞来源":"@StaticBody3D@4:<StaticBody3D#26759661000>","阶段":"启用"}
{"事件":"物理帧信号","形状停用":false,"形状查询命中限位":true,"普通帧":13,"物理帧":5,"角色运动受阻":true,"运动碰撞来源":"@StaticBody3D@4:<StaticBody3D#26759661000>","阶段":"启用"}
{"事件":"普通帧信号","形状停用":false,"形状查询命中限位":true,"普通帧":13,"物理帧":5,"角色运动受阻":true,"运动碰撞来源":"@StaticBody3D@4:<StaticBody3D#26759661000>","阶段":"启用"}
{"事件":"物理帧信号","形状停用":false,"形状查询命中限位":true,"普通帧":16,"物理帧":6,"角色运动受阻":true,"运动碰撞来源":"@StaticBody3D@4:<StaticBody3D#26759661000>","阶段":"启用"}
{"事件":"普通帧信号","形状停用":false,"形状查询命中限位":true,"普通帧":16,"物理帧":6,"角色运动受阻":true,"运动碰撞来源":"@StaticBody3D@4:<StaticBody3D#26759661000>","阶段":"启用"}
{"事件":"物理帧信号","形状停用":false,"形状查询命中限位":true,"普通帧":19,"物理帧":7,"角色运动受阻":true,"运动碰撞来源":"@StaticBody3D@4:<StaticBody3D#26759661000>","阶段":"启用"}
{"事件":"普通帧信号","形状停用":false,"形状查询命中限位":true,"普通帧":19,"物理帧":7,"角色运动受阻":true,"运动碰撞来源":"@StaticBody3D@4:<StaticBody3D#26759661000>","阶段":"启用"}
{"事件":"请求前","形状停用":false,"形状查询命中限位":true,"普通帧":19,"物理帧":7,"角色运动受阻":true,"运动碰撞来源":"@StaticBody3D@4:<StaticBody3D#26759661000>","阶段":"停用"}
{"事件":"请求后","形状停用":false,"形状查询命中限位":true,"普通帧":19,"物理帧":7,"角色运动受阻":true,"运动碰撞来源":"@StaticBody3D@4:<StaticBody3D#26759661000>","阶段":"停用"}
{"事件":"延后写入前","形状停用":false,"形状查询命中限位":true,"普通帧":19,"物理帧":7,"角色运动受阻":true,"运动碰撞来源":"@StaticBody3D@4:<StaticBody3D#26759661000>","阶段":"停用"}
{"事件":"延后写入已请求","形状停用":false,"形状查询命中限位":true,"普通帧":19,"物理帧":7,"角色运动受阻":true,"运动碰撞来源":"@StaticBody3D@4:<StaticBody3D#26759661000>","阶段":"停用"}
{"事件":"延后属性写入后","形状停用":true,"形状查询命中限位":false,"普通帧":19,"物理帧":7,"角色运动受阻":false,"运动碰撞来源":"","阶段":"停用"}
{"事件":"物理帧信号","形状停用":true,"形状查询命中限位":false,"普通帧":21,"物理帧":8,"角色运动受阻":false,"运动碰撞来源":"","阶段":"停用"}
{"事件":"普通帧信号","形状停用":true,"形状查询命中限位":false,"普通帧":21,"物理帧":8,"角色运动受阻":false,"运动碰撞来源":"","阶段":"停用"}
{"事件":"物理帧信号","形状停用":true,"形状查询命中限位":false,"普通帧":24,"物理帧":9,"角色运动受阻":false,"运动碰撞来源":"","阶段":"停用"}
{"事件":"普通帧信号","形状停用":true,"形状查询命中限位":false,"普通帧":24,"物理帧":9,"角色运动受阻":false,"运动碰撞来源":"","阶段":"停用"}
{"事件":"物理帧信号","形状停用":true,"形状查询命中限位":false,"普通帧":26,"物理帧":10,"角色运动受阻":false,"运动碰撞来源":"","阶段":"停用"}
{"事件":"普通帧信号","形状停用":true,"形状查询命中限位":false,"普通帧":26,"物理帧":10,"角色运动受阻":false,"运动碰撞来源":"","阶段":"停用"}
{"事件":"请求前","形状停用":true,"形状查询命中限位":false,"普通帧":26,"物理帧":10,"角色运动受阻":false,"运动碰撞来源":"","阶段":"启用"}
{"事件":"请求后","形状停用":true,"形状查询命中限位":false,"普通帧":26,"物理帧":10,"角色运动受阻":false,"运动碰撞来源":"","阶段":"启用"}
{"事件":"延后写入前","形状停用":true,"形状查询命中限位":false,"普通帧":26,"物理帧":10,"角色运动受阻":false,"运动碰撞来源":"","阶段":"启用"}
{"事件":"延后写入已请求","形状停用":true,"形状查询命中限位":false,"普通帧":26,"物理帧":10,"角色运动受阻":false,"运动碰撞来源":"","阶段":"启用"}
{"事件":"延后属性写入后","形状停用":false,"形状查询命中限位":true,"普通帧":26,"物理帧":10,"角色运动受阻":true,"运动碰撞来源":"@StaticBody3D@4:<StaticBody3D#26759661000>","阶段":"启用"}
{"事件":"物理帧信号","形状停用":false,"形状查询命中限位":true,"普通帧":29,"物理帧":11,"角色运动受阻":true,"运动碰撞来源":"@StaticBody3D@4:<StaticBody3D#26759661000>","阶段":"启用"}
{"事件":"普通帧信号","形状停用":false,"形状查询命中限位":true,"普通帧":29,"物理帧":11,"角色运动受阻":true,"运动碰撞来源":"@StaticBody3D@4:<StaticBody3D#26759661000>","阶段":"启用"}
{"事件":"物理帧信号","形状停用":false,"形状查询命中限位":true,"普通帧":31,"物理帧":12,"角色运动受阻":true,"运动碰撞来源":"@StaticBody3D@4:<StaticBody3D#26759661000>","阶段":"启用"}
{"事件":"普通帧信号","形状停用":false,"形状查询命中限位":true,"普通帧":31,"物理帧":12,"角色运动受阻":true,"运动碰撞来源":"@StaticBody3D@4:<StaticBody3D#26759661000>","阶段":"启用"}
{"事件":"物理帧信号","形状停用":false,"形状查询命中限位":true,"普通帧":33,"物理帧":13,"角色运动受阻":true,"运动碰撞来源":"@StaticBody3D@4:<StaticBody3D#26759661000>","阶段":"启用"}
{"事件":"普通帧信号","形状停用":false,"形状查询命中限位":true,"普通帧":33,"物理帧":13,"角色运动受阻":true,"运动碰撞来源":"@StaticBody3D@4:<StaticBody3D#26759661000>","阶段":"启用"}
{"事件":"请求前","形状停用":false,"形状查询命中限位":true,"普通帧":33,"物理帧":13,"角色运动受阻":true,"运动碰撞来源":"@StaticBody3D@4:<StaticBody3D#26759661000>","阶段":"停用"}
{"事件":"请求后","形状停用":false,"形状查询命中限位":true,"普通帧":33,"物理帧":13,"角色运动受阻":true,"运动碰撞来源":"@StaticBody3D@4:<StaticBody3D#26759661000>","阶段":"停用"}
{"事件":"延后写入前","形状停用":false,"形状查询命中限位":true,"普通帧":33,"物理帧":13,"角色运动受阻":true,"运动碰撞来源":"@StaticBody3D@4:<StaticBody3D#26759661000>","阶段":"停用"}
{"事件":"延后写入已请求","形状停用":false,"形状查询命中限位":true,"普通帧":33,"物理帧":13,"角色运动受阻":true,"运动碰撞来源":"@StaticBody3D@4:<StaticBody3D#26759661000>","阶段":"停用"}
{"事件":"延后属性写入后","形状停用":true,"形状查询命中限位":false,"普通帧":33,"物理帧":13,"角色运动受阻":false,"运动碰撞来源":"","阶段":"停用"}
{"事件":"物理帧信号","形状停用":true,"形状查询命中限位":false,"普通帧":36,"物理帧":14,"角色运动受阻":false,"运动碰撞来源":"","阶段":"停用"}
{"事件":"普通帧信号","形状停用":true,"形状查询命中限位":false,"普通帧":36,"物理帧":14,"角色运动受阻":false,"运动碰撞来源":"","阶段":"停用"}
{"事件":"物理帧信号","形状停用":true,"形状查询命中限位":false,"普通帧":38,"物理帧":15,"角色运动受阻":false,"运动碰撞来源":"","阶段":"停用"}
{"事件":"普通帧信号","形状停用":true,"形状查询命中限位":false,"普通帧":38,"物理帧":15,"角色运动受阻":false,"运动碰撞来源":"","阶段":"停用"}
{"事件":"物理帧信号","形状停用":true,"形状查询命中限位":false,"普通帧":41,"物理帧":16,"角色运动受阻":false,"运动碰撞来源":"","阶段":"停用"}
{"事件":"普通帧信号","形状停用":true,"形状查询命中限位":false,"普通帧":41,"物理帧":16,"角色运动受阻":false,"运动碰撞来源":"","阶段":"停用"}
