Godot Engine v4.6.1.stable.official.14d19694e - https://godotengine.org

通过：两台真实封装器配置有效
通过：两槽初始为空且没有类型选择
通过：无图形夹具通过正式会话入口建立聚焦
通过：正式设备进入稳定聚焦
通过：准备完整内容满罐实例
通过：选中空格接收液体罐实例
通过：真实罐位点击保持原实例且移除库存来源
通过：胶囊取放前舱门完全打开
通过：选中空格接收胶囊实例
通过：真实胶囊位点击保持原实例且移除库存来源
通过：原子验收正式机器接受针酊粉类型选择
通过：原子验收批次前提成立
通过：释放边界验收批次已启动
通过：完成通知只触发一次且观察者没有半提交：通知0、释放0
通过：通知同步释放节点后两件逐件资源仍保存完整加工状态
通过：完成通知释放指定节点
通过：两台真实封装器配置有效
通过：两槽初始为空且没有类型选择
通过：无图形夹具通过正式会话入口建立聚焦
通过：正式设备进入稳定聚焦
通过：准备完整内容满罐实例
通过：选中空格接收液体罐实例
通过：真实罐位点击保持原实例且移除库存来源
通过：胶囊取放前舱门完全打开
通过：选中空格接收胶囊实例
通过：真实胶囊位点击保持原实例且移除库存来源
通过：原子验收正式机器接受针酊粉类型选择
通过：原子验收批次前提成立
通过：释放边界验收批次已启动
通过：完成通知只触发一次且观察者没有半提交：通知0、释放1
通过：通知同步释放节点后两件逐件资源仍保存完整加工状态
通过：完成通知释放指定节点
通过：两台真实封装器配置有效
通过：两槽初始为空且没有类型选择
通过：无图形夹具通过正式会话入口建立聚焦
通过：正式设备进入稳定聚焦
通过：准备完整内容满罐实例
通过：选中空格接收液体罐实例
通过：真实罐位点击保持原实例且移除库存来源
通过：胶囊取放前舱门完全打开
通过：选中空格接收胶囊实例
通过：真实胶囊位点击保持原实例且移除库存来源
通过：原子验收正式机器接受针酊粉类型选择
通过：原子验收批次前提成立
通过：释放边界验收批次已启动
通过：完成通知只触发一次且观察者没有半提交：通知0、释放2
通过：通知同步释放节点后两件逐件资源仍保存完整加工状态
通过：完成通知释放指定节点
通过：两台真实封装器配置有效
通过：两槽初始为空且没有类型选择
通过：无图形夹具通过正式会话入口建立聚焦
通过：正式设备进入稳定聚焦
通过：准备完整内容满罐实例
通过：选中空格接收液体罐实例
通过：真实罐位点击保持原实例且移除库存来源
通过：胶囊取放前舱门完全打开
通过：选中空格接收胶囊实例
通过：真实胶囊位点击保持原实例且移除库存来源
通过：原子验收正式机器接受针酊粉类型选择
通过：原子验收批次前提成立
通过：释放边界验收批次已启动
通过：完成通知只触发一次且观察者没有半提交：通知1、释放0
通过：通知同步释放节点后两件逐件资源仍保存完整加工状态
通过：完成通知释放指定节点
通过：两台真实封装器配置有效
通过：两槽初始为空且没有类型选择
通过：无图形夹具通过正式会话入口建立聚焦
通过：正式设备进入稳定聚焦
通过：准备完整内容满罐实例
通过：选中空格接收液体罐实例
通过：真实罐位点击保持原实例且移除库存来源
通过：胶囊取放前舱门完全打开
通过：选中空格接收胶囊实例
通过：真实胶囊位点击保持原实例且移除库存来源
通过：原子验收正式机器接受针酊粉类型选择
通过：原子验收批次前提成立
通过：释放边界验收批次已启动
通过：完成通知只触发一次且观察者没有半提交：通知1、释放1
通过：通知同步释放节点后两件逐件资源仍保存完整加工状态
通过：完成通知释放指定节点
通过：两台真实封装器配置有效
通过：两槽初始为空且没有类型选择
通过：无图形夹具通过正式会话入口建立聚焦
通过：正式设备进入稳定聚焦
通过：准备完整内容满罐实例
通过：选中空格接收液体罐实例
通过：真实罐位点击保持原实例且移除库存来源
通过：胶囊取放前舱门完全打开
通过：选中空格接收胶囊实例
通过：真实胶囊位点击保持原实例且移除库存来源
通过：原子验收正式机器接受针酊粉类型选择
通过：原子验收批次前提成立
通过：释放边界验收批次已启动
通过：完成通知只触发一次且观察者没有半提交：通知1、释放2
通过：通知同步释放节点后两件逐件资源仍保存完整加工状态
通过：完成通知释放指定节点
通过：两台真实封装器配置有效
通过：两槽初始为空且没有类型选择
通过：无图形夹具通过正式会话入口建立聚焦
通过：正式设备进入稳定聚焦
通过：准备完整内容满罐实例
通过：选中空格接收液体罐实例
通过：真实罐位点击保持原实例且移除库存来源
通过：胶囊取放前舱门完全打开
通过：选中空格接收胶囊实例
通过：真实胶囊位点击保持原实例且移除库存来源
通过：原子验收正式机器接受针酊粉类型选择
通过：原子验收批次前提成立
通过：释放边界验收批次已启动
通过：完成通知只触发一次且观察者没有半提交：通知2、释放0
通过：通知同步释放节点后两件逐件资源仍保存完整加工状态
通过：完成通知释放指定节点
通过：两台真实封装器配置有效
通过：两槽初始为空且没有类型选择
通过：无图形夹具通过正式会话入口建立聚焦
通过：正式设备进入稳定聚焦
通过：准备完整内容满罐实例
通过：选中空格接收液体罐实例
通过：真实罐位点击保持原实例且移除库存来源
通过：胶囊取放前舱门完全打开
通过：选中空格接收胶囊实例
通过：真实胶囊位点击保持原实例且移除库存来源
通过：原子验收正式机器接受针酊粉类型选择
通过：原子验收批次前提成立
通过：释放边界验收批次已启动
通过：完成通知只触发一次且观察者没有半提交：通知2、释放1
通过：通知同步释放节点后两件逐件资源仍保存完整加工状态
通过：完成通知释放指定节点
通过：两台真实封装器配置有效
通过：两槽初始为空且没有类型选择
通过：无图形夹具通过正式会话入口建立聚焦
通过：正式设备进入稳定聚焦
通过：准备完整内容满罐实例
通过：选中空格接收液体罐实例
通过：真实罐位点击保持原实例且移除库存来源
通过：胶囊取放前舱门完全打开
通过：选中空格接收胶囊实例
通过：真实胶囊位点击保持原实例且移除库存来源
通过：原子验收正式机器接受针酊粉类型选择
通过：原子验收批次前提成立
通过：释放边界验收批次已启动
通过：完成通知只触发一次且观察者没有半提交：通知2、释放2
通过：通知同步释放节点后两件逐件资源仍保存完整加工状态
通过：完成通知释放指定节点
通过：两台真实封装器配置有效
通过：两槽初始为空且没有类型选择
通过：无图形夹具通过正式会话入口建立聚焦
通过：正式设备进入稳定聚焦
通过：准备完整内容满罐实例
通过：选中空格接收液体罐实例
通过：真实罐位点击保持原实例且移除库存来源
通过：胶囊取放前舱门完全打开
通过：选中空格接收胶囊实例
通过：真实胶囊位点击保持原实例且移除库存来源
通过：原子验收正式机器接受针酊粉类型选择
通过：原子验收批次前提成立
通过：来源释放边界批次真实启动
通过：来源节点释放后拒绝提交并记录故障
通过：来源节点释放未消耗逐件源内容或创建半件产物
通过：两台真实封装器配置有效
通过：两槽初始为空且没有类型选择
通过：无图形夹具通过正式会话入口建立聚焦
通过：正式设备进入稳定聚焦
通过：准备完整内容满罐实例
通过：选中空格接收液体罐实例
通过：真实罐位点击保持原实例且移除库存来源
通过：胶囊取放前舱门完全打开
通过：选中空格接收胶囊实例
通过：真实胶囊位点击保持原实例且移除库存来源
通过：原子验收正式机器接受针酊粉类型选择
通过：原子验收批次前提成立
通过：来源释放边界批次真实启动
通过：来源节点释放后拒绝提交并记录故障
通过：来源节点释放未消耗逐件源内容或创建半件产物
封装原子提交验收断言数：174；失败总数：0
