ERROR: Failed to read the root certificate store.
   at: get_system_ca_certificates (platform/windows/os_windows.cpp:2570)
ERROR: Object is locked and can't be freed.
   at: callp (core/object/object.cpp:890)
   GDScript backtrace (most recent call first):
       [0] _on_atomic_resource_change (res://main-autolysis/systems/item-system/tests/packing_batch_atomic_test.gd:81)
       [1] _complete_batch (res://main-autolysis/scenes/prefabs/prefab_machines/scripts/autolysis_packing_machine.gd:328)
       [2] _on_processing_timeout (res://main-autolysis/scenes/prefabs/prefab_machines/scripts/autolysis_packing_machine.gd:287)
SCRIPT ERROR: Attempted to free a locked object (calling or emitting).
   at: _on_atomic_resource_change (res://main-autolysis/systems/item-system/tests/packing_batch_atomic_test.gd:81)
   GDScript backtrace (most recent call first):
       [0] _on_atomic_resource_change (res://main-autolysis/systems/item-system/tests/packing_batch_atomic_test.gd:81)
       [1] _complete_batch (res://main-autolysis/scenes/prefabs/prefab_machines/scripts/autolysis_packing_machine.gd:328)
       [2] _on_processing_timeout (res://main-autolysis/scenes/prefabs/prefab_machines/scripts/autolysis_packing_machine.gd:287)
ERROR: Object is locked and can't be freed.
   at: callp (core/object/object.cpp:890)
   GDScript backtrace (most recent call first):
       [0] _on_atomic_resource_change (res://main-autolysis/systems/item-system/tests/packing_batch_atomic_test.gd:81)
       [1] _complete_batch (res://main-autolysis/scenes/prefabs/prefab_machines/scripts/autolysis_packing_machine.gd:332)
       [2] _on_processing_timeout (res://main-autolysis/scenes/prefabs/prefab_machines/scripts/autolysis_packing_machine.gd:287)
SCRIPT ERROR: Attempted to free a locked object (calling or emitting).
   at: _on_atomic_resource_change (res://main-autolysis/systems/item-system/tests/packing_batch_atomic_test.gd:81)
   GDScript backtrace (most recent call first):
       [0] _on_atomic_resource_change (res://main-autolysis/systems/item-system/tests/packing_batch_atomic_test.gd:81)
       [1] _complete_batch (res://main-autolysis/scenes/prefabs/prefab_machines/scripts/autolysis_packing_machine.gd:332)
       [2] _on_processing_timeout (res://main-autolysis/scenes/prefabs/prefab_machines/scripts/autolysis_packing_machine.gd:287)
ERROR: Object is locked and can't be freed.
   at: callp (core/object/object.cpp:890)
   GDScript backtrace (most recent call first):
       [0] _on_atomic_resource_change (res://main-autolysis/systems/item-system/tests/packing_batch_atomic_test.gd:81)
       [1] _on_atomic_machine_complete (res://main-autolysis/systems/item-system/tests/packing_batch_atomic_test.gd:85)
       [2] _complete_batch (res://main-autolysis/scenes/prefabs/prefab_machines/scripts/autolysis_packing_machine.gd:336)
       [3] _on_processing_timeout (res://main-autolysis/scenes/prefabs/prefab_machines/scripts/autolysis_packing_machine.gd:287)
SCRIPT ERROR: Attempted to free a locked object (calling or emitting).
   at: _on_atomic_resource_change (res://main-autolysis/systems/item-system/tests/packing_batch_atomic_test.gd:81)
   GDScript backtrace (most recent call first):
       [0] _on_atomic_resource_change (res://main-autolysis/systems/item-system/tests/packing_batch_atomic_test.gd:81)
       [1] _on_atomic_machine_complete (res://main-autolysis/systems/item-system/tests/packing_batch_atomic_test.gd:85)
       [2] _complete_batch (res://main-autolysis/scenes/prefabs/prefab_machines/scripts/autolysis_packing_machine.gd:336)
       [3] _on_processing_timeout (res://main-autolysis/scenes/prefabs/prefab_machines/scripts/autolysis_packing_machine.gd:287)
ERROR: 封装器批次1故障，保留来源并关闭入口：本轮两槽归属或取放事务失效；/root/PackingMachineDemo/PackingA
   at: push_error (core/variant/variant_utility.cpp:1024)
   GDScript backtrace (most recent call first):
       [0] _fail_batch (res://main-autolysis/scenes/prefabs/prefab_machines/scripts/autolysis_packing_machine.gd:367)
       [1] _complete_batch (res://main-autolysis/scenes/prefabs/prefab_machines/scripts/autolysis_packing_machine.gd:296)
       [2] _on_processing_timeout (res://main-autolysis/scenes/prefabs/prefab_machines/scripts/autolysis_packing_machine.gd:287)
ERROR: 封装器批次1故障，保留来源并关闭入口：本轮两槽归属或取放事务失效；/root/PackingMachineDemo/PackingA
   at: push_error (core/variant/variant_utility.cpp:1024)
   GDScript backtrace (most recent call first):
       [0] _fail_batch (res://main-autolysis/scenes/prefabs/prefab_machines/scripts/autolysis_packing_machine.gd:367)
       [1] _complete_batch (res://main-autolysis/scenes/prefabs/prefab_machines/scripts/autolysis_packing_machine.gd:296)
       [2] _on_processing_timeout (res://main-autolysis/scenes/prefabs/prefab_machines/scripts/autolysis_packing_machine.gd:287)
