Godot Engine v4.6.1.stable.official.14d19694e - https://godotengine.org

通过：两台真实封装器配置有效
通过：两槽初始为空且没有类型选择
通过：设备初始化：开始按钮使用指定固定材质
通过：设备初始化：没有残留按钮闪烁补间
通过：设备初始化：第0盏完成灯保持指定灰色材质
通过：设备初始化：第1盏完成灯保持指定灰色材质
通过：无图形夹具通过正式会话入口建立聚焦
通过：正式设备进入稳定聚焦
通过：初始按钮红色、双完成灯灰色且没有补间
通过：准备含合法源内容的独立满罐实例
通过：正式库存入口接收独立满罐实例
通过：正式库存事务将满罐放入目标封装机
通过：仅装入合法满罐不能显示就绪
通过：正式门入口打开目标封装机舱门
通过：胶囊放入前真实舱门完全打开
通过：正式库存入口接收独立空胶囊
通过：正式库存事务将空胶囊放入目标封装机
通过：满罐与空胶囊齐全但尚未选类型仍为红色
通过：实际交互组件拒绝缺少类型的按钮点击
通过：被拒绝的真实请求没有新补间
通过：正式选择入口启动类型开关动画
通过：合法类型开关尚在运动时按钮红色
通过：完全开门且类型动画完成后就绪蓝色常亮
通过：正式门入口接受从就绪状态关门
通过：舱门关门运动期间按钮红色
通过：完全关门后按既有许可重新显示就绪
通过：正式门入口接受从就绪状态开门
通过：舱门开门运动期间按钮红色
通过：完全开门后按既有许可重新显示就绪
通过：正式罐位入口取得取放事务锁
通过：取放事务锁未释放时按钮红色
通过：取放事务结束后每帧许可刷新恢复就绪
通过：真实交互入口禁用使普通阶段按钮红色
通过：真实交互入口重新启用恢复就绪
通过：实际交互模式不匹配时按钮红色
通过：交互模式失效使真实聚焦控制器取消无效设备会话
通过：实际交互模式恢复但尚未重新聚焦时按钮继续红色
通过：真实右键归还普通控制
通过：正式公开入口进入目标封装机聚焦
通过：目标封装机聚焦稳定完成
通过：实际交互模式恢复并重新稳定聚焦后按钮就绪
通过：真实菜单输入切换正式玩家菜单暂停标记
通过：菜单暂停移除普通阶段玩家许可并显示红色
通过：再次真实菜单输入解除正式玩家菜单暂停标记
通过：菜单恢复后完整玩家许可使按钮显示就绪
通过：正式玩家界面显示标记启用时真实业务许可关闭
通过：界面显示标记启用后普通阶段按钮红色
通过：界面显示标记关闭后完整玩家许可恢复就绪
通过：真实右键归还普通控制
通过：退出普通阶段聚焦后完整交互许可失效而显示红色
通过：正式聚焦入口接受重新进入本机
通过：重新稳定聚焦后显示就绪蓝色常亮
通过：正式选择入口取消当前类型
通过：取消当前类型后恢复红色且双完成灯始终保持灰色
通过：两台真实封装器配置有效
通过：两槽初始为空且没有类型选择
通过：设备初始化：开始按钮使用指定固定材质
通过：设备初始化：没有残留按钮闪烁补间
通过：设备初始化：第0盏完成灯保持指定灰色材质
通过：设备初始化：第1盏完成灯保持指定灰色材质
通过：无图形夹具通过正式会话入口建立聚焦
通过：正式设备进入稳定聚焦
通过：初始按钮红色、双完成灯灰色且没有补间
通过：正式门入口打开目标封装机舱门
通过：胶囊放入前真实舱门完全打开
通过：正式库存入口接收独立空胶囊
通过：正式库存事务将空胶囊放入目标封装机
通过：仅放入空胶囊不能显示就绪
通过：两台真实封装器配置有效
通过：两槽初始为空且没有类型选择
通过：设备初始化：开始按钮使用指定固定材质
通过：设备初始化：没有残留按钮闪烁补间
通过：设备初始化：第0盏完成灯保持指定灰色材质
通过：设备初始化：第1盏完成灯保持指定灰色材质
通过：无图形夹具通过正式会话入口建立聚焦
通过：正式设备进入稳定聚焦
通过：初始按钮红色、双完成灯灰色且没有补间
通过：准备含合法源内容的独立满罐实例
通过：正式库存入口接收独立满罐实例
通过：正式库存事务将满罐放入目标封装机
通过：正式门入口打开目标封装机舱门
通过：胶囊放入前真实舱门完全打开
通过：正式库存入口接收独立空胶囊
通过：正式库存事务将空胶囊放入目标封装机
通过：正式类型选择入口接受合法类型
通过：真实类型动画结束并保留合法选择
通过：完整合法输入、有效类型、玩家聚焦和交互许可使按钮蓝色常亮
通过：真实右键归还普通控制
通过：正式公开入口进入目标封装机聚焦
通过：目标封装机聚焦稳定完成
通过：准备含合法源内容的独立满罐实例
通过：正式库存入口接收独立满罐实例
通过：正式库存事务将满罐放入目标封装机
通过：正式门入口打开目标封装机舱门
通过：胶囊放入前真实舱门完全打开
通过：正式库存入口接收独立空胶囊
通过：正式库存事务将空胶囊放入目标封装机
通过：正式类型选择入口接受合法类型
通过：真实类型动画结束并保留合法选择
通过：第二台封装机独立满足许可并就绪
通过：第二台正式按钮交互实际接受第一轮启动
通过：第二台先完成以验证双完成灯不会受另一台闪烁影响
通过：真实右键归还普通控制
通过：正式公开入口进入目标封装机聚焦
通过：目标封装机聚焦稳定完成
通过：两台按钮运行材质均为不同的独立副本且原始资源未被直接使用
通过：独立运行副本保持共享原始纹理引用
通过：正式按钮交互同步接受真实启动
通过：真实点击被接受后立即闪烁，不等待按钮按压完成
通过：真实启动瞬间从倍率二开始向零线性插值
通过：实际运行倍率在零至二之间且每半秒线性单向插值，误差不超过一物理帧
通过：本轮运行期间只有同一个有效补间
通过：本机闪烁不修改另一台运行副本或两份共享蓝色材质倍率
通过：另一台完成灯始终使用倍率二的共享零号蓝色常亮材质
通过：另一台完成灯始终使用倍率二的共享零号蓝色常亮材质
通过：实际运行倍率在零至二之间且每半秒线性单向插值，误差不超过一物理帧
通过：本轮运行期间只有同一个有效补间
通过：本机闪烁不修改另一台运行副本或两份共享蓝色材质倍率
通过：另一台完成灯始终使用倍率二的共享零号蓝色常亮材质
通过：另一台完成灯始终使用倍率二的共享零号蓝色常亮材质
通过：实际运行倍率在零至二之间且每半秒线性单向插值，误差不超过一物理帧
通过：本轮运行期间只有同一个有效补间
通过：本机闪烁不修改另一台运行副本或两份共享蓝色材质倍率
通过：另一台完成灯始终使用倍率二的共享零号蓝色常亮材质
通过：另一台完成灯始终使用倍率二的共享零号蓝色常亮材质
通过：实际运行倍率在零至二之间且每半秒线性单向插值，误差不超过一物理帧
通过：本轮运行期间只有同一个有效补间
通过：本机闪烁不修改另一台运行副本或两份共享蓝色材质倍率
通过：另一台完成灯始终使用倍率二的共享零号蓝色常亮材质
通过：另一台完成灯始终使用倍率二的共享零号蓝色常亮材质
通过：实际运行倍率在零至二之间且每半秒线性单向插值，误差不超过一物理帧
通过：本轮运行期间只有同一个有效补间
通过：本机闪烁不修改另一台运行副本或两份共享蓝色材质倍率
通过：另一台完成灯始终使用倍率二的共享零号蓝色常亮材质
通过：另一台完成灯始终使用倍率二的共享零号蓝色常亮材质
通过：实际运行倍率在零至二之间且每半秒线性单向插值，误差不超过一物理帧
通过：本轮运行期间只有同一个有效补间
通过：本机闪烁不修改另一台运行副本或两份共享蓝色材质倍率
通过：另一台完成灯始终使用倍率二的共享零号蓝色常亮材质
通过：另一台完成灯始终使用倍率二的共享零号蓝色常亮材质
通过：实际运行倍率在零至二之间且每半秒线性单向插值，误差不超过一物理帧
通过：本轮运行期间只有同一个有效补间
通过：本机闪烁不修改另一台运行副本或两份共享蓝色材质倍率
通过：另一台完成灯始终使用倍率二的共享零号蓝色常亮材质
通过：另一台完成灯始终使用倍率二的共享零号蓝色常亮材质
通过：运行期间重复同步刷新保持补间实例与相位不变
通过：实际运行倍率在零至二之间且每半秒线性单向插值，误差不超过一物理帧
通过：本轮运行期间只有同一个有效补间
通过：本机闪烁不修改另一台运行副本或两份共享蓝色材质倍率
通过：另一台完成灯始终使用倍率二的共享零号蓝色常亮材质
通过：另一台完成灯始终使用倍率二的共享零号蓝色常亮材质
通过：实际运行倍率在零至二之间且每半秒线性单向插值，误差不超过一物理帧
通过：本轮运行期间只有同一个有效补间
通过：本机闪烁不修改另一台运行副本或两份共享蓝色材质倍率
通过：另一台完成灯始终使用倍率二的共享零号蓝色常亮材质
通过：另一台完成灯始终使用倍率二的共享零号蓝色常亮材质
通过：实际运行倍率在零至二之间且每半秒线性单向插值，误差不超过一物理帧
通过：本轮运行期间只有同一个有效补间
通过：本机闪烁不修改另一台运行副本或两份共享蓝色材质倍率
通过：另一台完成灯始终使用倍率二的共享零号蓝色常亮材质
通过：另一台完成灯始终使用倍率二的共享零号蓝色常亮材质
通过：实际运行倍率在零至二之间且每半秒线性单向插值，误差不超过一物理帧
通过：本轮运行期间只有同一个有效补间
通过：本机闪烁不修改另一台运行副本或两份共享蓝色材质倍率
通过：另一台完成灯始终使用倍率二的共享零号蓝色常亮材质
通过：另一台完成灯始终使用倍率二的共享零号蓝色常亮材质
通过：实际运行倍率在零至二之间且每半秒线性单向插值，误差不超过一物理帧
通过：本轮运行期间只有同一个有效补间
通过：本机闪烁不修改另一台运行副本或两份共享蓝色材质倍率
通过：另一台完成灯始终使用倍率二的共享零号蓝色常亮材质
通过：另一台完成灯始终使用倍率二的共享零号蓝色常亮材质
通过：实际运行倍率在零至二之间且每半秒线性单向插值，误差不超过一物理帧
通过：本轮运行期间只有同一个有效补间
通过：本机闪烁不修改另一台运行副本或两份共享蓝色材质倍率
通过：另一台完成灯始终使用倍率二的共享零号蓝色常亮材质
通过：另一台完成灯始终使用倍率二的共享零号蓝色常亮材质
通过：暂停同时冻结真实批次计时、有效时间和按钮闪烁倍率
通过：实际运行倍率在零至二之间且每半秒线性单向插值，误差不超过一物理帧
通过：本轮运行期间只有同一个有效补间
通过：本机闪烁不修改另一台运行副本或两份共享蓝色材质倍率
通过：另一台完成灯始终使用倍率二的共享零号蓝色常亮材质
通过：另一台完成灯始终使用倍率二的共享零号蓝色常亮材质
通过：实际运行倍率在零至二之间且每半秒线性单向插值，误差不超过一物理帧
通过：本轮运行期间只有同一个有效补间
通过：本机闪烁不修改另一台运行副本或两份共享蓝色材质倍率
通过：另一台完成灯始终使用倍率二的共享零号蓝色常亮材质
通过：另一台完成灯始终使用倍率二的共享零号蓝色常亮材质
通过：实际运行倍率在零至二之间且每半秒线性单向插值，误差不超过一物理帧
通过：本轮运行期间只有同一个有效补间
通过：本机闪烁不修改另一台运行副本或两份共享蓝色材质倍率
通过：另一台完成灯始终使用倍率二的共享零号蓝色常亮材质
通过：另一台完成灯始终使用倍率二的共享零号蓝色常亮材质
通过：实际运行倍率在零至二之间且每半秒线性单向插值，误差不超过一物理帧
通过：本轮运行期间只有同一个有效补间
通过：本机闪烁不修改另一台运行副本或两份共享蓝色材质倍率
通过：另一台完成灯始终使用倍率二的共享零号蓝色常亮材质
通过：另一台完成灯始终使用倍率二的共享零号蓝色常亮材质
通过：实际运行倍率在零至二之间且每半秒线性单向插值，误差不超过一物理帧
通过：本轮运行期间只有同一个有效补间
通过：本机闪烁不修改另一台运行副本或两份共享蓝色材质倍率
通过：另一台完成灯始终使用倍率二的共享零号蓝色常亮材质
通过：另一台完成灯始终使用倍率二的共享零号蓝色常亮材质
通过：实际运行倍率在零至二之间且每半秒线性单向插值，误差不超过一物理帧
通过：本轮运行期间只有同一个有效补间
通过：本机闪烁不修改另一台运行副本或两份共享蓝色材质倍率
通过：另一台完成灯始终使用倍率二的共享零号蓝色常亮材质
通过：另一台完成灯始终使用倍率二的共享零号蓝色常亮材质
通过：实际运行倍率在零至二之间且每半秒线性单向插值，误差不超过一物理帧
通过：本轮运行期间只有同一个有效补间
通过：本机闪烁不修改另一台运行副本或两份共享蓝色材质倍率
通过：另一台完成灯始终使用倍率二的共享零号蓝色常亮材质
通过：另一台完成灯始终使用倍率二的共享零号蓝色常亮材质
通过：实际运行倍率在零至二之间且每半秒线性单向插值，误差不超过一物理帧
通过：本轮运行期间只有同一个有效补间
通过：本机闪烁不修改另一台运行副本或两份共享蓝色材质倍率
通过：另一台完成灯始终使用倍率二的共享零号蓝色常亮材质
通过：另一台完成灯始终使用倍率二的共享零号蓝色常亮材质
通过：实际运行倍率在零至二之间且每半秒线性单向插值，误差不超过一物理帧
通过：本轮运行期间只有同一个有效补间
通过：本机闪烁不修改另一台运行副本或两份共享蓝色材质倍率
通过：另一台完成灯始终使用倍率二的共享零号蓝色常亮材质
通过：另一台完成灯始终使用倍率二的共享零号蓝色常亮材质
通过：实际运行倍率在零至二之间且每半秒线性单向插值，误差不超过一物理帧
通过：本轮运行期间只有同一个有效补间
通过：本机闪烁不修改另一台运行副本或两份共享蓝色材质倍率
通过：另一台完成灯始终使用倍率二的共享零号蓝色常亮材质
通过：另一台完成灯始终使用倍率二的共享零号蓝色常亮材质
通过：实际运行倍率在零至二之间且每半秒线性单向插值，误差不超过一物理帧
通过：本轮运行期间只有同一个有效补间
通过：本机闪烁不修改另一台运行副本或两份共享蓝色材质倍率
通过：另一台完成灯始终使用倍率二的共享零号蓝色常亮材质
通过：另一台完成灯始终使用倍率二的共享零号蓝色常亮材质
通过：实际运行倍率在零至二之间且每半秒线性单向插值，误差不超过一物理帧
通过：本轮运行期间只有同一个有效补间
通过：本机闪烁不修改另一台运行副本或两份共享蓝色材质倍率
通过：另一台完成灯始终使用倍率二的共享零号蓝色常亮材质
通过：另一台完成灯始终使用倍率二的共享零号蓝色常亮材质
通过：实际运行倍率在零至二之间且每半秒线性单向插值，误差不超过一物理帧
通过：本轮运行期间只有同一个有效补间
通过：本机闪烁不修改另一台运行副本或两份共享蓝色材质倍率
通过：另一台完成灯始终使用倍率二的共享零号蓝色常亮材质
通过：另一台完成灯始终使用倍率二的共享零号蓝色常亮材质
通过：实际运行倍率在零至二之间且每半秒线性单向插值，误差不超过一物理帧
通过：本轮运行期间只有同一个有效补间
通过：本机闪烁不修改另一台运行副本或两份共享蓝色材质倍率
通过：另一台完成灯始终使用倍率二的共享零号蓝色常亮材质
通过：另一台完成灯始终使用倍率二的共享零号蓝色常亮材质
通过：实际运行倍率在零至二之间且每半秒线性单向插值，误差不超过一物理帧
通过：本轮运行期间只有同一个有效补间
通过：本机闪烁不修改另一台运行副本或两份共享蓝色材质倍率
通过：另一台完成灯始终使用倍率二的共享零号蓝色常亮材质
通过：另一台完成灯始终使用倍率二的共享零号蓝色常亮材质
通过：实际运行倍率在零至二之间且每半秒线性单向插值，误差不超过一物理帧
通过：本轮运行期间只有同一个有效补间
通过：本机闪烁不修改另一台运行副本或两份共享蓝色材质倍率
通过：另一台完成灯始终使用倍率二的共享零号蓝色常亮材质
通过：另一台完成灯始终使用倍率二的共享零号蓝色常亮材质
通过：实际运行倍率在零至二之间且每半秒线性单向插值，误差不超过一物理帧
通过：本轮运行期间只有同一个有效补间
通过：本机闪烁不修改另一台运行副本或两份共享蓝色材质倍率
通过：另一台完成灯始终使用倍率二的共享零号蓝色常亮材质
通过：另一台完成灯始终使用倍率二的共享零号蓝色常亮材质
通过：实际运行倍率在零至二之间且每半秒线性单向插值，误差不超过一物理帧
通过：本轮运行期间只有同一个有效补间
通过：本机闪烁不修改另一台运行副本或两份共享蓝色材质倍率
通过：另一台完成灯始终使用倍率二的共享零号蓝色常亮材质
通过：另一台完成灯始终使用倍率二的共享零号蓝色常亮材质
通过：实际运行倍率在零至二之间且每半秒线性单向插值，误差不超过一物理帧
通过：本轮运行期间只有同一个有效补间
通过：本机闪烁不修改另一台运行副本或两份共享蓝色材质倍率
通过：另一台完成灯始终使用倍率二的共享零号蓝色常亮材质
通过：另一台完成灯始终使用倍率二的共享零号蓝色常亮材质
通过：实际运行倍率在零至二之间且每半秒线性单向插值，误差不超过一物理帧
通过：本轮运行期间只有同一个有效补间
通过：本机闪烁不修改另一台运行副本或两份共享蓝色材质倍率
通过：另一台完成灯始终使用倍率二的共享零号蓝色常亮材质
通过：另一台完成灯始终使用倍率二的共享零号蓝色常亮材质
通过：实际运行倍率在零至二之间且每半秒线性单向插值，误差不超过一物理帧
通过：本轮运行期间只有同一个有效补间
通过：本机闪烁不修改另一台运行副本或两份共享蓝色材质倍率
通过：另一台完成灯始终使用倍率二的共享零号蓝色常亮材质
通过：另一台完成灯始终使用倍率二的共享零号蓝色常亮材质
通过：实际运行倍率在零至二之间且每半秒线性单向插值，误差不超过一物理帧
通过：本轮运行期间只有同一个有效补间
通过：本机闪烁不修改另一台运行副本或两份共享蓝色材质倍率
通过：另一台完成灯始终使用倍率二的共享零号蓝色常亮材质
通过：另一台完成灯始终使用倍率二的共享零号蓝色常亮材质
通过：实际运行倍率在零至二之间且每半秒线性单向插值，误差不超过一物理帧
通过：本轮运行期间只有同一个有效补间
通过：本机闪烁不修改另一台运行副本或两份共享蓝色材质倍率
通过：另一台完成灯始终使用倍率二的共享零号蓝色常亮材质
通过：另一台完成灯始终使用倍率二的共享零号蓝色常亮材质
通过：实际运行倍率在零至二之间且每半秒线性单向插值，误差不超过一物理帧
通过：本轮运行期间只有同一个有效补间
通过：本机闪烁不修改另一台运行副本或两份共享蓝色材质倍率
通过：另一台完成灯始终使用倍率二的共享零号蓝色常亮材质
通过：另一台完成灯始终使用倍率二的共享零号蓝色常亮材质
通过：实际运行倍率在零至二之间且每半秒线性单向插值，误差不超过一物理帧
通过：本轮运行期间只有同一个有效补间
通过：本机闪烁不修改另一台运行副本或两份共享蓝色材质倍率
通过：另一台完成灯始终使用倍率二的共享零号蓝色常亮材质
通过：另一台完成灯始终使用倍率二的共享零号蓝色常亮材质
通过：实际运行倍率在零至二之间且每半秒线性单向插值，误差不超过一物理帧
通过：本轮运行期间只有同一个有效补间
通过：本机闪烁不修改另一台运行副本或两份共享蓝色材质倍率
通过：另一台完成灯始终使用倍率二的共享零号蓝色常亮材质
通过：另一台完成灯始终使用倍率二的共享零号蓝色常亮材质
通过：实际运行倍率在零至二之间且每半秒线性单向插值，误差不超过一物理帧
通过：本轮运行期间只有同一个有效补间
通过：本机闪烁不修改另一台运行副本或两份共享蓝色材质倍率
通过：另一台完成灯始终使用倍率二的共享零号蓝色常亮材质
通过：另一台完成灯始终使用倍率二的共享零号蓝色常亮材质
通过：实际运行倍率在零至二之间且每半秒线性单向插值，误差不超过一物理帧
通过：本轮运行期间只有同一个有效补间
通过：本机闪烁不修改另一台运行副本或两份共享蓝色材质倍率
通过：另一台完成灯始终使用倍率二的共享零号蓝色常亮材质
通过：另一台完成灯始终使用倍率二的共享零号蓝色常亮材质
通过：实际运行倍率在零至二之间且每半秒线性单向插值，误差不超过一物理帧
通过：本轮运行期间只有同一个有效补间
通过：本机闪烁不修改另一台运行副本或两份共享蓝色材质倍率
通过：另一台完成灯始终使用倍率二的共享零号蓝色常亮材质
通过：另一台完成灯始终使用倍率二的共享零号蓝色常亮材质
通过：实际运行倍率在零至二之间且每半秒线性单向插值，误差不超过一物理帧
通过：本轮运行期间只有同一个有效补间
通过：本机闪烁不修改另一台运行副本或两份共享蓝色材质倍率
通过：另一台完成灯始终使用倍率二的共享零号蓝色常亮材质
通过：另一台完成灯始终使用倍率二的共享零号蓝色常亮材质
通过：实际运行倍率在零至二之间且每半秒线性单向插值，误差不超过一物理帧
通过：本轮运行期间只有同一个有效补间
通过：本机闪烁不修改另一台运行副本或两份共享蓝色材质倍率
通过：另一台完成灯始终使用倍率二的共享零号蓝色常亮材质
通过：另一台完成灯始终使用倍率二的共享零号蓝色常亮材质
通过：实际运行倍率在零至二之间且每半秒线性单向插值，误差不超过一物理帧
通过：本轮运行期间只有同一个有效补间
通过：本机闪烁不修改另一台运行副本或两份共享蓝色材质倍率
通过：另一台完成灯始终使用倍率二的共享零号蓝色常亮材质
通过：另一台完成灯始终使用倍率二的共享零号蓝色常亮材质
通过：实际运行倍率在零至二之间且每半秒线性单向插值，误差不超过一物理帧
通过：本轮运行期间只有同一个有效补间
通过：本机闪烁不修改另一台运行副本或两份共享蓝色材质倍率
通过：另一台完成灯始终使用倍率二的共享零号蓝色常亮材质
通过：另一台完成灯始终使用倍率二的共享零号蓝色常亮材质
通过：实际运行倍率在零至二之间且每半秒线性单向插值，误差不超过一物理帧
通过：本轮运行期间只有同一个有效补间
通过：本机闪烁不修改另一台运行副本或两份共享蓝色材质倍率
通过：另一台完成灯始终使用倍率二的共享零号蓝色常亮材质
通过：另一台完成灯始终使用倍率二的共享零号蓝色常亮材质
通过：实际运行倍率在零至二之间且每半秒线性单向插值，误差不超过一物理帧
通过：本轮运行期间只有同一个有效补间
通过：本机闪烁不修改另一台运行副本或两份共享蓝色材质倍率
通过：另一台完成灯始终使用倍率二的共享零号蓝色常亮材质
通过：另一台完成灯始终使用倍率二的共享零号蓝色常亮材质
通过：实际运行倍率在零至二之间且每半秒线性单向插值，误差不超过一物理帧
通过：本轮运行期间只有同一个有效补间
通过：本机闪烁不修改另一台运行副本或两份共享蓝色材质倍率
通过：另一台完成灯始终使用倍率二的共享零号蓝色常亮材质
通过：另一台完成灯始终使用倍率二的共享零号蓝色常亮材质
通过：实际运行倍率在零至二之间且每半秒线性单向插值，误差不超过一物理帧
通过：本轮运行期间只有同一个有效补间
通过：本机闪烁不修改另一台运行副本或两份共享蓝色材质倍率
通过：另一台完成灯始终使用倍率二的共享零号蓝色常亮材质
通过：另一台完成灯始终使用倍率二的共享零号蓝色常亮材质
通过：实际运行倍率在零至二之间且每半秒线性单向插值，误差不超过一物理帧
通过：本轮运行期间只有同一个有效补间
通过：本机闪烁不修改另一台运行副本或两份共享蓝色材质倍率
通过：另一台完成灯始终使用倍率二的共享零号蓝色常亮材质
通过：另一台完成灯始终使用倍率二的共享零号蓝色常亮材质
通过：实际运行倍率在零至二之间且每半秒线性单向插值，误差不超过一物理帧
通过：本轮运行期间只有同一个有效补间
通过：本机闪烁不修改另一台运行副本或两份共享蓝色材质倍率
通过：另一台完成灯始终使用倍率二的共享零号蓝色常亮材质
通过：另一台完成灯始终使用倍率二的共享零号蓝色常亮材质
通过：实际运行倍率在零至二之间且每半秒线性单向插值，误差不超过一物理帧
通过：本轮运行期间只有同一个有效补间
通过：本机闪烁不修改另一台运行副本或两份共享蓝色材质倍率
通过：另一台完成灯始终使用倍率二的共享零号蓝色常亮材质
通过：另一台完成灯始终使用倍率二的共享零号蓝色常亮材质
通过：实际运行倍率在零至二之间且每半秒线性单向插值，误差不超过一物理帧
通过：本轮运行期间只有同一个有效补间
通过：本机闪烁不修改另一台运行副本或两份共享蓝色材质倍率
通过：另一台完成灯始终使用倍率二的共享零号蓝色常亮材质
通过：另一台完成灯始终使用倍率二的共享零号蓝色常亮材质
通过：实际运行倍率在零至二之间且每半秒线性单向插值，误差不超过一物理帧
通过：本轮运行期间只有同一个有效补间
通过：本机闪烁不修改另一台运行副本或两份共享蓝色材质倍率
通过：另一台完成灯始终使用倍率二的共享零号蓝色常亮材质
通过：另一台完成灯始终使用倍率二的共享零号蓝色常亮材质
通过：实际运行倍率在零至二之间且每半秒线性单向插值，误差不超过一物理帧
通过：本轮运行期间只有同一个有效补间
通过：本机闪烁不修改另一台运行副本或两份共享蓝色材质倍率
通过：另一台完成灯始终使用倍率二的共享零号蓝色常亮材质
通过：另一台完成灯始终使用倍率二的共享零号蓝色常亮材质
通过：实际运行倍率在零至二之间且每半秒线性单向插值，误差不超过一物理帧
通过：本轮运行期间只有同一个有效补间
通过：本机闪烁不修改另一台运行副本或两份共享蓝色材质倍率
通过：另一台完成灯始终使用倍率二的共享零号蓝色常亮材质
通过：另一台完成灯始终使用倍率二的共享零号蓝色常亮材质
通过：实际运行倍率在零至二之间且每半秒线性单向插值，误差不超过一物理帧
通过：本轮运行期间只有同一个有效补间
通过：本机闪烁不修改另一台运行副本或两份共享蓝色材质倍率
通过：另一台完成灯始终使用倍率二的共享零号蓝色常亮材质
通过：另一台完成灯始终使用倍率二的共享零号蓝色常亮材质
通过：实际运行倍率在零至二之间且每半秒线性单向插值，误差不超过一物理帧
通过：本轮运行期间只有同一个有效补间
通过：本机闪烁不修改另一台运行副本或两份共享蓝色材质倍率
通过：另一台完成灯始终使用倍率二的共享零号蓝色常亮材质
通过：另一台完成灯始终使用倍率二的共享零号蓝色常亮材质
通过：实际运行倍率在零至二之间且每半秒线性单向插值，误差不超过一物理帧
通过：本轮运行期间只有同一个有效补间
通过：本机闪烁不修改另一台运行副本或两份共享蓝色材质倍率
通过：另一台完成灯始终使用倍率二的共享零号蓝色常亮材质
通过：另一台完成灯始终使用倍率二的共享零号蓝色常亮材质
通过：实际运行倍率在零至二之间且每半秒线性单向插值，误差不超过一物理帧
通过：本轮运行期间只有同一个有效补间
通过：本机闪烁不修改另一台运行副本或两份共享蓝色材质倍率
通过：另一台完成灯始终使用倍率二的共享零号蓝色常亮材质
通过：另一台完成灯始终使用倍率二的共享零号蓝色常亮材质
通过：实际运行倍率在零至二之间且每半秒线性单向插值，误差不超过一物理帧
通过：本轮运行期间只有同一个有效补间
通过：本机闪烁不修改另一台运行副本或两份共享蓝色材质倍率
通过：另一台完成灯始终使用倍率二的共享零号蓝色常亮材质
通过：另一台完成灯始终使用倍率二的共享零号蓝色常亮材质
通过：实际运行倍率在零至二之间且每半秒线性单向插值，误差不超过一物理帧
通过：本轮运行期间只有同一个有效补间
通过：本机闪烁不修改另一台运行副本或两份共享蓝色材质倍率
通过：另一台完成灯始终使用倍率二的共享零号蓝色常亮材质
通过：另一台完成灯始终使用倍率二的共享零号蓝色常亮材质
通过：实际运行倍率在零至二之间且每半秒线性单向插值，误差不超过一物理帧
通过：本轮运行期间只有同一个有效补间
通过：本机闪烁不修改另一台运行副本或两份共享蓝色材质倍率
通过：另一台完成灯始终使用倍率二的共享零号蓝色常亮材质
通过：另一台完成灯始终使用倍率二的共享零号蓝色常亮材质
通过：实际运行倍率在零至二之间且每半秒线性单向插值，误差不超过一物理帧
通过：本轮运行期间只有同一个有效补间
通过：本机闪烁不修改另一台运行副本或两份共享蓝色材质倍率
通过：另一台完成灯始终使用倍率二的共享零号蓝色常亮材质
通过：另一台完成灯始终使用倍率二的共享零号蓝色常亮材质
通过：实际运行倍率在零至二之间且每半秒线性单向插值，误差不超过一物理帧
通过：本轮运行期间只有同一个有效补间
通过：本机闪烁不修改另一台运行副本或两份共享蓝色材质倍率
通过：另一台完成灯始终使用倍率二的共享零号蓝色常亮材质
通过：另一台完成灯始终使用倍率二的共享零号蓝色常亮材质
通过：实际运行倍率在零至二之间且每半秒线性单向插值，误差不超过一物理帧
通过：本轮运行期间只有同一个有效补间
通过：本机闪烁不修改另一台运行副本或两份共享蓝色材质倍率
通过：另一台完成灯始终使用倍率二的共享零号蓝色常亮材质
通过：另一台完成灯始终使用倍率二的共享零号蓝色常亮材质
通过：实际运行倍率在零至二之间且每半秒线性单向插值，误差不超过一物理帧
通过：本轮运行期间只有同一个有效补间
通过：本机闪烁不修改另一台运行副本或两份共享蓝色材质倍率
通过：另一台完成灯始终使用倍率二的共享零号蓝色常亮材质
通过：另一台完成灯始终使用倍率二的共享零号蓝色常亮材质
通过：实际运行倍率在零至二之间且每半秒线性单向插值，误差不超过一物理帧
通过：本轮运行期间只有同一个有效补间
通过：本机闪烁不修改另一台运行副本或两份共享蓝色材质倍率
通过：另一台完成灯始终使用倍率二的共享零号蓝色常亮材质
通过：另一台完成灯始终使用倍率二的共享零号蓝色常亮材质
通过：实际运行倍率在零至二之间且每半秒线性单向插值，误差不超过一物理帧
通过：本轮运行期间只有同一个有效补间
通过：本机闪烁不修改另一台运行副本或两份共享蓝色材质倍率
通过：另一台完成灯始终使用倍率二的共享零号蓝色常亮材质
通过：另一台完成灯始终使用倍率二的共享零号蓝色常亮材质
通过：实际运行倍率在零至二之间且每半秒线性单向插值，误差不超过一物理帧
通过：本轮运行期间只有同一个有效补间
通过：本机闪烁不修改另一台运行副本或两份共享蓝色材质倍率
通过：另一台完成灯始终使用倍率二的共享零号蓝色常亮材质
通过：另一台完成灯始终使用倍率二的共享零号蓝色常亮材质
通过：实际运行倍率在零至二之间且每半秒线性单向插值，误差不超过一物理帧
通过：本轮运行期间只有同一个有效补间
通过：本机闪烁不修改另一台运行副本或两份共享蓝色材质倍率
通过：另一台完成灯始终使用倍率二的共享零号蓝色常亮材质
通过：另一台完成灯始终使用倍率二的共享零号蓝色常亮材质
通过：实际运行倍率在零至二之间且每半秒线性单向插值，误差不超过一物理帧
通过：本轮运行期间只有同一个有效补间
通过：本机闪烁不修改另一台运行副本或两份共享蓝色材质倍率
通过：另一台完成灯始终使用倍率二的共享零号蓝色常亮材质
通过：另一台完成灯始终使用倍率二的共享零号蓝色常亮材质
通过：实际运行倍率在零至二之间且每半秒线性单向插值，误差不超过一物理帧
通过：本轮运行期间只有同一个有效补间
通过：本机闪烁不修改另一台运行副本或两份共享蓝色材质倍率
通过：另一台完成灯始终使用倍率二的共享零号蓝色常亮材质
通过：另一台完成灯始终使用倍率二的共享零号蓝色常亮材质
通过：实际运行倍率在零至二之间且每半秒线性单向插值，误差不超过一物理帧
通过：本轮运行期间只有同一个有效补间
通过：本机闪烁不修改另一台运行副本或两份共享蓝色材质倍率
通过：另一台完成灯始终使用倍率二的共享零号蓝色常亮材质
通过：另一台完成灯始终使用倍率二的共享零号蓝色常亮材质
通过：实际运行倍率在零至二之间且每半秒线性单向插值，误差不超过一物理帧
通过：本轮运行期间只有同一个有效补间
通过：本机闪烁不修改另一台运行副本或两份共享蓝色材质倍率
通过：另一台完成灯始终使用倍率二的共享零号蓝色常亮材质
通过：另一台完成灯始终使用倍率二的共享零号蓝色常亮材质
通过：实际运行倍率在零至二之间且每半秒线性单向插值，误差不超过一物理帧
通过：本轮运行期间只有同一个有效补间
通过：本机闪烁不修改另一台运行副本或两份共享蓝色材质倍率
通过：另一台完成灯始终使用倍率二的共享零号蓝色常亮材质
通过：另一台完成灯始终使用倍率二的共享零号蓝色常亮材质
通过：实际运行倍率在零至二之间且每半秒线性单向插值，误差不超过一物理帧
通过：本轮运行期间只有同一个有效补间
通过：本机闪烁不修改另一台运行副本或两份共享蓝色材质倍率
通过：另一台完成灯始终使用倍率二的共享零号蓝色常亮材质
通过：另一台完成灯始终使用倍率二的共享零号蓝色常亮材质
通过：实际运行倍率在零至二之间且每半秒线性单向插值，误差不超过一物理帧
通过：本轮运行期间只有同一个有效补间
通过：本机闪烁不修改另一台运行副本或两份共享蓝色材质倍率
通过：另一台完成灯始终使用倍率二的共享零号蓝色常亮材质
通过：另一台完成灯始终使用倍率二的共享零号蓝色常亮材质
通过：实际运行倍率在零至二之间且每半秒线性单向插值，误差不超过一物理帧
通过：本轮运行期间只有同一个有效补间
通过：本机闪烁不修改另一台运行副本或两份共享蓝色材质倍率
通过：另一台完成灯始终使用倍率二的共享零号蓝色常亮材质
通过：另一台完成灯始终使用倍率二的共享零号蓝色常亮材质
通过：实际运行倍率在零至二之间且每半秒线性单向插值，误差不超过一物理帧
通过：本轮运行期间只有同一个有效补间
通过：本机闪烁不修改另一台运行副本或两份共享蓝色材质倍率
通过：另一台完成灯始终使用倍率二的共享零号蓝色常亮材质
通过：另一台完成灯始终使用倍率二的共享零号蓝色常亮材质
通过：实际运行倍率在零至二之间且每半秒线性单向插值，误差不超过一物理帧
通过：本轮运行期间只有同一个有效补间
通过：本机闪烁不修改另一台运行副本或两份共享蓝色材质倍率
通过：另一台完成灯始终使用倍率二的共享零号蓝色常亮材质
通过：另一台完成灯始终使用倍率二的共享零号蓝色常亮材质
通过：实际运行倍率在零至二之间且每半秒线性单向插值，误差不超过一物理帧
通过：本轮运行期间只有同一个有效补间
通过：本机闪烁不修改另一台运行副本或两份共享蓝色材质倍率
通过：另一台完成灯始终使用倍率二的共享零号蓝色常亮材质
通过：另一台完成灯始终使用倍率二的共享零号蓝色常亮材质
通过：实际运行倍率在零至二之间且每半秒线性单向插值，误差不超过一物理帧
通过：本轮运行期间只有同一个有效补间
通过：本机闪烁不修改另一台运行副本或两份共享蓝色材质倍率
通过：另一台完成灯始终使用倍率二的共享零号蓝色常亮材质
通过：另一台完成灯始终使用倍率二的共享零号蓝色常亮材质
通过：实际运行倍率在零至二之间且每半秒线性单向插值，误差不超过一物理帧
通过：本轮运行期间只有同一个有效补间
通过：本机闪烁不修改另一台运行副本或两份共享蓝色材质倍率
通过：另一台完成灯始终使用倍率二的共享零号蓝色常亮材质
通过：另一台完成灯始终使用倍率二的共享零号蓝色常亮材质
通过：实际运行倍率在零至二之间且每半秒线性单向插值，误差不超过一物理帧
通过：本轮运行期间只有同一个有效补间
通过：本机闪烁不修改另一台运行副本或两份共享蓝色材质倍率
通过：另一台完成灯始终使用倍率二的共享零号蓝色常亮材质
通过：另一台完成灯始终使用倍率二的共享零号蓝色常亮材质
通过：实际运行倍率在零至二之间且每半秒线性单向插值，误差不超过一物理帧
通过：本轮运行期间只有同一个有效补间
通过：本机闪烁不修改另一台运行副本或两份共享蓝色材质倍率
通过：另一台完成灯始终使用倍率二的共享零号蓝色常亮材质
通过：另一台完成灯始终使用倍率二的共享零号蓝色常亮材质
通过：实际运行倍率在零至二之间且每半秒线性单向插值，误差不超过一物理帧
通过：本轮运行期间只有同一个有效补间
通过：本机闪烁不修改另一台运行副本或两份共享蓝色材质倍率
通过：另一台完成灯始终使用倍率二的共享零号蓝色常亮材质
通过：另一台完成灯始终使用倍率二的共享零号蓝色常亮材质
通过：实际运行倍率在零至二之间且每半秒线性单向插值，误差不超过一物理帧
通过：本轮运行期间只有同一个有效补间
通过：本机闪烁不修改另一台运行副本或两份共享蓝色材质倍率
通过：另一台完成灯始终使用倍率二的共享零号蓝色常亮材质
通过：另一台完成灯始终使用倍率二的共享零号蓝色常亮材质
通过：实际运行倍率在零至二之间且每半秒线性单向插值，误差不超过一物理帧
通过：本轮运行期间只有同一个有效补间
通过：本机闪烁不修改另一台运行副本或两份共享蓝色材质倍率
通过：另一台完成灯始终使用倍率二的共享零号蓝色常亮材质
通过：另一台完成灯始终使用倍率二的共享零号蓝色常亮材质
通过：实际运行倍率在零至二之间且每半秒线性单向插值，误差不超过一物理帧
通过：本轮运行期间只有同一个有效补间
通过：本机闪烁不修改另一台运行副本或两份共享蓝色材质倍率
通过：另一台完成灯始终使用倍率二的共享零号蓝色常亮材质
通过：另一台完成灯始终使用倍率二的共享零号蓝色常亮材质
通过：实际运行倍率在零至二之间且每半秒线性单向插值，误差不超过一物理帧
通过：本轮运行期间只有同一个有效补间
通过：本机闪烁不修改另一台运行副本或两份共享蓝色材质倍率
通过：另一台完成灯始终使用倍率二的共享零号蓝色常亮材质
通过：另一台完成灯始终使用倍率二的共享零号蓝色常亮材质
通过：实际运行倍率在零至二之间且每半秒线性单向插值，误差不超过一物理帧
通过：本轮运行期间只有同一个有效补间
通过：本机闪烁不修改另一台运行副本或两份共享蓝色材质倍率
通过：另一台完成灯始终使用倍率二的共享零号蓝色常亮材质
通过：另一台完成灯始终使用倍率二的共享零号蓝色常亮材质
通过：实际运行倍率在零至二之间且每半秒线性单向插值，误差不超过一物理帧
通过：本轮运行期间只有同一个有效补间
通过：本机闪烁不修改另一台运行副本或两份共享蓝色材质倍率
通过：另一台完成灯始终使用倍率二的共享零号蓝色常亮材质
通过：另一台完成灯始终使用倍率二的共享零号蓝色常亮材质
通过：实际运行倍率在零至二之间且每半秒线性单向插值，误差不超过一物理帧
通过：本轮运行期间只有同一个有效补间
通过：本机闪烁不修改另一台运行副本或两份共享蓝色材质倍率
通过：另一台完成灯始终使用倍率二的共享零号蓝色常亮材质
通过：另一台完成灯始终使用倍率二的共享零号蓝色常亮材质
通过：真实右键归还普通控制
通过：运行中退出聚焦不会终止封装和按钮闪烁
通过：实际运行倍率在零至二之间且每半秒线性单向插值，误差不超过一物理帧
通过：本轮运行期间只有同一个有效补间
通过：本机闪烁不修改另一台运行副本或两份共享蓝色材质倍率
通过：另一台完成灯始终使用倍率二的共享零号蓝色常亮材质
通过：另一台完成灯始终使用倍率二的共享零号蓝色常亮材质
通过：实际运行倍率在零至二之间且每半秒线性单向插值，误差不超过一物理帧
通过：本轮运行期间只有同一个有效补间
通过：本机闪烁不修改另一台运行副本或两份共享蓝色材质倍率
通过：另一台完成灯始终使用倍率二的共享零号蓝色常亮材质
通过：另一台完成灯始终使用倍率二的共享零号蓝色常亮材质
通过：实际运行倍率在零至二之间且每半秒线性单向插值，误差不超过一物理帧
通过：本轮运行期间只有同一个有效补间
通过：本机闪烁不修改另一台运行副本或两份共享蓝色材质倍率
通过：另一台完成灯始终使用倍率二的共享零号蓝色常亮材质
通过：另一台完成灯始终使用倍率二的共享零号蓝色常亮材质
通过：实际运行倍率在零至二之间且每半秒线性单向插值，误差不超过一物理帧
通过：本轮运行期间只有同一个有效补间
通过：本机闪烁不修改另一台运行副本或两份共享蓝色材质倍率
通过：另一台完成灯始终使用倍率二的共享零号蓝色常亮材质
通过：另一台完成灯始终使用倍率二的共享零号蓝色常亮材质
通过：实际运行倍率在零至二之间且每半秒线性单向插值，误差不超过一物理帧
通过：本轮运行期间只有同一个有效补间
通过：本机闪烁不修改另一台运行副本或两份共享蓝色材质倍率
通过：另一台完成灯始终使用倍率二的共享零号蓝色常亮材质
通过：另一台完成灯始终使用倍率二的共享零号蓝色常亮材质
通过：实际运行倍率在零至二之间且每半秒线性单向插值，误差不超过一物理帧
通过：本轮运行期间只有同一个有效补间
通过：本机闪烁不修改另一台运行副本或两份共享蓝色材质倍率
通过：另一台完成灯始终使用倍率二的共享零号蓝色常亮材质
通过：另一台完成灯始终使用倍率二的共享零号蓝色常亮材质
通过：实际运行倍率在零至二之间且每半秒线性单向插值，误差不超过一物理帧
通过：本轮运行期间只有同一个有效补间
通过：本机闪烁不修改另一台运行副本或两份共享蓝色材质倍率
通过：另一台完成灯始终使用倍率二的共享零号蓝色常亮材质
通过：另一台完成灯始终使用倍率二的共享零号蓝色常亮材质
通过：实际运行倍率在零至二之间且每半秒线性单向插值，误差不超过一物理帧
通过：本轮运行期间只有同一个有效补间
通过：本机闪烁不修改另一台运行副本或两份共享蓝色材质倍率
通过：另一台完成灯始终使用倍率二的共享零号蓝色常亮材质
通过：另一台完成灯始终使用倍率二的共享零号蓝色常亮材质
通过：实际运行倍率在零至二之间且每半秒线性单向插值，误差不超过一物理帧
通过：本轮运行期间只有同一个有效补间
通过：本机闪烁不修改另一台运行副本或两份共享蓝色材质倍率
通过：另一台完成灯始终使用倍率二的共享零号蓝色常亮材质
通过：另一台完成灯始终使用倍率二的共享零号蓝色常亮材质
通过：实际运行倍率在零至二之间且每半秒线性单向插值，误差不超过一物理帧
通过：本轮运行期间只有同一个有效补间
通过：本机闪烁不修改另一台运行副本或两份共享蓝色材质倍率
通过：另一台完成灯始终使用倍率二的共享零号蓝色常亮材质
通过：另一台完成灯始终使用倍率二的共享零号蓝色常亮材质
通过：实际运行倍率在零至二之间且每半秒线性单向插值，误差不超过一物理帧
通过：本轮运行期间只有同一个有效补间
通过：本机闪烁不修改另一台运行副本或两份共享蓝色材质倍率
通过：另一台完成灯始终使用倍率二的共享零号蓝色常亮材质
通过：另一台完成灯始终使用倍率二的共享零号蓝色常亮材质
通过：实际运行倍率在零至二之间且每半秒线性单向插值，误差不超过一物理帧
通过：本轮运行期间只有同一个有效补间
通过：本机闪烁不修改另一台运行副本或两份共享蓝色材质倍率
通过：另一台完成灯始终使用倍率二的共享零号蓝色常亮材质
通过：另一台完成灯始终使用倍率二的共享零号蓝色常亮材质
通过：实际运行倍率在零至二之间且每半秒线性单向插值，误差不超过一物理帧
通过：本轮运行期间只有同一个有效补间
通过：本机闪烁不修改另一台运行副本或两份共享蓝色材质倍率
通过：另一台完成灯始终使用倍率二的共享零号蓝色常亮材质
通过：另一台完成灯始终使用倍率二的共享零号蓝色常亮材质
通过：实际运行倍率在零至二之间且每半秒线性单向插值，误差不超过一物理帧
通过：本轮运行期间只有同一个有效补间
通过：本机闪烁不修改另一台运行副本或两份共享蓝色材质倍率
通过：另一台完成灯始终使用倍率二的共享零号蓝色常亮材质
通过：另一台完成灯始终使用倍率二的共享零号蓝色常亮材质
通过：实际运行倍率在零至二之间且每半秒线性单向插值，误差不超过一物理帧
通过：本轮运行期间只有同一个有效补间
通过：本机闪烁不修改另一台运行副本或两份共享蓝色材质倍率
通过：另一台完成灯始终使用倍率二的共享零号蓝色常亮材质
通过：另一台完成灯始终使用倍率二的共享零号蓝色常亮材质
通过：实际运行倍率在零至二之间且每半秒线性单向插值，误差不超过一物理帧
通过：本轮运行期间只有同一个有效补间
通过：本机闪烁不修改另一台运行副本或两份共享蓝色材质倍率
通过：另一台完成灯始终使用倍率二的共享零号蓝色常亮材质
通过：另一台完成灯始终使用倍率二的共享零号蓝色常亮材质
通过：实际运行倍率在零至二之间且每半秒线性单向插值，误差不超过一物理帧
通过：本轮运行期间只有同一个有效补间
通过：本机闪烁不修改另一台运行副本或两份共享蓝色材质倍率
通过：另一台完成灯始终使用倍率二的共享零号蓝色常亮材质
通过：另一台完成灯始终使用倍率二的共享零号蓝色常亮材质
通过：实际运行倍率在零至二之间且每半秒线性单向插值，误差不超过一物理帧
通过：本轮运行期间只有同一个有效补间
通过：本机闪烁不修改另一台运行副本或两份共享蓝色材质倍率
通过：另一台完成灯始终使用倍率二的共享零号蓝色常亮材质
通过：另一台完成灯始终使用倍率二的共享零号蓝色常亮材质
通过：实际运行倍率在零至二之间且每半秒线性单向插值，误差不超过一物理帧
通过：本轮运行期间只有同一个有效补间
通过：本机闪烁不修改另一台运行副本或两份共享蓝色材质倍率
通过：另一台完成灯始终使用倍率二的共享零号蓝色常亮材质
通过：另一台完成灯始终使用倍率二的共享零号蓝色常亮材质
通过：实际运行倍率在零至二之间且每半秒线性单向插值，误差不超过一物理帧
通过：本轮运行期间只有同一个有效补间
通过：本机闪烁不修改另一台运行副本或两份共享蓝色材质倍率
通过：另一台完成灯始终使用倍率二的共享零号蓝色常亮材质
通过：另一台完成灯始终使用倍率二的共享零号蓝色常亮材质
通过：实际运行倍率在零至二之间且每半秒线性单向插值，误差不超过一物理帧
通过：本轮运行期间只有同一个有效补间
通过：本机闪烁不修改另一台运行副本或两份共享蓝色材质倍率
通过：另一台完成灯始终使用倍率二的共享零号蓝色常亮材质
通过：另一台完成灯始终使用倍率二的共享零号蓝色常亮材质
通过：实际运行倍率在零至二之间且每半秒线性单向插值，误差不超过一物理帧
通过：本轮运行期间只有同一个有效补间
通过：本机闪烁不修改另一台运行副本或两份共享蓝色材质倍率
通过：另一台完成灯始终使用倍率二的共享零号蓝色常亮材质
通过：另一台完成灯始终使用倍率二的共享零号蓝色常亮材质
通过：实际运行倍率在零至二之间且每半秒线性单向插值，误差不超过一物理帧
通过：本轮运行期间只有同一个有效补间
通过：本机闪烁不修改另一台运行副本或两份共享蓝色材质倍率
通过：另一台完成灯始终使用倍率二的共享零号蓝色常亮材质
通过：另一台完成灯始终使用倍率二的共享零号蓝色常亮材质
通过：实际运行倍率在零至二之间且每半秒线性单向插值，误差不超过一物理帧
通过：本轮运行期间只有同一个有效补间
通过：本机闪烁不修改另一台运行副本或两份共享蓝色材质倍率
通过：另一台完成灯始终使用倍率二的共享零号蓝色常亮材质
通过：另一台完成灯始终使用倍率二的共享零号蓝色常亮材质
通过：实际运行倍率在零至二之间且每半秒线性单向插值，误差不超过一物理帧
通过：本轮运行期间只有同一个有效补间
通过：本机闪烁不修改另一台运行副本或两份共享蓝色材质倍率
通过：另一台完成灯始终使用倍率二的共享零号蓝色常亮材质
通过：另一台完成灯始终使用倍率二的共享零号蓝色常亮材质
通过：实际运行倍率在零至二之间且每半秒线性单向插值，误差不超过一物理帧
通过：本轮运行期间只有同一个有效补间
通过：本机闪烁不修改另一台运行副本或两份共享蓝色材质倍率
通过：另一台完成灯始终使用倍率二的共享零号蓝色常亮材质
通过：另一台完成灯始终使用倍率二的共享零号蓝色常亮材质
通过：实际运行倍率在零至二之间且每半秒线性单向插值，误差不超过一物理帧
通过：本轮运行期间只有同一个有效补间
通过：本机闪烁不修改另一台运行副本或两份共享蓝色材质倍率
通过：另一台完成灯始终使用倍率二的共享零号蓝色常亮材质
通过：另一台完成灯始终使用倍率二的共享零号蓝色常亮材质
通过：实际运行倍率在零至二之间且每半秒线性单向插值，误差不超过一物理帧
通过：本轮运行期间只有同一个有效补间
通过：本机闪烁不修改另一台运行副本或两份共享蓝色材质倍率
通过：另一台完成灯始终使用倍率二的共享零号蓝色常亮材质
通过：另一台完成灯始终使用倍率二的共享零号蓝色常亮材质
通过：实际运行倍率在零至二之间且每半秒线性单向插值，误差不超过一物理帧
通过：本轮运行期间只有同一个有效补间
通过：本机闪烁不修改另一台运行副本或两份共享蓝色材质倍率
通过：另一台完成灯始终使用倍率二的共享零号蓝色常亮材质
通过：另一台完成灯始终使用倍率二的共享零号蓝色常亮材质
通过：实际运行倍率在零至二之间且每半秒线性单向插值，误差不超过一物理帧
通过：本轮运行期间只有同一个有效补间
通过：本机闪烁不修改另一台运行副本或两份共享蓝色材质倍率
通过：另一台完成灯始终使用倍率二的共享零号蓝色常亮材质
通过：另一台完成灯始终使用倍率二的共享零号蓝色常亮材质
通过：实际运行倍率在零至二之间且每半秒线性单向插值，误差不超过一物理帧
通过：本轮运行期间只有同一个有效补间
通过：本机闪烁不修改另一台运行副本或两份共享蓝色材质倍率
通过：另一台完成灯始终使用倍率二的共享零号蓝色常亮材质
通过：另一台完成灯始终使用倍率二的共享零号蓝色常亮材质
通过：实际运行倍率在零至二之间且每半秒线性单向插值，误差不超过一物理帧
通过：本轮运行期间只有同一个有效补间
通过：本机闪烁不修改另一台运行副本或两份共享蓝色材质倍率
通过：另一台完成灯始终使用倍率二的共享零号蓝色常亮材质
通过：另一台完成灯始终使用倍率二的共享零号蓝色常亮材质
通过：实际运行倍率在零至二之间且每半秒线性单向插值，误差不超过一物理帧
通过：本轮运行期间只有同一个有效补间
通过：本机闪烁不修改另一台运行副本或两份共享蓝色材质倍率
通过：另一台完成灯始终使用倍率二的共享零号蓝色常亮材质
通过：另一台完成灯始终使用倍率二的共享零号蓝色常亮材质
通过：实际运行倍率在零至二之间且每半秒线性单向插值，误差不超过一物理帧
通过：本轮运行期间只有同一个有效补间
通过：本机闪烁不修改另一台运行副本或两份共享蓝色材质倍率
通过：另一台完成灯始终使用倍率二的共享零号蓝色常亮材质
通过：另一台完成灯始终使用倍率二的共享零号蓝色常亮材质
通过：实际运行倍率在零至二之间且每半秒线性单向插值，误差不超过一物理帧
通过：本轮运行期间只有同一个有效补间
通过：本机闪烁不修改另一台运行副本或两份共享蓝色材质倍率
通过：另一台完成灯始终使用倍率二的共享零号蓝色常亮材质
通过：另一台完成灯始终使用倍率二的共享零号蓝色常亮材质
通过：实际运行倍率在零至二之间且每半秒线性单向插值，误差不超过一物理帧
通过：本轮运行期间只有同一个有效补间
通过：本机闪烁不修改另一台运行副本或两份共享蓝色材质倍率
通过：另一台完成灯始终使用倍率二的共享零号蓝色常亮材质
通过：另一台完成灯始终使用倍率二的共享零号蓝色常亮材质
通过：实际运行倍率在零至二之间且每半秒线性单向插值，误差不超过一物理帧
通过：本轮运行期间只有同一个有效补间
通过：本机闪烁不修改另一台运行副本或两份共享蓝色材质倍率
通过：另一台完成灯始终使用倍率二的共享零号蓝色常亮材质
通过：另一台完成灯始终使用倍率二的共享零号蓝色常亮材质
通过：实际运行倍率在零至二之间且每半秒线性单向插值，误差不超过一物理帧
通过：本轮运行期间只有同一个有效补间
通过：本机闪烁不修改另一台运行副本或两份共享蓝色材质倍率
通过：另一台完成灯始终使用倍率二的共享零号蓝色常亮材质
通过：另一台完成灯始终使用倍率二的共享零号蓝色常亮材质
通过：实际运行倍率在零至二之间且每半秒线性单向插值，误差不超过一物理帧
通过：本轮运行期间只有同一个有效补间
通过：本机闪烁不修改另一台运行副本或两份共享蓝色材质倍率
通过：另一台完成灯始终使用倍率二的共享零号蓝色常亮材质
通过：另一台完成灯始终使用倍率二的共享零号蓝色常亮材质
通过：波形覆盖两秒批次、暂停恢复、时间缩放、重复刷新、明暗采样与退出聚焦
通过：两秒有效游戏时间后真实提交完成三灯常亮并清除运行补间
通过：成功完成后本轮运行补间已终止
通过：时间缩放和暂停后仍由两秒有效游戏时间决定完成
通过：另一台完成待取显示在本机整个批次期间保持
通过：真实右键归还普通控制
通过：正式公开入口进入目标封装机聚焦
通过：目标封装机聚焦稳定完成
通过：正式库存事务成功取走本轮完成胶囊
通过：本轮胶囊成功取走同步恢复红色按钮与灰色双完成灯
通过：两台真实封装器配置有效
通过：两槽初始为空且没有类型选择
通过：设备初始化：开始按钮使用指定固定材质
通过：设备初始化：没有残留按钮闪烁补间
通过：设备初始化：第0盏完成灯保持指定灰色材质
通过：设备初始化：第1盏完成灯保持指定灰色材质
通过：无图形夹具通过正式会话入口建立聚焦
通过：正式设备进入稳定聚焦
通过：初始按钮红色、双完成灯灰色且没有补间
通过：准备含合法源内容的独立满罐实例
通过：正式库存入口接收独立满罐实例
通过：正式库存事务将满罐放入目标封装机
通过：正式门入口打开目标封装机舱门
通过：胶囊放入前真实舱门完全打开
通过：正式库存入口接收独立空胶囊
通过：正式库存事务将空胶囊放入目标封装机
通过：正式类型选择入口接受合法类型
通过：真实类型动画结束并保留合法选择
通过：完整合法输入、有效类型、玩家聚焦和交互许可使按钮蓝色常亮
通过：连续批次正式开始按钮入口实际接受请求
通过：连续批次启动后按钮闪烁且双完成灯仍为灰色
通过：连续批次建立新编号和唯一新补间
通过：连续批次成功完成后停闪并显示三灯常亮
通过：连续批次完成后旧循环不残留
通过：完成待取阶段允许正式门入口关闭舱门
通过：完成待取关门不会改变三个灯
通过：完成待取阶段允许正式门入口重新开门
通过：完成待取开门不会改变三个灯
通过：真实右键归还普通控制
通过：正式公开入口进入目标封装机聚焦
通过：目标封装机聚焦稳定完成
通过：完成后退出再进入聚焦仍保持三个灯
通过：完成后正式库存事务先取空罐
通过：先取空罐不会提前重置完成显示
通过：成功取空罐后切换到空道具格
通过：正式库存事务再成功取走本轮完成胶囊
通过：连续批次每次成功取走本轮胶囊均重置三个灯
通过：成功取走清除本机完成记录及类型选择
通过：胶囊成功取走后的真实类型复位动画结束再准备下一轮
通过：第二轮准备使用另一个空道具格
通过：准备含合法源内容的独立满罐实例
通过：正式库存入口接收独立满罐实例
通过：正式库存事务将满罐放入目标封装机
通过：胶囊放入前真实舱门完全打开
通过：正式库存入口接收独立空胶囊
通过：正式库存事务将空胶囊放入目标封装机
通过：正式类型选择入口接受合法类型
通过：真实类型动画结束并保留合法选择
通过：连续第二轮再次满足正式完整许可而就绪
通过：连续批次正式开始按钮入口实际接受请求
通过：连续批次启动后按钮闪烁且双完成灯仍为灰色
通过：连续批次建立新编号和唯一新补间
通过：连续批次成功完成后停闪并显示三灯常亮
通过：连续批次完成后旧循环不残留
通过：完成待取阶段允许正式门入口关闭舱门
通过：完成待取关门不会改变三个灯
通过：完成待取阶段允许正式门入口重新开门
通过：完成待取开门不会改变三个灯
通过：真实右键归还普通控制
通过：正式公开入口进入目标封装机聚焦
通过：目标封装机聚焦稳定完成
通过：完成后退出再进入聚焦仍保持三个灯
通过：完成后正式库存事务先取空罐
通过：先取空罐不会提前重置完成显示
通过：成功取空罐后切换到空道具格
通过：正式库存事务再成功取走本轮完成胶囊
通过：连续批次每次成功取走本轮胶囊均重置三个灯
通过：成功取走清除本机完成记录及类型选择
通过：两台真实封装器配置有效
通过：两槽初始为空且没有类型选择
通过：设备初始化：开始按钮使用指定固定材质
通过：设备初始化：没有残留按钮闪烁补间
通过：设备初始化：第0盏完成灯保持指定灰色材质
通过：设备初始化：第1盏完成灯保持指定灰色材质
通过：无图形夹具通过正式会话入口建立聚焦
通过：正式设备进入稳定聚焦
通过：初始按钮红色、双完成灯灰色且没有补间
通过：故障注入满罐仅拒绝静默清空，允许正常装填且逐件实例合法
通过：正式库存入口接收故障注入的合法满罐实例
通过：正式库存事务保持故障注入满罐来源身份
通过：正式门入口打开目标封装机舱门
通过：胶囊放入前真实舱门完全打开
通过：正式库存入口接收独立空胶囊
通过：正式库存事务将空胶囊放入目标封装机
通过：正式类型选择入口接受合法类型
通过：真实类型动画结束并保留合法选择
通过：共同提交回滚注入前真实预检许可与就绪灯态成立
通过：共同提交回滚故障注入通过正式按钮入口实际启动
通过：共同提交回滚注入运行阶段仍按正常规则闪烁
通过：同步失败通知证明正式共同提交拒绝分支实际执行
通过：同步失败通知前胶囊曾实际写入，静默清罐被拒绝且源内容写回成功
通过：同步失败通知已经观察到完整回滚、原满罐源保留和空完成记录
通过：共同提交回滚的同步失败通知观察到红色按钮、灰色双完成灯且没有补间
通过：同步失败通知已停止本轮补间及运行，并保留原有故障锁
通过：真实批次恰好一次进入共同提交拒绝分支、恢复源内容并通知故障
通过：正式共同提交先写胶囊后拒绝清罐，最终两件内容成对恢复
通过：共同提交回滚保留正式两槽占用与两件原来源身份
通过：共同提交回滚保留满罐与空胶囊的实际原外观
通过：共同提交回滚没有完成记录且保留既有故障锁
通过：共同提交回滚结束后按钮红色、双完成灯灰色且无残留补间
通过：两台真实封装器配置有效
通过：两槽初始为空且没有类型选择
通过：设备初始化：开始按钮使用指定固定材质
通过：设备初始化：没有残留按钮闪烁补间
通过：设备初始化：第0盏完成灯保持指定灰色材质
通过：设备初始化：第1盏完成灯保持指定灰色材质
通过：无图形夹具通过正式会话入口建立聚焦
通过：正式设备进入稳定聚焦
通过：初始按钮红色、双完成灯灰色且没有补间
通过：准备含合法源内容的独立满罐实例
通过：正式库存入口接收独立满罐实例
通过：正式库存事务将满罐放入目标封装机
通过：正式门入口打开目标封装机舱门
通过：胶囊放入前真实舱门完全打开
通过：正式库存入口接收独立空胶囊
通过：正式库存事务将空胶囊放入目标封装机
通过：正式类型选择入口接受合法类型
通过：真实类型动画结束并保留合法选择
通过：完整合法输入、有效类型、玩家聚焦和交互许可使按钮蓝色常亮
通过：取回来源复核验收先正式完成一个真实封装批次
通过：取回来源复核注入前本轮胶囊完成且三灯常亮
通过：故障注入替换来源也是同定义的合法完成胶囊实例
通过：候选准备前真实完成胶囊满足正式取回许可
通过：正式显示器父类已生成真实合法候选之后同步改变来源实例身份
通过：正式取回来源身份复核拒绝请求并释放已经生成的合法候选
通过：来源复核失败保留原胶囊槽占用、库存空格并结束取放事务
通过：来源复核失败保留本机原完成记录且没有库存变化通知
通过：合法候选生成后的来源复核失败保持三个灯完成常亮且无运行补间
通过：来源实例与正式显示器恢复后仍保持本轮完成显示
通过：恢复原来源与正式显示器后真实库存事务可成功取走本轮胶囊
通过：来源复核故障恢复后的成功取走才触发三灯重置
通过：两台真实封装器配置有效
通过：两槽初始为空且没有类型选择
通过：设备初始化：开始按钮使用指定固定材质
通过：设备初始化：没有残留按钮闪烁补间
通过：设备初始化：第0盏完成灯保持指定灰色材质
通过：设备初始化：第1盏完成灯保持指定灰色材质
通过：无图形夹具通过正式会话入口建立聚焦
通过：正式设备进入稳定聚焦
通过：初始按钮红色、双完成灯灰色且没有补间
通过：准备含合法源内容的独立满罐实例
通过：正式库存入口接收独立满罐实例
通过：正式库存事务将满罐放入目标封装机
通过：正式门入口打开目标封装机舱门
通过：胶囊放入前真实舱门完全打开
通过：正式库存入口接收独立空胶囊
通过：正式库存事务将空胶囊放入目标封装机
通过：正式类型选择入口接受合法类型
通过：真实类型动画结束并保留合法选择
通过：完整合法输入、有效类型、玩家聚焦和交互许可使按钮蓝色常亮
通过：整机退出验收先通过真实入口启动批次
通过：运行整机释放后终止补间并无残留循环
通过：两台真实封装器配置有效
通过：两槽初始为空且没有类型选择
通过：设备初始化：开始按钮使用指定固定材质
通过：设备初始化：没有残留按钮闪烁补间
通过：设备初始化：第0盏完成灯保持指定灰色材质
通过：设备初始化：第1盏完成灯保持指定灰色材质
通过：无图形夹具通过正式会话入口建立聚焦
通过：正式设备进入稳定聚焦
通过：初始按钮红色、双完成灯灰色且没有补间
通过：准备含合法源内容的独立满罐实例
通过：正式库存入口接收独立满罐实例
通过：正式库存事务将满罐放入目标封装机
通过：正式门入口打开目标封装机舱门
通过：胶囊放入前真实舱门完全打开
通过：正式库存入口接收独立空胶囊
通过：正式库存事务将空胶囊放入目标封装机
通过：正式类型选择入口接受合法类型
通过：真实类型动画结束并保留合法选择
通过：完整合法输入、有效类型、玩家聚焦和交互许可使按钮蓝色常亮
通过：整机退出验收先通过真实入口启动批次
通过：运行整机移出场景后终止补间并无残留循环
通过：整机移出场景后清空补间引用
通过：两台真实封装器配置有效
通过：两槽初始为空且没有类型选择
通过：设备初始化：开始按钮使用指定固定材质
通过：设备初始化：没有残留按钮闪烁补间
通过：设备初始化：第0盏完成灯保持指定灰色材质
通过：设备初始化：第1盏完成灯保持指定灰色材质
通过：无图形夹具通过正式会话入口建立聚焦
通过：正式设备进入稳定聚焦
通过：初始按钮红色、双完成灯灰色且没有补间
通过：准备含合法源内容的独立满罐实例
通过：正式库存入口接收独立满罐实例
通过：正式库存事务将满罐放入目标封装机
通过：正式门入口打开目标封装机舱门
通过：胶囊放入前真实舱门完全打开
通过：正式库存入口接收独立空胶囊
通过：正式库存事务将空胶囊放入目标封装机
通过：正式类型选择入口接受合法类型
通过：真实类型动画结束并保留合法选择
通过：完整合法输入、有效类型、玩家聚焦和交互许可使按钮蓝色常亮
通过：显示依赖校验拒绝属于另一台机器的开始按钮
通过：开始按钮和按钮网格同时属于另一台机器时仍由本机父级校验拒绝
通过：显示依赖校验拒绝混入另一台机器的完成灯网格
通过：只读显示依赖校验没有改变合法机器或另一台材质
通过：运行中显示引用失效验收通过真实入口启动批次
通过：运行按钮网格误绑定另一台机器时停显并清理补间
通过：非法按钮网格归属不会污染另一台机器的材质
通过：显示引用归属失效不改变原业务运行或制造故障
通过：显示引用归属失效后正式业务仍完成封装批次
通过：两台真实封装器配置有效
通过：两槽初始为空且没有类型选择
通过：设备初始化：开始按钮使用指定固定材质
通过：设备初始化：没有残留按钮闪烁补间
通过：设备初始化：第0盏完成灯保持指定灰色材质
通过：设备初始化：第1盏完成灯保持指定灰色材质
通过：无图形夹具通过正式会话入口建立聚焦
通过：正式设备进入稳定聚焦
通过：初始按钮红色、双完成灯灰色且没有补间
通过：准备含合法源内容的独立满罐实例
通过：正式库存入口接收独立满罐实例
通过：正式库存事务将满罐放入目标封装机
通过：正式门入口打开目标封装机舱门
通过：胶囊放入前真实舱门完全打开
通过：正式库存入口接收独立空胶囊
通过：正式库存事务将空胶囊放入目标封装机
通过：正式类型选择入口接受合法类型
通过：真实类型动画结束并保留合法选择
通过：完整合法输入、有效类型、玩家聚焦和交互许可使按钮蓝色常亮
通过：按钮灯删除验收先通过真实入口启动批次
通过：按钮灯网格释放后终止运行补间并清空引用
通过：按钮显示依赖失效不改变原有业务运行和故障规则
通过：按钮灯释放后业务仍成功共同提交本轮封装
封装提示灯专项验收断言数：1019；失败总数：0；波形最大误差：0.00000007947283
