Godot Engine v4.6.1.stable.official.14d19694e - https://godotengine.org

通过：两台真实封装器配置有效
通过：两槽初始为空且没有类型选择
通过：设备初始化：开始按钮使用指定固定材质
通过：设备初始化：没有残留按钮闪烁补间
通过：设备初始化：第0盏完成灯保持指定灰色材质
通过：设备初始化：第1盏完成灯保持指定灰色材质
通过：无图形夹具通过正式会话入口建立聚焦
通过：正式设备进入稳定聚焦
通过：准备完整内容满罐实例
通过：选中空格接收液体罐实例
通过：真实罐位点击保持原实例且移除库存来源
通过：胶囊取放前舱门完全打开
通过：选中空格接收胶囊实例
通过：真实胶囊位点击保持原实例且移除库存来源
通过：第0轮类型0第一次拨动稳定开启且无运动故障
通过：第0轮类型0第二次拨动稳定关闭且无运动故障
通过：第0轮类型1第一次拨动稳定开启且无运动故障
通过：第0轮类型1第二次拨动稳定关闭且无运动故障
通过：第0轮类型2第一次拨动稳定开启且无运动故障
通过：第0轮类型2第二次拨动稳定关闭且无运动故障
通过：第1轮类型0第一次拨动稳定开启且无运动故障
通过：第1轮类型0第二次拨动稳定关闭且无运动故障
通过：第1轮类型1第一次拨动稳定开启且无运动故障
通过：第1轮类型1第二次拨动稳定关闭且无运动故障
通过：第1轮类型2第一次拨动稳定开启且无运动故障
通过：第1轮类型2第二次拨动稳定关闭且无运动故障
通过：第2轮类型0第一次拨动稳定开启且无运动故障
通过：第2轮类型0第二次拨动稳定关闭且无运动故障
通过：第2轮类型1第一次拨动稳定开启且无运动故障
通过：第2轮类型1第二次拨动稳定关闭且无运动故障
通过：第2轮类型2第一次拨动稳定开启且无运动故障
通过：第2轮类型2第二次拨动稳定关闭且无运动故障
通过：第3轮类型0第一次拨动稳定开启且无运动故障
通过：第3轮类型0第二次拨动稳定关闭且无运动故障
通过：第3轮类型1第一次拨动稳定开启且无运动故障
通过：第3轮类型1第二次拨动稳定关闭且无运动故障
通过：第3轮类型2第一次拨动稳定开启且无运动故障
通过：第3轮类型2第二次拨动稳定关闭且无运动故障
通过：第4轮类型0第一次拨动稳定开启且无运动故障
通过：第4轮类型0第二次拨动稳定关闭且无运动故障
通过：第4轮类型1第一次拨动稳定开启且无运动故障
通过：第4轮类型1第二次拨动稳定关闭且无运动故障
通过：第4轮类型2第一次拨动稳定开启且无运动故障
通过：第4轮类型2第二次拨动稳定关闭且无运动故障
通过：第5轮类型0第一次拨动稳定开启且无运动故障
通过：第5轮类型0第二次拨动稳定关闭且无运动故障
通过：第5轮类型1第一次拨动稳定开启且无运动故障
通过：第5轮类型1第二次拨动稳定关闭且无运动故障
通过：第5轮类型2第一次拨动稳定开启且无运动故障
通过：第5轮类型2第二次拨动稳定关闭且无运动故障
重复拨动验收断言数：50；失败总数：0
