Godot Engine v4.6.1.stable.official.14d19694e - https://godotengine.org

通过：正式机器初始化成功
通过：正式玩家进入舱门测试聚焦会话
通过：正式玩家完成舱门测试聚焦过渡
通过：正式舱门接受运动请求
通过：第0轮控制件type_switch_0抵达开启端帧
通过：第0轮控制件type_switch_1抵达开启端帧
通过：第0轮控制件type_switch_2抵达开启端帧
通过：第0轮控制件door_capsules_input_bay抵达开启端帧
通过：正式舱门接受运动请求
通过：第0轮控制件type_switch_0抵达关闭端帧
通过：第0轮控制件type_switch_1抵达关闭端帧
通过：第0轮控制件type_switch_2抵达关闭端帧
通过：第0轮控制件door_capsules_input_bay抵达关闭端帧
通过：正式舱门接受运动请求
通过：第1轮控制件type_switch_0抵达开启端帧
通过：第1轮控制件type_switch_1抵达开启端帧
通过：第1轮控制件type_switch_2抵达开启端帧
通过：第1轮控制件door_capsules_input_bay抵达开启端帧
通过：正式舱门接受运动请求
通过：第1轮控制件type_switch_0抵达关闭端帧
通过：第1轮控制件type_switch_1抵达关闭端帧
通过：第1轮控制件type_switch_2抵达关闭端帧
通过：第1轮控制件door_capsules_input_bay抵达关闭端帧
通过：正式舱门接受运动请求
通过：第2轮控制件type_switch_0抵达开启端帧
通过：第2轮控制件type_switch_1抵达开启端帧
通过：第2轮控制件type_switch_2抵达开启端帧
通过：第2轮控制件door_capsules_input_bay抵达开启端帧
通过：正式舱门接受运动请求
通过：第2轮控制件type_switch_0抵达关闭端帧
通过：第2轮控制件type_switch_1抵达关闭端帧
通过：第2轮控制件type_switch_2抵达关闭端帧
通过：第2轮控制件door_capsules_input_bay抵达关闭端帧
通过：正式舱门接受运动请求
通过：第3轮控制件type_switch_0抵达开启端帧
通过：第3轮控制件type_switch_1抵达开启端帧
通过：第3轮控制件type_switch_2抵达开启端帧
通过：第3轮控制件door_capsules_input_bay抵达开启端帧
通过：正式舱门接受运动请求
通过：第3轮控制件type_switch_0抵达关闭端帧
通过：第3轮控制件type_switch_1抵达关闭端帧
通过：第3轮控制件type_switch_2抵达关闭端帧
通过：第3轮控制件door_capsules_input_bay抵达关闭端帧
通过：正式舱门接受运动请求
通过：第4轮控制件type_switch_0抵达开启端帧
通过：第4轮控制件type_switch_1抵达开启端帧
通过：第4轮控制件type_switch_2抵达开启端帧
通过：第4轮控制件door_capsules_input_bay抵达开启端帧
通过：正式舱门接受运动请求
通过：第4轮控制件type_switch_0抵达关闭端帧
通过：第4轮控制件type_switch_1抵达关闭端帧
通过：第4轮控制件type_switch_2抵达关闭端帧
通过：第4轮控制件door_capsules_input_bay抵达关闭端帧
通过：正式舱门接受运动请求
通过：第5轮控制件type_switch_0抵达开启端帧
通过：第5轮控制件type_switch_1抵达开启端帧
通过：第5轮控制件type_switch_2抵达开启端帧
通过：第5轮控制件door_capsules_input_bay抵达开启端帧
通过：正式舱门接受运动请求
通过：第5轮控制件type_switch_0抵达关闭端帧
通过：第5轮控制件type_switch_1抵达关闭端帧
通过：第5轮控制件type_switch_2抵达关闭端帧
通过：第5轮控制件door_capsules_input_bay抵达关闭端帧
通过：正式舱门接受运动请求
通过：第6轮控制件type_switch_0抵达开启端帧
通过：第6轮控制件type_switch_1抵达开启端帧
通过：第6轮控制件type_switch_2抵达开启端帧
通过：第6轮控制件door_capsules_input_bay抵达开启端帧
通过：正式舱门接受运动请求
通过：第6轮控制件type_switch_0抵达关闭端帧
通过：第6轮控制件type_switch_1抵达关闭端帧
通过：第6轮控制件type_switch_2抵达关闭端帧
通过：第6轮控制件door_capsules_input_bay抵达关闭端帧
通过：正式舱门接受运动请求
通过：第7轮控制件type_switch_0抵达开启端帧
通过：第7轮控制件type_switch_1抵达开启端帧
通过：第7轮控制件type_switch_2抵达开启端帧
通过：第7轮控制件door_capsules_input_bay抵达开启端帧
通过：正式舱门接受运动请求
通过：第7轮控制件type_switch_0抵达关闭端帧
通过：第7轮控制件type_switch_1抵达关闭端帧
通过：第7轮控制件type_switch_2抵达关闭端帧
通过：第7轮控制件door_capsules_input_bay抵达关闭端帧
通过：正式舱门接受运动请求
通过：第8轮控制件type_switch_0抵达开启端帧
通过：第8轮控制件type_switch_1抵达开启端帧
通过：第8轮控制件type_switch_2抵达开启端帧
通过：第8轮控制件door_capsules_input_bay抵达开启端帧
通过：正式舱门接受运动请求
通过：第8轮控制件type_switch_0抵达关闭端帧
通过：第8轮控制件type_switch_1抵达关闭端帧
通过：第8轮控制件type_switch_2抵达关闭端帧
通过：第8轮控制件door_capsules_input_bay抵达关闭端帧
通过：正式舱门接受运动请求
通过：第9轮控制件type_switch_0抵达开启端帧
通过：第9轮控制件type_switch_1抵达开启端帧
通过：第9轮控制件type_switch_2抵达开启端帧
通过：第9轮控制件door_capsules_input_bay抵达开启端帧
通过：正式舱门接受运动请求
通过：第9轮控制件type_switch_0抵达关闭端帧
通过：第9轮控制件type_switch_1抵达关闭端帧
通过：第9轮控制件type_switch_2抵达关闭端帧
通过：第9轮控制件door_capsules_input_bay抵达关闭端帧
通过：正式舱门接受运动请求
通过：第10轮控制件type_switch_0抵达开启端帧
通过：第10轮控制件type_switch_1抵达开启端帧
通过：第10轮控制件type_switch_2抵达开启端帧
通过：第10轮控制件door_capsules_input_bay抵达开启端帧
通过：正式舱门接受运动请求
通过：第10轮控制件type_switch_0抵达关闭端帧
通过：第10轮控制件type_switch_1抵达关闭端帧
通过：第10轮控制件type_switch_2抵达关闭端帧
通过：第10轮控制件door_capsules_input_bay抵达关闭端帧
通过：正式舱门接受运动请求
通过：第11轮控制件type_switch_0抵达开启端帧
通过：第11轮控制件type_switch_1抵达开启端帧
通过：第11轮控制件type_switch_2抵达开启端帧
通过：第11轮控制件door_capsules_input_bay抵达开启端帧
通过：正式舱门接受运动请求
通过：第11轮控制件type_switch_0抵达关闭端帧
通过：第11轮控制件type_switch_1抵达关闭端帧
通过：第11轮控制件type_switch_2抵达关闭端帧
通过：第11轮控制件door_capsules_input_bay抵达关闭端帧
通过：正式舱门接受运动请求
通过：第12轮控制件type_switch_0抵达开启端帧
通过：第12轮控制件type_switch_1抵达开启端帧
通过：第12轮控制件type_switch_2抵达开启端帧
通过：第12轮控制件door_capsules_input_bay抵达开启端帧
通过：正式舱门接受运动请求
通过：第12轮控制件type_switch_0抵达关闭端帧
通过：第12轮控制件type_switch_1抵达关闭端帧
通过：第12轮控制件type_switch_2抵达关闭端帧
通过：第12轮控制件door_capsules_input_bay抵达关闭端帧
通过：正式舱门接受运动请求
通过：第13轮控制件type_switch_0抵达开启端帧
通过：第13轮控制件type_switch_1抵达开启端帧
通过：第13轮控制件type_switch_2抵达开启端帧
通过：第13轮控制件door_capsules_input_bay抵达开启端帧
通过：正式舱门接受运动请求
通过：第13轮控制件type_switch_0抵达关闭端帧
通过：第13轮控制件type_switch_1抵达关闭端帧
通过：第13轮控制件type_switch_2抵达关闭端帧
通过：第13轮控制件door_capsules_input_bay抵达关闭端帧
通过：正式舱门接受运动请求
通过：第14轮控制件type_switch_0抵达开启端帧
通过：第14轮控制件type_switch_1抵达开启端帧
通过：第14轮控制件type_switch_2抵达开启端帧
通过：第14轮控制件door_capsules_input_bay抵达开启端帧
通过：正式舱门接受运动请求
通过：第14轮控制件type_switch_0抵达关闭端帧
通过：第14轮控制件type_switch_1抵达关闭端帧
通过：第14轮控制件type_switch_2抵达关闭端帧
通过：第14轮控制件door_capsules_input_bay抵达关闭端帧
通过：正式舱门接受运动请求
通过：第15轮控制件type_switch_0抵达开启端帧
通过：第15轮控制件type_switch_1抵达开启端帧
通过：第15轮控制件type_switch_2抵达开启端帧
通过：第15轮控制件door_capsules_input_bay抵达开启端帧
通过：正式舱门接受运动请求
通过：第15轮控制件type_switch_0抵达关闭端帧
通过：第15轮控制件type_switch_1抵达关闭端帧
通过：第15轮控制件type_switch_2抵达关闭端帧
通过：第15轮控制件door_capsules_input_bay抵达关闭端帧
通过：正式舱门接受运动请求
通过：第16轮控制件type_switch_0抵达开启端帧
通过：第16轮控制件type_switch_1抵达开启端帧
通过：第16轮控制件type_switch_2抵达开启端帧
通过：第16轮控制件door_capsules_input_bay抵达开启端帧
通过：正式舱门接受运动请求
通过：第16轮控制件type_switch_0抵达关闭端帧
通过：第16轮控制件type_switch_1抵达关闭端帧
通过：第16轮控制件type_switch_2抵达关闭端帧
通过：第16轮控制件door_capsules_input_bay抵达关闭端帧
通过：正式舱门接受运动请求
通过：第17轮控制件type_switch_0抵达开启端帧
通过：第17轮控制件type_switch_1抵达开启端帧
通过：第17轮控制件type_switch_2抵达开启端帧
通过：第17轮控制件door_capsules_input_bay抵达开启端帧
通过：正式舱门接受运动请求
通过：第17轮控制件type_switch_0抵达关闭端帧
通过：第17轮控制件type_switch_1抵达关闭端帧
通过：第17轮控制件type_switch_2抵达关闭端帧
通过：第17轮控制件door_capsules_input_bay抵达关闭端帧
通过：正式舱门接受运动请求
通过：第18轮控制件type_switch_0抵达开启端帧
通过：第18轮控制件type_switch_1抵达开启端帧
通过：第18轮控制件type_switch_2抵达开启端帧
通过：第18轮控制件door_capsules_input_bay抵达开启端帧
通过：正式舱门接受运动请求
通过：第18轮控制件type_switch_0抵达关闭端帧
通过：第18轮控制件type_switch_1抵达关闭端帧
通过：第18轮控制件type_switch_2抵达关闭端帧
通过：第18轮控制件door_capsules_input_bay抵达关闭端帧
通过：正式舱门接受运动请求
通过：第19轮控制件type_switch_0抵达开启端帧
通过：第19轮控制件type_switch_1抵达开启端帧
通过：第19轮控制件type_switch_2抵达开启端帧
通过：第19轮控制件door_capsules_input_bay抵达开启端帧
通过：正式舱门接受运动请求
通过：第19轮控制件type_switch_0抵达关闭端帧
通过：第19轮控制件type_switch_1抵达关闭端帧
通过：第19轮控制件type_switch_2抵达关闭端帧
通过：第19轮控制件door_capsules_input_bay抵达关闭端帧
开关连续运动断言数：203；失败总数：0
