Godot Engine v4.6.1.stable.official.14d19694e - https://godotengine.org

通过：主场景专项使用无图形后端
通过：主场景测试入口显式绑定当前通知中心与玩家
通过：首份资源采用用户指定的独立字符串标识
通过：首份十三行全文及委托编号前导零准确
通过：通知测试动作只绑定指定物理字母键
通过：空闲通知中心通过正式聚焦入口建立会话
通过：键盘重复事件不建立待打印任务
通过：引擎内部通知键只建立待打印且没有自动创建纸张
通过：已有待打印任务拒绝再次请求且不排队
通过：真实界面暂停拒绝通知和打印入口
通过：主场景相机正式射线能够命中打印按钮
通过：真实聚焦点击建立唯一空白纸张并开始一轮打印
通过：本次纸面初始全部原始数据行隐藏
通过：打印刚开始的纸张不可获取
通过：打印中的重复通知不覆盖本次身份
通过：主场景动态纸张在正式相机射线中可达
通过：打印期间真实纸张点击保持来源和库存不变
通过：默认首份打印全部十三行后自然完成一次
通过：完成未取纸时拒绝新打印和通知替换
通过：全部复位完成后正式库存查询开放聚焦取纸
通过：最早取纸观察者读取库存与设备一致的提交结果
通过：真实纸张点击只转移一次且保留同一逐件资源身份
通过：取得文件继续保存独立任务标识和全部原始数据
通过：旧纸张像素再次点击不重复取得文件
通过：取纸完成后再次受理测试事件
