Godot Engine v4.6.1.stable.official.14d19694e - https://godotengine.org

通过：主场景合法口袋位置可进入原电话聚焦
通过：主场景合法身体可请求取筒
通过：主场景取筒后限位真实启用
通过：稳定持筒退出聚焦后短暂移动保护已经解除
通过：行走模式right实际移动轨迹未越过电话活动边界
通过：行走模式right在边界内部存在实际移动
通过：行走模式运动后持物和限位仍属于同一会话
通过：行走模式left实际移动轨迹未越过电话活动边界
通过：行走模式left在边界内部存在实际移动
通过：行走模式运动后持物和限位仍属于同一会话
通过：行走模式forward实际移动轨迹未越过电话活动边界
通过：行走模式forward在边界内部存在实际移动
通过：行走模式运动后持物和限位仍属于同一会话
通过：行走模式back实际移动轨迹未越过电话活动边界
通过：行走模式back在边界内部存在实际移动
通过：行走模式运动后持物和限位仍属于同一会话
通过：行走模式right、forward实际移动轨迹未越过电话活动边界
通过：行走模式right、forward在边界内部存在实际移动
通过：行走模式运动后持物和限位仍属于同一会话
通过：行走模式right、back实际移动轨迹未越过电话活动边界
通过：行走模式right、back在边界内部存在实际移动
通过：行走模式运动后持物和限位仍属于同一会话
通过：行走模式left、forward实际移动轨迹未越过电话活动边界
通过：行走模式left、forward在边界内部存在实际移动
通过：行走模式运动后持物和限位仍属于同一会话
通过：行走模式left、back实际移动轨迹未越过电话活动边界
通过：行走模式left、back在边界内部存在实际移动
通过：行走模式运动后持物和限位仍属于同一会话
通过：奔跑模式right实际移动轨迹未越过电话活动边界
通过：奔跑模式right在边界内部存在实际移动
通过：奔跑模式运动后持物和限位仍属于同一会话
通过：奔跑模式left实际移动轨迹未越过电话活动边界
通过：奔跑模式left在边界内部存在实际移动
通过：奔跑模式运动后持物和限位仍属于同一会话
通过：奔跑模式forward实际移动轨迹未越过电话活动边界
通过：奔跑模式forward在边界内部存在实际移动
通过：奔跑模式运动后持物和限位仍属于同一会话
通过：奔跑模式back实际移动轨迹未越过电话活动边界
通过：奔跑模式back在边界内部存在实际移动
通过：奔跑模式运动后持物和限位仍属于同一会话
通过：奔跑模式right、forward实际移动轨迹未越过电话活动边界
通过：奔跑模式right、forward在边界内部存在实际移动
通过：奔跑模式运动后持物和限位仍属于同一会话
通过：奔跑模式right、back实际移动轨迹未越过电话活动边界
通过：奔跑模式right、back在边界内部存在实际移动
通过：奔跑模式运动后持物和限位仍属于同一会话
通过：奔跑模式left、forward实际移动轨迹未越过电话活动边界
通过：奔跑模式left、forward在边界内部存在实际移动
通过：奔跑模式运动后持物和限位仍属于同一会话
通过：奔跑模式left、back实际移动轨迹未越过电话活动边界
通过：奔跑模式left、back在边界内部存在实际移动
通过：奔跑模式运动后持物和限位仍属于同一会话
通过：蹲行模式right实际移动轨迹未越过电话活动边界
通过：蹲行模式right在边界内部存在实际移动
通过：蹲行模式运动后持物和限位仍属于同一会话
通过：蹲行模式left实际移动轨迹未越过电话活动边界
通过：蹲行模式left在边界内部存在实际移动
通过：蹲行模式运动后持物和限位仍属于同一会话
通过：蹲行模式forward实际移动轨迹未越过电话活动边界
通过：蹲行模式forward在边界内部存在实际移动
通过：蹲行模式运动后持物和限位仍属于同一会话
通过：蹲行模式back实际移动轨迹未越过电话活动边界
通过：蹲行模式back在边界内部存在实际移动
通过：蹲行模式运动后持物和限位仍属于同一会话
通过：蹲行模式right、forward实际移动轨迹未越过电话活动边界
通过：蹲行模式right、forward在边界内部存在实际移动
通过：蹲行模式运动后持物和限位仍属于同一会话
通过：蹲行模式right、back实际移动轨迹未越过电话活动边界
通过：蹲行模式right、back在边界内部存在实际移动
通过：蹲行模式运动后持物和限位仍属于同一会话
通过：蹲行模式left、forward实际移动轨迹未越过电话活动边界
通过：蹲行模式left、forward在边界内部存在实际移动
通过：蹲行模式运动后持物和限位仍属于同一会话
通过：蹲行模式left、back实际移动轨迹未越过电话活动边界
通过：蹲行模式left、back在边界内部存在实际移动
通过：蹲行模式运动后持物和限位仍属于同一会话
通过：贴临时墙沿边移动仍可进行且台阶路径没有跨越活动墙
通过：主场景暂停保持持有及活动墙
通过：主场景移动后原电话可重新聚焦
通过：主场景原会话可请求归还
通过：归还同步完成后只停用临时限位
通过：归还后原临时墙物理身份不再阻挡运动
通过：归还后固定房间墙仍存在并以实际身份区分
通过：归还后真实玩家可以通过原临时限位位置
