Godot Engine v4.6.1.stable.official.14d19694e - https://godotengine.org
Vulkan 1.4.351 - Forward+ - Using Device #0: NVIDIA - NVIDIA GeForce RTX 3060 Ti

探针记录节点已进入场景树，输入监听启用=true
探针设置：{"内容尺寸":[1600,1200],"原累积设置":true,"同步原生消息":true,"后端":"Windows","引擎版本":{"build":"official","hash":"14d19694e0c88a3f9e82d899a0400f27a24c176e","hex":263681,"major":4,"minor":6,"patch":1,"status":"stable","string":"4.6.1-stable (official)","timestamp":0},"敏捷刷新":false,"模式":"程序定位观察","窗口尺寸":[800,600],"等待空格启动":false,"累积设置":false}
探针延迟初始化完成：记录节点在树中=true；窗口可见=true
窗口已获得焦点，启动程序定位序列。
定位调用：{"变换":"[X: (0.5, 0.0), Y: (0.0, 0.5), O: (0.0, 0.0)]","微秒":2303441,"真实定位分量":[-816.0,-1374.0],"窗口目标":[400.0,300.0],"视口定位前":[1616.0,1974.0],"视口定位后":[800.0,600.0],"视口目标":[800.0,600.0],"阶段":"建立中央基准"}
鼠标事件：{"位置":[800.0,600.0],"屏幕相对位移":[0.0,0.0],"序号":1,"微秒":2351157,"按钮掩码":0,"相对位移":[0.0,0.0],"窗口编号":0,"阶段":"建立中央基准"}
定位同步消息完成：阶段=建立中央基准；当前实际事件数=1
定位调用：{"变换":"[X: (0.5, 0.0), Y: (0.0, 0.5), O: (0.0, 0.0)]","微秒":3003476,"真实定位分量":[0.0,592.0],"窗口目标":[400.0,596.0],"视口定位前":[800.0,600.0],"视口定位后":[800.0,1192.0],"视口目标":[800.0,1192.0],"阶段":"定位到底边内侧"}
鼠标事件：{"位置":[800.0,1192.0],"屏幕相对位移":[0.0,296.0],"序号":2,"微秒":3040008,"按钮掩码":0,"相对位移":[0.0,592.0],"窗口编号":0,"阶段":"定位到底边内侧"}
定位同步消息完成：阶段=定位到底边内侧；当前实际事件数=2
鼠标事件：{"位置":[798.0,1192.0],"屏幕相对位移":[-1.0,0.0],"序号":3,"微秒":3176023,"按钮掩码":0,"相对位移":[-2.0,0.0],"窗口编号":0,"阶段":"定位到底边内侧"}
定位调用：{"变换":"[X: (0.5, 0.0), Y: (0.0, 0.5), O: (0.0, 0.0)]","微秒":3698490,"真实定位分量":[2.0,-1184.0],"窗口目标":[400.0,4.0],"视口定位前":[798.0,1192.0],"视口定位后":[800.0,8.0],"视口目标":[800.0,8.0],"阶段":"从底边循环到顶边"}
鼠标事件：{"位置":[800.0,8.0],"屏幕相对位移":[1.0,-592.0],"序号":4,"微秒":3751063,"按钮掩码":0,"相对位移":[2.0,-1184.0],"窗口编号":0,"阶段":"从底边循环到顶边"}
定位同步消息完成：阶段=从底边循环到顶边；当前实际事件数=4
定位调用：{"变换":"[X: (0.5, 0.0), Y: (0.0, 0.5), O: (0.0, 0.0)]","微秒":4403612,"真实定位分量":[0.0,1184.0],"窗口目标":[400.0,596.0],"视口定位前":[800.0,8.0],"视口定位后":[800.0,1192.0],"视口目标":[800.0,1192.0],"阶段":"从顶边循环到底边"}
鼠标事件：{"位置":[800.0,1192.0],"屏幕相对位移":[0.0,592.0],"序号":5,"微秒":4451099,"按钮掩码":0,"相对位移":[0.0,1184.0],"窗口编号":0,"阶段":"从顶边循环到底边"}
定位同步消息完成：阶段=从顶边循环到底边；当前实际事件数=5
定位调用：{"变换":"[X: (0.5, 0.0), Y: (0.0, 0.5), O: (0.0, 0.0)]","微秒":5103658,"真实定位分量":[0.0,-1184.0],"窗口目标":[400.0,4.0],"视口定位前":[800.0,1192.0],"视口定位后":[800.0,8.0],"视口目标":[800.0,8.0],"阶段":"同帧连续定位第一次"}
鼠标事件：{"位置":[800.0,8.0],"屏幕相对位移":[0.0,-592.0],"序号":6,"微秒":5151020,"按钮掩码":0,"相对位移":[0.0,-1184.0],"窗口编号":0,"阶段":"同帧连续定位第一次"}
定位同步消息完成：阶段=同帧连续定位第一次；当前实际事件数=6
定位调用：{"变换":"[X: (0.5, 0.0), Y: (0.0, 0.5), O: (0.0, 0.0)]","微秒":5195189,"真实定位分量":[0.0,92.0],"窗口目标":[400.0,50.0],"视口定位前":[800.0,8.0],"视口定位后":[800.0,100.0],"视口目标":[800.0,100.0],"阶段":"同帧连续定位第二次"}
鼠标事件：{"位置":[800.0,100.0],"屏幕相对位移":[0.0,46.0],"序号":7,"微秒":5217724,"按钮掩码":0,"相对位移":[0.0,92.0],"窗口编号":0,"阶段":"同帧连续定位第二次"}
定位同步消息完成：阶段=同帧连续定位第二次；当前实际事件数=7
探针完成：实际鼠标事件数=7
