Godot Engine v4.6.1.stable.official.14d19694e - https://godotengine.org

通过：组件可用性查询无效果副作用
通过：独立组件请求恰好分发一次并执行效果
通过：独立组件禁用时拒绝请求
通过：独立组件预留聚焦模式不执行直接交互
通过：权威执行入口可核对实际拥有者回调
通过：没有权威执行绑定时不可用且不分发
通过：效果回调递归交互被拒绝且外层仅分发一次
通过：多个同步与延后观察订阅不改变许可且业务只执行一次
通过：同步观察在业务后通知且观察期间拒绝递归请求
通过：延后观察仅记录本次结果而不重复业务
通过：释放一个观察对象后保留业务与其他观察
通过：未入树或空执行者不可用
通过：零参数权威入口在执行前被拒绝
通过：空权威入口不会退回无限制分发
通过：权威执行对象离树时拒绝请求
通过：效果接收者排队释放后立即拒绝请求
通过：权威执行对象释放后维持不可用
通过：组件排队释放后立即拒绝请求
通过：物理父节点排队释放后立即拒绝请求
通过：执行者排队释放后立即拒绝请求
通过：业务排队释放第0类依赖后安全结束分发且不向失效上下文通知
通过：业务排队释放第1类依赖后安全结束分发且不向失效上下文通知
通过：业务排队释放第2类依赖后安全结束分发且不向失效上下文通知
通过：业务立即释放第0类依赖后安全结束分发且不向失效上下文通知
通过：业务立即释放第1类依赖后安全结束分发且不向失效上下文通知
失败：业务立即释放第2类依赖后安全结束分发且不向失效上下文通知
通过：未配置业务查询时保留原组件可用行为
通过：业务查询允许时第1次仍可用
通过：业务查询允许时第2次仍可用
通过：业务查询允许时第3次仍可用
通过：业务查询每次接收当前发起者
通过：重复业务查询不分发效果、不改变物体状态、不创建节点
通过：基础许可拒绝时不调用业务查询
通过：业务拒绝同时阻止可用显示和请求分发
通过：业务状态恢复后原地恢复可用
通过：显示查询之后业务状态改变时分发前重新拒绝
通过：业务允许时仍只分发一次效果请求
通过：业务查询返回非布尔值时拒绝而不隐式转换
通过：零参数业务查询在执行前被拒绝
通过：双参数业务查询在执行前被拒绝
通过：非节点业务查询接收者被拒绝
通过：已经配置的空查询不可伪装为从未配置
通过：明确清除业务查询后恢复兼容行为
通过：业务查询再次查询或请求自身时拒绝重入且外层正常返回
通过：业务查询重入不产生额外效果
通过：离树的业务查询接收者不可用
通过：业务查询接收者排队释放时立即拒绝
通过：业务查询接收者释放后保持配置失效并拒绝请求
通过：失效配置只在明确清除后恢复原契约
通过：查询期间第0类依赖排队释放时取消分发
通过：查询期间第1类依赖排队释放时取消分发
通过：查询期间第2类依赖排队释放时取消分发
通过：查询期间第3类依赖排队释放时取消分发
通过：查询期间第4类依赖排队释放时取消分发
无图形后端不提供捕获鼠标状态；本次仅验证独立组件。完整玩家输入、五项门控、界面优先、生命周期、实际门与开关、准星像素须由有图形运行验收。严格射线另由组件迁移检查覆盖。
独立组件失败总数：1
