Godot Engine v4.6.1.stable.official.14d19694e - https://godotengine.org

通过：仅无图形执行，不启动窗口或操作指针
通过：真实场景聚焦配置有效
通过：运行初态没有预置纸张
通过：任务事件只建立待打印
通过：忙碌事件不覆盖本次任务
通过：唯一按钮入口建立一份空白纸张
通过：开始后重复正式入口拒绝
通过：打印开始全文隐藏
通过：暂停冻结指定动作及位置
通过：暂停不显示新行或伪报完成
通过：暂停拒绝业务操作
通过：恢复续接并且行显示不重复
通过：真实场景聚焦配置有效
通过：运行初态没有预置纸张
通过：任务事件只建立待打印
通过：忙碌事件不覆盖本次任务
通过：唯一按钮入口建立一份空白纸张
通过：开始后重复正式入口拒绝
通过：打印开始全文隐藏
通过：暂停冻结指定动作及位置
通过：暂停不显示新行或伪报完成
通过：暂停拒绝业务操作
通过：恢复续接并且行显示不重复
通过：真实场景聚焦配置有效
通过：运行初态没有预置纸张
通过：任务事件只建立待打印
通过：忙碌事件不覆盖本次任务
通过：唯一按钮入口建立一份空白纸张
通过：开始后重复正式入口拒绝
通过：打印开始全文隐藏
通过：暂停冻结指定动作及位置
通过：暂停不显示新行或伪报完成
通过：暂停拒绝业务操作
通过：恢复续接并且行显示不重复
通过：真实场景聚焦配置有效
通过：运行初态没有预置纸张
通过：任务事件只建立待打印
通过：忙碌事件不覆盖本次任务
通过：唯一按钮入口建立一份空白纸张
通过：开始后重复正式入口拒绝
通过：打印开始全文隐藏
通过：暂停冻结指定动作及位置
通过：暂停不显示新行或伪报完成
通过：暂停拒绝业务操作
通过：恢复续接并且行显示不重复
通过：真实场景聚焦配置有效
通过：运行初态没有预置纸张
通过：任务事件只建立待打印
通过：忙碌事件不覆盖本次任务
通过：唯一按钮入口建立一份空白纸张
通过：开始后重复正式入口拒绝
通过：打印开始全文隐藏
通过：暂停冻结指定动作及位置
通过：暂停不显示新行或伪报完成
通过：暂停拒绝业务操作
通过：恢复续接并且行显示不重复
通过：真实场景聚焦配置有效
通过：运行初态没有预置纸张
通过：任务事件只建立待打印
通过：忙碌事件不覆盖本次任务
通过：唯一按钮入口建立一份空白纸张
通过：开始后重复正式入口拒绝
通过：打印开始全文隐藏
通过：暂停冻结指定动作及位置
通过：暂停不显示新行或伪报完成
通过：暂停拒绝业务操作
通过：恢复续接并且行显示不重复
通过：真实场景聚焦配置有效
通过：运行初态没有预置纸张
通过：任务事件只建立待打印
通过：忙碌事件不覆盖本次任务
通过：唯一按钮入口建立一份空白纸张
通过：开始后重复正式入口拒绝
通过：打印开始全文隐藏
通过：暂停冻结指定动作及位置
通过：暂停不显示新行或伪报完成
通过：暂停拒绝业务操作
通过：恢复续接并且行显示不重复
通过：真实场景聚焦配置有效
通过：运行初态没有预置纸张
通过：任务事件只建立待打印
通过：忙碌事件不覆盖本次任务
通过：唯一按钮入口建立一份空白纸张
通过：开始后重复正式入口拒绝
通过：打印开始全文隐藏
通过：暂停冻结指定动作及位置
通过：暂停不显示新行或伪报完成
通过：暂停拒绝业务操作
通过：恢复续接并且行显示不重复
通过：真实场景聚焦配置有效
通过：运行初态没有预置纸张
通过：任务事件只建立待打印
通过：忙碌事件不覆盖本次任务
通过：唯一按钮入口建立一份空白纸张
通过：开始后重复正式入口拒绝
通过：打印开始全文隐藏
通过：暂停冻结指定动作及位置
通过：暂停不显示新行或伪报完成
通过：暂停拒绝业务操作
通过：恢复续接并且行显示不重复
通过：真实场景聚焦配置有效
通过：运行初态没有预置纸张
通过：任务事件只建立待打印
通过：忙碌事件不覆盖本次任务
通过：唯一按钮入口建立一份空白纸张
通过：开始后重复正式入口拒绝
通过：打印开始全文隐藏
通过：暂停冻结指定动作及位置
通过：暂停不显示新行或伪报完成
通过：暂停拒绝业务操作
通过：恢复续接并且行显示不重复
通过：真实场景聚焦配置有效
通过：运行初态没有预置纸张
通过：任务事件只建立待打印
通过：忙碌事件不覆盖本次任务
通过：唯一按钮入口建立一份空白纸张
通过：开始后重复正式入口拒绝
通过：打印开始全文隐藏
通过：暂停冻结指定动作及位置
通过：暂停不显示新行或伪报完成
通过：暂停拒绝业务操作
通过：恢复续接并且行显示不重复
通过：真实场景聚焦配置有效
通过：运行初态没有预置纸张
通过：任务事件只建立待打印
通过：忙碌事件不覆盖本次任务
通过：唯一按钮入口建立一份空白纸张
通过：开始后重复正式入口拒绝
通过：打印开始全文隐藏
通过：暂停冻结指定动作及位置
通过：暂停不显示新行或伪报完成
通过：暂停拒绝业务操作
通过：恢复续接并且行显示不重复
通过：真实场景聚焦配置有效
通过：运行初态没有预置纸张
通过：任务事件只建立待打印
通过：忙碌事件不覆盖本次任务
通过：唯一按钮入口建立一份空白纸张
通过：开始后重复正式入口拒绝
通过：打印开始全文隐藏
通过：暂停冻结指定动作及位置
通过：暂停不显示新行或伪报完成
通过：暂停拒绝业务操作
通过：恢复续接并且行显示不重复
通过：真实场景聚焦配置有效
通过：运行初态没有预置纸张
通过：任务事件只建立待打印
通过：忙碌事件不覆盖本次任务
通过：唯一按钮入口建立一份空白纸张
通过：开始后重复正式入口拒绝
通过：打印开始全文隐藏
通过：暂停冻结指定动作及位置
通过：暂停不显示新行或伪报完成
通过：暂停拒绝业务操作
通过：恢复续接并且行显示不重复
通过：真实场景聚焦配置有效
通过：运行初态没有预置纸张
通过：任务事件只建立待打印
通过：忙碌事件不覆盖本次任务
通过：唯一按钮入口建立一份空白纸张
通过：开始后重复正式入口拒绝
通过：打印开始全文隐藏
通过：暂停冻结指定动作及位置
通过：暂停不显示新行或伪报完成
通过：暂停拒绝业务操作
通过：恢复续接并且行显示不重复
通过：真实场景聚焦配置有效
通过：运行初态没有预置纸张
通过：任务事件只建立待打印
通过：忙碌事件不覆盖本次任务
通过：唯一按钮入口建立一份空白纸张
通过：开始后重复正式入口拒绝
通过：打印开始全文隐藏
通过：暂停冻结指定动作及位置
通过：暂停不显示新行或伪报完成
通过：暂停拒绝业务操作
通过：恢复续接并且行显示不重复
通过：真实场景聚焦配置有效
通过：运行初态没有预置纸张
通过：观测实际音频混音周期而非假定物理帧同步
通过：观测实际音频混音周期而非假定物理帧同步
通过：真实界面暂停冻结提示灯相位
通过：真实界面暂停在实际混音淡出后冻结同一播放位置及资源
通过：观测实际音频混音周期而非假定物理帧同步
通过：提示恢复继续闪烁
通过：提示音恢复续接同一播放来源与非零进度
通过：真实场景聚焦配置有效
通过：运行初态没有预置纸张
通过：观测实际音频混音周期而非假定物理帧同步
通过：观测实际音频混音周期而非假定物理帧同步
通过：真实界面暂停冻结提示灯相位
通过：真实界面暂停在实际混音淡出后冻结同一播放位置及资源
通过：观测实际音频混音周期而非假定物理帧同步
通过：提示恢复继续闪烁
通过：提示音恢复续接同一播放来源与非零进度
通过：观测实际音频混音周期而非假定物理帧同步
