Godot Engine v4.6.1.stable.official.14d19694e - https://godotengine.org

通过：正式电话保存用户回填的位置与角度
通过：通过正式电话根交互组件请求进入聚焦
通过：正式聚焦转换完成：进入
通过：通过正式听筒交互组件请求正常取下
通过：取下完成后正式电话与库存持有同一会话
通过：正常取下保留纯模型作为真实呈现器子节点
通过：实际手持纯模型使用用户回填的局部姿态
通过：聚焦稳定态，工具关闭实际当前相机保持为玩家相机
通过：聚焦稳定态，工具关闭启用或关闭工具没有改变用户局部姿态
失败：聚焦稳定态，工具关闭正常持筒应至少存在一片落在近远裁剪和侧面视锥内的实际网格三角面
手持视野测量：{"完整视锥内顶点数":0,"屏幕投影最大":[2188.78540039063,1670.97875976563],"屏幕投影最小":[1002.32965087891,-106.716644287109],"相机坐标最大":[0.426459312438965,0.129167914390564,-0.155857086181641],"相机坐标最小":[0.137714385986328,-0.325065851211548,-0.312012672424316],"网格数":5,"裁剪后有面积三角面数":0,"阶段":"聚焦稳定态，工具关闭","顶点数":180}
通过：投影探针的稳定聚焦基线实际不可见
通过：仅恢复聚焦前实际视场角后存在视锥内非零面积三角面
通过：变体只修改视场角，模型六值、世界相机、呈现器相对相机、视口及其他投影参数不变
通过：恢复聚焦原视场角后再次没有视锥内非零面积三角面
通过：恢复原视场角后其余测量保护量不变
投影单变量测量：{"唯一修改项":"玩家相机视场角","当前实测视场角":55.0,"聚焦前实测视场角":75.0,"裁剪后有面积三角面数":0,"阶段":"单变量探针：稳定聚焦原值"}
投影单变量测量：{"唯一修改项":"玩家相机视场角","当前实测视场角":75.0,"聚焦前实测视场角":75.0,"裁剪后有面积三角面数":35,"阶段":"单变量探针：仅恢复聚焦前实际视场角"}
投影单变量测量：{"唯一修改项":"玩家相机视场角","当前实测视场角":55.0,"聚焦前实测视场角":75.0,"裁剪后有面积三角面数":0,"阶段":"单变量探针：恢复稳定聚焦原视场角"}
通过：聚焦稳定态，工具开启实际当前相机保持为玩家相机
通过：聚焦稳定态，工具开启启用或关闭工具没有改变用户局部姿态
通过：聚焦时启用工具没有改变呈现器相对相机变换
失败：聚焦稳定态，工具开启正常持筒应至少存在一片落在近远裁剪和侧面视锥内的实际网格三角面
手持视野测量：{"完整视锥内顶点数":0,"屏幕投影最大":[2188.78540039063,1670.97875976563],"屏幕投影最小":[1002.32965087891,-106.716644287109],"相机坐标最大":[0.426459312438965,0.129167914390564,-0.155857086181641],"相机坐标最小":[0.137714385986328,-0.325065851211548,-0.312012672424316],"网格数":5,"裁剪后有面积三角面数":0,"阶段":"聚焦稳定态，工具开启","顶点数":180}
通过：正式聚焦转换完成：退出
通过：退出聚焦后，工具关闭实际当前相机保持为玩家相机
通过：退出聚焦后，工具关闭启用或关闭工具没有改变用户局部姿态
通过：退出聚焦后，工具关闭正常持筒应至少存在一片落在近远裁剪和侧面视锥内的实际网格三角面
手持视野测量：{"完整视锥内顶点数":54,"屏幕投影最大":[1690.72253417969,1249.39489746094],"屏幕投影最小":[885.812255859375,43.3718338012695],"相机坐标最大":[0.426459312438965,0.129167914390564,-0.155858039855957],"相机坐标最小":[0.137713432312012,-0.325065851211548,-0.312012672424316],"网格数":5,"裁剪后有面积三角面数":35,"阶段":"退出聚焦后，工具关闭","顶点数":180}
通过：普通持筒状态可通过正式入口启用姿态工具
通过：普通姿态调节，工具开启实际当前相机保持为玩家相机
通过：普通姿态调节，工具开启启用或关闭工具没有改变用户局部姿态
通过：普通持筒时启用工具没有改变呈现器相对相机变换
通过：普通姿态调节，工具开启正常持筒应至少存在一片落在近远裁剪和侧面视锥内的实际网格三角面
手持视野测量：{"完整视锥内顶点数":54,"屏幕投影最大":[1690.72253417969,1249.39489746094],"屏幕投影最小":[885.812255859375,43.3718338012695],"相机坐标最大":[0.426459312438965,0.129167914390564,-0.155858039855957],"相机坐标最小":[0.137713432312012,-0.325065851211548,-0.312012672424316],"网格数":5,"裁剪后有面积三角面数":35,"阶段":"普通姿态调节，工具开启","顶点数":180}
通过：退出姿态调节后仍持筒实际当前相机保持为玩家相机
通过：退出姿态调节后仍持筒启用或关闭工具没有改变用户局部姿态
通过：退出姿态调节后仍持筒正常持筒应至少存在一片落在近远裁剪和侧面视锥内的实际网格三角面
手持视野测量：{"完整视锥内顶点数":54,"屏幕投影最大":[1690.72253417969,1249.39489746094],"屏幕投影最小":[885.812255859375,43.3718338012695],"相机坐标最大":[0.426459312438965,0.129167914390564,-0.155858039855957],"相机坐标最小":[0.137713432312012,-0.325065851211548,-0.312012672424316],"网格数":5,"裁剪后有面积三角面数":35,"阶段":"退出姿态调节后仍持筒","顶点数":180}
手持视野断言数：31；失败数：2
