Godot Engine v4.6.1.stable.official.14d19694e - https://godotengine.org

通过：正式设备含合法槽位及拉杆登记
通过：拉杆精确初始化为规定顶部局部位置
通过：正式场景提供正数鼠标换算比例
通过：无图形夹具经正式入口建立聚焦会话
通过：正式玩家稳定聚焦当前正式混合器
通过：聚焦拖动入口保持可见指针
通过：真实左键命中后建立唯一拖动绑定
通过：控制器绑定当前登记拉杆
通过：菜单释放尚未完成的拖动绑定
通过：菜单中断不发完成信号
通过：不暂停场景树的菜单允许取消后回弹继续
通过：菜单结束后拉杆可恢复顶部且没有永久绑定
通过：正式设备含合法槽位及拉杆登记
通过：拉杆精确初始化为规定顶部局部位置
通过：正式场景提供正数鼠标换算比例
通过：无图形夹具经正式入口建立聚焦会话
通过：正式玩家稳定聚焦当前正式混合器
通过：聚焦拖动入口保持可见指针
通过：真实左键命中后建立唯一拖动绑定
通过：控制器绑定当前登记拉杆
通过：右键释放尚未完成的拖动绑定
通过：右键中断不发完成信号
通过：右键结束后拉杆可恢复顶部且没有永久绑定
通过：正式设备含合法槽位及拉杆登记
通过：拉杆精确初始化为规定顶部局部位置
通过：正式场景提供正数鼠标换算比例
通过：无图形夹具经正式入口建立聚焦会话
通过：正式玩家稳定聚焦当前正式混合器
通过：聚焦拖动入口保持可见指针
通过：真实左键命中后建立唯一拖动绑定
通过：控制器绑定当前登记拉杆
通过：暂停释放尚未完成的拖动绑定
通过：暂停中断不发完成信号
通过：场景树暂停取消主动拖动并冻结回弹推进
通过：暂停结束后拉杆可恢复顶部且没有永久绑定
通过：正式设备含合法槽位及拉杆登记
通过：拉杆精确初始化为规定顶部局部位置
通过：正式场景提供正数鼠标换算比例
通过：无图形夹具经正式入口建立聚焦会话
通过：正式玩家稳定聚焦当前正式混合器
通过：聚焦拖动入口保持可见指针
通过：真实左键命中后建立唯一拖动绑定
通过：控制器绑定当前登记拉杆
通过：失焦释放尚未完成的拖动绑定
通过：失焦中断不发完成信号
通过：失焦结束后拉杆可恢复顶部且没有永久绑定
通过：正式设备含合法槽位及拉杆登记
通过：拉杆精确初始化为规定顶部局部位置
通过：正式场景提供正数鼠标换算比例
通过：无图形夹具经正式入口建立聚焦会话
通过：正式玩家稳定聚焦当前正式混合器
通过：聚焦拖动入口保持可见指针
通过：真实左键命中后建立唯一拖动绑定
通过：控制器绑定当前登记拉杆
通过：取消标记释放尚未完成的拖动绑定
通过：取消标记中断不发完成信号
通过：取消标记结束后拉杆可恢复顶部且没有永久绑定
通过：正式设备含合法槽位及拉杆登记
通过：拉杆精确初始化为规定顶部局部位置
通过：正式场景提供正数鼠标换算比例
通过：无图形夹具经正式入口建立聚焦会话
通过：正式玩家稳定聚焦当前正式混合器
通过：聚焦拖动入口保持可见指针
通过：真实左键命中后建立唯一拖动绑定
通过：控制器绑定当前登记拉杆
通过：最低保持期间暂停只冻结自动时间而不重复完成
通过：最低保持恢复后续接自动回弹
通过：正式设备含合法槽位及拉杆登记
通过：拉杆精确初始化为规定顶部局部位置
通过：正式场景提供正数鼠标换算比例
通过：无图形夹具经正式入口建立聚焦会话
通过：正式玩家稳定聚焦当前正式混合器
通过：聚焦拖动入口保持可见指针
通过：真实左键命中后建立唯一拖动绑定
通过：控制器绑定当前登记拉杆
通过：回弹期间暂停只冻结自动时间而不重复完成
通过：回弹恢复后续接自动回弹
通过：正式设备含合法槽位及拉杆登记
通过：拉杆精确初始化为规定顶部局部位置
通过：正式场景提供正数鼠标换算比例
通过：无图形夹具经正式入口建立聚焦会话
通过：正式玩家稳定聚焦当前正式混合器
通过：聚焦拖动入口保持可见指针
通过：真实左键命中后建立唯一拖动绑定
通过：控制器绑定当前登记拉杆
通过：完成后右键离开不撤销完成且设备自动流程继续
通过：正式设备含合法槽位及拉杆登记
通过：拉杆精确初始化为规定顶部局部位置
通过：正式场景提供正数鼠标换算比例
通过：无图形夹具经正式入口建立聚焦会话
通过：正式玩家稳定聚焦当前正式混合器
通过：聚焦拖动入口保持可见指针
通过：界面消费开始左键后不会进入世界拖动
通过：真实左键命中后建立唯一拖动绑定
通过：控制器绑定当前登记拉杆
通过：界面实际消费已经绑定拖动的移动及释放事件
通过：前置输入观察保留界面消费后的移动并可靠释放
通过：界面消费释放最终精确恢复顶部位置
通过：界面消费释放实测时间按剩余距离换算，偏差不超过一物理帧
通过：界面消费释放逐帧位置满足保持及匀速推进，偏差不超过一物理帧行程
通过：界面消费释放回弹内部采样速度恒为每秒一点二局部坐标单位
通过：界面消费释放的提前回弹不完成
通过：正式设备含合法槽位及拉杆登记
通过：拉杆精确初始化为规定顶部局部位置
通过：正式场景提供正数鼠标换算比例
通过：无图形夹具经正式入口建立聚焦会话
通过：正式玩家稳定聚焦当前正式混合器
通过：聚焦拖动入口保持可见指针
通过：开始尚未解析时界面消费后续释放仍保持按下移动松开顺序
通过：待解析开始可靠释放最终精确恢复顶部位置
通过：待解析开始可靠释放实测时间按剩余距离换算，偏差不超过一物理帧
通过：待解析开始可靠释放逐帧位置满足保持及匀速推进，偏差不超过一物理帧行程
通过：待解析开始可靠释放回弹内部采样速度恒为每秒一点二局部坐标单位
拉杆输入验收断言数：113；失败总数：0；图形运行：false
