ERROR: FATAL: Index p_index = 2 is out of bounds (count = 0).
   at: operator[] (./core/templates/local_vector.h:206)
   GDScript backtrace (most recent call first):
       [0] _seek_properties (res://main-autolysis/scenes/prefabs/prefab_machines/scripts/autolysis_waste_liquid_storage_tank.gd:428)
       [1] resume_motion (res://main-autolysis/scenes/prefabs/prefab_machines/scripts/autolysis_waste_liquid_storage_tank.gd:167)
       [2] _test_immediate_boundary (res://main-autolysis/systems/item-system/tests/container_animation_asset_test.gd:270)
       [3] _frames (res://main-autolysis/systems/item-system/tests/container_animation_asset_test.gd:307)

================================================================
CrashHandlerException: Program crashed with signal 4
Engine version: Godot Engine v4.6.1.stable.official (14d19694e0c88a3f9e82d899a0400f27a24c176e)
Dumping the backtrace. Please include this when reporting the bug on: https://github.com/godotengine/godot/issues
[1] error(-1): no debug info in PE/COFF executable
[2] error(-1): no debug info in PE/COFF executable
[3] error(-1): no debug info in PE/COFF executable
[4] error(-1): no debug info in PE/COFF executable
[5] error(-1): no debug info in PE/COFF executable
[6] error(-1): no debug info in PE/COFF executable
[7] error(-1): no debug info in PE/COFF executable
[8] error(-1): no debug info in PE/COFF executable
[9] error(-1): no debug info in PE/COFF executable
[10] error(-1): no debug info in PE/COFF executable
[11] error(-1): no debug info in PE/COFF executable
[12] error(-1): no debug info in PE/COFF executable
[13] error(-1): no debug info in PE/COFF executable
[14] error(-1): no debug info in PE/COFF executable
[15] error(-1): no debug info in PE/COFF executable
[16] error(-1): no debug info in PE/COFF executable
[17] error(-1): no debug info in PE/COFF executable
[18] error(-1): no debug info in PE/COFF executable
[19] error(-1): no debug info in PE/COFF executable
[20] error(-1): no debug info in PE/COFF executable
[21] error(-1): no debug info in PE/COFF executable
[22] error(-1): no debug info in PE/COFF executable
[23] error(-1): no debug info in PE/COFF executable
[24] error(-1): no debug info in PE/COFF executable
[25] error(-1): no debug info in PE/COFF executable
[26] error(-1): no debug info in PE/COFF executable
[27] error(-1): no debug info in PE/COFF executable
[28] error(-1): no debug info in PE/COFF executable
[29] error(-1): no debug info in PE/COFF executable
[30] error(-1): no debug info in PE/COFF executable
[31] error(-1): no debug info in PE/COFF executable
[32] error(-1): no debug info in PE/COFF executable
[33] error(-1): no debug info in PE/COFF executable
[34] error(-1): no debug info in PE/COFF executable
[35] error(-1): no debug info in PE/COFF executable
[36] error(-1): no debug info in PE/COFF executable
[37] error(-1): no debug info in PE/COFF executable
[38] error(-1): no debug info in PE/COFF executable
[39] error(-1): no debug info in PE/COFF executable
[40] error(-1): no debug info in PE/COFF executable
[41] error(-1): no debug info in PE/COFF executable
[42] error(-1): no debug info in PE/COFF executable
[43] error(-1): no debug info in PE/COFF executable
-- END OF C++ BACKTRACE --
================================================================
GDScript backtrace (most recent call first):
    [0] _seek_properties (res://main-autolysis/scenes/prefabs/prefab_machines/scripts/autolysis_waste_liquid_storage_tank.gd:428)
    [1] resume_motion (res://main-autolysis/scenes/prefabs/prefab_machines/scripts/autolysis_waste_liquid_storage_tank.gd:167)
    [2] _test_immediate_boundary (res://main-autolysis/systems/item-system/tests/container_animation_asset_test.gd:270)
    [3] _frames (res://main-autolysis/systems/item-system/tests/container_animation_asset_test.gd:307)
-- END OF GDSCRIPT BACKTRACE --
================================================================
