Godot Engine v4.6.1.stable.official.14d19694e - https://godotengine.org

通过：封装机器核心登记有效
通过：真实玩家进入封装聚焦
通过：真实玩家聚焦稳定
通过：控制件初始化由当前动画建立关闭态：type_switch_0
通过：控制件初始化由当前动画建立关闭态：type_switch_1
通过：控制件初始化由当前动画建立关闭态：type_switch_2
通过：控制件初始化由当前动画建立关闭态：door_capsules_input_bay
通过：属性专用初始化未执行方法轨道
通过：正式舱门接受目标动作
通过：每个目标自然完成只发布一次：轮次0、打开true
通过：目标完成后稳定业务态：type_switch_0
通过：目标完成后稳定业务态：type_switch_1
通过：目标完成后稳定业务态：type_switch_2
通过：目标完成后稳定业务态：door_capsules_input_bay
通过：自然结果在稳定阶段保留：type_switch_0
通过：自然结果在稳定阶段保留：type_switch_1
通过：自然结果在稳定阶段保留：type_switch_2
通过：自然结果在稳定阶段保留：door_capsules_input_bay
通过：自然结果在稳定阶段保留：type_switch_0
通过：自然结果在稳定阶段保留：type_switch_1
通过：自然结果在稳定阶段保留：type_switch_2
通过：自然结果在稳定阶段保留：door_capsules_input_bay
通过：自然结果在稳定阶段保留：type_switch_0
通过：自然结果在稳定阶段保留：type_switch_1
通过：自然结果在稳定阶段保留：type_switch_2
通过：自然结果在稳定阶段保留：door_capsules_input_bay
通过：自然结果在稳定阶段保留：type_switch_0
通过：自然结果在稳定阶段保留：type_switch_1
通过：自然结果在稳定阶段保留：type_switch_2
通过：自然结果在稳定阶段保留：door_capsules_input_bay
通过：自然结果在稳定阶段保留：type_switch_0
通过：自然结果在稳定阶段保留：type_switch_1
通过：自然结果在稳定阶段保留：type_switch_2
通过：自然结果在稳定阶段保留：door_capsules_input_bay
通过：自然结果在稳定阶段保留：type_switch_0
通过：自然结果在稳定阶段保留：type_switch_1
通过：自然结果在稳定阶段保留：type_switch_2
通过：自然结果在稳定阶段保留：door_capsules_input_bay
通过：稳定阶段未重放方法事件轨道
通过：正式舱门接受目标动作
通过：每个目标自然完成只发布一次：轮次0、打开false
通过：目标完成后稳定业务态：type_switch_0
通过：目标完成后稳定业务态：type_switch_1
通过：目标完成后稳定业务态：type_switch_2
通过：目标完成后稳定业务态：door_capsules_input_bay
通过：自然结果在稳定阶段保留：type_switch_0
通过：自然结果在稳定阶段保留：type_switch_1
通过：自然结果在稳定阶段保留：type_switch_2
通过：自然结果在稳定阶段保留：door_capsules_input_bay
通过：自然结果在稳定阶段保留：type_switch_0
通过：自然结果在稳定阶段保留：type_switch_1
通过：自然结果在稳定阶段保留：type_switch_2
通过：自然结果在稳定阶段保留：door_capsules_input_bay
通过：自然结果在稳定阶段保留：type_switch_0
通过：自然结果在稳定阶段保留：type_switch_1
通过：自然结果在稳定阶段保留：type_switch_2
通过：自然结果在稳定阶段保留：door_capsules_input_bay
通过：自然结果在稳定阶段保留：type_switch_0
通过：自然结果在稳定阶段保留：type_switch_1
通过：自然结果在稳定阶段保留：type_switch_2
通过：自然结果在稳定阶段保留：door_capsules_input_bay
通过：自然结果在稳定阶段保留：type_switch_0
通过：自然结果在稳定阶段保留：type_switch_1
通过：自然结果在稳定阶段保留：type_switch_2
通过：自然结果在稳定阶段保留：door_capsules_input_bay
通过：自然结果在稳定阶段保留：type_switch_0
通过：自然结果在稳定阶段保留：type_switch_1
通过：自然结果在稳定阶段保留：type_switch_2
通过：自然结果在稳定阶段保留：door_capsules_input_bay
通过：稳定阶段未重放方法事件轨道
通过：正式舱门接受目标动作
通过：每个目标自然完成只发布一次：轮次1、打开true
通过：目标完成后稳定业务态：type_switch_0
通过：目标完成后稳定业务态：type_switch_1
通过：目标完成后稳定业务态：type_switch_2
通过：目标完成后稳定业务态：door_capsules_input_bay
通过：自然结果在稳定阶段保留：type_switch_0
通过：自然结果在稳定阶段保留：type_switch_1
通过：自然结果在稳定阶段保留：type_switch_2
通过：自然结果在稳定阶段保留：door_capsules_input_bay
通过：自然结果在稳定阶段保留：type_switch_0
通过：自然结果在稳定阶段保留：type_switch_1
通过：自然结果在稳定阶段保留：type_switch_2
通过：自然结果在稳定阶段保留：door_capsules_input_bay
通过：自然结果在稳定阶段保留：type_switch_0
通过：自然结果在稳定阶段保留：type_switch_1
通过：自然结果在稳定阶段保留：type_switch_2
通过：自然结果在稳定阶段保留：door_capsules_input_bay
通过：自然结果在稳定阶段保留：type_switch_0
通过：自然结果在稳定阶段保留：type_switch_1
通过：自然结果在稳定阶段保留：type_switch_2
通过：自然结果在稳定阶段保留：door_capsules_input_bay
通过：自然结果在稳定阶段保留：type_switch_0
通过：自然结果在稳定阶段保留：type_switch_1
通过：自然结果在稳定阶段保留：type_switch_2
通过：自然结果在稳定阶段保留：door_capsules_input_bay
通过：自然结果在稳定阶段保留：type_switch_0
通过：自然结果在稳定阶段保留：type_switch_1
通过：自然结果在稳定阶段保留：type_switch_2
通过：自然结果在稳定阶段保留：door_capsules_input_bay
通过：稳定阶段未重放方法事件轨道
通过：正式舱门接受目标动作
通过：每个目标自然完成只发布一次：轮次1、打开false
通过：目标完成后稳定业务态：type_switch_0
通过：目标完成后稳定业务态：type_switch_1
通过：目标完成后稳定业务态：type_switch_2
通过：目标完成后稳定业务态：door_capsules_input_bay
通过：自然结果在稳定阶段保留：type_switch_0
通过：自然结果在稳定阶段保留：type_switch_1
通过：自然结果在稳定阶段保留：type_switch_2
通过：自然结果在稳定阶段保留：door_capsules_input_bay
通过：自然结果在稳定阶段保留：type_switch_0
通过：自然结果在稳定阶段保留：type_switch_1
通过：自然结果在稳定阶段保留：type_switch_2
通过：自然结果在稳定阶段保留：door_capsules_input_bay
通过：自然结果在稳定阶段保留：type_switch_0
通过：自然结果在稳定阶段保留：type_switch_1
通过：自然结果在稳定阶段保留：type_switch_2
通过：自然结果在稳定阶段保留：door_capsules_input_bay
通过：自然结果在稳定阶段保留：type_switch_0
通过：自然结果在稳定阶段保留：type_switch_1
通过：自然结果在稳定阶段保留：type_switch_2
通过：自然结果在稳定阶段保留：door_capsules_input_bay
通过：自然结果在稳定阶段保留：type_switch_0
通过：自然结果在稳定阶段保留：type_switch_1
通过：自然结果在稳定阶段保留：type_switch_2
通过：自然结果在稳定阶段保留：door_capsules_input_bay
通过：自然结果在稳定阶段保留：type_switch_0
通过：自然结果在稳定阶段保留：type_switch_1
通过：自然结果在稳定阶段保留：type_switch_2
通过：自然结果在稳定阶段保留：door_capsules_input_bay
通过：稳定阶段未重放方法事件轨道
通过：正式舱门接受目标动作
通过：每个目标自然完成只发布一次：轮次2、打开true
通过：目标完成后稳定业务态：type_switch_0
通过：目标完成后稳定业务态：type_switch_1
通过：目标完成后稳定业务态：type_switch_2
通过：目标完成后稳定业务态：door_capsules_input_bay
通过：自然结果在稳定阶段保留：type_switch_0
通过：自然结果在稳定阶段保留：type_switch_1
通过：自然结果在稳定阶段保留：type_switch_2
通过：自然结果在稳定阶段保留：door_capsules_input_bay
通过：自然结果在稳定阶段保留：type_switch_0
通过：自然结果在稳定阶段保留：type_switch_1
通过：自然结果在稳定阶段保留：type_switch_2
通过：自然结果在稳定阶段保留：door_capsules_input_bay
通过：自然结果在稳定阶段保留：type_switch_0
通过：自然结果在稳定阶段保留：type_switch_1
通过：自然结果在稳定阶段保留：type_switch_2
通过：自然结果在稳定阶段保留：door_capsules_input_bay
通过：自然结果在稳定阶段保留：type_switch_0
通过：自然结果在稳定阶段保留：type_switch_1
通过：自然结果在稳定阶段保留：type_switch_2
通过：自然结果在稳定阶段保留：door_capsules_input_bay
通过：自然结果在稳定阶段保留：type_switch_0
通过：自然结果在稳定阶段保留：type_switch_1
通过：自然结果在稳定阶段保留：type_switch_2
通过：自然结果在稳定阶段保留：door_capsules_input_bay
通过：自然结果在稳定阶段保留：type_switch_0
通过：自然结果在稳定阶段保留：type_switch_1
通过：自然结果在稳定阶段保留：type_switch_2
通过：自然结果在稳定阶段保留：door_capsules_input_bay
通过：稳定阶段未重放方法事件轨道
通过：正式舱门接受目标动作
通过：每个目标自然完成只发布一次：轮次2、打开false
通过：目标完成后稳定业务态：type_switch_0
通过：目标完成后稳定业务态：type_switch_1
通过：目标完成后稳定业务态：type_switch_2
通过：目标完成后稳定业务态：door_capsules_input_bay
通过：自然结果在稳定阶段保留：type_switch_0
通过：自然结果在稳定阶段保留：type_switch_1
通过：自然结果在稳定阶段保留：type_switch_2
通过：自然结果在稳定阶段保留：door_capsules_input_bay
通过：自然结果在稳定阶段保留：type_switch_0
通过：自然结果在稳定阶段保留：type_switch_1
通过：自然结果在稳定阶段保留：type_switch_2
通过：自然结果在稳定阶段保留：door_capsules_input_bay
通过：自然结果在稳定阶段保留：type_switch_0
通过：自然结果在稳定阶段保留：type_switch_1
通过：自然结果在稳定阶段保留：type_switch_2
通过：自然结果在稳定阶段保留：door_capsules_input_bay
通过：自然结果在稳定阶段保留：type_switch_0
通过：自然结果在稳定阶段保留：type_switch_1
通过：自然结果在稳定阶段保留：type_switch_2
通过：自然结果在稳定阶段保留：door_capsules_input_bay
通过：自然结果在稳定阶段保留：type_switch_0
通过：自然结果在稳定阶段保留：type_switch_1
通过：自然结果在稳定阶段保留：type_switch_2
通过：自然结果在稳定阶段保留：door_capsules_input_bay
通过：自然结果在稳定阶段保留：type_switch_0
通过：自然结果在稳定阶段保留：type_switch_1
通过：自然结果在稳定阶段保留：type_switch_2
通过：自然结果在稳定阶段保留：door_capsules_input_bay
通过：稳定阶段未重放方法事件轨道
通过：封装机器核心登记有效
通过：真实玩家进入封装聚焦
通过：真实玩家聚焦稳定
通过：控制件初始化由当前动画建立关闭态：type_switch_0
通过：控制件初始化由当前动画建立关闭态：type_switch_1
通过：控制件初始化由当前动画建立关闭态：type_switch_2
通过：控制件初始化由当前动画建立关闭态：door_capsules_input_bay
通过：属性专用初始化未执行方法轨道
通过：正式舱门接受目标动作
通过：每个目标自然完成只发布一次：轮次0、打开true
通过：目标完成后稳定业务态：type_switch_0
通过：多属性表现保留本次旋转、位移与缩放：type_switch_0
通过：目标完成后稳定业务态：type_switch_1
通过：多属性表现保留本次旋转、位移与缩放：type_switch_1
通过：目标完成后稳定业务态：type_switch_2
通过：多属性表现保留本次旋转、位移与缩放：type_switch_2
通过：目标完成后稳定业务态：door_capsules_input_bay
通过：多属性表现保留本次旋转、位移与缩放：door_capsules_input_bay
通过：自然结果在稳定阶段保留：type_switch_0
通过：自然结果在稳定阶段保留：type_switch_1
通过：自然结果在稳定阶段保留：type_switch_2
通过：自然结果在稳定阶段保留：door_capsules_input_bay
通过：自然结果在稳定阶段保留：type_switch_0
通过：自然结果在稳定阶段保留：type_switch_1
通过：自然结果在稳定阶段保留：type_switch_2
通过：自然结果在稳定阶段保留：door_capsules_input_bay
通过：自然结果在稳定阶段保留：type_switch_0
通过：自然结果在稳定阶段保留：type_switch_1
通过：自然结果在稳定阶段保留：type_switch_2
通过：自然结果在稳定阶段保留：door_capsules_input_bay
通过：自然结果在稳定阶段保留：type_switch_0
通过：自然结果在稳定阶段保留：type_switch_1
通过：自然结果在稳定阶段保留：type_switch_2
通过：自然结果在稳定阶段保留：door_capsules_input_bay
通过：自然结果在稳定阶段保留：type_switch_0
通过：自然结果在稳定阶段保留：type_switch_1
通过：自然结果在稳定阶段保留：type_switch_2
通过：自然结果在稳定阶段保留：door_capsules_input_bay
通过：自然结果在稳定阶段保留：type_switch_0
通过：自然结果在稳定阶段保留：type_switch_1
通过：自然结果在稳定阶段保留：type_switch_2
通过：自然结果在稳定阶段保留：door_capsules_input_bay
通过：稳定阶段未重放方法事件轨道
通过：正式舱门接受目标动作
通过：每个目标自然完成只发布一次：轮次0、打开false
通过：目标完成后稳定业务态：type_switch_0
通过：多属性表现保留本次旋转、位移与缩放：type_switch_0
通过：目标完成后稳定业务态：type_switch_1
通过：多属性表现保留本次旋转、位移与缩放：type_switch_1
通过：目标完成后稳定业务态：type_switch_2
通过：多属性表现保留本次旋转、位移与缩放：type_switch_2
通过：目标完成后稳定业务态：door_capsules_input_bay
通过：多属性表现保留本次旋转、位移与缩放：door_capsules_input_bay
通过：自然结果在稳定阶段保留：type_switch_0
通过：自然结果在稳定阶段保留：type_switch_1
通过：自然结果在稳定阶段保留：type_switch_2
通过：自然结果在稳定阶段保留：door_capsules_input_bay
通过：自然结果在稳定阶段保留：type_switch_0
通过：自然结果在稳定阶段保留：type_switch_1
通过：自然结果在稳定阶段保留：type_switch_2
通过：自然结果在稳定阶段保留：door_capsules_input_bay
通过：自然结果在稳定阶段保留：type_switch_0
通过：自然结果在稳定阶段保留：type_switch_1
通过：自然结果在稳定阶段保留：type_switch_2
通过：自然结果在稳定阶段保留：door_capsules_input_bay
通过：自然结果在稳定阶段保留：type_switch_0
通过：自然结果在稳定阶段保留：type_switch_1
通过：自然结果在稳定阶段保留：type_switch_2
通过：自然结果在稳定阶段保留：door_capsules_input_bay
通过：自然结果在稳定阶段保留：type_switch_0
通过：自然结果在稳定阶段保留：type_switch_1
通过：自然结果在稳定阶段保留：type_switch_2
通过：自然结果在稳定阶段保留：door_capsules_input_bay
通过：自然结果在稳定阶段保留：type_switch_0
通过：自然结果在稳定阶段保留：type_switch_1
通过：自然结果在稳定阶段保留：type_switch_2
通过：自然结果在稳定阶段保留：door_capsules_input_bay
通过：稳定阶段未重放方法事件轨道
通过：封装机器核心登记有效
通过：真实玩家进入封装聚焦
通过：真实玩家聚焦稳定
通过：控制件初始化由当前动画建立关闭态：type_switch_0
通过：控制件初始化由当前动画建立关闭态：type_switch_1
通过：控制件初始化由当前动画建立关闭态：type_switch_2
通过：控制件初始化由当前动画建立关闭态：door_capsules_input_bay
通过：属性专用初始化未执行方法轨道
通过：正式舱门接受目标动作
通过：每个目标自然完成只发布一次：轮次0、打开true
通过：目标完成后稳定业务态：type_switch_0
通过：多属性表现保留本次旋转、位移与缩放：type_switch_0
通过：目标完成后稳定业务态：type_switch_1
通过：多属性表现保留本次旋转、位移与缩放：type_switch_1
通过：目标完成后稳定业务态：type_switch_2
通过：多属性表现保留本次旋转、位移与缩放：type_switch_2
通过：目标完成后稳定业务态：door_capsules_input_bay
通过：多属性表现保留本次旋转、位移与缩放：door_capsules_input_bay
通过：自然结果在稳定阶段保留：type_switch_0
通过：自然结果在稳定阶段保留：type_switch_1
通过：自然结果在稳定阶段保留：type_switch_2
通过：自然结果在稳定阶段保留：door_capsules_input_bay
通过：自然结果在稳定阶段保留：type_switch_0
通过：自然结果在稳定阶段保留：type_switch_1
通过：自然结果在稳定阶段保留：type_switch_2
通过：自然结果在稳定阶段保留：door_capsules_input_bay
通过：自然结果在稳定阶段保留：type_switch_0
通过：自然结果在稳定阶段保留：type_switch_1
通过：自然结果在稳定阶段保留：type_switch_2
通过：自然结果在稳定阶段保留：door_capsules_input_bay
通过：自然结果在稳定阶段保留：type_switch_0
通过：自然结果在稳定阶段保留：type_switch_1
通过：自然结果在稳定阶段保留：type_switch_2
通过：自然结果在稳定阶段保留：door_capsules_input_bay
通过：自然结果在稳定阶段保留：type_switch_0
通过：自然结果在稳定阶段保留：type_switch_1
通过：自然结果在稳定阶段保留：type_switch_2
通过：自然结果在稳定阶段保留：door_capsules_input_bay
通过：自然结果在稳定阶段保留：type_switch_0
通过：自然结果在稳定阶段保留：type_switch_1
通过：自然结果在稳定阶段保留：type_switch_2
通过：自然结果在稳定阶段保留：door_capsules_input_bay
通过：稳定阶段未重放方法事件轨道
通过：正式舱门接受目标动作
通过：每个目标自然完成只发布一次：轮次0、打开false
通过：目标完成后稳定业务态：type_switch_0
通过：多属性表现保留本次旋转、位移与缩放：type_switch_0
通过：目标完成后稳定业务态：type_switch_1
通过：多属性表现保留本次旋转、位移与缩放：type_switch_1
通过：目标完成后稳定业务态：type_switch_2
通过：多属性表现保留本次旋转、位移与缩放：type_switch_2
通过：目标完成后稳定业务态：door_capsules_input_bay
通过：多属性表现保留本次旋转、位移与缩放：door_capsules_input_bay
通过：自然结果在稳定阶段保留：type_switch_0
通过：自然结果在稳定阶段保留：type_switch_1
通过：自然结果在稳定阶段保留：type_switch_2
通过：自然结果在稳定阶段保留：door_capsules_input_bay
通过：自然结果在稳定阶段保留：type_switch_0
通过：自然结果在稳定阶段保留：type_switch_1
通过：自然结果在稳定阶段保留：type_switch_2
通过：自然结果在稳定阶段保留：door_capsules_input_bay
通过：自然结果在稳定阶段保留：type_switch_0
通过：自然结果在稳定阶段保留：type_switch_1
通过：自然结果在稳定阶段保留：type_switch_2
通过：自然结果在稳定阶段保留：door_capsules_input_bay
通过：自然结果在稳定阶段保留：type_switch_0
通过：自然结果在稳定阶段保留：type_switch_1
通过：自然结果在稳定阶段保留：type_switch_2
通过：自然结果在稳定阶段保留：door_capsules_input_bay
通过：自然结果在稳定阶段保留：type_switch_0
通过：自然结果在稳定阶段保留：type_switch_1
通过：自然结果在稳定阶段保留：type_switch_2
通过：自然结果在稳定阶段保留：door_capsules_input_bay
通过：自然结果在稳定阶段保留：type_switch_0
通过：自然结果在稳定阶段保留：type_switch_1
通过：自然结果在稳定阶段保留：type_switch_2
通过：自然结果在稳定阶段保留：door_capsules_input_bay
通过：稳定阶段未重放方法事件轨道
通过：封装机器核心登记有效
通过：真实玩家进入封装聚焦
通过：真实玩家聚焦稳定
通过：控制件初始化由当前动画建立关闭态：type_switch_0
通过：控制件初始化由当前动画建立关闭态：type_switch_1
通过：控制件初始化由当前动画建立关闭态：type_switch_2
通过：控制件初始化由当前动画建立关闭态：door_capsules_input_bay
通过：属性专用初始化未执行方法轨道
通过：正式舱门接受目标动作
通过：每个目标自然完成只发布一次：轮次0、打开true
通过：目标完成后稳定业务态：type_switch_0
通过：多属性表现保留本次旋转、位移与缩放：type_switch_0
通过：目标完成后稳定业务态：type_switch_1
通过：多属性表现保留本次旋转、位移与缩放：type_switch_1
通过：目标完成后稳定业务态：type_switch_2
通过：多属性表现保留本次旋转、位移与缩放：type_switch_2
通过：目标完成后稳定业务态：door_capsules_input_bay
通过：多属性表现保留本次旋转、位移与缩放：door_capsules_input_bay
通过：自然结果在稳定阶段保留：type_switch_0
通过：自然结果在稳定阶段保留：type_switch_1
通过：自然结果在稳定阶段保留：type_switch_2
通过：自然结果在稳定阶段保留：door_capsules_input_bay
通过：自然结果在稳定阶段保留：type_switch_0
通过：自然结果在稳定阶段保留：type_switch_1
通过：自然结果在稳定阶段保留：type_switch_2
通过：自然结果在稳定阶段保留：door_capsules_input_bay
通过：自然结果在稳定阶段保留：type_switch_0
通过：自然结果在稳定阶段保留：type_switch_1
通过：自然结果在稳定阶段保留：type_switch_2
通过：自然结果在稳定阶段保留：door_capsules_input_bay
通过：自然结果在稳定阶段保留：type_switch_0
通过：自然结果在稳定阶段保留：type_switch_1
通过：自然结果在稳定阶段保留：type_switch_2
通过：自然结果在稳定阶段保留：door_capsules_input_bay
通过：自然结果在稳定阶段保留：type_switch_0
通过：自然结果在稳定阶段保留：type_switch_1
通过：自然结果在稳定阶段保留：type_switch_2
通过：自然结果在稳定阶段保留：door_capsules_input_bay
通过：自然结果在稳定阶段保留：type_switch_0
通过：自然结果在稳定阶段保留：type_switch_1
通过：自然结果在稳定阶段保留：type_switch_2
通过：自然结果在稳定阶段保留：door_capsules_input_bay
通过：稳定阶段未重放方法事件轨道
通过：正式舱门接受目标动作
通过：每个目标自然完成只发布一次：轮次0、打开false
通过：目标完成后稳定业务态：type_switch_0
通过：多属性表现保留本次旋转、位移与缩放：type_switch_0
通过：目标完成后稳定业务态：type_switch_1
通过：多属性表现保留本次旋转、位移与缩放：type_switch_1
通过：目标完成后稳定业务态：type_switch_2
通过：多属性表现保留本次旋转、位移与缩放：type_switch_2
通过：目标完成后稳定业务态：door_capsules_input_bay
通过：多属性表现保留本次旋转、位移与缩放：door_capsules_input_bay
通过：自然结果在稳定阶段保留：type_switch_0
通过：自然结果在稳定阶段保留：type_switch_1
通过：自然结果在稳定阶段保留：type_switch_2
通过：自然结果在稳定阶段保留：door_capsules_input_bay
通过：自然结果在稳定阶段保留：type_switch_0
通过：自然结果在稳定阶段保留：type_switch_1
通过：自然结果在稳定阶段保留：type_switch_2
通过：自然结果在稳定阶段保留：door_capsules_input_bay
通过：自然结果在稳定阶段保留：type_switch_0
通过：自然结果在稳定阶段保留：type_switch_1
通过：自然结果在稳定阶段保留：type_switch_2
通过：自然结果在稳定阶段保留：door_capsules_input_bay
通过：自然结果在稳定阶段保留：type_switch_0
通过：自然结果在稳定阶段保留：type_switch_1
通过：自然结果在稳定阶段保留：type_switch_2
通过：自然结果在稳定阶段保留：door_capsules_input_bay
通过：自然结果在稳定阶段保留：type_switch_0
通过：自然结果在稳定阶段保留：type_switch_1
通过：自然结果在稳定阶段保留：type_switch_2
通过：自然结果在稳定阶段保留：door_capsules_input_bay
通过：自然结果在稳定阶段保留：type_switch_0
通过：自然结果在稳定阶段保留：type_switch_1
通过：自然结果在稳定阶段保留：type_switch_2
通过：自然结果在稳定阶段保留：door_capsules_input_bay
通过：稳定阶段未重放方法事件轨道
通过：封装机器核心登记有效
通过：真实玩家进入封装聚焦
通过：真实玩家聚焦稳定
通过：控制件初始化由当前动画建立关闭态：type_switch_0
通过：控制件初始化由当前动画建立关闭态：type_switch_1
通过：控制件初始化由当前动画建立关闭态：type_switch_2
通过：控制件初始化由当前动画建立关闭态：door_capsules_input_bay
通过：属性专用初始化未执行方法轨道
通过：正式舱门接受目标动作
通过：每个目标自然完成只发布一次：轮次0、打开true
通过：目标完成后稳定业务态：type_switch_0
通过：多属性表现保留本次旋转、位移与缩放：type_switch_0
通过：目标完成后稳定业务态：type_switch_1
通过：多属性表现保留本次旋转、位移与缩放：type_switch_1
通过：目标完成后稳定业务态：type_switch_2
通过：多属性表现保留本次旋转、位移与缩放：type_switch_2
通过：目标完成后稳定业务态：door_capsules_input_bay
通过：多属性表现保留本次旋转、位移与缩放：door_capsules_input_bay
通过：自然结果在稳定阶段保留：type_switch_0
通过：自然结果在稳定阶段保留：type_switch_1
通过：自然结果在稳定阶段保留：type_switch_2
通过：自然结果在稳定阶段保留：door_capsules_input_bay
通过：自然结果在稳定阶段保留：type_switch_0
通过：自然结果在稳定阶段保留：type_switch_1
通过：自然结果在稳定阶段保留：type_switch_2
通过：自然结果在稳定阶段保留：door_capsules_input_bay
通过：自然结果在稳定阶段保留：type_switch_0
通过：自然结果在稳定阶段保留：type_switch_1
通过：自然结果在稳定阶段保留：type_switch_2
通过：自然结果在稳定阶段保留：door_capsules_input_bay
通过：自然结果在稳定阶段保留：type_switch_0
通过：自然结果在稳定阶段保留：type_switch_1
通过：自然结果在稳定阶段保留：type_switch_2
通过：自然结果在稳定阶段保留：door_capsules_input_bay
通过：自然结果在稳定阶段保留：type_switch_0
通过：自然结果在稳定阶段保留：type_switch_1
通过：自然结果在稳定阶段保留：type_switch_2
通过：自然结果在稳定阶段保留：door_capsules_input_bay
通过：自然结果在稳定阶段保留：type_switch_0
通过：自然结果在稳定阶段保留：type_switch_1
通过：自然结果在稳定阶段保留：type_switch_2
通过：自然结果在稳定阶段保留：door_capsules_input_bay
通过：稳定阶段未重放方法事件轨道
通过：正式舱门接受目标动作
通过：每个目标自然完成只发布一次：轮次0、打开false
通过：目标完成后稳定业务态：type_switch_0
通过：多属性表现保留本次旋转、位移与缩放：type_switch_0
通过：目标完成后稳定业务态：type_switch_1
通过：多属性表现保留本次旋转、位移与缩放：type_switch_1
通过：目标完成后稳定业务态：type_switch_2
通过：多属性表现保留本次旋转、位移与缩放：type_switch_2
通过：目标完成后稳定业务态：door_capsules_input_bay
通过：多属性表现保留本次旋转、位移与缩放：door_capsules_input_bay
通过：自然结果在稳定阶段保留：type_switch_0
通过：自然结果在稳定阶段保留：type_switch_1
通过：自然结果在稳定阶段保留：type_switch_2
通过：自然结果在稳定阶段保留：door_capsules_input_bay
通过：自然结果在稳定阶段保留：type_switch_0
通过：自然结果在稳定阶段保留：type_switch_1
通过：自然结果在稳定阶段保留：type_switch_2
通过：自然结果在稳定阶段保留：door_capsules_input_bay
通过：自然结果在稳定阶段保留：type_switch_0
通过：自然结果在稳定阶段保留：type_switch_1
通过：自然结果在稳定阶段保留：type_switch_2
通过：自然结果在稳定阶段保留：door_capsules_input_bay
通过：自然结果在稳定阶段保留：type_switch_0
通过：自然结果在稳定阶段保留：type_switch_1
通过：自然结果在稳定阶段保留：type_switch_2
通过：自然结果在稳定阶段保留：door_capsules_input_bay
通过：自然结果在稳定阶段保留：type_switch_0
通过：自然结果在稳定阶段保留：type_switch_1
通过：自然结果在稳定阶段保留：type_switch_2
通过：自然结果在稳定阶段保留：door_capsules_input_bay
通过：自然结果在稳定阶段保留：type_switch_0
通过：自然结果在稳定阶段保留：type_switch_1
通过：自然结果在稳定阶段保留：type_switch_2
通过：自然结果在稳定阶段保留：door_capsules_input_bay
通过：稳定阶段未重放方法事件轨道
通过：封装机器核心登记有效
通过：真实玩家进入封装聚焦
通过：真实玩家聚焦稳定
通过：控制件初始化由当前动画建立关闭态：type_switch_0
通过：控制件初始化由当前动画建立关闭态：type_switch_1
通过：控制件初始化由当前动画建立关闭态：type_switch_2
通过：控制件初始化由当前动画建立关闭态：door_capsules_input_bay
通过：属性专用初始化未执行方法轨道
通过：暂停用例打开请求已接受
通过：控制器显式暂停动作
通过：暂停保留动作且未发布完成
通过：暂停保留当前动画进度
通过：同一动作显式续播
通过：续播只自然完成一次
通过：关闭取消用例接受请求
通过：关闭中取消恢复此前确实完成的打开态且不发布完成
通过：再次关闭接受请求
通过：取消恢复后可自然关闭
通过：打开取消用例接受请求
通过：打开中取消恢复关闭态且不虚报完成
通过：外部停止用例接受请求
通过：外部停止终结动作并记录原因
通过：局部门中断不使机器登记或聚焦失效
通过：显式恢复建立配置关闭态
通过：播放器释放用例接受请求
通过：播放器释放未伪造自然完成且已清理等待
通过：必要播放器重新绑定
通过：重新绑定建立关闭态而不恢复被取消打开态
通过：重新绑定后接受新打开
通过：重新绑定后新动作按自然完成开放
封装运动资产与中断断言数：536；失败总数：0
