Godot Engine v4.6.1.stable.official.14d19694e - https://godotengine.org

通过：两台真实封装器配置有效
通过：两槽初始为空且没有类型选择
通过：设备初始化：开始按钮使用指定固定材质
通过：设备初始化：没有残留按钮闪烁补间
通过：设备初始化：第0盏完成灯保持指定灰色材质
通过：设备初始化：第1盏完成灯保持指定灰色材质
通过：无图形夹具通过正式会话入口建立聚焦
通过：正式设备进入稳定聚焦
通过：准备完整内容满罐实例
通过：选中空格接收液体罐实例
通过：真实罐位点击保持原实例且移除库存来源
通过：目标门及开关在测试上限内完成；状态按自然完成确认
通过：胶囊取放前舱门完全打开
通过：选中空格接收胶囊实例
通过：真实胶囊位点击保持原实例且移除库存来源
通过：缺少初始按压动画仍保留业务开始入口
通过：类型灯重组层级后允许选择
通过：目标门及开关在测试上限内完成；状态按自然完成确认
通过：移除类型灯、开始灯和完成灯不退出聚焦或拒绝合法加工
通过：缺少全部相关表现时权威开始入口接受一次请求
通过：接受批次后拒绝重复开始
通过：目标批次在测试上限内自然完成且没有业务故障
通过：显示失效仍只提交一次并保留两件来源身份
通过：加工仍从真实接受时计算两秒
通过：两台真实封装器配置有效
通过：两槽初始为空且没有类型选择
通过：设备初始化：开始按钮使用指定固定材质
通过：设备初始化：没有残留按钮闪烁补间
通过：设备初始化：第0盏完成灯保持指定灰色材质
通过：设备初始化：第1盏完成灯保持指定灰色材质
通过：无图形夹具通过正式会话入口建立聚焦
通过：正式设备进入稳定聚焦
通过：准备完整内容满罐实例
通过：选中空格接收液体罐实例
通过：真实罐位点击保持原实例且移除库存来源
通过：目标门及开关在测试上限内完成；状态按自然完成确认
通过：胶囊取放前舱门完全打开
通过：选中空格接收胶囊实例
通过：真实胶囊位点击保持原实例且移除库存来源
通过：选择取消用例接受初始类型
通过：目标门及开关在测试上限内完成；状态按自然完成确认
通过：选择取消用例同时关闭旧开关并打开新开关
通过：目标门及开关在测试上限内完成；状态按自然完成确认
通过：取消旧开关：整机选择已清除且不能启动
通过：取消旧开关：每个有依赖开关恢复关闭且未选中
通过：取消旧开关：每个有依赖开关恢复关闭且未选中
通过：取消旧开关：每个有依赖开关恢复关闭且未选中
通过：取消旧开关：未消耗输入或创建产物
通过：选择取消用例接受初始类型
通过：目标门及开关在测试上限内完成；状态按自然完成确认
通过：选择取消用例同时关闭旧开关并打开新开关
通过：目标门及开关在测试上限内完成；状态按自然完成确认
通过：取消新开关：整机选择已清除且不能启动
通过：取消新开关：每个有依赖开关恢复关闭且未选中
通过：取消新开关：每个有依赖开关恢复关闭且未选中
通过：取消新开关：每个有依赖开关恢复关闭且未选中
通过：取消新开关：未消耗输入或创建产物
通过：慢速开关可以使用有效正速度倍率
通过：目标门及开关在测试上限内完成；状态按自然完成确认
通过：快慢开关类型切换已接受
通过：新开关已完成而旧开关仍关闭中
通过：目标门及开关在测试上限内完成；状态按自然完成确认
通过：一个已完成另一个取消：整机选择已清除且不能启动
通过：一个已完成另一个取消：每个有依赖开关恢复关闭且未选中
通过：一个已完成另一个取消：每个有依赖开关恢复关闭且未选中
通过：一个已完成另一个取消：每个有依赖开关恢复关闭且未选中
通过：一个已完成另一个取消：未消耗输入或创建产物
通过：重新选择用例接受目标类型
通过：必要播放器释放立即清除整机选择和选中标记
通过：类型依赖重新绑定成功
通过：目标门及开关在测试上限内完成；状态按自然完成确认
通过：依赖释放后恢复：整机选择已清除且不能启动
通过：依赖释放后恢复：每个有依赖开关恢复关闭且未选中
通过：依赖释放后恢复：每个有依赖开关恢复关闭且未选中
通过：依赖释放后恢复：每个有依赖开关恢复关闭且未选中
通过：依赖释放后恢复：未消耗输入或创建产物
通过：恢复依赖后再次选择
通过：目标门及开关在测试上限内完成；状态按自然完成确认
通过：恢复后选中状态与稳定动作一致可启动
通过：两台真实封装器配置有效
通过：两槽初始为空且没有类型选择
通过：设备初始化：开始按钮使用指定固定材质
通过：设备初始化：没有残留按钮闪烁补间
通过：设备初始化：第0盏完成灯保持指定灰色材质
通过：设备初始化：第1盏完成灯保持指定灰色材质
通过：无图形夹具通过正式会话入口建立聚焦
通过：正式设备进入稳定聚焦
通过：准备完整内容满罐实例
通过：选中空格接收液体罐实例
通过：真实罐位点击保持原实例且移除库存来源
通过：目标门及开关在测试上限内完成；状态按自然完成确认
通过：胶囊取放前舱门完全打开
通过：选中空格接收胶囊实例
通过：真实胶囊位点击保持原实例且移除库存来源
通过：可调显示用例选择类型
通过：目标门及开关在测试上限内完成；状态按自然完成确认
通过：按压表现使用一点二秒有效变体重新绑定
通过：有效材质替换被实际显示采用
通过：可调显示和长按压不阻断正式启动
通过：合法闪烁周期及发光范围使用本机独立材质
通过：按压外部停止不撤销已接受批次
通过：目标批次在测试上限内自然完成且没有业务故障
通过：按压停止后仍成对提交加工结果
封装显示隔离与类型中断断言数：103；失败总数：0
