WARNING: 封装控制件动作中断：/root/@Node3D@8/machine_packing_0/door_capsules_input_bay；本次动作被外部停止、替换播放方向或替换资源
   at: push_warning (core/variant/variant_utility.cpp:1034)
   GDScript backtrace (most recent call first):
       [0] _interrupt_motion (res://main-autolysis/scenes/prefabs/prefab_machines/scripts/autolysis_packing_motion.gd:354)
       [1] _physics_process (res://main-autolysis/scenes/prefabs/prefab_machines/scripts/autolysis_packing_motion.gd:241)
WARNING: 封装控制件动作中断：/root/@Node3D@8/machine_packing_0/door_capsules_input_bay；本次动作被外部停止、替换播放方向或替换资源
   at: push_warning (core/variant/variant_utility.cpp:1034)
   GDScript backtrace (most recent call first):
       [0] _interrupt_motion (res://main-autolysis/scenes/prefabs/prefab_machines/scripts/autolysis_packing_motion.gd:354)
       [1] _physics_process (res://main-autolysis/scenes/prefabs/prefab_machines/scripts/autolysis_packing_motion.gd:241)
WARNING: 封装控制件动作中断：/root/@Node3D@8/machine_packing_0/door_capsules_input_bay；独立运行播放器或指定动画无效
   at: push_warning (core/variant/variant_utility.cpp:1034)
   GDScript backtrace (most recent call first):
       [0] _interrupt_motion (res://main-autolysis/scenes/prefabs/prefab_machines/scripts/autolysis_packing_motion.gd:354)
       [1] _physics_process (res://main-autolysis/scenes/prefabs/prefab_machines/scripts/autolysis_packing_motion.gd:229)
WARNING: 封装控制件动作中断：/root/@Node3D@9/machine_packing_0/door_capsules_input_bay；完成同步期间播放归属或本次资源被外部替换
   at: push_warning (core/variant/variant_utility.cpp:1034)
   GDScript backtrace (most recent call first):
       [0] _interrupt_motion (res://main-autolysis/scenes/prefabs/prefab_machines/scripts/autolysis_packing_motion.gd:354)
       [1] _physics_process (res://main-autolysis/scenes/prefabs/prefab_machines/scripts/autolysis_packing_motion.gd:233)
WARNING: 封装控制件动作中断：/root/@Node3D@10/machine_packing_0/door_capsules_input_bay；完成同步期间播放归属或本次资源被外部替换
   at: push_warning (core/variant/variant_utility.cpp:1034)
   GDScript backtrace (most recent call first):
       [0] _interrupt_motion (res://main-autolysis/scenes/prefabs/prefab_machines/scripts/autolysis_packing_motion.gd:354)
       [1] _physics_process (res://main-autolysis/scenes/prefabs/prefab_machines/scripts/autolysis_packing_motion.gd:233)
